[2025-07-27 17:25:56,974] multiqc                                            [DEBUG  ]  No MultiQC config found: /opt/conda/lib/python3.7/site-packages/multiqc_config.yaml
[2025-07-27 17:25:56,976] multiqc                                            [DEBUG  ]  No MultiQC config found: /home/hpc-0373/.multiqc_config.yaml
[2025-07-27 17:25:56,977] multiqc                                            [DEBUG  ]  No MultiQC config found: multiqc_config.yaml
[2025-07-27 17:25:56,979] multiqc                                            [DEBUG  ]  Found command line config: {'max_table_rows': 3000}
[2025-07-27 17:25:56,979] multiqc                                            [DEBUG  ]  New config 'max_table_rows': 3000
[2025-07-27 17:25:56,980] multiqc                                            [DEBUG  ]  Command used: /opt/conda/bin/multiqc -v -p -ip -f --data-dir --data-format tsv --cl-config max_table_rows: 3000 --filename fqc_raw_report --outdir fq_raw fq_raw
[2025-07-27 17:25:57,082] multiqc                                            [DEBUG  ]  Could not connect to multiqc.info for version check: <urlopen error [SSL: CERTIFICATE_VERIFY_FAILED] certificate verify failed: unable to get local issuer certificate (_ssl.c:1076)>
[2025-07-27 17:25:57,085] multiqc                                            [INFO   ]  This is MultiQC v1.9
[2025-07-27 17:25:57,085] multiqc                                            [DEBUG  ]  Command     : /opt/conda/bin/multiqc -v -p -ip -f --data-dir --data-format tsv --cl-config max_table_rows: 3000 --filename fqc_raw_report --outdir fq_raw fq_raw
[2025-07-27 17:25:57,086] multiqc                                            [DEBUG  ]  Working dir : /archive/carpenterlab/pire/pire_sphaeramia_orbicularis_lcwgs/4th_sequencing_run
[2025-07-27 17:25:57,086] multiqc                                            [INFO   ]  Template    : default
[2025-07-27 17:25:57,087] multiqc                                            [DEBUG  ]  Running Python 3.7.7 (default, Jun 26 2020, 05:10:03)  [GCC 7.3.0]
[2025-07-27 17:25:57,087] multiqc                                            [INFO   ]  Searching   : /archive/carpenterlab/pire/pire_sphaeramia_orbicularis_lcwgs/4th_sequencing_run/fq_raw
[2025-07-27 17:25:57,089] multiqc                                            [DEBUG  ]  Analysing modules: custom_content, conpair, peddy, somalier, methylQA, mosdepth, phantompeakqualtools, qualimap, preseq, quast, qorts, rna_seqc, rockhopper, rsem, rseqc, busco, goleft_indexcov, disambiguate, supernova, deeptools, sargasso, verifybamid, mirtrace, happy, mirtop, homer, macs2, theta2, snpeff, gatk, htseq, bcftools, featureCounts, fgbio, dragen, dedup, damageprofiler, biobambam2, mtnucratio, picard, prokka, samblaster, samtools, sexdeterrmine, bamtools, jellyfish, vcftools, longranger, stacks, varscan2, bbmap, bismark, biscuit, hicexplorer, hicup, hicpro, salmon, kallisto, slamdunk, star, hisat2, tophat, bowtie2, bowtie1, snpsplit, kat, leehom, adapterRemoval, clipandmerge, cutadapt, flexbar, kaiju, kraken, malt, trimmomatic, sickle, skewer, sortmerna, biobloomtools, fastq_screen, afterqc, fastp, fastqc, pycoqc, minionqc, multivcfanalyzer, clusterflow, bcl2fastq, interop, ivar, flash, seqyclean
[2025-07-27 17:25:57,089] multiqc                                            [DEBUG  ]  Using temporary directory for creating report: /tmp/tmp59q2vcqz
[2025-07-27 17:25:57,306] multiqc                                            [DEBUG  ]  Ignoring file as matched an ignore pattern: Sor-ACeb_005-Ex1-12E-lcwgs-1-3-L3-2.fq.gz
[2025-07-27 17:25:57,307] multiqc                                            [DEBUG  ]  Ignoring file as matched an ignore pattern: Sor-ACeb_003-Ex1-10E-lcwgs-1-3-L3-1.fq.gz
[2025-07-27 17:25:57,307] multiqc                                            [DEBUG  ]  Ignoring file as matched an ignore pattern: Sor-ACeb_003-Ex1-10E-lcwgs-1-3-L2-2.fq.gz
[2025-07-27 17:25:57,318] multiqc                                            [DEBUG  ]  Ignoring file as matched an ignore pattern: Sor-ACeb_005-Ex1-12E-lcwgs-1-3-L2-1.fq.gz
[2025-07-27 17:25:57,386] multiqc                                            [DEBUG  ]  File ignored by hicexplorer because it exceeded search pattern filesize limit: Sor-ACeb_017-Ex1-12F-lcwgs-1-3-L2-2_fastqc.html
[2025-07-27 17:25:57,401] multiqc                                            [DEBUG  ]  File ignored by longranger/invocation because it exceeded search pattern filesize limit: Sor-ACeb_017-Ex1-12F-lcwgs-1-3-L2-2_fastqc.html
[2025-07-27 17:25:57,554] multiqc                                            [DEBUG  ]  File ignored by hicexplorer because it exceeded search pattern filesize limit: Sor-ACeb_017-Ex1-12F-lcwgs-1-3-L3-1_fastqc.html
[2025-07-27 17:25:57,564] multiqc                                            [DEBUG  ]  File ignored by longranger/invocation because it exceeded search pattern filesize limit: Sor-ACeb_017-Ex1-12F-lcwgs-1-3-L3-1_fastqc.html
[2025-07-27 17:25:57,679] multiqc                                            [DEBUG  ]  File ignored by hicexplorer because it exceeded search pattern filesize limit: Sor-ACeb_002-Ex1-9E-lcwgs-1-3-L3-2_fastqc.html
[2025-07-27 17:25:57,692] multiqc                                            [DEBUG  ]  File ignored by longranger/invocation because it exceeded search pattern filesize limit: Sor-ACeb_002-Ex1-9E-lcwgs-1-3-L3-2_fastqc.html
[2025-07-27 17:25:57,844] multiqc                                            [DEBUG  ]  File ignored by hicexplorer because it exceeded search pattern filesize limit: Sor-ACeb_012-Ex1-7F-lcwgs-1-3-L3-1_fastqc.html
[2025-07-27 17:25:57,853] multiqc                                            [DEBUG  ]  File ignored by longranger/invocation because it exceeded search pattern filesize limit: Sor-ACeb_012-Ex1-7F-lcwgs-1-3-L3-1_fastqc.html
[2025-07-27 17:25:57,956] multiqc                                            [DEBUG  ]  File ignored by hicexplorer because it exceeded search pattern filesize limit: Sor-ACeb_015-Ex1-10F-lcwgs-1-3-L2-1_fastqc.html
[2025-07-27 17:25:57,967] multiqc                                            [DEBUG  ]  File ignored by longranger/invocation because it exceeded search pattern filesize limit: Sor-ACeb_015-Ex1-10F-lcwgs-1-3-L2-1_fastqc.html
[2025-07-27 17:25:58,098] multiqc                                            [DEBUG  ]  File ignored by hicexplorer because it exceeded search pattern filesize limit: Sor-ACeb_002-Ex1-9E-lcwgs-1-3-L2-1_fastqc.html
[2025-07-27 17:25:58,108] multiqc                                            [DEBUG  ]  File ignored by longranger/invocation because it exceeded search pattern filesize limit: Sor-ACeb_002-Ex1-9E-lcwgs-1-3-L2-1_fastqc.html
[2025-07-27 17:25:58,184] multiqc                                            [DEBUG  ]  Ignoring file as matched an ignore pattern: Sor-ACeb_008-Ex1-3F-lcwgs-1-3-L3-2.fq.gz
[2025-07-27 17:25:58,206] multiqc                                            [DEBUG  ]  File ignored by hicexplorer because it exceeded search pattern filesize limit: Sor-ACeb_012-Ex1-7F-lcwgs-1-3-L2-2_fastqc.html
[2025-07-27 17:25:58,216] multiqc                                            [DEBUG  ]  File ignored by longranger/invocation because it exceeded search pattern filesize limit: Sor-ACeb_012-Ex1-7F-lcwgs-1-3-L2-2_fastqc.html
[2025-07-27 17:25:58,341] multiqc                                            [DEBUG  ]  File ignored by hicexplorer because it exceeded search pattern filesize limit: Sor-ACeb_015-Ex1-10F-lcwgs-1-3-L3-2_fastqc.html
[2025-07-27 17:25:58,355] multiqc                                            [DEBUG  ]  File ignored by longranger/invocation because it exceeded search pattern filesize limit: Sor-ACeb_015-Ex1-10F-lcwgs-1-3-L3-2_fastqc.html
[2025-07-27 17:25:58,439] multiqc                                            [DEBUG  ]  Ignoring file as matched an ignore pattern: Sor-ACeb_008-Ex1-3F-lcwgs-1-3-L2-1.fq.gz
[2025-07-27 17:25:58,481] multiqc                                            [DEBUG  ]  File ignored by hicexplorer because it exceeded search pattern filesize limit: Sor-ACeb_018-Ex1-1G-lcwgs-1-3-L3-1_fastqc.html
[2025-07-27 17:25:58,489] multiqc                                            [DEBUG  ]  File ignored by longranger/invocation because it exceeded search pattern filesize limit: Sor-ACeb_018-Ex1-1G-lcwgs-1-3-L3-1_fastqc.html
[2025-07-27 17:25:58,592] multiqc                                            [DEBUG  ]  File ignored by hicexplorer because it exceeded search pattern filesize limit: Sor-ACeb_014-Ex1-9F-lcwgs-1-3-L3-1_fastqc.html
[2025-07-27 17:25:58,604] multiqc                                            [DEBUG  ]  File ignored by longranger/invocation because it exceeded search pattern filesize limit: Sor-ACeb_014-Ex1-9F-lcwgs-1-3-L3-1_fastqc.html
[2025-07-27 17:25:58,783] multiqc                                            [DEBUG  ]  Ignoring file as matched an ignore pattern: Sor-ACeb_015-Ex1-10F-lcwgs-1-3-L2-1.fq.gz
[2025-07-27 17:25:58,827] multiqc                                            [DEBUG  ]  File ignored by hicexplorer because it exceeded search pattern filesize limit: Sor-ACeb_018-Ex1-1G-lcwgs-1-3-L2-2_fastqc.html
[2025-07-27 17:25:58,838] multiqc                                            [DEBUG  ]  File ignored by longranger/invocation because it exceeded search pattern filesize limit: Sor-ACeb_018-Ex1-1G-lcwgs-1-3-L2-2_fastqc.html
[2025-07-27 17:25:58,921] multiqc                                            [DEBUG  ]  File ignored by hicexplorer because it exceeded search pattern filesize limit: Sor-ACeb_014-Ex1-9F-lcwgs-1-3-L2-2_fastqc.html
[2025-07-27 17:25:58,930] multiqc                                            [DEBUG  ]  File ignored by longranger/invocation because it exceeded search pattern filesize limit: Sor-ACeb_014-Ex1-9F-lcwgs-1-3-L2-2_fastqc.html
[2025-07-27 17:25:58,994] multiqc                                            [DEBUG  ]  Ignoring file as matched an ignore pattern: Sor-ACeb_022-Ex1-5G-lcwgs-1-3-L2-1.fq.gz
[2025-07-27 17:25:58,995] multiqc                                            [DEBUG  ]  Ignoring file as matched an ignore pattern: Sor-ACeb_022-Ex1-5G-lcwgs-1-3-L3-2.fq.gz
[2025-07-27 17:25:58,996] multiqc                                            [DEBUG  ]  Ignoring file as matched an ignore pattern: Sor-ACeb_015-Ex1-10F-lcwgs-1-3-L3-2.fq.gz
[2025-07-27 17:25:58,998] multiqc                                            [DEBUG  ]  Ignoring file as matched an ignore pattern: Sor-ACeb_010-Ex1-5F-lcwgs-1-3-L3-2.fq.gz
[2025-07-27 17:25:59,035] multiqc                                            [DEBUG  ]  File ignored by hicexplorer because it exceeded search pattern filesize limit: Sor-ACeb_001-Ex1-8E-lcwgs-1-3-L2-2_fastqc.html
[2025-07-27 17:25:59,043] multiqc                                            [DEBUG  ]  File ignored by longranger/invocation because it exceeded search pattern filesize limit: Sor-ACeb_001-Ex1-8E-lcwgs-1-3-L2-2_fastqc.html
[2025-07-27 17:25:59,108] multiqc                                            [DEBUG  ]  Ignoring file as matched an ignore pattern: Sor-ACeb_010-Ex1-5F-lcwgs-1-3-L2-1.fq.gz
[2025-07-27 17:25:59,151] multiqc                                            [DEBUG  ]  File ignored by hicexplorer because it exceeded search pattern filesize limit: Sor-ACeb_005-Ex1-12E-lcwgs-1-3-L2-1_fastqc.html
[2025-07-27 17:25:59,159] multiqc                                            [DEBUG  ]  File ignored by longranger/invocation because it exceeded search pattern filesize limit: Sor-ACeb_005-Ex1-12E-lcwgs-1-3-L2-1_fastqc.html
[2025-07-27 17:25:59,284] multiqc                                            [DEBUG  ]  File ignored by hicexplorer because it exceeded search pattern filesize limit: Sor-ACeb_011-Ex1-6F-lcwgs-1-3-L2-1_fastqc.html
[2025-07-27 17:25:59,292] multiqc                                            [DEBUG  ]  File ignored by longranger/invocation because it exceeded search pattern filesize limit: Sor-ACeb_011-Ex1-6F-lcwgs-1-3-L2-1_fastqc.html
[2025-07-27 17:25:59,349] multiqc                                            [DEBUG  ]  Ignoring file as matched an ignore pattern: Sor-ACeb_011-Ex1-6F-lcwgs-1-3-L3-2.fq.gz
[2025-07-27 17:25:59,407] multiqc                                            [DEBUG  ]  File ignored by hicexplorer because it exceeded search pattern filesize limit: Sor-ACeb_001-Ex1-8E-lcwgs-1-3-L3-1_fastqc.html
[2025-07-27 17:25:59,415] multiqc                                            [DEBUG  ]  File ignored by longranger/invocation because it exceeded search pattern filesize limit: Sor-ACeb_001-Ex1-8E-lcwgs-1-3-L3-1_fastqc.html
[2025-07-27 17:25:59,479] multiqc                                            [DEBUG  ]  Ignoring file as matched an ignore pattern: Sor-ACeb_011-Ex1-6F-lcwgs-1-3-L2-1.fq.gz
[2025-07-27 17:25:59,536] multiqc                                            [DEBUG  ]  File ignored by hicexplorer because it exceeded search pattern filesize limit: Sor-ACeb_005-Ex1-12E-lcwgs-1-3-L3-2_fastqc.html
[2025-07-27 17:25:59,548] multiqc                                            [DEBUG  ]  File ignored by longranger/invocation because it exceeded search pattern filesize limit: Sor-ACeb_005-Ex1-12E-lcwgs-1-3-L3-2_fastqc.html
[2025-07-27 17:25:59,684] multiqc                                            [DEBUG  ]  File ignored by hicexplorer because it exceeded search pattern filesize limit: Sor-ACeb_011-Ex1-6F-lcwgs-1-3-L3-2_fastqc.html
[2025-07-27 17:25:59,697] multiqc                                            [DEBUG  ]  File ignored by longranger/invocation because it exceeded search pattern filesize limit: Sor-ACeb_011-Ex1-6F-lcwgs-1-3-L3-2_fastqc.html
[2025-07-27 17:25:59,788] multiqc                                            [DEBUG  ]  Ignoring file as matched an ignore pattern: Sor-ACeb_001-Ex1-8E-lcwgs-1-3-L3-1.fq.gz
[2025-07-27 17:25:59,835] multiqc                                            [DEBUG  ]  File ignored by hicexplorer because it exceeded search pattern filesize limit: Sor-ACeb_009-Ex1-4F-lcwgs-1-3-L3-2_fastqc.html
[2025-07-27 17:25:59,847] multiqc                                            [DEBUG  ]  File ignored by longranger/invocation because it exceeded search pattern filesize limit: Sor-ACeb_009-Ex1-4F-lcwgs-1-3-L3-2_fastqc.html
[2025-07-27 17:25:59,912] multiqc                                            [DEBUG  ]  Ignoring file as matched an ignore pattern: Sor-ACeb_001-Ex1-8E-lcwgs-1-3-L2-2.fq.gz
[2025-07-27 17:25:59,912] multiqc                                            [DEBUG  ]  Ignoring file as matched an ignore pattern: Sor-ACeb_016-Ex1-11F-lcwgs-1-3-L3-2.fq.gz
[2025-07-27 17:25:59,949] multiqc                                            [DEBUG  ]  File ignored by hicexplorer because it exceeded search pattern filesize limit: Sor-ACeb_009-Ex1-4F-lcwgs-1-3-L2-1_fastqc.html
[2025-07-27 17:25:59,957] multiqc                                            [DEBUG  ]  File ignored by longranger/invocation because it exceeded search pattern filesize limit: Sor-ACeb_009-Ex1-4F-lcwgs-1-3-L2-1_fastqc.html
[2025-07-27 17:26:00,016] multiqc                                            [DEBUG  ]  Ignoring file as matched an ignore pattern: Sor-ACeb_016-Ex1-11F-lcwgs-1-3-L2-1.fq.gz
[2025-07-27 17:26:00,017] multiqc                                            [DEBUG  ]  Ignoring file as matched an ignore pattern: Sor-ACeb_014-Ex1-9F-lcwgs-1-3-L3-2.fq.gz
[2025-07-27 17:26:00,077] multiqc                                            [DEBUG  ]  File ignored by hicexplorer because it exceeded search pattern filesize limit: Sor-ACeb_006-Ex1-1F-lcwgs-1-3-L3-1_fastqc.html
[2025-07-27 17:26:00,085] multiqc                                            [DEBUG  ]  File ignored by longranger/invocation because it exceeded search pattern filesize limit: Sor-ACeb_006-Ex1-1F-lcwgs-1-3-L3-1_fastqc.html
[2025-07-27 17:26:00,149] multiqc                                            [DEBUG  ]  Ignoring file as matched an ignore pattern: Sor-ACeb_014-Ex1-9F-lcwgs-1-3-L2-1.fq.gz
[2025-07-27 17:26:00,188] multiqc                                            [DEBUG  ]  File ignored by hicexplorer because it exceeded search pattern filesize limit: Sor-ACeb_020-Ex1-2G-lcwgs-1-3-L2-2_fastqc.html
[2025-07-27 17:26:00,196] multiqc                                            [DEBUG  ]  File ignored by longranger/invocation because it exceeded search pattern filesize limit: Sor-ACeb_020-Ex1-2G-lcwgs-1-3-L2-2_fastqc.html
[2025-07-27 17:26:00,254] multiqc                                            [DEBUG  ]  Ignoring file as matched an ignore pattern: Sor-ACeb_020-Ex1-2G-lcwgs-1-3-L3-1.fq.gz
[2025-07-27 17:26:00,297] multiqc                                            [DEBUG  ]  File ignored by hicexplorer because it exceeded search pattern filesize limit: Sor-ACeb_006-Ex1-1F-lcwgs-1-3-L2-2_fastqc.html
[2025-07-27 17:26:00,306] multiqc                                            [DEBUG  ]  File ignored by longranger/invocation because it exceeded search pattern filesize limit: Sor-ACeb_006-Ex1-1F-lcwgs-1-3-L2-2_fastqc.html
[2025-07-27 17:26:00,368] multiqc                                            [DEBUG  ]  Ignoring file as matched an ignore pattern: Sor-ACeb_020-Ex1-2G-lcwgs-1-3-L2-2.fq.gz
[2025-07-27 17:26:00,431] multiqc                                            [DEBUG  ]  File ignored by hicexplorer because it exceeded search pattern filesize limit: Sor-ACeb_020-Ex1-2G-lcwgs-1-3-L3-1_fastqc.html
[2025-07-27 17:26:00,439] multiqc                                            [DEBUG  ]  File ignored by longranger/invocation because it exceeded search pattern filesize limit: Sor-ACeb_020-Ex1-2G-lcwgs-1-3-L3-1_fastqc.html
[2025-07-27 17:26:00,500] multiqc                                            [DEBUG  ]  Ignoring file as matched an ignore pattern: Sor-ACeb_011-Ex1-6F-lcwgs-1-3-L2-2.fq.gz
[2025-07-27 17:26:00,541] multiqc                                            [DEBUG  ]  File ignored by longranger/invocation because it exceeded search pattern filesize limit: Sor-ACeb_lcwgs-reSeqLane_SequenceNameDecode_ALL.tsv
[2025-07-27 17:26:00,606] multiqc                                            [DEBUG  ]  File ignored by hicexplorer because it exceeded search pattern filesize limit: Sor-ACeb_021-Ex1-4G-lcwgs-1-3-L2-1_fastqc.html
[2025-07-27 17:26:00,615] multiqc                                            [DEBUG  ]  File ignored by longranger/invocation because it exceeded search pattern filesize limit: Sor-ACeb_021-Ex1-4G-lcwgs-1-3-L2-1_fastqc.html
[2025-07-27 17:26:00,677] multiqc                                            [DEBUG  ]  Ignoring file as matched an ignore pattern: Sor-ACeb_011-Ex1-6F-lcwgs-1-3-L3-1.fq.gz
[2025-07-27 17:26:00,677] multiqc                                            [DEBUG  ]  Ignoring file as matched an ignore pattern: Sor-ACeb_010-Ex1-5F-lcwgs-1-3-L2-2.fq.gz
[2025-07-27 17:26:00,717] multiqc                                            [DEBUG  ]  File ignored by hicexplorer because it exceeded search pattern filesize limit: Sor-ACeb_021-Ex1-4G-lcwgs-1-3-L3-2_fastqc.html
[2025-07-27 17:26:00,725] multiqc                                            [DEBUG  ]  File ignored by longranger/invocation because it exceeded search pattern filesize limit: Sor-ACeb_021-Ex1-4G-lcwgs-1-3-L3-2_fastqc.html
[2025-07-27 17:26:00,782] multiqc                                            [DEBUG  ]  Ignoring file as matched an ignore pattern: Sor-ACeb_010-Ex1-5F-lcwgs-1-3-L3-1.fq.gz
[2025-07-27 17:26:00,783] multiqc                                            [DEBUG  ]  Ignoring file as matched an ignore pattern: Sor-ACeb_016-Ex1-11F-lcwgs-1-3-L2-2.fq.gz
[2025-07-27 17:26:00,825] multiqc                                            [DEBUG  ]  File ignored by hicexplorer because it exceeded search pattern filesize limit: Sor-ACeb_013-Ex1-8F-lcwgs-1-3-L3-1_fastqc.html
[2025-07-27 17:26:00,833] multiqc                                            [DEBUG  ]  File ignored by longranger/invocation because it exceeded search pattern filesize limit: Sor-ACeb_013-Ex1-8F-lcwgs-1-3-L3-1_fastqc.html
[2025-07-27 17:26:00,896] multiqc                                            [DEBUG  ]  Ignoring file as matched an ignore pattern: Sor-ACeb_016-Ex1-11F-lcwgs-1-3-L3-1.fq.gz
[2025-07-27 17:26:00,896] multiqc                                            [DEBUG  ]  Ignoring file as matched an ignore pattern: Sor-ACeb_001-Ex1-8E-lcwgs-1-3-L2-1.fq.gz
[2025-07-27 17:26:00,942] multiqc                                            [DEBUG  ]  File ignored by hicexplorer because it exceeded search pattern filesize limit: Sor-ACeb_013-Ex1-8F-lcwgs-1-3-L2-2_fastqc.html
[2025-07-27 17:26:00,953] multiqc                                            [DEBUG  ]  File ignored by longranger/invocation because it exceeded search pattern filesize limit: Sor-ACeb_013-Ex1-8F-lcwgs-1-3-L2-2_fastqc.html
[2025-07-27 17:26:01,020] multiqc                                            [DEBUG  ]  Ignoring file as matched an ignore pattern: Sor-ACeb_001-Ex1-8E-lcwgs-1-3-L3-2.fq.gz
[2025-07-27 17:26:01,021] multiqc                                            [DEBUG  ]  Ignoring file as matched an ignore pattern: Sor-ACeb_020-Ex1-2G-lcwgs-1-3-L2-1.fq.gz
[2025-07-27 17:26:01,061] multiqc                                            [DEBUG  ]  File ignored by hicexplorer because it exceeded search pattern filesize limit: Sor-ACeb_004-Ex1-11E-lcwgs-1-3-L2-1_fastqc.html
[2025-07-27 17:26:01,071] multiqc                                            [DEBUG  ]  File ignored by longranger/invocation because it exceeded search pattern filesize limit: Sor-ACeb_004-Ex1-11E-lcwgs-1-3-L2-1_fastqc.html
[2025-07-27 17:26:01,146] multiqc                                            [DEBUG  ]  Ignoring file as matched an ignore pattern: Sor-ACeb_020-Ex1-2G-lcwgs-1-3-L3-2.fq.gz
[2025-07-27 17:26:01,147] multiqc                                            [DEBUG  ]  Ignoring file as matched an ignore pattern: Sor-ACeb_014-Ex1-9F-lcwgs-1-3-L2-2.fq.gz
[2025-07-27 17:26:01,191] multiqc                                            [DEBUG  ]  File ignored by hicexplorer because it exceeded search pattern filesize limit: Sor-ACeb_004-Ex1-11E-lcwgs-1-3-L3-2_fastqc.html
[2025-07-27 17:26:01,200] multiqc                                            [DEBUG  ]  File ignored by longranger/invocation because it exceeded search pattern filesize limit: Sor-ACeb_004-Ex1-11E-lcwgs-1-3-L3-2_fastqc.html
[2025-07-27 17:26:01,276] multiqc                                            [DEBUG  ]  Ignoring file as matched an ignore pattern: Sor-ACeb_014-Ex1-9F-lcwgs-1-3-L3-1.fq.gz
[2025-07-27 17:26:01,318] multiqc                                            [DEBUG  ]  File ignored by hicexplorer because it exceeded search pattern filesize limit: Sor-ACeb_010-Ex1-5F-lcwgs-1-3-L3-2_fastqc.html
[2025-07-27 17:26:01,326] multiqc                                            [DEBUG  ]  File ignored by longranger/invocation because it exceeded search pattern filesize limit: Sor-ACeb_010-Ex1-5F-lcwgs-1-3-L3-2_fastqc.html
[2025-07-27 17:26:01,426] multiqc                                            [DEBUG  ]  File ignored by hicexplorer because it exceeded search pattern filesize limit: Sor-ACeb_019-Ex1-3G-lcwgs-1-3-L3-2_fastqc.html
[2025-07-27 17:26:01,436] multiqc                                            [DEBUG  ]  File ignored by longranger/invocation because it exceeded search pattern filesize limit: Sor-ACeb_019-Ex1-3G-lcwgs-1-3-L3-2_fastqc.html
[2025-07-27 17:26:01,545] multiqc                                            [DEBUG  ]  File ignored by hicexplorer because it exceeded search pattern filesize limit: Sor-ACeb_008-Ex1-3F-lcwgs-1-3-L2-1_fastqc.html
[2025-07-27 17:26:01,555] multiqc                                            [DEBUG  ]  File ignored by longranger/invocation because it exceeded search pattern filesize limit: Sor-ACeb_008-Ex1-3F-lcwgs-1-3-L2-1_fastqc.html
[2025-07-27 17:26:01,653] multiqc                                            [DEBUG  ]  File ignored by hicexplorer because it exceeded search pattern filesize limit: Sor-ACeb_010-Ex1-5F-lcwgs-1-3-L2-1_fastqc.html
[2025-07-27 17:26:01,661] multiqc                                            [DEBUG  ]  File ignored by longranger/invocation because it exceeded search pattern filesize limit: Sor-ACeb_010-Ex1-5F-lcwgs-1-3-L2-1_fastqc.html
[2025-07-27 17:26:01,754] multiqc                                            [DEBUG  ]  File ignored by hicexplorer because it exceeded search pattern filesize limit: Sor-ACeb_019-Ex1-3G-lcwgs-1-3-L2-1_fastqc.html
[2025-07-27 17:26:01,762] multiqc                                            [DEBUG  ]  File ignored by longranger/invocation because it exceeded search pattern filesize limit: Sor-ACeb_019-Ex1-3G-lcwgs-1-3-L2-1_fastqc.html
[2025-07-27 17:26:01,821] multiqc                                            [DEBUG  ]  Ignoring file as matched an ignore pattern: Sor-ACeb_005-Ex1-12E-lcwgs-1-3-L2-2.fq.gz
[2025-07-27 17:26:01,862] multiqc                                            [DEBUG  ]  File ignored by hicexplorer because it exceeded search pattern filesize limit: Sor-ACeb_008-Ex1-3F-lcwgs-1-3-L3-2_fastqc.html
[2025-07-27 17:26:01,869] multiqc                                            [DEBUG  ]  File ignored by longranger/invocation because it exceeded search pattern filesize limit: Sor-ACeb_008-Ex1-3F-lcwgs-1-3-L3-2_fastqc.html
[2025-07-27 17:26:01,924] multiqc                                            [DEBUG  ]  Ignoring file as matched an ignore pattern: Sor-ACeb_003-Ex1-10E-lcwgs-1-3-L2-1.fq.gz
[2025-07-27 17:26:01,925] multiqc                                            [DEBUG  ]  Ignoring file as matched an ignore pattern: Sor-ACeb_003-Ex1-10E-lcwgs-1-3-L3-2.fq.gz
[2025-07-27 17:26:01,925] multiqc                                            [DEBUG  ]  Ignoring file as matched an ignore pattern: Sor-ACeb_005-Ex1-12E-lcwgs-1-3-L3-1.fq.gz
[2025-07-27 17:26:01,926] multiqc                                            [DEBUG  ]  Ignoring file as matched an ignore pattern: Sor-ACeb_008-Ex1-3F-lcwgs-1-3-L2-2.fq.gz
[2025-07-27 17:26:01,969] multiqc                                            [DEBUG  ]  File ignored by hicexplorer because it exceeded search pattern filesize limit: Sor-ACeb_022-Ex1-5G-lcwgs-1-3-L3-1_fastqc.html
[2025-07-27 17:26:01,979] multiqc                                            [DEBUG  ]  File ignored by longranger/invocation because it exceeded search pattern filesize limit: Sor-ACeb_022-Ex1-5G-lcwgs-1-3-L3-1_fastqc.html
[2025-07-27 17:26:02,102] multiqc                                            [DEBUG  ]  File ignored by hicexplorer because it exceeded search pattern filesize limit: Sor-ACeb_007-Ex1-2F-lcwgs-1-3-L2-2_fastqc.html
[2025-07-27 17:26:02,113] multiqc                                            [DEBUG  ]  File ignored by longranger/invocation because it exceeded search pattern filesize limit: Sor-ACeb_007-Ex1-2F-lcwgs-1-3-L2-2_fastqc.html
[2025-07-27 17:26:02,192] multiqc                                            [DEBUG  ]  Ignoring file as matched an ignore pattern: Sor-ACeb_008-Ex1-3F-lcwgs-1-3-L3-1.fq.gz
[2025-07-27 17:26:02,247] multiqc                                            [DEBUG  ]  File ignored by hicexplorer because it exceeded search pattern filesize limit: Sor-ACeb_007-Ex1-2F-lcwgs-1-3-L3-1_fastqc.html
[2025-07-27 17:26:02,255] multiqc                                            [DEBUG  ]  File ignored by longranger/invocation because it exceeded search pattern filesize limit: Sor-ACeb_007-Ex1-2F-lcwgs-1-3-L3-1_fastqc.html
[2025-07-27 17:26:02,352] multiqc                                            [DEBUG  ]  File ignored by hicexplorer because it exceeded search pattern filesize limit: Sor-ACeb_022-Ex1-5G-lcwgs-1-3-L2-2_fastqc.html
[2025-07-27 17:26:02,360] multiqc                                            [DEBUG  ]  File ignored by longranger/invocation because it exceeded search pattern filesize limit: Sor-ACeb_022-Ex1-5G-lcwgs-1-3-L2-2_fastqc.html
[2025-07-27 17:26:02,416] multiqc                                            [DEBUG  ]  Ignoring file as matched an ignore pattern: Sor-ACeb_015-Ex1-10F-lcwgs-1-3-L3-1.fq.gz
[2025-07-27 17:26:02,459] multiqc                                            [DEBUG  ]  Ignoring file as matched an ignore pattern: Sor-ACeb_022-Ex1-5G-lcwgs-1-3-L3-1.fq.gz
[2025-07-27 17:26:02,461] multiqc                                            [DEBUG  ]  Ignoring file as matched an ignore pattern: Sor-ACeb_022-Ex1-5G-lcwgs-1-3-L2-2.fq.gz
[2025-07-27 17:26:02,461] multiqc                                            [DEBUG  ]  Ignoring file as matched an ignore pattern: Sor-ACeb_015-Ex1-10F-lcwgs-1-3-L2-2.fq.gz
[2025-07-27 17:26:02,500] multiqc                                            [DEBUG  ]  File ignored by hicexplorer because it exceeded search pattern filesize limit: Sor-ACeb_003-Ex1-10E-lcwgs-1-3-L3-1_fastqc.html
[2025-07-27 17:26:02,508] multiqc                                            [DEBUG  ]  File ignored by longranger/invocation because it exceeded search pattern filesize limit: Sor-ACeb_003-Ex1-10E-lcwgs-1-3-L3-1_fastqc.html
[2025-07-27 17:26:02,611] multiqc                                            [DEBUG  ]  File ignored by hicexplorer because it exceeded search pattern filesize limit: Sor-ACeb_016-Ex1-11F-lcwgs-1-3-L2-2_fastqc.html
[2025-07-27 17:26:02,622] multiqc                                            [DEBUG  ]  File ignored by longranger/invocation because it exceeded search pattern filesize limit: Sor-ACeb_016-Ex1-11F-lcwgs-1-3-L2-2_fastqc.html
[2025-07-27 17:26:02,702] multiqc                                            [DEBUG  ]  File ignored by hicexplorer because it exceeded search pattern filesize limit: Sor-ACeb_003-Ex1-10E-lcwgs-1-3-L2-2_fastqc.html
[2025-07-27 17:26:02,710] multiqc                                            [DEBUG  ]  File ignored by longranger/invocation because it exceeded search pattern filesize limit: Sor-ACeb_003-Ex1-10E-lcwgs-1-3-L2-2_fastqc.html
[2025-07-27 17:26:02,805] multiqc                                            [DEBUG  ]  File ignored by hicexplorer because it exceeded search pattern filesize limit: Sor-ACeb_016-Ex1-11F-lcwgs-1-3-L3-1_fastqc.html
[2025-07-27 17:26:02,813] multiqc                                            [DEBUG  ]  File ignored by longranger/invocation because it exceeded search pattern filesize limit: Sor-ACeb_016-Ex1-11F-lcwgs-1-3-L3-1_fastqc.html
[2025-07-27 17:26:02,869] multiqc                                            [DEBUG  ]  Ignoring file as matched an ignore pattern: Sor-ACeb_007-Ex1-2F-lcwgs-1-3-L3-2.fq.gz
[2025-07-27 17:26:02,870] multiqc                                            [DEBUG  ]  Ignoring file as matched an ignore pattern: Sor-ACeb_007-Ex1-2F-lcwgs-1-3-L2-1.fq.gz
[2025-07-27 17:26:02,909] multiqc                                            [DEBUG  ]  File ignored by hicexplorer because it exceeded search pattern filesize limit: Sor-ACeb_007-Ex1-2F-lcwgs-1-3-L3-2_fastqc.html
[2025-07-27 17:26:02,916] multiqc                                            [DEBUG  ]  File ignored by longranger/invocation because it exceeded search pattern filesize limit: Sor-ACeb_007-Ex1-2F-lcwgs-1-3-L3-2_fastqc.html
[2025-07-27 17:26:03,013] multiqc                                            [DEBUG  ]  File ignored by hicexplorer because it exceeded search pattern filesize limit: Sor-ACeb_022-Ex1-5G-lcwgs-1-3-L2-1_fastqc.html
[2025-07-27 17:26:03,021] multiqc                                            [DEBUG  ]  File ignored by longranger/invocation because it exceeded search pattern filesize limit: Sor-ACeb_022-Ex1-5G-lcwgs-1-3-L2-1_fastqc.html
[2025-07-27 17:26:03,076] multiqc                                            [DEBUG  ]  Ignoring file as matched an ignore pattern: Sor-ACeb_006-Ex1-1F-lcwgs-1-3-L3-2.fq.gz
[2025-07-27 17:26:03,077] multiqc                                            [DEBUG  ]  Ignoring file as matched an ignore pattern: Sor-ACeb_004-Ex1-11E-lcwgs-1-3-L3-1.fq.gz
[2025-07-27 17:26:03,077] multiqc                                            [DEBUG  ]  Ignoring file as matched an ignore pattern: Sor-ACeb_006-Ex1-1F-lcwgs-1-3-L2-1.fq.gz
[2025-07-27 17:26:03,078] multiqc                                            [DEBUG  ]  Ignoring file as matched an ignore pattern: Sor-ACeb_004-Ex1-11E-lcwgs-1-3-L2-2.fq.gz
[2025-07-27 17:26:03,118] multiqc                                            [DEBUG  ]  File ignored by hicexplorer because it exceeded search pattern filesize limit: Sor-ACeb_022-Ex1-5G-lcwgs-1-3-L3-2_fastqc.html
[2025-07-27 17:26:03,125] multiqc                                            [DEBUG  ]  File ignored by longranger/invocation because it exceeded search pattern filesize limit: Sor-ACeb_022-Ex1-5G-lcwgs-1-3-L3-2_fastqc.html
[2025-07-27 17:26:03,226] multiqc                                            [DEBUG  ]  File ignored by hicexplorer because it exceeded search pattern filesize limit: Sor-ACeb_007-Ex1-2F-lcwgs-1-3-L2-1_fastqc.html
[2025-07-27 17:26:03,236] multiqc                                            [DEBUG  ]  File ignored by longranger/invocation because it exceeded search pattern filesize limit: Sor-ACeb_007-Ex1-2F-lcwgs-1-3-L2-1_fastqc.html
[2025-07-27 17:26:03,344] multiqc                                            [DEBUG  ]  File ignored by hicexplorer because it exceeded search pattern filesize limit: Sor-ACeb_016-Ex1-11F-lcwgs-1-3-L3-2_fastqc.html
[2025-07-27 17:26:03,354] multiqc                                            [DEBUG  ]  File ignored by longranger/invocation because it exceeded search pattern filesize limit: Sor-ACeb_016-Ex1-11F-lcwgs-1-3-L3-2_fastqc.html
[2025-07-27 17:26:03,478] multiqc                                            [DEBUG  ]  File ignored by hicexplorer because it exceeded search pattern filesize limit: Sor-ACeb_003-Ex1-10E-lcwgs-1-3-L2-1_fastqc.html
[2025-07-27 17:26:03,489] multiqc                                            [DEBUG  ]  File ignored by longranger/invocation because it exceeded search pattern filesize limit: Sor-ACeb_003-Ex1-10E-lcwgs-1-3-L2-1_fastqc.html
[2025-07-27 17:26:03,581] multiqc                                            [DEBUG  ]  File ignored by hicexplorer because it exceeded search pattern filesize limit: Sor-ACeb_016-Ex1-11F-lcwgs-1-3-L2-1_fastqc.html
[2025-07-27 17:26:03,589] multiqc                                            [DEBUG  ]  File ignored by longranger/invocation because it exceeded search pattern filesize limit: Sor-ACeb_016-Ex1-11F-lcwgs-1-3-L2-1_fastqc.html
[2025-07-27 17:26:03,685] multiqc                                            [DEBUG  ]  File ignored by hicexplorer because it exceeded search pattern filesize limit: Sor-ACeb_003-Ex1-10E-lcwgs-1-3-L3-2_fastqc.html
[2025-07-27 17:26:03,692] multiqc                                            [DEBUG  ]  File ignored by longranger/invocation because it exceeded search pattern filesize limit: Sor-ACeb_003-Ex1-10E-lcwgs-1-3-L3-2_fastqc.html
[2025-07-27 17:26:03,790] multiqc                                            [DEBUG  ]  File ignored by hicexplorer because it exceeded search pattern filesize limit: Sor-ACeb_019-Ex1-3G-lcwgs-1-3-L2-2_fastqc.html
[2025-07-27 17:26:03,800] multiqc                                            [DEBUG  ]  File ignored by longranger/invocation because it exceeded search pattern filesize limit: Sor-ACeb_019-Ex1-3G-lcwgs-1-3-L2-2_fastqc.html
[2025-07-27 17:26:03,884] multiqc                                            [DEBUG  ]  File ignored by hicexplorer because it exceeded search pattern filesize limit: Sor-ACeb_010-Ex1-5F-lcwgs-1-3-L2-2_fastqc.html
[2025-07-27 17:26:03,891] multiqc                                            [DEBUG  ]  File ignored by longranger/invocation because it exceeded search pattern filesize limit: Sor-ACeb_010-Ex1-5F-lcwgs-1-3-L2-2_fastqc.html
[2025-07-27 17:26:04,006] multiqc                                            [DEBUG  ]  File ignored by hicexplorer because it exceeded search pattern filesize limit: Sor-ACeb_008-Ex1-3F-lcwgs-1-3-L3-1_fastqc.html
[2025-07-27 17:26:04,013] multiqc                                            [DEBUG  ]  File ignored by longranger/invocation because it exceeded search pattern filesize limit: Sor-ACeb_008-Ex1-3F-lcwgs-1-3-L3-1_fastqc.html
[2025-07-27 17:26:04,105] multiqc                                            [DEBUG  ]  File ignored by hicexplorer because it exceeded search pattern filesize limit: old_new_filenames.log
[2025-07-27 17:26:04,114] multiqc                                            [DEBUG  ]  File ignored by longranger/invocation because it exceeded search pattern filesize limit: old_new_filenames.log
[2025-07-27 17:26:04,185] multiqc                                            [DEBUG  ]  File ignored by hicexplorer because it exceeded search pattern filesize limit: Sor-ACeb_019-Ex1-3G-lcwgs-1-3-L3-1_fastqc.html
[2025-07-27 17:26:04,195] multiqc                                            [DEBUG  ]  File ignored by longranger/invocation because it exceeded search pattern filesize limit: Sor-ACeb_019-Ex1-3G-lcwgs-1-3-L3-1_fastqc.html
[2025-07-27 17:26:04,324] multiqc                                            [DEBUG  ]  File ignored by hicexplorer because it exceeded search pattern filesize limit: Sor-ACeb_010-Ex1-5F-lcwgs-1-3-L3-1_fastqc.html
[2025-07-27 17:26:04,334] multiqc                                            [DEBUG  ]  File ignored by longranger/invocation because it exceeded search pattern filesize limit: Sor-ACeb_010-Ex1-5F-lcwgs-1-3-L3-1_fastqc.html
[2025-07-27 17:26:04,411] multiqc                                            [DEBUG  ]  Ignoring file as matched an ignore pattern: Sor-ACeb_009-Ex1-4F-lcwgs-1-3-L2-1.fq.gz
[2025-07-27 17:26:04,454] multiqc                                            [DEBUG  ]  File ignored by hicexplorer because it exceeded search pattern filesize limit: Sor-ACeb_008-Ex1-3F-lcwgs-1-3-L2-2_fastqc.html
[2025-07-27 17:26:04,463] multiqc                                            [DEBUG  ]  File ignored by longranger/invocation because it exceeded search pattern filesize limit: Sor-ACeb_008-Ex1-3F-lcwgs-1-3-L2-2_fastqc.html
[2025-07-27 17:26:04,522] multiqc                                            [DEBUG  ]  Ignoring file as matched an ignore pattern: Sor-ACeb_021-Ex1-4G-lcwgs-1-3-L3-2.fq.gz
[2025-07-27 17:26:04,523] multiqc                                            [DEBUG  ]  Ignoring file as matched an ignore pattern: Sor-ACeb_021-Ex1-4G-lcwgs-1-3-L2-1.fq.gz
[2025-07-27 17:26:04,524] multiqc                                            [DEBUG  ]  Ignoring file as matched an ignore pattern: Sor-ACeb_009-Ex1-4F-lcwgs-1-3-L3-2.fq.gz
[2025-07-27 17:26:04,525] multiqc                                            [DEBUG  ]  Ignoring file as matched an ignore pattern: Sor-ACeb_018-Ex1-1G-lcwgs-1-3-L3-1.fq.gz
[2025-07-27 17:26:04,526] multiqc                                            [DEBUG  ]  Ignoring file as matched an ignore pattern: Sor-ACeb_018-Ex1-1G-lcwgs-1-3-L2-2.fq.gz
[2025-07-27 17:26:04,625] multiqc                                            [DEBUG  ]  File ignored by hicexplorer because it exceeded search pattern filesize limit: origFileNames_ALL.txt
[2025-07-27 17:26:04,638] multiqc                                            [DEBUG  ]  File ignored by longranger/invocation because it exceeded search pattern filesize limit: origFileNames_ALL.txt
[2025-07-27 17:26:04,670] multiqc                                            [DEBUG  ]  Ignoring file as matched an ignore pattern: Sor-ACeb_002-Ex1-9E-lcwgs-1-3-L2-2.fq.gz
[2025-07-27 17:26:04,711] multiqc                                            [DEBUG  ]  File ignored by hicexplorer because it exceeded search pattern filesize limit: Sor-ACeb_004-Ex1-11E-lcwgs-1-3-L3-1_fastqc.html
[2025-07-27 17:26:04,722] multiqc                                            [DEBUG  ]  File ignored by longranger/invocation because it exceeded search pattern filesize limit: Sor-ACeb_004-Ex1-11E-lcwgs-1-3-L3-1_fastqc.html
[2025-07-27 17:26:04,788] multiqc                                            [DEBUG  ]  Ignoring file as matched an ignore pattern: Sor-ACeb_002-Ex1-9E-lcwgs-1-3-L3-1.fq.gz
[2025-07-27 17:26:04,828] multiqc                                            [DEBUG  ]  File ignored by hicexplorer because it exceeded search pattern filesize limit: Sor-ACeb_004-Ex1-11E-lcwgs-1-3-L2-2_fastqc.html
[2025-07-27 17:26:04,840] multiqc                                            [DEBUG  ]  File ignored by longranger/invocation because it exceeded search pattern filesize limit: Sor-ACeb_004-Ex1-11E-lcwgs-1-3-L2-2_fastqc.html
[2025-07-27 17:26:04,928] multiqc                                            [DEBUG  ]  Ignoring file as matched an ignore pattern: Sor-ACeb_017-Ex1-12F-lcwgs-1-3-L3-1.fq.gz
[2025-07-27 17:26:04,930] multiqc                                            [DEBUG  ]  Ignoring file as matched an ignore pattern: Sor-ACeb_017-Ex1-12F-lcwgs-1-3-L2-2.fq.gz
[2025-07-27 17:26:04,930] multiqc                                            [DEBUG  ]  Ignoring file as matched an ignore pattern: Sor-ACeb_012-Ex1-7F-lcwgs-1-3-L2-1.fq.gz
[2025-07-27 17:26:04,932] multiqc                                            [DEBUG  ]  Ignoring file as matched an ignore pattern: Sor-ACeb_012-Ex1-7F-lcwgs-1-3-L3-2.fq.gz
[2025-07-27 17:26:04,933] multiqc                                            [DEBUG  ]  Ignoring file as matched an ignore pattern: Sor-ACeb_013-Ex1-8F-lcwgs-1-3-L3-2.fq.gz
[2025-07-27 17:26:04,977] multiqc                                            [DEBUG  ]  File ignored by hicexplorer because it exceeded search pattern filesize limit: Sor-ACeb_021-Ex1-4G-lcwgs-1-3-L3-1_fastqc.html
[2025-07-27 17:26:04,989] multiqc                                            [DEBUG  ]  File ignored by longranger/invocation because it exceeded search pattern filesize limit: Sor-ACeb_021-Ex1-4G-lcwgs-1-3-L3-1_fastqc.html
[2025-07-27 17:26:05,086] multiqc                                            [DEBUG  ]  Ignoring file as matched an ignore pattern: Sor-ACeb_013-Ex1-8F-lcwgs-1-3-L2-1.fq.gz
[2025-07-27 17:26:05,220] multiqc                                            [DEBUG  ]  File ignored by hicexplorer because it exceeded search pattern filesize limit: Sor-ACeb_021-Ex1-4G-lcwgs-1-3-L2-2_fastqc.html
[2025-07-27 17:26:05,233] multiqc                                            [DEBUG  ]  File ignored by longranger/invocation because it exceeded search pattern filesize limit: Sor-ACeb_021-Ex1-4G-lcwgs-1-3-L2-2_fastqc.html
[2025-07-27 17:26:05,389] multiqc                                            [DEBUG  ]  File ignored by hicexplorer because it exceeded search pattern filesize limit: Sor-ACeb_013-Ex1-8F-lcwgs-1-3-L2-1_fastqc.html
[2025-07-27 17:26:05,399] multiqc                                            [DEBUG  ]  File ignored by longranger/invocation because it exceeded search pattern filesize limit: Sor-ACeb_013-Ex1-8F-lcwgs-1-3-L2-1_fastqc.html
[2025-07-27 17:26:05,466] multiqc                                            [DEBUG  ]  Ignoring file as matched an ignore pattern: Sor-ACeb_019-Ex1-3G-lcwgs-1-3-L2-1.fq.gz
[2025-07-27 17:26:05,519] multiqc                                            [DEBUG  ]  File ignored by hicexplorer because it exceeded search pattern filesize limit: Sor-ACeb_013-Ex1-8F-lcwgs-1-3-L3-2_fastqc.html
[2025-07-27 17:26:05,528] multiqc                                            [DEBUG  ]  File ignored by longranger/invocation because it exceeded search pattern filesize limit: Sor-ACeb_013-Ex1-8F-lcwgs-1-3-L3-2_fastqc.html
[2025-07-27 17:26:05,591] multiqc                                            [DEBUG  ]  Ignoring file as matched an ignore pattern: Sor-ACeb_019-Ex1-3G-lcwgs-1-3-L3-2.fq.gz
[2025-07-27 17:26:05,631] multiqc                                            [DEBUG  ]  File ignored by hicexplorer because it exceeded search pattern filesize limit: Sor-ACeb_006-Ex1-1F-lcwgs-1-3-L2-1_fastqc.html
[2025-07-27 17:26:05,639] multiqc                                            [DEBUG  ]  File ignored by longranger/invocation because it exceeded search pattern filesize limit: Sor-ACeb_006-Ex1-1F-lcwgs-1-3-L2-1_fastqc.html
[2025-07-27 17:26:05,738] multiqc                                            [DEBUG  ]  File ignored by hicexplorer because it exceeded search pattern filesize limit: Sor-ACeb_020-Ex1-2G-lcwgs-1-3-L3-2_fastqc.html
[2025-07-27 17:26:05,749] multiqc                                            [DEBUG  ]  File ignored by longranger/invocation because it exceeded search pattern filesize limit: Sor-ACeb_020-Ex1-2G-lcwgs-1-3-L3-2_fastqc.html
[2025-07-27 17:26:05,875] multiqc                                            [DEBUG  ]  File ignored by hicexplorer because it exceeded search pattern filesize limit: Sor-ACeb_006-Ex1-1F-lcwgs-1-3-L3-2_fastqc.html
[2025-07-27 17:26:05,885] multiqc                                            [DEBUG  ]  File ignored by longranger/invocation because it exceeded search pattern filesize limit: Sor-ACeb_006-Ex1-1F-lcwgs-1-3-L3-2_fastqc.html
[2025-07-27 17:26:05,948] multiqc                                            [DEBUG  ]  Ignoring file as matched an ignore pattern: Sor-ACeb_002-Ex1-9E-lcwgs-1-3-L3-2.fq.gz
[2025-07-27 17:26:05,966] multiqc                                            [DEBUG  ]  File ignored by hicexplorer because it exceeded search pattern filesize limit: Sor-ACeb_020-Ex1-2G-lcwgs-1-3-L2-1_fastqc.html
[2025-07-27 17:26:05,974] multiqc                                            [DEBUG  ]  File ignored by longranger/invocation because it exceeded search pattern filesize limit: Sor-ACeb_020-Ex1-2G-lcwgs-1-3-L2-1_fastqc.html
[2025-07-27 17:26:06,036] multiqc                                            [DEBUG  ]  Ignoring file as matched an ignore pattern: Sor-ACeb_002-Ex1-9E-lcwgs-1-3-L2-1.fq.gz
[2025-07-27 17:26:06,036] multiqc                                            [DEBUG  ]  Ignoring file as matched an ignore pattern: Sor-ACeb_012-Ex1-7F-lcwgs-1-3-L3-1.fq.gz
[2025-07-27 17:26:06,037] multiqc                                            [DEBUG  ]  Ignoring file as matched an ignore pattern: Sor-ACeb_012-Ex1-7F-lcwgs-1-3-L2-2.fq.gz
[2025-07-27 17:26:06,038] multiqc                                            [DEBUG  ]  Ignoring file as matched an ignore pattern: Sor-ACeb_017-Ex1-12F-lcwgs-1-3-L2-1.fq.gz
[2025-07-27 17:26:06,038] multiqc                                            [DEBUG  ]  Ignoring file as matched an ignore pattern: Sor-ACeb_017-Ex1-12F-lcwgs-1-3-L3-2.fq.gz
[2025-07-27 17:26:06,079] multiqc                                            [DEBUG  ]  File ignored by hicexplorer because it exceeded search pattern filesize limit: Sor-ACeb_001-Ex1-8E-lcwgs-1-3-L3-2_fastqc.html
[2025-07-27 17:26:06,087] multiqc                                            [DEBUG  ]  File ignored by longranger/invocation because it exceeded search pattern filesize limit: Sor-ACeb_001-Ex1-8E-lcwgs-1-3-L3-2_fastqc.html
[2025-07-27 17:26:06,193] multiqc                                            [DEBUG  ]  File ignored by hicexplorer because it exceeded search pattern filesize limit: Sor-ACeb_005-Ex1-12E-lcwgs-1-3-L3-1_fastqc.html
[2025-07-27 17:26:06,203] multiqc                                            [DEBUG  ]  File ignored by longranger/invocation because it exceeded search pattern filesize limit: Sor-ACeb_005-Ex1-12E-lcwgs-1-3-L3-1_fastqc.html
[2025-07-27 17:26:06,324] multiqc                                            [DEBUG  ]  File ignored by hicexplorer because it exceeded search pattern filesize limit: Sor-ACeb_011-Ex1-6F-lcwgs-1-3-L3-1_fastqc.html
[2025-07-27 17:26:06,336] multiqc                                            [DEBUG  ]  File ignored by longranger/invocation because it exceeded search pattern filesize limit: Sor-ACeb_011-Ex1-6F-lcwgs-1-3-L3-1_fastqc.html
[2025-07-27 17:26:06,405] multiqc                                            [DEBUG  ]  Ignoring file as matched an ignore pattern: Sor-ACeb_013-Ex1-8F-lcwgs-1-3-L2-2.fq.gz
[2025-07-27 17:26:06,406] multiqc                                            [DEBUG  ]  Ignoring file as matched an ignore pattern: Sor-ACeb_013-Ex1-8F-lcwgs-1-3-L3-1.fq.gz
[2025-07-27 17:26:06,450] multiqc                                            [DEBUG  ]  File ignored by hicexplorer because it exceeded search pattern filesize limit: Sor-ACeb_001-Ex1-8E-lcwgs-1-3-L2-1_fastqc.html
[2025-07-27 17:26:06,460] multiqc                                            [DEBUG  ]  File ignored by longranger/invocation because it exceeded search pattern filesize limit: Sor-ACeb_001-Ex1-8E-lcwgs-1-3-L2-1_fastqc.html
[2025-07-27 17:26:06,575] multiqc                                            [DEBUG  ]  File ignored by hicexplorer because it exceeded search pattern filesize limit: Sor-ACeb_005-Ex1-12E-lcwgs-1-3-L2-2_fastqc.html
[2025-07-27 17:26:06,584] multiqc                                            [DEBUG  ]  File ignored by longranger/invocation because it exceeded search pattern filesize limit: Sor-ACeb_005-Ex1-12E-lcwgs-1-3-L2-2_fastqc.html
[2025-07-27 17:26:06,687] multiqc                                            [DEBUG  ]  File ignored by hicexplorer because it exceeded search pattern filesize limit: Sor-ACeb_011-Ex1-6F-lcwgs-1-3-L2-2_fastqc.html
[2025-07-27 17:26:06,699] multiqc                                            [DEBUG  ]  File ignored by longranger/invocation because it exceeded search pattern filesize limit: Sor-ACeb_011-Ex1-6F-lcwgs-1-3-L2-2_fastqc.html
[2025-07-27 17:26:06,781] multiqc                                            [DEBUG  ]  Ignoring file as matched an ignore pattern: Sor-ACeb_019-Ex1-3G-lcwgs-1-3-L3-1.fq.gz
[2025-07-27 17:26:06,832] multiqc                                            [DEBUG  ]  File ignored by hicexplorer because it exceeded search pattern filesize limit: Sor-ACeb_009-Ex1-4F-lcwgs-1-3-L2-2_fastqc.html
[2025-07-27 17:26:06,844] multiqc                                            [DEBUG  ]  File ignored by longranger/invocation because it exceeded search pattern filesize limit: Sor-ACeb_009-Ex1-4F-lcwgs-1-3-L2-2_fastqc.html
[2025-07-27 17:26:06,936] multiqc                                            [DEBUG  ]  Ignoring file as matched an ignore pattern: Sor-ACeb_019-Ex1-3G-lcwgs-1-3-L2-2.fq.gz
[2025-07-27 17:26:06,982] multiqc                                            [DEBUG  ]  File ignored by hicexplorer because it exceeded search pattern filesize limit: Sor-ACeb_009-Ex1-4F-lcwgs-1-3-L3-1_fastqc.html
[2025-07-27 17:26:06,993] multiqc                                            [DEBUG  ]  File ignored by longranger/invocation because it exceeded search pattern filesize limit: Sor-ACeb_009-Ex1-4F-lcwgs-1-3-L3-1_fastqc.html
[2025-07-27 17:26:07,123] multiqc                                            [DEBUG  ]  File ignored by hicexplorer because it exceeded search pattern filesize limit: Sor-ACeb_002-Ex1-9E-lcwgs-1-3-L2-2_fastqc.html
[2025-07-27 17:26:07,133] multiqc                                            [DEBUG  ]  File ignored by longranger/invocation because it exceeded search pattern filesize limit: Sor-ACeb_002-Ex1-9E-lcwgs-1-3-L2-2_fastqc.html
[2025-07-27 17:26:07,208] multiqc                                            [DEBUG  ]  Ignoring file as matched an ignore pattern: Sor-ACeb_006-Ex1-1F-lcwgs-1-3-L2-2.fq.gz
[2025-07-27 17:26:07,251] multiqc                                            [DEBUG  ]  File ignored by hicexplorer because it exceeded search pattern filesize limit: Sor-ACeb_012-Ex1-7F-lcwgs-1-3-L2-1_fastqc.html
[2025-07-27 17:26:07,259] multiqc                                            [DEBUG  ]  File ignored by longranger/invocation because it exceeded search pattern filesize limit: Sor-ACeb_012-Ex1-7F-lcwgs-1-3-L2-1_fastqc.html
[2025-07-27 17:26:07,317] multiqc                                            [DEBUG  ]  Ignoring file as matched an ignore pattern: Sor-ACeb_004-Ex1-11E-lcwgs-1-3-L2-1.fq.gz
[2025-07-27 17:26:07,318] multiqc                                            [DEBUG  ]  Ignoring file as matched an ignore pattern: Sor-ACeb_006-Ex1-1F-lcwgs-1-3-L3-1.fq.gz
[2025-07-27 17:26:07,356] multiqc                                            [DEBUG  ]  File ignored by hicexplorer because it exceeded search pattern filesize limit: Sor-ACeb_015-Ex1-10F-lcwgs-1-3-L3-1_fastqc.html
[2025-07-27 17:26:07,364] multiqc                                            [DEBUG  ]  File ignored by longranger/invocation because it exceeded search pattern filesize limit: Sor-ACeb_015-Ex1-10F-lcwgs-1-3-L3-1_fastqc.html
[2025-07-27 17:26:07,423] multiqc                                            [DEBUG  ]  Ignoring file as matched an ignore pattern: Sor-ACeb_004-Ex1-11E-lcwgs-1-3-L3-2.fq.gz
[2025-07-27 17:26:07,469] multiqc                                            [DEBUG  ]  File ignored by hicexplorer because it exceeded search pattern filesize limit: Sor-ACeb_002-Ex1-9E-lcwgs-1-3-L3-1_fastqc.html
[2025-07-27 17:26:07,481] multiqc                                            [DEBUG  ]  File ignored by longranger/invocation because it exceeded search pattern filesize limit: Sor-ACeb_002-Ex1-9E-lcwgs-1-3-L3-1_fastqc.html
[2025-07-27 17:26:07,615] multiqc                                            [DEBUG  ]  File ignored by hicexplorer because it exceeded search pattern filesize limit: Sor-ACeb_012-Ex1-7F-lcwgs-1-3-L3-2_fastqc.html
[2025-07-27 17:26:07,627] multiqc                                            [DEBUG  ]  File ignored by longranger/invocation because it exceeded search pattern filesize limit: Sor-ACeb_012-Ex1-7F-lcwgs-1-3-L3-2_fastqc.html
[2025-07-27 17:26:07,690] multiqc                                            [DEBUG  ]  Ignoring file as matched an ignore pattern: Sor-ACeb_007-Ex1-2F-lcwgs-1-3-L2-2.fq.gz
[2025-07-27 17:26:07,691] multiqc                                            [DEBUG  ]  Ignoring file as matched an ignore pattern: Sor-ACeb_007-Ex1-2F-lcwgs-1-3-L3-1.fq.gz
[2025-07-27 17:26:07,734] multiqc                                            [DEBUG  ]  File ignored by hicexplorer because it exceeded search pattern filesize limit: Sor-ACeb_015-Ex1-10F-lcwgs-1-3-L2-2_fastqc.html
[2025-07-27 17:26:07,744] multiqc                                            [DEBUG  ]  File ignored by longranger/invocation because it exceeded search pattern filesize limit: Sor-ACeb_015-Ex1-10F-lcwgs-1-3-L2-2_fastqc.html
[2025-07-27 17:26:07,886] multiqc                                            [DEBUG  ]  File ignored by hicexplorer because it exceeded search pattern filesize limit: Sor-ACeb_018-Ex1-1G-lcwgs-1-3-L2-1_fastqc.html
[2025-07-27 17:26:07,897] multiqc                                            [DEBUG  ]  File ignored by longranger/invocation because it exceeded search pattern filesize limit: Sor-ACeb_018-Ex1-1G-lcwgs-1-3-L2-1_fastqc.html
[2025-07-27 17:26:07,993] multiqc                                            [DEBUG  ]  File ignored by hicexplorer because it exceeded search pattern filesize limit: Sor-ACeb_014-Ex1-9F-lcwgs-1-3-L2-1_fastqc.html
[2025-07-27 17:26:08,002] multiqc                                            [DEBUG  ]  File ignored by longranger/invocation because it exceeded search pattern filesize limit: Sor-ACeb_014-Ex1-9F-lcwgs-1-3-L2-1_fastqc.html
[2025-07-27 17:26:08,097] multiqc                                            [DEBUG  ]  File ignored by hicexplorer because it exceeded search pattern filesize limit: Sor-ACeb_018-Ex1-1G-lcwgs-1-3-L3-2_fastqc.html
[2025-07-27 17:26:08,106] multiqc                                            [DEBUG  ]  File ignored by longranger/invocation because it exceeded search pattern filesize limit: Sor-ACeb_018-Ex1-1G-lcwgs-1-3-L3-2_fastqc.html
[2025-07-27 17:26:08,217] multiqc                                            [DEBUG  ]  File ignored by hicexplorer because it exceeded search pattern filesize limit: Sor-ACeb_014-Ex1-9F-lcwgs-1-3-L3-2_fastqc.html
[2025-07-27 17:26:08,230] multiqc                                            [DEBUG  ]  File ignored by longranger/invocation because it exceeded search pattern filesize limit: Sor-ACeb_014-Ex1-9F-lcwgs-1-3-L3-2_fastqc.html
[2025-07-27 17:26:08,316] multiqc                                            [DEBUG  ]  Ignoring file as matched an ignore pattern: Sor-ACeb_009-Ex1-4F-lcwgs-1-3-L3-1.fq.gz
[2025-07-27 17:26:08,317] multiqc                                            [DEBUG  ]  Ignoring file as matched an ignore pattern: Sor-ACeb_021-Ex1-4G-lcwgs-1-3-L2-2.fq.gz
[2025-07-27 17:26:08,318] multiqc                                            [DEBUG  ]  Ignoring file as matched an ignore pattern: Sor-ACeb_021-Ex1-4G-lcwgs-1-3-L3-1.fq.gz
[2025-07-27 17:26:08,319] multiqc                                            [DEBUG  ]  Ignoring file as matched an ignore pattern: Sor-ACeb_009-Ex1-4F-lcwgs-1-3-L2-2.fq.gz
[2025-07-27 17:26:08,364] multiqc                                            [DEBUG  ]  File ignored by hicexplorer because it exceeded search pattern filesize limit: Sor-ACeb_017-Ex1-12F-lcwgs-1-3-L3-2_fastqc.html
[2025-07-27 17:26:08,374] multiqc                                            [DEBUG  ]  File ignored by longranger/invocation because it exceeded search pattern filesize limit: Sor-ACeb_017-Ex1-12F-lcwgs-1-3-L3-2_fastqc.html
[2025-07-27 17:26:08,499] multiqc                                            [DEBUG  ]  File ignored by hicexplorer because it exceeded search pattern filesize limit: Sor-ACeb_017-Ex1-12F-lcwgs-1-3-L2-1_fastqc.html
[2025-07-27 17:26:08,512] multiqc                                            [DEBUG  ]  File ignored by longranger/invocation because it exceeded search pattern filesize limit: Sor-ACeb_017-Ex1-12F-lcwgs-1-3-L2-1_fastqc.html
[2025-07-27 17:26:08,597] multiqc                                            [DEBUG  ]  Ignoring file as matched an ignore pattern: Sor-ACeb_018-Ex1-1G-lcwgs-1-3-L2-1.fq.gz
[2025-07-27 17:26:08,662] multiqc                                            [DEBUG  ]  Ignoring file as matched an ignore pattern: Sor-ACeb_018-Ex1-1G-lcwgs-1-3-L3-2.fq.gz
[2025-07-27 17:26:09,394] multiqc.plots.bargraph                             [DEBUG  ]  Using matplotlib version 3.1.2
[2025-07-27 17:26:09,397] multiqc.plots.linegraph                            [DEBUG  ]  Using matplotlib version 3.1.2
[2025-07-27 17:26:09,399] multiqc                                            [DEBUG  ]  No samples found: custom_content
[2025-07-27 17:26:09,409] multiqc                                            [DEBUG  ]  No samples found: conpair
[2025-07-27 17:26:09,419] multiqc                                            [DEBUG  ]  No samples found: peddy
[2025-07-27 17:26:09,429] multiqc                                            [DEBUG  ]  No samples found: somalier
[2025-07-27 17:26:09,439] multiqc                                            [DEBUG  ]  No samples found: methylQA
[2025-07-27 17:26:09,461] multiqc                                            [DEBUG  ]  No samples found: mosdepth
[2025-07-27 17:26:09,473] multiqc                                            [DEBUG  ]  No samples found: phantompeakqualtools
[2025-07-27 17:26:09,478] multiqc                                            [DEBUG  ]  No samples found: qualimap
[2025-07-27 17:26:09,488] multiqc                                            [DEBUG  ]  No samples found: preseq
[2025-07-27 17:26:09,498] multiqc                                            [DEBUG  ]  No samples found: quast
[2025-07-27 17:26:09,508] multiqc                                            [DEBUG  ]  No samples found: qorts
[2025-07-27 17:26:09,519] multiqc                                            [DEBUG  ]  No samples found: rna_seqc
[2025-07-27 17:26:09,529] multiqc                                            [DEBUG  ]  No samples found: rockhopper
[2025-07-27 17:26:09,537] multiqc                                            [DEBUG  ]  No samples found: rsem
[2025-07-27 17:26:09,558] multiqc                                            [DEBUG  ]  No samples found: rseqc
[2025-07-27 17:26:09,570] multiqc                                            [DEBUG  ]  No samples found: busco
[2025-07-27 17:26:09,580] multiqc                                            [DEBUG  ]  No samples found: goleft_indexcov
[2025-07-27 17:26:09,590] multiqc                                            [DEBUG  ]  No samples found: disambiguate
[2025-07-27 17:26:09,603] multiqc                                            [DEBUG  ]  No samples found: supernova
[2025-07-27 17:26:09,628] multiqc                                            [DEBUG  ]  No samples found: deeptools
[2025-07-27 17:26:09,642] multiqc                                            [DEBUG  ]  No samples found: sargasso
[2025-07-27 17:26:09,655] multiqc                                            [DEBUG  ]  No samples found: verifybamid
[2025-07-27 17:26:09,669] multiqc                                            [DEBUG  ]  No samples found: mirtrace
[2025-07-27 17:26:09,684] multiqc                                            [DEBUG  ]  No samples found: happy
[2025-07-27 17:26:09,697] multiqc                                            [DEBUG  ]  No samples found: mirtop
[2025-07-27 17:26:09,710] multiqc                                            [DEBUG  ]  No samples found: homer
[2025-07-27 17:26:09,720] multiqc                                            [DEBUG  ]  No samples found: macs2
[2025-07-27 17:26:09,732] multiqc                                            [DEBUG  ]  No samples found: theta2
[2025-07-27 17:26:09,744] multiqc                                            [DEBUG  ]  No samples found: snpeff
[2025-07-27 17:26:09,758] multiqc                                            [DEBUG  ]  No samples found: gatk
[2025-07-27 17:26:09,771] multiqc                                            [DEBUG  ]  No samples found: htseq
[2025-07-27 17:26:09,782] multiqc                                            [DEBUG  ]  No samples found: bcftools
[2025-07-27 17:26:09,795] multiqc                                            [DEBUG  ]  No samples found: featureCounts
[2025-07-27 17:26:09,808] multiqc                                            [DEBUG  ]  No samples found: fgbio
[2025-07-27 17:26:09,829] multiqc                                            [DEBUG  ]  No samples found: dragen
[2025-07-27 17:26:09,838] multiqc                                            [DEBUG  ]  No samples found: dedup
[2025-07-27 17:26:09,848] multiqc                                            [DEBUG  ]  No samples found: damageprofiler
[2025-07-27 17:26:09,899] multiqc                                            [DEBUG  ]  No samples found: biobambam2
[2025-07-27 17:26:09,912] multiqc                                            [DEBUG  ]  No samples found: mtnucratio
[2025-07-27 17:26:09,919] multiqc                                            [DEBUG  ]  No samples found: picard
[2025-07-27 17:26:09,929] multiqc                                            [DEBUG  ]  No samples found: prokka
[2025-07-27 17:26:09,939] multiqc                                            [DEBUG  ]  No samples found: samblaster
[2025-07-27 17:26:09,955] multiqc                                            [DEBUG  ]  No samples found: samtools
[2025-07-27 17:26:09,964] multiqc                                            [DEBUG  ]  No samples found: sexdeterrmine
[2025-07-27 17:26:09,977] multiqc                                            [DEBUG  ]  No samples found: bamtools
[2025-07-27 17:26:09,987] multiqc                                            [DEBUG  ]  No samples found: jellyfish
[2025-07-27 17:26:10,002] multiqc                                            [DEBUG  ]  No samples found: vcftools
[2025-07-27 17:26:10,015] multiqc                                            [DEBUG  ]  No samples found: longranger
[2025-07-27 17:26:10,025] multiqc                                            [DEBUG  ]  No samples found: stacks
[2025-07-27 17:26:10,035] multiqc                                            [DEBUG  ]  No samples found: varscan2
[2025-07-27 17:26:10,064] multiqc                                            [DEBUG  ]  No samples found: bbmap
[2025-07-27 17:26:10,078] multiqc                                            [DEBUG  ]  No samples found: bismark
[2025-07-27 17:26:10,093] multiqc                                            [DEBUG  ]  No samples found: biscuit
[2025-07-27 17:26:10,104] multiqc                                            [DEBUG  ]  No samples found: hicexplorer
[2025-07-27 17:26:10,116] multiqc                                            [DEBUG  ]  No samples found: hicup
[2025-07-27 17:26:10,128] multiqc                                            [DEBUG  ]  No samples found: hicpro
[2025-07-27 17:26:10,139] multiqc                                            [DEBUG  ]  No samples found: salmon
[2025-07-27 17:26:10,151] multiqc                                            [DEBUG  ]  No samples found: kallisto
[2025-07-27 17:26:10,161] multiqc                                            [DEBUG  ]  No samples found: slamdunk
[2025-07-27 17:26:10,171] multiqc                                            [DEBUG  ]  No samples found: star
[2025-07-27 17:26:10,180] multiqc                                            [DEBUG  ]  No samples found: hisat2
[2025-07-27 17:26:10,190] multiqc                                            [DEBUG  ]  No samples found: tophat
[2025-07-27 17:26:10,197] multiqc                                            [DEBUG  ]  No samples found: bowtie2
[2025-07-27 17:26:10,204] multiqc                                            [DEBUG  ]  No samples found: bowtie1
[2025-07-27 17:26:10,212] multiqc                                            [DEBUG  ]  No samples found: snpsplit
[2025-07-27 17:26:10,219] multiqc                                            [DEBUG  ]  No samples found: kat
[2025-07-27 17:26:10,228] multiqc                                            [DEBUG  ]  No samples found: leehom
[2025-07-27 17:26:10,238] multiqc                                            [DEBUG  ]  No samples found: adapterRemoval
[2025-07-27 17:26:10,248] multiqc                                            [DEBUG  ]  No samples found: clipandmerge
[2025-07-27 17:26:10,260] multiqc                                            [DEBUG  ]  No samples found: cutadapt
[2025-07-27 17:26:10,271] multiqc                                            [DEBUG  ]  No samples found: flexbar
[2025-07-27 17:26:10,281] multiqc                                            [DEBUG  ]  No samples found: kaiju
[2025-07-27 17:26:10,290] multiqc                                            [DEBUG  ]  No samples found: kraken
[2025-07-27 17:26:10,301] multiqc                                            [DEBUG  ]  No samples found: malt
[2025-07-27 17:26:10,311] multiqc                                            [DEBUG  ]  No samples found: trimmomatic
[2025-07-27 17:26:10,320] multiqc                                            [DEBUG  ]  No samples found: sickle
[2025-07-27 17:26:10,330] multiqc                                            [DEBUG  ]  No samples found: skewer
[2025-07-27 17:26:10,340] multiqc                                            [DEBUG  ]  No samples found: sortmerna
[2025-07-27 17:26:10,350] multiqc                                            [DEBUG  ]  No samples found: biobloomtools
[2025-07-27 17:26:10,362] multiqc                                            [DEBUG  ]  No samples found: fastq_screen
[2025-07-27 17:26:10,373] multiqc                                            [DEBUG  ]  No samples found: afterqc
[2025-07-27 17:26:10,384] multiqc                                            [DEBUG  ]  No samples found: fastp
[2025-07-27 17:26:21,330] multiqc.modules.fastqc.fastqc                      [INFO   ]  Found 88 reports
[2025-07-27 17:26:55,212] multiqc                                            [DEBUG  ]  No samples found: pycoqc
[2025-07-27 17:26:55,221] multiqc                                            [DEBUG  ]  No samples found: minionqc
[2025-07-27 17:26:55,231] multiqc                                            [DEBUG  ]  No samples found: multivcfanalyzer
[2025-07-27 17:26:55,242] multiqc                                            [DEBUG  ]  No samples found: clusterflow
[2025-07-27 17:26:55,252] multiqc                                            [DEBUG  ]  No samples found: bcl2fastq
[2025-07-27 17:26:55,263] multiqc                                            [DEBUG  ]  No samples found: interop
[2025-07-27 17:26:55,271] multiqc                                            [DEBUG  ]  No samples found: ivar
[2025-07-27 17:26:55,281] multiqc                                            [DEBUG  ]  No samples found: flash
[2025-07-27 17:26:55,290] multiqc                                            [DEBUG  ]  No samples found: seqyclean
[2025-07-27 17:26:55,418] multiqc                                            [INFO   ]  Compressing plot data
[2025-07-27 17:26:57,219] multiqc                                            [INFO   ]  Report      : fq_raw/fqc_raw_report.html
[2025-07-27 17:26:57,219] multiqc                                            [INFO   ]  Data        : fq_raw/fqc_raw_report_data
[2025-07-27 17:26:57,220] multiqc                                            [DEBUG  ]  Moving data file from '/tmp/tmp59q2vcqz/multiqc_data' to 'fq_raw/fqc_raw_report_data'
[2025-07-27 17:26:57,328] multiqc                                            [INFO   ]  Plots       : fq_raw/fqc_raw_report_plots
[2025-07-27 17:26:57,328] multiqc                                            [DEBUG  ]  Moving plots directory from '/tmp/tmp59q2vcqz/multiqc_plots' to 'fq_raw/fqc_raw_report_plots'
[2025-07-27 17:26:57,634] multiqc                                            [INFO   ]  MultiQC complete
