Looking to launch executable "/opt/conda/bin/bwa-meme_mode3.avx512bw", simd = _mode3.avx512bw
Launching executable "/opt/conda/bin/bwa-meme_mode3.avx512bw"
-----------------------------
Executing in AVX512 mode!!
-----------------------------
* SA compression enabled with xfactor: 8
* Ref file: reference.genbank.Sor.fasta
* Entering FMI_search
Reading other elements of the index from files reference.genbank.Sor.fasta
* Index prefix: reference.genbank.Sor.fasta
* Read 0 ALT contigs
* Reading reference genome..
* Binary seq file = reference.genbank.Sor.fasta.0123
* Reference genome size: 2685325284 bp
* Done reading reference genome !!

------------------------------------------
1. Memory pre-allocation for Chaining: 5679.4903 MB
2. Memory pre-allocation for BSW: 9584.6810 MB
[M::memoryAllocLearned::MEME] Reading Learned-index models into memory
[Learned-Config] MODE:3 SEARCH_METHOD: 1 MEM_TRADEOFF:1 EXPONENTIAL_SMEMSEARCH: 1 DEBUG_MODE:0 Num 2nd Models:268435456 PWL Bits Used:28
[M::memoryAllocLearned::MEME] Loading RMI model and Pac reference file took 18.209 sec
[M::memoryAllocLearned::MEME] Reading suffix array into memory
[M::memoryAllocLearned::MEME] Loading pos_packed file took 26.419 sec
[M::memoryAllocLearned::MEME] Generating SA, 64-bit Suffix and ISA in memory
[M::memoryAllocLearned::MEME] Runtime-build-index took 32.778 sec
3. Memory pre-allocation for BWT: 14070.0171 MB
------------------------------------------
* Threads used (compute): 40
* No. of pipeline threads: 2

[0000] read_chunk: 400000000, work_chunk_size: 400000137, nseq: 3576794
	[0000][ M::kt_pipeline] read 3576794 sequences (400000137 bp)...
[0000] Reallocating initial memory allocations!!
[0000] Calling mem_process_seqs.., task: 0
[0000] 1. Calling kt_for - worker_bwt
[0000] read_chunk: 400000000, work_chunk_size: 400000005, nseq: 3572266
[0000] 2. Calling kt_for - worker_aln
	[0000][ M::kt_pipeline] read 3572266 sequences (400000005 bp)...
[0000] Inferring insert size distribution of PE reads from data, l_pac: 1342662642, n: 3576794
[0000][PE] # candidate unique pairs for (FF, FR, RF, RR): (27, 1300416, 27, 24)
[0000][PE] analyzing insert size distribution for orientation FF...
[0000][PE] (25, 50, 75) percentile: (53, 82, 135)
[0000][PE] low and high boundaries for computing mean and std.dev: (1, 299)
[0000][PE] mean and std.dev: (92.72, 51.49)
[0000][PE] low and high boundaries for proper pairs: (1, 381)
[0000][PE] analyzing insert size distribution for orientation FR...
[0000][PE] (25, 50, 75) percentile: (83, 116, 158)
[0000][PE] low and high boundaries for computing mean and std.dev: (1, 308)
[0000][PE] mean and std.dev: (124.40, 54.16)
[0000][PE] low and high boundaries for proper pairs: (1, 383)
[0000][PE] analyzing insert size distribution for orientation RF...
[0000][PE] (25, 50, 75) percentile: (76, 177, 504)
[0000][PE] low and high boundaries for computing mean and std.dev: (1, 1360)
[0000][PE] mean and std.dev: (282.88, 298.54)
[0000][PE] low and high boundaries for proper pairs: (1, 1788)
[0000][PE] analyzing insert size distribution for orientation RR...
[0000][PE] (25, 50, 75) percentile: (55, 87, 175)
[0000][PE] low and high boundaries for computing mean and std.dev: (1, 415)
[0000][PE] mean and std.dev: (104.96, 86.58)
[0000][PE] low and high boundaries for proper pairs: (1, 535)
[0000][PE] skip orientation FF
[0000][PE] skip orientation RF
[0000][PE] skip orientation RR
[0000] 3. Calling kt_for - worker_sam
	[0000][ M::mem_process_seqs] Processed 3576794 reads in 374.965 CPU sec, 10.204 real sec
[0000] Calling mem_process_seqs.., task: 1
[0000] 1. Calling kt_for - worker_bwt
[0000] 2. Calling kt_for - worker_aln
[0000] Inferring insert size distribution of PE reads from data, l_pac: 1342662642, n: 3572266
[0000][PE] # candidate unique pairs for (FF, FR, RF, RR): (30, 1295088, 14, 24)
[0000][PE] analyzing insert size distribution for orientation FF...
[0000][PE] (25, 50, 75) percentile: (41, 72, 101)
[0000][PE] low and high boundaries for computing mean and std.dev: (1, 221)
[0000][PE] mean and std.dev: (74.76, 45.12)
[0000][PE] low and high boundaries for proper pairs: (1, 281)
[0000][PE] analyzing insert size distribution for orientation FR...
[0000][PE] (25, 50, 75) percentile: (83, 117, 159)
[0000][PE] low and high boundaries for computing mean and std.dev: (1, 311)
[0000][PE] mean and std.dev: (124.67, 54.39)
[0000][PE] low and high boundaries for proper pairs: (1, 387)
[0000][PE] analyzing insert size distribution for orientation RF...
[0000][PE] (25, 50, 75) percentile: (142, 196, 407)
[0000][PE] low and high boundaries for computing mean and std.dev: (1, 937)
[0000][PE] mean and std.dev: (328.57, 279.88)
[0000][PE] low and high boundaries for proper pairs: (1, 1448)
[0000][PE] analyzing insert size distribution for orientation RR...
[0000][PE] (25, 50, 75) percentile: (61, 92, 197)
[0000][PE] low and high boundaries for computing mean and std.dev: (1, 469)
[0000][PE] mean and std.dev: (120.83, 102.42)
[0000][PE] low and high boundaries for proper pairs: (1, 605)
[0000][PE] skip orientation FF
[0000][PE] skip orientation RF
[0000][PE] skip orientation RR
[0000] 3. Calling kt_for - worker_sam
	[0000][ M::mem_process_seqs] Processed 3572266 reads in 392.458 CPU sec, 10.813 real sec
[0000] read_chunk: 400000000, work_chunk_size: 355746697, nseq: 3181342
	[0000][ M::kt_pipeline] read 3181342 sequences (355746697 bp)...
[0000] Calling mem_process_seqs.., task: 2
[0000] 1. Calling kt_for - worker_bwt
[0000] read_chunk: 400000000, work_chunk_size: 0, nseq: 0
[0000] 2. Calling kt_for - worker_aln
[0000] Inferring insert size distribution of PE reads from data, l_pac: 1342662642, n: 3181342
[0000][PE] # candidate unique pairs for (FF, FR, RF, RR): (21, 1157495, 18, 23)
[0000][PE] analyzing insert size distribution for orientation FF...
[0000][PE] (25, 50, 75) percentile: (48, 101, 166)
[0000][PE] low and high boundaries for computing mean and std.dev: (1, 402)
[0000][PE] mean and std.dev: (104.48, 64.94)
[0000][PE] low and high boundaries for proper pairs: (1, 520)
[0000][PE] analyzing insert size distribution for orientation FR...
[0000][PE] (25, 50, 75) percentile: (83, 116, 159)
[0000][PE] low and high boundaries for computing mean and std.dev: (1, 311)
[0000][PE] mean and std.dev: (124.51, 54.35)
[0000][PE] low and high boundaries for proper pairs: (1, 387)
[0000][PE] analyzing insert size distribution for orientation RF...
[0000][PE] (25, 50, 75) percentile: (65, 212, 645)
[0000][PE] low and high boundaries for computing mean and std.dev: (1, 1805)
[0000][PE] mean and std.dev: (241.33, 252.80)
[0000][PE] low and high boundaries for proper pairs: (1, 2385)
[0000][PE] analyzing insert size distribution for orientation RR...
[0000][PE] (25, 50, 75) percentile: (27, 66, 125)
[0000][PE] low and high boundaries for computing mean and std.dev: (1, 321)
[0000][PE] mean and std.dev: (66.52, 50.98)
[0000][PE] low and high boundaries for proper pairs: (1, 419)
[0000][PE] skip orientation FF
[0000][PE] skip orientation RF
[0000][PE] skip orientation RR
[0000] 3. Calling kt_for - worker_sam
	[0000][ M::mem_process_seqs] Processed 3181342 reads in 338.363 CPU sec, 9.441 real sec
[0000] read_chunk: 400000000, work_chunk_size: 0, nseq: 0
[0000] Computation ends..
No. of OMP threads: 40
Processor is running @2394.712376 MHz
Runtime profile:

	Time taken for main_mem function: 121.19 sec

	IO times (sec) :
	Reading IO time (reads) avg: 29.08, (29.08, 29.08)
	Writing IO time (SAM) avg: 9.55, (9.55, 9.55)
	Reading IO time (Reference Genome) avg: 2.78, (2.78, 2.78)
	Index read time avg: 0.52, (0.52, 0.52)

	Overall time (sec) (Excluding Index reading time):
	PROCESS() (Total compute time + (read + SAM) IO time) : 117.88
	MEM_PROCESS_SEQ() (Total compute time (Kernel + SAM)), avg: 30.45, (30.45, 30.45)

	 SAM Processing time (sec):
	--WORKER_SAM avg: 7.46, (7.46, 7.46)

	Kernels' compute time (sec):
	Total kernel (smem+sal+bsw) time avg: 21.88, (21.88, 21.88)
		MEM_ALN_CHAIN_FLT avg: 0.00, (0.00, 0.00)
		MEM_ALN_CHAIN_SEED avg: 0.00, (0.00, 0.00)
		ERT_SEED_CHAIN avg: 0.00, (0.00, 0.00)
	LEARNED_SEED_CHAIN avg: 9.16, (9.26, 9.06)
		SMEM compute avg: 0.00, (0.00, 0.00)
		SAL compute avg: 0.00, (0.00, 0.00)
				MEM_SA avg: 0.00, (0.00, 0.00)

		BSW time, avg: 11.68, (11.84, 11.55)

Important parameter settings: 
	BATCH_SIZE: 512
	MAX_SEQ_LEN_REF: 256
	MAX_SEQ_LEN_QER: 128
	MAX_SEQ_LEN8: 128
	SEEDS_PER_READ: 500
	SIMD_WIDTH8 X: 64
	SIMD_WIDTH16 X: 32
	AVG_SEEDS_PER_READ: 64
