Looking to launch executable "/opt/conda/bin/bwa-meme_mode3.avx512bw", simd = _mode3.avx512bw
Launching executable "/opt/conda/bin/bwa-meme_mode3.avx512bw"
-----------------------------
Executing in AVX512 mode!!
-----------------------------
* SA compression enabled with xfactor: 8
* Ref file: reference.genbank.Sor.fasta
* Entering FMI_search
Reading other elements of the index from files reference.genbank.Sor.fasta
* Index prefix: reference.genbank.Sor.fasta
* Read 0 ALT contigs
* Reading reference genome..
* Binary seq file = reference.genbank.Sor.fasta.0123
* Reference genome size: 2685325284 bp
* Done reading reference genome !!

------------------------------------------
1. Memory pre-allocation for Chaining: 5679.4903 MB
2. Memory pre-allocation for BSW: 9584.6810 MB
[M::memoryAllocLearned::MEME] Reading Learned-index models into memory
[Learned-Config] MODE:3 SEARCH_METHOD: 1 MEM_TRADEOFF:1 EXPONENTIAL_SMEMSEARCH: 1 DEBUG_MODE:0 Num 2nd Models:268435456 PWL Bits Used:28
[M::memoryAllocLearned::MEME] Loading RMI model and Pac reference file took 16.010 sec
[M::memoryAllocLearned::MEME] Reading suffix array into memory
[M::memoryAllocLearned::MEME] Loading pos_packed file took 25.751 sec
[M::memoryAllocLearned::MEME] Generating SA, 64-bit Suffix and ISA in memory
[M::memoryAllocLearned::MEME] Runtime-build-index took 29.874 sec
3. Memory pre-allocation for BWT: 14070.0171 MB
------------------------------------------
* Threads used (compute): 40
* No. of pipeline threads: 2

[0000] read_chunk: 400000000, work_chunk_size: 400000267, nseq: 3730344
	[0000][ M::kt_pipeline] read 3730344 sequences (400000267 bp)...
[0000] Reallocating initial memory allocations!!
[0000] Calling mem_process_seqs.., task: 0
[0000] 1. Calling kt_for - worker_bwt
[0000] 2. Calling kt_for - worker_aln
[0000] Inferring insert size distribution of PE reads from data, l_pac: 1342662642, n: 3730344
[0000][PE] # candidate unique pairs for (FF, FR, RF, RR): (44, 1350809, 26, 43)
[0000][PE] analyzing insert size distribution for orientation FF...
[0000][PE] (25, 50, 75) percentile: (102, 153, 211)
[0000][PE] low and high boundaries for computing mean and std.dev: (1, 429)
[0000][PE] mean and std.dev: (140.74, 82.24)
[0000][PE] low and high boundaries for proper pairs: (1, 538)
[0000][PE] analyzing insert size distribution for orientation FR...
[0000][PE] (25, 50, 75) percentile: (73, 111, 161)
[0000][PE] low and high boundaries for computing mean and std.dev: (1, 337)
[0000][PE] mean and std.dev: (122.16, 61.98)
[0000][PE] low and high boundaries for proper pairs: (1, 425)
[0000][PE] analyzing insert size distribution for orientation RF...
[0000][PE] (25, 50, 75) percentile: (133, 254, 722)
[0000][PE] low and high boundaries for computing mean and std.dev: (1, 1900)
[0000][PE] mean and std.dev: (281.00, 247.68)
[0000][PE] low and high boundaries for proper pairs: (1, 2489)
[0000][PE] analyzing insert size distribution for orientation RR...
[0000][PE] (25, 50, 75) percentile: (78, 155, 282)
[0000][PE] low and high boundaries for computing mean and std.dev: (1, 690)
[0000][PE] mean and std.dev: (200.07, 168.33)
[0000][PE] low and high boundaries for proper pairs: (1, 894)
[0000][PE] skip orientation FF
[0000][PE] skip orientation RF
[0000][PE] skip orientation RR
[0000] 3. Calling kt_for - worker_sam
[0000] read_chunk: 400000000, work_chunk_size: 400000191, nseq: 3733662
	[0000][ M::kt_pipeline] read 3733662 sequences (400000191 bp)...
	[0000][ M::mem_process_seqs] Processed 3730344 reads in 400.425 CPU sec, 10.783 real sec
[0000] Reallocating initial memory allocations!!
[0000] Calling mem_process_seqs.., task: 1
[0000] 1. Calling kt_for - worker_bwt
[0000] 2. Calling kt_for - worker_aln
[0000] Inferring insert size distribution of PE reads from data, l_pac: 1342662642, n: 3733662
[0000][PE] # candidate unique pairs for (FF, FR, RF, RR): (46, 1355867, 14, 40)
[0000][PE] analyzing insert size distribution for orientation FF...
[0000][PE] (25, 50, 75) percentile: (84, 154, 316)
[0000][PE] low and high boundaries for computing mean and std.dev: (1, 780)
[0000][PE] mean and std.dev: (140.72, 102.86)
[0000][PE] low and high boundaries for proper pairs: (1, 1012)
[0000][PE] analyzing insert size distribution for orientation FR...
[0000][PE] (25, 50, 75) percentile: (73, 111, 161)
[0000][PE] low and high boundaries for computing mean and std.dev: (1, 337)
[0000][PE] mean and std.dev: (122.00, 61.99)
[0000][PE] low and high boundaries for proper pairs: (1, 425)
[0000][PE] analyzing insert size distribution for orientation RF...
[0000][PE] (25, 50, 75) percentile: (109, 280, 401)
[0000][PE] low and high boundaries for computing mean and std.dev: (1, 985)
[0000][PE] mean and std.dev: (283.62, 233.90)
[0000][PE] low and high boundaries for proper pairs: (1, 1277)
[0000][PE] analyzing insert size distribution for orientation RR...
[0000][PE] (25, 50, 75) percentile: (42, 115, 197)
[0000][PE] low and high boundaries for computing mean and std.dev: (1, 507)
[0000][PE] mean and std.dev: (136.28, 105.20)
[0000][PE] low and high boundaries for proper pairs: (1, 662)
[0000][PE] skip orientation FF
[0000][PE] skip orientation RF
[0000][PE] skip orientation RR
[0000] 3. Calling kt_for - worker_sam
	[0000][ M::mem_process_seqs] Processed 3733662 reads in 407.649 CPU sec, 10.996 real sec
[0000] read_chunk: 400000000, work_chunk_size: 400000044, nseq: 3719130
	[0000][ M::kt_pipeline] read 3719130 sequences (400000044 bp)...
[0000] Calling mem_process_seqs.., task: 2
[0000] 1. Calling kt_for - worker_bwt
[0000] 2. Calling kt_for - worker_aln
[0000] Inferring insert size distribution of PE reads from data, l_pac: 1342662642, n: 3719130
[0000][PE] # candidate unique pairs for (FF, FR, RF, RR): (36, 1339257, 26, 45)
[0000][PE] analyzing insert size distribution for orientation FF...
[0000][PE] (25, 50, 75) percentile: (66, 142, 197)
[0000][PE] low and high boundaries for computing mean and std.dev: (1, 459)
[0000][PE] mean and std.dev: (127.41, 80.01)
[0000][PE] low and high boundaries for proper pairs: (1, 590)
[0000][PE] analyzing insert size distribution for orientation FR...
[0000][PE] (25, 50, 75) percentile: (73, 111, 161)
[0000][PE] low and high boundaries for computing mean and std.dev: (1, 337)
[0000][PE] mean and std.dev: (122.19, 61.96)
[0000][PE] low and high boundaries for proper pairs: (1, 425)
[0000][PE] analyzing insert size distribution for orientation RF...
[0000][PE] (25, 50, 75) percentile: (70, 254, 659)
[0000][PE] low and high boundaries for computing mean and std.dev: (1, 1837)
[0000][PE] mean and std.dev: (348.04, 355.16)
[0000][PE] low and high boundaries for proper pairs: (1, 2426)
[0000][PE] analyzing insert size distribution for orientation RR...
[0000][PE] (25, 50, 75) percentile: (85, 124, 190)
[0000][PE] low and high boundaries for computing mean and std.dev: (1, 400)
[0000][PE] mean and std.dev: (128.38, 72.17)
[0000][PE] low and high boundaries for proper pairs: (1, 505)
[0000][PE] skip orientation FF
[0000][PE] skip orientation RF
[0000][PE] skip orientation RR
[0000] 3. Calling kt_for - worker_sam
	[0000][ M::mem_process_seqs] Processed 3719130 reads in 436.434 CPU sec, 12.235 real sec
[0000] read_chunk: 400000000, work_chunk_size: 400000280, nseq: 3734150
	[0000][ M::kt_pipeline] read 3734150 sequences (400000280 bp)...
[0000] Reallocating initial memory allocations!!
[0000] Calling mem_process_seqs.., task: 3
[0000] 1. Calling kt_for - worker_bwt
[0000] 2. Calling kt_for - worker_aln
[0000] Inferring insert size distribution of PE reads from data, l_pac: 1342662642, n: 3734150
[0000][PE] # candidate unique pairs for (FF, FR, RF, RR): (47, 1357452, 23, 34)
[0000][PE] analyzing insert size distribution for orientation FF...
[0000][PE] (25, 50, 75) percentile: (96, 131, 216)
[0000][PE] low and high boundaries for computing mean and std.dev: (1, 456)
[0000][PE] mean and std.dev: (135.52, 74.18)
[0000][PE] low and high boundaries for proper pairs: (1, 576)
[0000][PE] analyzing insert size distribution for orientation FR...
[0000][PE] (25, 50, 75) percentile: (73, 111, 161)
[0000][PE] low and high boundaries for computing mean and std.dev: (1, 337)
[0000][PE] mean and std.dev: (122.08, 61.95)
[0000][PE] low and high boundaries for proper pairs: (1, 425)
[0000][PE] analyzing insert size distribution for orientation RF...
[0000][PE] (25, 50, 75) percentile: (141, 381, 881)
[0000][PE] low and high boundaries for computing mean and std.dev: (1, 2361)
[0000][PE] mean and std.dev: (459.68, 377.67)
[0000][PE] low and high boundaries for proper pairs: (1, 3101)
[0000][PE] analyzing insert size distribution for orientation RR...
[0000][PE] (25, 50, 75) percentile: (81, 134, 314)
[0000][PE] low and high boundaries for computing mean and std.dev: (1, 780)
[0000][PE] mean and std.dev: (171.94, 158.06)
[0000][PE] low and high boundaries for proper pairs: (1, 1013)
[0000][PE] skip orientation FF
[0000][PE] skip orientation RF
[0000][PE] skip orientation RR
[0000] 3. Calling kt_for - worker_sam
[0000] read_chunk: 400000000, work_chunk_size: 400000280, nseq: 3729298
	[0000][ M::kt_pipeline] read 3729298 sequences (400000280 bp)...
	[0000][ M::mem_process_seqs] Processed 3734150 reads in 401.667 CPU sec, 10.863 real sec
[0000] Calling mem_process_seqs.., task: 4
[0000] 1. Calling kt_for - worker_bwt
[0000] 2. Calling kt_for - worker_aln
[0000] Inferring insert size distribution of PE reads from data, l_pac: 1342662642, n: 3729298
[0000][PE] # candidate unique pairs for (FF, FR, RF, RR): (49, 1353559, 17, 48)
[0000][PE] analyzing insert size distribution for orientation FF...
[0000][PE] (25, 50, 75) percentile: (66, 120, 220)
[0000][PE] low and high boundaries for computing mean and std.dev: (1, 528)
[0000][PE] mean and std.dev: (137.89, 96.30)
[0000][PE] low and high boundaries for proper pairs: (1, 682)
[0000][PE] analyzing insert size distribution for orientation FR...
[0000][PE] (25, 50, 75) percentile: (73, 111, 161)
[0000][PE] low and high boundaries for computing mean and std.dev: (1, 337)
[0000][PE] mean and std.dev: (122.14, 62.03)
[0000][PE] low and high boundaries for proper pairs: (1, 425)
[0000][PE] analyzing insert size distribution for orientation RF...
[0000][PE] (25, 50, 75) percentile: (75, 196, 717)
[0000][PE] low and high boundaries for computing mean and std.dev: (1, 2001)
[0000][PE] mean and std.dev: (296.31, 298.03)
[0000][PE] low and high boundaries for proper pairs: (1, 2643)
[0000][PE] analyzing insert size distribution for orientation RR...
[0000][PE] (25, 50, 75) percentile: (64, 107, 180)
[0000][PE] low and high boundaries for computing mean and std.dev: (1, 412)
[0000][PE] mean and std.dev: (102.24, 63.34)
[0000][PE] low and high boundaries for proper pairs: (1, 528)
[0000][PE] skip orientation FF
[0000][PE] skip orientation RF
[0000][PE] skip orientation RR
[0000] 3. Calling kt_for - worker_sam
	[0000][ M::mem_process_seqs] Processed 3729298 reads in 414.274 CPU sec, 11.350 real sec
[0000] read_chunk: 400000000, work_chunk_size: 280512311, nseq: 2615906
	[0000][ M::kt_pipeline] read 2615906 sequences (280512311 bp)...
[0000] Calling mem_process_seqs.., task: 5
[0000] 1. Calling kt_for - worker_bwt
[0000] read_chunk: 400000000, work_chunk_size: 0, nseq: 0
[0000] 2. Calling kt_for - worker_aln
[0000] Inferring insert size distribution of PE reads from data, l_pac: 1342662642, n: 2615906
[0000][PE] # candidate unique pairs for (FF, FR, RF, RR): (39, 949394, 15, 31)
[0000][PE] analyzing insert size distribution for orientation FF...
[0000][PE] (25, 50, 75) percentile: (72, 108, 264)
[0000][PE] low and high boundaries for computing mean and std.dev: (1, 648)
[0000][PE] mean and std.dev: (160.00, 150.85)
[0000][PE] low and high boundaries for proper pairs: (1, 840)
[0000][PE] analyzing insert size distribution for orientation FR...
[0000][PE] (25, 50, 75) percentile: (73, 111, 161)
[0000][PE] low and high boundaries for computing mean and std.dev: (1, 337)
[0000][PE] mean and std.dev: (122.13, 61.97)
[0000][PE] low and high boundaries for proper pairs: (1, 425)
[0000][PE] analyzing insert size distribution for orientation RF...
[0000][PE] (25, 50, 75) percentile: (73, 283, 592)
[0000][PE] low and high boundaries for computing mean and std.dev: (1, 1630)
[0000][PE] mean and std.dev: (338.87, 265.39)
[0000][PE] low and high boundaries for proper pairs: (1, 2149)
[0000][PE] analyzing insert size distribution for orientation RR...
[0000][PE] (25, 50, 75) percentile: (65, 123, 227)
[0000][PE] low and high boundaries for computing mean and std.dev: (1, 551)
[0000][PE] mean and std.dev: (139.90, 109.51)
[0000][PE] low and high boundaries for proper pairs: (1, 713)
[0000][PE] skip orientation FF
[0000][PE] skip orientation RF
[0000][PE] skip orientation RR
[0000] 3. Calling kt_for - worker_sam
	[0000][ M::mem_process_seqs] Processed 2615906 reads in 286.310 CPU sec, 8.165 real sec
[0000] read_chunk: 400000000, work_chunk_size: 0, nseq: 0
[0000] Computation ends..
No. of OMP threads: 40
Processor is running @2394.707448 MHz
Runtime profile:

	Time taken for main_mem function: 153.22 sec

	IO times (sec) :
	Reading IO time (reads) avg: 60.40, (60.40, 60.40)
	Writing IO time (SAM) avg: 19.19, (19.19, 19.19)
	Reading IO time (Reference Genome) avg: 2.16, (2.16, 2.16)
	Index read time avg: 0.28, (0.28, 0.28)

	Overall time (sec) (Excluding Index reading time):
	PROCESS() (Total compute time + (read + SAM) IO time) : 150.75
	MEM_PROCESS_SEQ() (Total compute time (Kernel + SAM)), avg: 64.38, (64.38, 64.38)

	 SAM Processing time (sec):
	--WORKER_SAM avg: 16.95, (16.95, 16.95)

	Kernels' compute time (sec):
	Total kernel (smem+sal+bsw) time avg: 45.15, (45.15, 45.15)
		MEM_ALN_CHAIN_FLT avg: 0.00, (0.00, 0.00)
		MEM_ALN_CHAIN_SEED avg: 0.00, (0.00, 0.00)
		ERT_SEED_CHAIN avg: 0.00, (0.00, 0.00)
	LEARNED_SEED_CHAIN avg: 19.93, (20.16, 19.73)
		SMEM compute avg: 0.00, (0.00, 0.00)
		SAL compute avg: 0.00, (0.00, 0.00)
				MEM_SA avg: 0.00, (0.00, 0.00)

		BSW time, avg: 23.09, (23.27, 22.95)

Important parameter settings: 
	BATCH_SIZE: 512
	MAX_SEQ_LEN_REF: 256
	MAX_SEQ_LEN_QER: 128
	MAX_SEQ_LEN8: 128
	SEEDS_PER_READ: 500
	SIMD_WIDTH8 X: 64
	SIMD_WIDTH16 X: 32
	AVG_SEEDS_PER_READ: 64
