Looking to launch executable "/opt/conda/bin/bwa-meme_mode3.avx512bw", simd = _mode3.avx512bw
Launching executable "/opt/conda/bin/bwa-meme_mode3.avx512bw"
-----------------------------
Executing in AVX512 mode!!
-----------------------------
* SA compression enabled with xfactor: 8
* Ref file: reference.genbank.Sor.fasta
* Entering FMI_search
Reading other elements of the index from files reference.genbank.Sor.fasta
* Index prefix: reference.genbank.Sor.fasta
* Read 0 ALT contigs
* Reading reference genome..
* Binary seq file = reference.genbank.Sor.fasta.0123
* Reference genome size: 2685325284 bp
* Done reading reference genome !!

------------------------------------------
1. Memory pre-allocation for Chaining: 5679.4903 MB
2. Memory pre-allocation for BSW: 9584.6810 MB
[M::memoryAllocLearned::MEME] Reading Learned-index models into memory
[Learned-Config] MODE:3 SEARCH_METHOD: 1 MEM_TRADEOFF:1 EXPONENTIAL_SMEMSEARCH: 1 DEBUG_MODE:0 Num 2nd Models:268435456 PWL Bits Used:28
[M::memoryAllocLearned::MEME] Loading RMI model and Pac reference file took 17.945 sec
[M::memoryAllocLearned::MEME] Reading suffix array into memory
[M::memoryAllocLearned::MEME] Loading pos_packed file took 25.972 sec
[M::memoryAllocLearned::MEME] Generating SA, 64-bit Suffix and ISA in memory
[M::memoryAllocLearned::MEME] Runtime-build-index took 30.616 sec
3. Memory pre-allocation for BWT: 14070.0171 MB
------------------------------------------
* Threads used (compute): 40
* No. of pipeline threads: 2

[0000] read_chunk: 400000000, work_chunk_size: 400000103, nseq: 3504754
	[0000][ M::kt_pipeline] read 3504754 sequences (400000103 bp)...
[0000] Reallocating initial memory allocations!!
[0000] Calling mem_process_seqs.., task: 0
[0000] 1. Calling kt_for - worker_bwt
[0000] 2. Calling kt_for - worker_aln
[0000] read_chunk: 400000000, work_chunk_size: 400000184, nseq: 3502492
	[0000][ M::kt_pipeline] read 3502492 sequences (400000184 bp)...
[0000] Inferring insert size distribution of PE reads from data, l_pac: 1342662642, n: 3504754
[0000][PE] # candidate unique pairs for (FF, FR, RF, RR): (26, 1263906, 24, 27)
[0000][PE] analyzing insert size distribution for orientation FF...
[0000][PE] (25, 50, 75) percentile: (44, 72, 157)
[0000][PE] low and high boundaries for computing mean and std.dev: (1, 383)
[0000][PE] mean and std.dev: (84.35, 59.81)
[0000][PE] low and high boundaries for proper pairs: (1, 496)
[0000][PE] analyzing insert size distribution for orientation FR...
[0000][PE] (25, 50, 75) percentile: (84, 123, 171)
[0000][PE] low and high boundaries for computing mean and std.dev: (1, 345)
[0000][PE] mean and std.dev: (132.41, 62.84)
[0000][PE] low and high boundaries for proper pairs: (1, 432)
[0000][PE] analyzing insert size distribution for orientation RF...
[0000][PE] (25, 50, 75) percentile: (75, 225, 400)
[0000][PE] low and high boundaries for computing mean and std.dev: (1, 1050)
[0000][PE] mean and std.dev: (268.22, 249.88)
[0000][PE] low and high boundaries for proper pairs: (1, 1375)
[0000][PE] analyzing insert size distribution for orientation RR...
[0000][PE] (25, 50, 75) percentile: (65, 116, 151)
[0000][PE] low and high boundaries for computing mean and std.dev: (1, 323)
[0000][PE] mean and std.dev: (96.96, 52.60)
[0000][PE] low and high boundaries for proper pairs: (1, 409)
[0000][PE] skip orientation FF
[0000][PE] skip orientation RF
[0000][PE] skip orientation RR
[0000] 3. Calling kt_for - worker_sam
	[0000][ M::mem_process_seqs] Processed 3504754 reads in 372.126 CPU sec, 9.989 real sec
[0000] Calling mem_process_seqs.., task: 1
[0000] 1. Calling kt_for - worker_bwt
[0000] 2. Calling kt_for - worker_aln
[0000] Inferring insert size distribution of PE reads from data, l_pac: 1342662642, n: 3502492
[0000][PE] # candidate unique pairs for (FF, FR, RF, RR): (24, 1260763, 14, 16)
[0000][PE] analyzing insert size distribution for orientation FF...
[0000][PE] (25, 50, 75) percentile: (42, 78, 92)
[0000][PE] low and high boundaries for computing mean and std.dev: (1, 192)
[0000][PE] mean and std.dev: (66.55, 41.30)
[0000][PE] low and high boundaries for proper pairs: (1, 242)
[0000][PE] analyzing insert size distribution for orientation FR...
[0000][PE] (25, 50, 75) percentile: (84, 123, 171)
[0000][PE] low and high boundaries for computing mean and std.dev: (1, 345)
[0000][PE] mean and std.dev: (132.44, 62.78)
[0000][PE] low and high boundaries for proper pairs: (1, 432)
[0000][PE] analyzing insert size distribution for orientation RF...
[0000][PE] (25, 50, 75) percentile: (453, 572, 1176)
[0000][PE] low and high boundaries for computing mean and std.dev: (1, 2622)
[0000][PE] mean and std.dev: (583.83, 407.70)
[0000][PE] low and high boundaries for proper pairs: (1, 3345)
[0000][PE] analyzing insert size distribution for orientation RR...
[0000][PE] (25, 50, 75) percentile: (58, 97, 150)
[0000][PE] low and high boundaries for computing mean and std.dev: (1, 334)
[0000][PE] mean and std.dev: (88.93, 48.63)
[0000][PE] low and high boundaries for proper pairs: (1, 426)
[0000][PE] skip orientation FF
[0000][PE] skip orientation RF
[0000][PE] skip orientation RR
[0000] 3. Calling kt_for - worker_sam
	[0000][ M::mem_process_seqs] Processed 3502492 reads in 387.622 CPU sec, 10.689 real sec
[0000] read_chunk: 400000000, work_chunk_size: 400000203, nseq: 3505562
	[0000][ M::kt_pipeline] read 3505562 sequences (400000203 bp)...
[0000] Reallocating initial memory allocations!!
[0000] Calling mem_process_seqs.., task: 2
[0000] 1. Calling kt_for - worker_bwt
[0000] 2. Calling kt_for - worker_aln
[0000] read_chunk: 400000000, work_chunk_size: 208679500, nseq: 1828556
	[0000][ M::kt_pipeline] read 1828556 sequences (208679500 bp)...
[0000] Inferring insert size distribution of PE reads from data, l_pac: 1342662642, n: 3505562
[0000][PE] # candidate unique pairs for (FF, FR, RF, RR): (21, 1268644, 23, 13)
[0000][PE] analyzing insert size distribution for orientation FF...
[0000][PE] (25, 50, 75) percentile: (25, 65, 274)
[0000][PE] low and high boundaries for computing mean and std.dev: (1, 772)
[0000][PE] mean and std.dev: (107.74, 105.81)
[0000][PE] low and high boundaries for proper pairs: (1, 1021)
[0000][PE] analyzing insert size distribution for orientation FR...
[0000][PE] (25, 50, 75) percentile: (84, 123, 172)
[0000][PE] low and high boundaries for computing mean and std.dev: (1, 348)
[0000][PE] mean and std.dev: (132.67, 63.09)
[0000][PE] low and high boundaries for proper pairs: (1, 436)
[0000][PE] analyzing insert size distribution for orientation RF...
[0000][PE] (25, 50, 75) percentile: (107, 178, 440)
[0000][PE] low and high boundaries for computing mean and std.dev: (1, 1106)
[0000][PE] mean and std.dev: (242.62, 230.84)
[0000][PE] low and high boundaries for proper pairs: (1, 1439)
[0000][PE] analyzing insert size distribution for orientation RR...
[0000][PE] (25, 50, 75) percentile: (54, 134, 353)
[0000][PE] low and high boundaries for computing mean and std.dev: (1, 951)
[0000][PE] mean and std.dev: (170.85, 142.97)
[0000][PE] low and high boundaries for proper pairs: (1, 1250)
[0000][PE] skip orientation FF
[0000][PE] skip orientation RF
[0000][PE] skip orientation RR
[0000] 3. Calling kt_for - worker_sam
	[0000][ M::mem_process_seqs] Processed 3505562 reads in 371.802 CPU sec, 10.063 real sec
[0000] Calling mem_process_seqs.., task: 3
[0000] 1. Calling kt_for - worker_bwt
[0000] 2. Calling kt_for - worker_aln
[0000] read_chunk: 400000000, work_chunk_size: 0, nseq: 0
[0000] Inferring insert size distribution of PE reads from data, l_pac: 1342662642, n: 1828556
[0000][PE] # candidate unique pairs for (FF, FR, RF, RR): (19, 660132, 7, 11)
[0000][PE] analyzing insert size distribution for orientation FF...
[0000][PE] (25, 50, 75) percentile: (27, 52, 106)
[0000][PE] low and high boundaries for computing mean and std.dev: (1, 264)
[0000][PE] mean and std.dev: (73.72, 64.65)
[0000][PE] low and high boundaries for proper pairs: (1, 343)
[0000][PE] analyzing insert size distribution for orientation FR...
[0000][PE] (25, 50, 75) percentile: (84, 123, 171)
[0000][PE] low and high boundaries for computing mean and std.dev: (1, 345)
[0000][PE] mean and std.dev: (132.41, 62.74)
[0000][PE] low and high boundaries for proper pairs: (1, 432)
[0000][PE] skip orientation RF as there are not enough pairs
[0000][PE] analyzing insert size distribution for orientation RR...
[0000][PE] (25, 50, 75) percentile: (143, 177, 232)
[0000][PE] low and high boundaries for computing mean and std.dev: (1, 410)
[0000][PE] mean and std.dev: (159.30, 67.62)
[0000][PE] low and high boundaries for proper pairs: (1, 499)
[0000][PE] skip orientation FF
[0000][PE] skip orientation RR
[0000] 3. Calling kt_for - worker_sam
	[0000][ M::mem_process_seqs] Processed 1828556 reads in 196.625 CPU sec, 5.844 real sec
[0000] read_chunk: 400000000, work_chunk_size: 0, nseq: 0
[0000] Computation ends..
No. of OMP threads: 40
Processor is running @2394.716156 MHz
Runtime profile:

	Time taken for main_mem function: 124.39 sec

	IO times (sec) :
	Reading IO time (reads) avg: 34.11, (34.11, 34.11)
	Writing IO time (SAM) avg: 12.16, (12.16, 12.16)
	Reading IO time (Reference Genome) avg: 2.00, (2.00, 2.00)
	Index read time avg: 0.27, (0.27, 0.27)

	Overall time (sec) (Excluding Index reading time):
	PROCESS() (Total compute time + (read + SAM) IO time) : 122.10
	MEM_PROCESS_SEQ() (Total compute time (Kernel + SAM)), avg: 36.58, (36.58, 36.58)

	 SAM Processing time (sec):
	--WORKER_SAM avg: 9.52, (9.52, 9.52)

	Kernels' compute time (sec):
	Total kernel (smem+sal+bsw) time avg: 25.77, (25.77, 25.77)
		MEM_ALN_CHAIN_FLT avg: 0.00, (0.00, 0.00)
		MEM_ALN_CHAIN_SEED avg: 0.00, (0.00, 0.00)
		ERT_SEED_CHAIN avg: 0.00, (0.00, 0.00)
	LEARNED_SEED_CHAIN avg: 10.78, (10.90, 10.74)
		SMEM compute avg: 0.00, (0.00, 0.00)
		SAL compute avg: 0.00, (0.00, 0.00)
				MEM_SA avg: 0.00, (0.00, 0.00)

		BSW time, avg: 13.69, (13.82, 13.49)

Important parameter settings: 
	BATCH_SIZE: 512
	MAX_SEQ_LEN_REF: 256
	MAX_SEQ_LEN_QER: 128
	MAX_SEQ_LEN8: 128
	SEEDS_PER_READ: 500
	SIMD_WIDTH8 X: 64
	SIMD_WIDTH16 X: 32
	AVG_SEEDS_PER_READ: 64
