Looking to launch executable "/opt/conda/bin/bwa-meme_mode3.avx512bw", simd = _mode3.avx512bw
Launching executable "/opt/conda/bin/bwa-meme_mode3.avx512bw"
-----------------------------
Executing in AVX512 mode!!
-----------------------------
* SA compression enabled with xfactor: 8
* Ref file: reference.genbank.Sor.fasta
* Entering FMI_search
Reading other elements of the index from files reference.genbank.Sor.fasta
* Index prefix: reference.genbank.Sor.fasta
* Read 0 ALT contigs
* Reading reference genome..
* Binary seq file = reference.genbank.Sor.fasta.0123
* Reference genome size: 2685325284 bp
* Done reading reference genome !!

------------------------------------------
1. Memory pre-allocation for Chaining: 5679.4903 MB
2. Memory pre-allocation for BSW: 9584.6810 MB
[M::memoryAllocLearned::MEME] Reading Learned-index models into memory
[Learned-Config] MODE:3 SEARCH_METHOD: 1 MEM_TRADEOFF:1 EXPONENTIAL_SMEMSEARCH: 1 DEBUG_MODE:0 Num 2nd Models:268435456 PWL Bits Used:28
[M::memoryAllocLearned::MEME] Loading RMI model and Pac reference file took 20.065 sec
[M::memoryAllocLearned::MEME] Reading suffix array into memory
[M::memoryAllocLearned::MEME] Loading pos_packed file took 31.091 sec
[M::memoryAllocLearned::MEME] Generating SA, 64-bit Suffix and ISA in memory
[M::memoryAllocLearned::MEME] Runtime-build-index took 29.348 sec
3. Memory pre-allocation for BWT: 14070.0171 MB
------------------------------------------
* Threads used (compute): 40
* No. of pipeline threads: 2

[0000] read_chunk: 400000000, work_chunk_size: 400000099, nseq: 3213084
	[0000][ M::kt_pipeline] read 3213084 sequences (400000099 bp)...
[0000] Reallocating initial memory allocations!!
[0000] Calling mem_process_seqs.., task: 0
[0000] 1. Calling kt_for - worker_bwt
[0000] 2. Calling kt_for - worker_aln
[0000] Inferring insert size distribution of PE reads from data, l_pac: 1342662642, n: 3213084
[0000][PE] # candidate unique pairs for (FF, FR, RF, RR): (15, 1155761, 41, 14)
[0000][PE] analyzing insert size distribution for orientation FF...
[0000][PE] (25, 50, 75) percentile: (96, 157, 594)
[0000][PE] low and high boundaries for computing mean and std.dev: (1, 1590)
[0000][PE] mean and std.dev: (277.29, 310.91)
[0000][PE] low and high boundaries for proper pairs: (1, 2088)
[0000][PE] analyzing insert size distribution for orientation FR...
[0000][PE] (25, 50, 75) percentile: (102, 158, 223)
[0000][PE] low and high boundaries for computing mean and std.dev: (1, 465)
[0000][PE] mean and std.dev: (170.67, 88.87)
[0000][PE] low and high boundaries for proper pairs: (1, 586)
[0000][PE] analyzing insert size distribution for orientation RF...
[0000][PE] (25, 50, 75) percentile: (150, 268, 396)
[0000][PE] low and high boundaries for computing mean and std.dev: (1, 888)
[0000][PE] mean and std.dev: (253.39, 156.93)
[0000][PE] low and high boundaries for proper pairs: (1, 1134)
[0000][PE] analyzing insert size distribution for orientation RR...
[0000][PE] (25, 50, 75) percentile: (97, 166, 283)
[0000][PE] low and high boundaries for computing mean and std.dev: (1, 655)
[0000][PE] mean and std.dev: (179.33, 145.30)
[0000][PE] low and high boundaries for proper pairs: (1, 841)
[0000][PE] skip orientation FF
[0000][PE] skip orientation RF
[0000][PE] skip orientation RR
[0000] 3. Calling kt_for - worker_sam
[0000] read_chunk: 400000000, work_chunk_size: 400000057, nseq: 3212756
	[0000][ M::kt_pipeline] read 3212756 sequences (400000057 bp)...
	[0000][ M::mem_process_seqs] Processed 3213084 reads in 408.385 CPU sec, 11.081 real sec
[0000] Calling mem_process_seqs.., task: 1
[0000] 1. Calling kt_for - worker_bwt
[0000] 2. Calling kt_for - worker_aln
[0000] Inferring insert size distribution of PE reads from data, l_pac: 1342662642, n: 3212756
[0000][PE] # candidate unique pairs for (FF, FR, RF, RR): (18, 1156694, 35, 8)
[0000][PE] analyzing insert size distribution for orientation FF...
[0000][PE] (25, 50, 75) percentile: (130, 233, 489)
[0000][PE] low and high boundaries for computing mean and std.dev: (1, 1207)
[0000][PE] mean and std.dev: (317.12, 323.07)
[0000][PE] low and high boundaries for proper pairs: (1, 1609)
[0000][PE] analyzing insert size distribution for orientation FR...
[0000][PE] (25, 50, 75) percentile: (102, 158, 223)
[0000][PE] low and high boundaries for computing mean and std.dev: (1, 465)
[0000][PE] mean and std.dev: (170.44, 88.82)
[0000][PE] low and high boundaries for proper pairs: (1, 586)
[0000][PE] analyzing insert size distribution for orientation RF...
[0000][PE] (25, 50, 75) percentile: (68, 164, 371)
[0000][PE] low and high boundaries for computing mean and std.dev: (1, 977)
[0000][PE] mean and std.dev: (249.89, 227.16)
[0000][PE] low and high boundaries for proper pairs: (1, 1280)
[0000][PE] skip orientation RR as there are not enough pairs
[0000][PE] skip orientation FF
[0000][PE] skip orientation RF
[0000] 3. Calling kt_for - worker_sam
	[0000][ M::mem_process_seqs] Processed 3212756 reads in 426.232 CPU sec, 11.728 real sec
[0000] read_chunk: 400000000, work_chunk_size: 400000140, nseq: 3215766
	[0000][ M::kt_pipeline] read 3215766 sequences (400000140 bp)...
[0000] Reallocating initial memory allocations!!
[0000] Calling mem_process_seqs.., task: 2
[0000] 1. Calling kt_for - worker_bwt
[0000] 2. Calling kt_for - worker_aln
[0000] read_chunk: 400000000, work_chunk_size: 400000190, nseq: 3207164
	[0000][ M::kt_pipeline] read 3207164 sequences (400000190 bp)...
[0000] Inferring insert size distribution of PE reads from data, l_pac: 1342662642, n: 3215766
[0000][PE] # candidate unique pairs for (FF, FR, RF, RR): (10, 1163091, 39, 17)
[0000][PE] analyzing insert size distribution for orientation FF...
[0000][PE] (25, 50, 75) percentile: (121, 195, 219)
[0000][PE] low and high boundaries for computing mean and std.dev: (1, 415)
[0000][PE] mean and std.dev: (161.00, 67.67)
[0000][PE] low and high boundaries for proper pairs: (1, 513)
[0000][PE] analyzing insert size distribution for orientation FR...
[0000][PE] (25, 50, 75) percentile: (102, 158, 222)
[0000][PE] low and high boundaries for computing mean and std.dev: (1, 462)
[0000][PE] mean and std.dev: (170.24, 88.55)
[0000][PE] low and high boundaries for proper pairs: (1, 582)
[0000][PE] analyzing insert size distribution for orientation RF...
[0000][PE] (25, 50, 75) percentile: (79, 252, 457)
[0000][PE] low and high boundaries for computing mean and std.dev: (1, 1213)
[0000][PE] mean and std.dev: (268.11, 232.49)
[0000][PE] low and high boundaries for proper pairs: (1, 1591)
[0000][PE] analyzing insert size distribution for orientation RR...
[0000][PE] (25, 50, 75) percentile: (112, 138, 356)
[0000][PE] low and high boundaries for computing mean and std.dev: (1, 844)
[0000][PE] mean and std.dev: (179.50, 103.82)
[0000][PE] low and high boundaries for proper pairs: (1, 1088)
[0000][PE] skip orientation FF
[0000][PE] skip orientation RF
[0000][PE] skip orientation RR
[0000] 3. Calling kt_for - worker_sam
	[0000][ M::mem_process_seqs] Processed 3215766 reads in 402.703 CPU sec, 10.803 real sec
[0000] Calling mem_process_seqs.., task: 3
[0000] 1. Calling kt_for - worker_bwt
[0000] 2. Calling kt_for - worker_aln
[0000] Inferring insert size distribution of PE reads from data, l_pac: 1342662642, n: 3207164
[0000][PE] # candidate unique pairs for (FF, FR, RF, RR): (18, 1146445, 36, 21)
[0000][PE] analyzing insert size distribution for orientation FF...
[0000][PE] (25, 50, 75) percentile: (76, 142, 211)
[0000][PE] low and high boundaries for computing mean and std.dev: (1, 481)
[0000][PE] mean and std.dev: (163.53, 117.50)
[0000][PE] low and high boundaries for proper pairs: (1, 634)
[0000][PE] analyzing insert size distribution for orientation FR...
[0000][PE] (25, 50, 75) percentile: (102, 158, 222)
[0000][PE] low and high boundaries for computing mean and std.dev: (1, 462)
[0000][PE] mean and std.dev: (170.32, 88.58)
[0000][PE] low and high boundaries for proper pairs: (1, 582)
[0000][PE] analyzing insert size distribution for orientation RF...
[0000][PE] (25, 50, 75) percentile: (241, 381, 530)
[0000][PE] low and high boundaries for computing mean and std.dev: (1, 1108)
[0000][PE] mean and std.dev: (345.91, 166.53)
[0000][PE] low and high boundaries for proper pairs: (1, 1397)
[0000][PE] analyzing insert size distribution for orientation RR...
[0000][PE] (25, 50, 75) percentile: (92, 233, 634)
[0000][PE] low and high boundaries for computing mean and std.dev: (1, 1718)
[0000][PE] mean and std.dev: (237.83, 246.92)
[0000][PE] low and high boundaries for proper pairs: (1, 2260)
[0000][PE] skip orientation FF
[0000][PE] skip orientation RF
[0000][PE] skip orientation RR
[0000] 3. Calling kt_for - worker_sam
	[0000][ M::mem_process_seqs] Processed 3207164 reads in 461.556 CPU sec, 12.574 real sec
[0000] read_chunk: 400000000, work_chunk_size: 400000269, nseq: 3215696
	[0000][ M::kt_pipeline] read 3215696 sequences (400000269 bp)...
[0000] Calling mem_process_seqs.., task: 4
[0000] 1. Calling kt_for - worker_bwt
[0000] 2. Calling kt_for - worker_aln
[0000] Inferring insert size distribution of PE reads from data, l_pac: 1342662642, n: 3215696
[0000][PE] # candidate unique pairs for (FF, FR, RF, RR): (11, 1161506, 43, 12)
[0000][PE] analyzing insert size distribution for orientation FF...
[0000][PE] (25, 50, 75) percentile: (223, 277, 476)
[0000][PE] low and high boundaries for computing mean and std.dev: (1, 982)
[0000][PE] mean and std.dev: (288.20, 139.59)
[0000][PE] low and high boundaries for proper pairs: (1, 1235)
[0000][PE] analyzing insert size distribution for orientation FR...
[0000][PE] (25, 50, 75) percentile: (102, 157, 222)
[0000][PE] low and high boundaries for computing mean and std.dev: (1, 462)
[0000][PE] mean and std.dev: (170.25, 88.60)
[0000][PE] low and high boundaries for proper pairs: (1, 582)
[0000][PE] analyzing insert size distribution for orientation RF...
[0000][PE] (25, 50, 75) percentile: (138, 285, 671)
[0000][PE] low and high boundaries for computing mean and std.dev: (1, 1737)
[0000][PE] mean and std.dev: (314.71, 296.59)
[0000][PE] low and high boundaries for proper pairs: (1, 2270)
[0000][PE] analyzing insert size distribution for orientation RR...
[0000][PE] (25, 50, 75) percentile: (110, 127, 839)
[0000][PE] low and high boundaries for computing mean and std.dev: (1, 2297)
[0000][PE] mean and std.dev: (292.91, 340.41)
[0000][PE] low and high boundaries for proper pairs: (1, 3026)
[0000][PE] skip orientation FF
[0000][PE] skip orientation RF
[0000][PE] skip orientation RR
[0000] 3. Calling kt_for - worker_sam
	[0000][ M::mem_process_seqs] Processed 3215696 reads in 420.414 CPU sec, 11.738 real sec
[0000] read_chunk: 400000000, work_chunk_size: 400000051, nseq: 3215142
	[0000][ M::kt_pipeline] read 3215142 sequences (400000051 bp)...
[0000] Calling mem_process_seqs.., task: 5
[0000] 1. Calling kt_for - worker_bwt
[0000] 2. Calling kt_for - worker_aln
[0000] Inferring insert size distribution of PE reads from data, l_pac: 1342662642, n: 3215142
[0000][PE] # candidate unique pairs for (FF, FR, RF, RR): (14, 1161736, 43, 14)
[0000][PE] analyzing insert size distribution for orientation FF...
[0000][PE] (25, 50, 75) percentile: (69, 131, 156)
[0000][PE] low and high boundaries for computing mean and std.dev: (1, 330)
[0000][PE] mean and std.dev: (101.83, 50.56)
[0000][PE] low and high boundaries for proper pairs: (1, 417)
[0000][PE] analyzing insert size distribution for orientation FR...
[0000][PE] (25, 50, 75) percentile: (102, 158, 223)
[0000][PE] low and high boundaries for computing mean and std.dev: (1, 465)
[0000][PE] mean and std.dev: (170.49, 88.84)
[0000][PE] low and high boundaries for proper pairs: (1, 586)
[0000][PE] analyzing insert size distribution for orientation RF...
[0000][PE] (25, 50, 75) percentile: (206, 359, 559)
[0000][PE] low and high boundaries for computing mean and std.dev: (1, 1265)
[0000][PE] mean and std.dev: (377.90, 265.12)
[0000][PE] low and high boundaries for proper pairs: (1, 1618)
[0000][PE] analyzing insert size distribution for orientation RR...
[0000][PE] (25, 50, 75) percentile: (105, 205, 522)
[0000][PE] low and high boundaries for computing mean and std.dev: (1, 1356)
[0000][PE] mean and std.dev: (319.00, 332.62)
[0000][PE] low and high boundaries for proper pairs: (1, 1773)
[0000][PE] skip orientation FF
[0000][PE] skip orientation RF
[0000][PE] skip orientation RR
[0000] 3. Calling kt_for - worker_sam
	[0000][ M::mem_process_seqs] Processed 3215142 reads in 419.867 CPU sec, 11.489 real sec
[0000] read_chunk: 400000000, work_chunk_size: 400000096, nseq: 3215036
	[0000][ M::kt_pipeline] read 3215036 sequences (400000096 bp)...
[0000] Calling mem_process_seqs.., task: 6
[0000] 1. Calling kt_for - worker_bwt
[0000] read_chunk: 400000000, work_chunk_size: 2784013, nseq: 22374
	[0000][ M::kt_pipeline] read 22374 sequences (2784013 bp)...
[0000] 2. Calling kt_for - worker_aln
[0000] Inferring insert size distribution of PE reads from data, l_pac: 1342662642, n: 3215036
[0000][PE] # candidate unique pairs for (FF, FR, RF, RR): (10, 1160405, 44, 13)
[0000][PE] analyzing insert size distribution for orientation FF...
[0000][PE] (25, 50, 75) percentile: (136, 200, 255)
[0000][PE] low and high boundaries for computing mean and std.dev: (1, 493)
[0000][PE] mean and std.dev: (189.11, 101.03)
[0000][PE] low and high boundaries for proper pairs: (1, 612)
[0000][PE] analyzing insert size distribution for orientation FR...
[0000][PE] (25, 50, 75) percentile: (102, 157, 223)
[0000][PE] low and high boundaries for computing mean and std.dev: (1, 465)
[0000][PE] mean and std.dev: (170.32, 88.71)
[0000][PE] low and high boundaries for proper pairs: (1, 586)
[0000][PE] analyzing insert size distribution for orientation RF...
[0000][PE] (25, 50, 75) percentile: (156, 235, 703)
[0000][PE] low and high boundaries for computing mean and std.dev: (1, 1797)
[0000][PE] mean and std.dev: (361.49, 353.31)
[0000][PE] low and high boundaries for proper pairs: (1, 2344)
[0000][PE] analyzing insert size distribution for orientation RR...
[0000][PE] (25, 50, 75) percentile: (109, 173, 417)
[0000][PE] low and high boundaries for computing mean and std.dev: (1, 1033)
[0000][PE] mean and std.dev: (212.92, 161.70)
[0000][PE] low and high boundaries for proper pairs: (1, 1341)
[0000][PE] skip orientation FF
[0000][PE] skip orientation RF
[0000][PE] skip orientation RR
[0000] 3. Calling kt_for - worker_sam
	[0000][ M::mem_process_seqs] Processed 3215036 reads in 413.123 CPU sec, 11.281 real sec
[0000] Calling mem_process_seqs.., task: 7
[0000] 1. Calling kt_for - worker_bwt
[0000] 2. Calling kt_for - worker_aln
[0000] Inferring insert size distribution of PE reads from data, l_pac: 1342662642, n: 22374
[0000][PE] # candidate unique pairs for (FF, FR, RF, RR): (0, 7907, 1, 0)
[0000][PE] skip orientation FF as there are not enough pairs
[0000][PE] analyzing insert size distribution for orientation FR...
[0000][PE] (25, 50, 75) percentile: (102, 157, 224)
[0000][PE] low and high boundaries for computing mean and std.dev: (1, 468)
[0000][PE] mean and std.dev: (170.45, 88.77)
[0000][PE] low and high boundaries for proper pairs: (1, 590)
[0000][PE] skip orientation RF as there are not enough pairs
[0000][PE] skip orientation RR as there are not enough pairs
[0000] 3. Calling kt_for - worker_sam
	[0000][ M::mem_process_seqs] Processed 22374 reads in 4.207 CPU sec, 0.319 real sec
[0000] read_chunk: 400000000, work_chunk_size: 0, nseq: 0
[0000] read_chunk: 400000000, work_chunk_size: 0, nseq: 0
[0000] Computation ends..
No. of OMP threads: 40
Processor is running @2394.728520 MHz
Runtime profile:

	Time taken for main_mem function: 172.06 sec

	IO times (sec) :
	Reading IO time (reads) avg: 68.76, (68.76, 68.76)
	Writing IO time (SAM) avg: 22.89, (22.89, 22.89)
	Reading IO time (Reference Genome) avg: 1.80, (1.80, 1.80)
	Index read time avg: 0.28, (0.28, 0.28)

	Overall time (sec) (Excluding Index reading time):
	PROCESS() (Total compute time + (read + SAM) IO time) : 169.98
	MEM_PROCESS_SEQ() (Total compute time (Kernel + SAM)), avg: 81.00, (81.00, 81.00)

	 SAM Processing time (sec):
	--WORKER_SAM avg: 24.37, (24.37, 24.37)

	Kernels' compute time (sec):
	Total kernel (smem+sal+bsw) time avg: 54.15, (54.15, 54.15)
		MEM_ALN_CHAIN_FLT avg: 0.00, (0.00, 0.00)
		MEM_ALN_CHAIN_SEED avg: 0.00, (0.00, 0.00)
		ERT_SEED_CHAIN avg: 0.00, (0.00, 0.00)
	LEARNED_SEED_CHAIN avg: 22.65, (22.85, 22.56)
		SMEM compute avg: 0.00, (0.00, 0.00)
		SAL compute avg: 0.00, (0.00, 0.00)
				MEM_SA avg: 0.00, (0.00, 0.00)

		BSW time, avg: 28.85, (29.09, 28.56)

Important parameter settings: 
	BATCH_SIZE: 512
	MAX_SEQ_LEN_REF: 256
	MAX_SEQ_LEN_QER: 128
	MAX_SEQ_LEN8: 128
	SEEDS_PER_READ: 500
	SIMD_WIDTH8 X: 64
	SIMD_WIDTH16 X: 32
	AVG_SEEDS_PER_READ: 64
