preview of orig and new R1 file names...
SoA0100108E_CKDL250018843-1A_22V722LT4_L3_1.fq.gz Sor-ACeb_001-Ex1-8E-lcwgs-1-3-L3-1.fq.gz
SoA0100108E_CKDL250018844-1A_233HTHLT3_L2_1.fq.gz Sor-ACeb_001-Ex1-8E-lcwgs-1-3-L2-1.fq.gz
SoA0100209E_CKDL250018843-1A_22V722LT4_L3_1.fq.gz Sor-ACeb_002-Ex1-9E-lcwgs-1-3-L3-1.fq.gz
SoA0100209E_CKDL250018844-1A_233HTHLT3_L2_1.fq.gz Sor-ACeb_002-Ex1-9E-lcwgs-1-3-L2-1.fq.gz
SoA0100310E_CKDL250018843-1A_22V722LT4_L3_1.fq.gz Sor-ACeb_003-Ex1-10E-lcwgs-1-3-L3-1.fq.gz
SoA0100310E_CKDL250018844-1A_233HTHLT3_L2_1.fq.gz Sor-ACeb_003-Ex1-10E-lcwgs-1-3-L2-1.fq.gz
SoA0100411E_CKDL250018843-1A_22V722LT4_L3_1.fq.gz Sor-ACeb_004-Ex1-11E-lcwgs-1-3-L3-1.fq.gz
SoA0100411E_CKDL250018844-1A_233HTHLT3_L2_1.fq.gz Sor-ACeb_004-Ex1-11E-lcwgs-1-3-L2-1.fq.gz
SoA0100512E_CKDL250018843-1A_22V722LT4_L3_1.fq.gz Sor-ACeb_005-Ex1-12E-lcwgs-1-3-L3-1.fq.gz
SoA0100512E_CKDL250018844-1A_233HTHLT3_L2_1.fq.gz Sor-ACeb_005-Ex1-12E-lcwgs-1-3-L2-1.fq.gz
SoA0100601F_CKDL250018843-1A_22V722LT4_L3_1.fq.gz Sor-ACeb_006-Ex1-1F-lcwgs-1-3-L3-1.fq.gz
SoA0100601F_CKDL250018844-1A_233HTHLT3_L2_1.fq.gz Sor-ACeb_006-Ex1-1F-lcwgs-1-3-L2-1.fq.gz
SoA0100702F_CKDL250018843-1A_22V722LT4_L3_1.fq.gz Sor-ACeb_007-Ex1-2F-lcwgs-1-3-L3-1.fq.gz
SoA0100702F_CKDL250018844-1A_233HTHLT3_L2_1.fq.gz Sor-ACeb_007-Ex1-2F-lcwgs-1-3-L2-1.fq.gz
SoA0100803F_CKDL250018843-1A_22V722LT4_L3_1.fq.gz Sor-ACeb_008-Ex1-3F-lcwgs-1-3-L3-1.fq.gz
SoA0100803F_CKDL250018844-1A_233HTHLT3_L2_1.fq.gz Sor-ACeb_008-Ex1-3F-lcwgs-1-3-L2-1.fq.gz
SoA0100904F_CKDL250018843-1A_22V722LT4_L3_1.fq.gz Sor-ACeb_009-Ex1-4F-lcwgs-1-3-L3-1.fq.gz
SoA0100904F_CKDL250018844-1A_233HTHLT3_L2_1.fq.gz Sor-ACeb_009-Ex1-4F-lcwgs-1-3-L2-1.fq.gz
SoA0101005F_CKDL250018843-1A_22V722LT4_L3_1.fq.gz Sor-ACeb_010-Ex1-5F-lcwgs-1-3-L3-1.fq.gz
SoA0101005F_CKDL250018844-1A_233HTHLT3_L2_1.fq.gz Sor-ACeb_010-Ex1-5F-lcwgs-1-3-L2-1.fq.gz
SoA0101106F_CKDL250018843-1A_22V722LT4_L3_1.fq.gz Sor-ACeb_011-Ex1-6F-lcwgs-1-3-L3-1.fq.gz
SoA0101106F_CKDL250018844-1A_233HTHLT3_L2_1.fq.gz Sor-ACeb_011-Ex1-6F-lcwgs-1-3-L2-1.fq.gz
SoA0101207F_CKDL250018843-1A_22V722LT4_L3_1.fq.gz Sor-ACeb_012-Ex1-7F-lcwgs-1-3-L3-1.fq.gz
SoA0101207F_CKDL250018844-1A_233HTHLT3_L2_1.fq.gz Sor-ACeb_012-Ex1-7F-lcwgs-1-3-L2-1.fq.gz
SoA0101308F_CKDL250018843-1A_22V722LT4_L3_1.fq.gz Sor-ACeb_013-Ex1-8F-lcwgs-1-3-L3-1.fq.gz
SoA0101308F_CKDL250018844-1A_233HTHLT3_L2_1.fq.gz Sor-ACeb_013-Ex1-8F-lcwgs-1-3-L2-1.fq.gz
SoA0101409F_CKDL250018843-1A_22V722LT4_L3_1.fq.gz Sor-ACeb_014-Ex1-9F-lcwgs-1-3-L3-1.fq.gz
SoA0101409F_CKDL250018844-1A_233HTHLT3_L2_1.fq.gz Sor-ACeb_014-Ex1-9F-lcwgs-1-3-L2-1.fq.gz
SoA0101510F_CKDL250018843-1A_22V722LT4_L3_1.fq.gz Sor-ACeb_015-Ex1-10F-lcwgs-1-3-L3-1.fq.gz
SoA0101510F_CKDL250018844-1A_233HTHLT3_L2_1.fq.gz Sor-ACeb_015-Ex1-10F-lcwgs-1-3-L2-1.fq.gz
SoA0101611F_CKDL250018843-1A_22V722LT4_L3_1.fq.gz Sor-ACeb_016-Ex1-11F-lcwgs-1-3-L3-1.fq.gz
SoA0101611F_CKDL250018844-1A_233HTHLT3_L2_1.fq.gz Sor-ACeb_016-Ex1-11F-lcwgs-1-3-L2-1.fq.gz
SoA0101712F_CKDL250018843-1A_22V722LT4_L3_1.fq.gz Sor-ACeb_017-Ex1-12F-lcwgs-1-3-L3-1.fq.gz
SoA0101712F_CKDL250018844-1A_233HTHLT3_L2_1.fq.gz Sor-ACeb_017-Ex1-12F-lcwgs-1-3-L2-1.fq.gz
SoA0101801G_CKDL250018843-1A_22V722LT4_L3_1.fq.gz Sor-ACeb_018-Ex1-1G-lcwgs-1-3-L3-1.fq.gz
SoA0101801G_CKDL250018844-1A_233HTHLT3_L2_1.fq.gz Sor-ACeb_018-Ex1-1G-lcwgs-1-3-L2-1.fq.gz
SoA0101903G_CKDL250018843-1A_22V722LT4_L3_1.fq.gz Sor-ACeb_019-Ex1-3G-lcwgs-1-3-L3-1.fq.gz
SoA0101903G_CKDL250018844-1A_233HTHLT3_L2_1.fq.gz Sor-ACeb_019-Ex1-3G-lcwgs-1-3-L2-1.fq.gz
SoA0102002G_CKDL250018843-1A_22V722LT4_L3_1.fq.gz Sor-ACeb_020-Ex1-2G-lcwgs-1-3-L3-1.fq.gz
SoA0102002G_CKDL250018844-1A_233HTHLT3_L2_1.fq.gz Sor-ACeb_020-Ex1-2G-lcwgs-1-3-L2-1.fq.gz
SoA0102104G_CKDL250018843-1A_22V722LT4_L3_1.fq.gz Sor-ACeb_021-Ex1-4G-lcwgs-1-3-L3-1.fq.gz
SoA0102104G_CKDL250018844-1A_233HTHLT3_L2_1.fq.gz Sor-ACeb_021-Ex1-4G-lcwgs-1-3-L2-1.fq.gz
SoA0102205G_CKDL250018843-1A_22V722LT4_L3_1.fq.gz Sor-ACeb_022-Ex1-5G-lcwgs-1-3-L3-1.fq.gz
SoA0102205G_CKDL250018844-1A_233HTHLT3_L2_1.fq.gz Sor-ACeb_022-Ex1-5G-lcwgs-1-3-L2-1.fq.gz
preview of orig and new R2 file names...
SoA0100108E_CKDL250018843-1A_22V722LT4_L3_2.fq.gz Sor-ACeb_001-Ex1-8E-lcwgs-1-3-L3-2.fq.gz
SoA0100108E_CKDL250018844-1A_233HTHLT3_L2_2.fq.gz Sor-ACeb_001-Ex1-8E-lcwgs-1-3-L2-2.fq.gz
SoA0100209E_CKDL250018843-1A_22V722LT4_L3_2.fq.gz Sor-ACeb_002-Ex1-9E-lcwgs-1-3-L3-2.fq.gz
SoA0100209E_CKDL250018844-1A_233HTHLT3_L2_2.fq.gz Sor-ACeb_002-Ex1-9E-lcwgs-1-3-L2-2.fq.gz
SoA0100310E_CKDL250018843-1A_22V722LT4_L3_2.fq.gz Sor-ACeb_003-Ex1-10E-lcwgs-1-3-L3-2.fq.gz
SoA0100310E_CKDL250018844-1A_233HTHLT3_L2_2.fq.gz Sor-ACeb_003-Ex1-10E-lcwgs-1-3-L2-2.fq.gz
SoA0100411E_CKDL250018843-1A_22V722LT4_L3_2.fq.gz Sor-ACeb_004-Ex1-11E-lcwgs-1-3-L3-2.fq.gz
SoA0100411E_CKDL250018844-1A_233HTHLT3_L2_2.fq.gz Sor-ACeb_004-Ex1-11E-lcwgs-1-3-L2-2.fq.gz
SoA0100512E_CKDL250018843-1A_22V722LT4_L3_2.fq.gz Sor-ACeb_005-Ex1-12E-lcwgs-1-3-L3-2.fq.gz
SoA0100512E_CKDL250018844-1A_233HTHLT3_L2_2.fq.gz Sor-ACeb_005-Ex1-12E-lcwgs-1-3-L2-2.fq.gz
SoA0100601F_CKDL250018843-1A_22V722LT4_L3_2.fq.gz Sor-ACeb_006-Ex1-1F-lcwgs-1-3-L3-2.fq.gz
SoA0100601F_CKDL250018844-1A_233HTHLT3_L2_2.fq.gz Sor-ACeb_006-Ex1-1F-lcwgs-1-3-L2-2.fq.gz
SoA0100702F_CKDL250018843-1A_22V722LT4_L3_2.fq.gz Sor-ACeb_007-Ex1-2F-lcwgs-1-3-L3-2.fq.gz
SoA0100702F_CKDL250018844-1A_233HTHLT3_L2_2.fq.gz Sor-ACeb_007-Ex1-2F-lcwgs-1-3-L2-2.fq.gz
SoA0100803F_CKDL250018843-1A_22V722LT4_L3_2.fq.gz Sor-ACeb_008-Ex1-3F-lcwgs-1-3-L3-2.fq.gz
SoA0100803F_CKDL250018844-1A_233HTHLT3_L2_2.fq.gz Sor-ACeb_008-Ex1-3F-lcwgs-1-3-L2-2.fq.gz
SoA0100904F_CKDL250018843-1A_22V722LT4_L3_2.fq.gz Sor-ACeb_009-Ex1-4F-lcwgs-1-3-L3-2.fq.gz
SoA0100904F_CKDL250018844-1A_233HTHLT3_L2_2.fq.gz Sor-ACeb_009-Ex1-4F-lcwgs-1-3-L2-2.fq.gz
SoA0101005F_CKDL250018843-1A_22V722LT4_L3_2.fq.gz Sor-ACeb_010-Ex1-5F-lcwgs-1-3-L3-2.fq.gz
SoA0101005F_CKDL250018844-1A_233HTHLT3_L2_2.fq.gz Sor-ACeb_010-Ex1-5F-lcwgs-1-3-L2-2.fq.gz
SoA0101106F_CKDL250018843-1A_22V722LT4_L3_2.fq.gz Sor-ACeb_011-Ex1-6F-lcwgs-1-3-L3-2.fq.gz
SoA0101106F_CKDL250018844-1A_233HTHLT3_L2_2.fq.gz Sor-ACeb_011-Ex1-6F-lcwgs-1-3-L2-2.fq.gz
SoA0101207F_CKDL250018843-1A_22V722LT4_L3_2.fq.gz Sor-ACeb_012-Ex1-7F-lcwgs-1-3-L3-2.fq.gz
SoA0101207F_CKDL250018844-1A_233HTHLT3_L2_2.fq.gz Sor-ACeb_012-Ex1-7F-lcwgs-1-3-L2-2.fq.gz
SoA0101308F_CKDL250018843-1A_22V722LT4_L3_2.fq.gz Sor-ACeb_013-Ex1-8F-lcwgs-1-3-L3-2.fq.gz
SoA0101308F_CKDL250018844-1A_233HTHLT3_L2_2.fq.gz Sor-ACeb_013-Ex1-8F-lcwgs-1-3-L2-2.fq.gz
SoA0101409F_CKDL250018843-1A_22V722LT4_L3_2.fq.gz Sor-ACeb_014-Ex1-9F-lcwgs-1-3-L3-2.fq.gz
SoA0101409F_CKDL250018844-1A_233HTHLT3_L2_2.fq.gz Sor-ACeb_014-Ex1-9F-lcwgs-1-3-L2-2.fq.gz
SoA0101510F_CKDL250018843-1A_22V722LT4_L3_2.fq.gz Sor-ACeb_015-Ex1-10F-lcwgs-1-3-L3-2.fq.gz
SoA0101510F_CKDL250018844-1A_233HTHLT3_L2_2.fq.gz Sor-ACeb_015-Ex1-10F-lcwgs-1-3-L2-2.fq.gz
SoA0101611F_CKDL250018843-1A_22V722LT4_L3_2.fq.gz Sor-ACeb_016-Ex1-11F-lcwgs-1-3-L3-2.fq.gz
SoA0101611F_CKDL250018844-1A_233HTHLT3_L2_2.fq.gz Sor-ACeb_016-Ex1-11F-lcwgs-1-3-L2-2.fq.gz
SoA0101712F_CKDL250018843-1A_22V722LT4_L3_2.fq.gz Sor-ACeb_017-Ex1-12F-lcwgs-1-3-L3-2.fq.gz
SoA0101712F_CKDL250018844-1A_233HTHLT3_L2_2.fq.gz Sor-ACeb_017-Ex1-12F-lcwgs-1-3-L2-2.fq.gz
SoA0101801G_CKDL250018843-1A_22V722LT4_L3_2.fq.gz Sor-ACeb_018-Ex1-1G-lcwgs-1-3-L3-2.fq.gz
SoA0101801G_CKDL250018844-1A_233HTHLT3_L2_2.fq.gz Sor-ACeb_018-Ex1-1G-lcwgs-1-3-L2-2.fq.gz
SoA0101903G_CKDL250018843-1A_22V722LT4_L3_2.fq.gz Sor-ACeb_019-Ex1-3G-lcwgs-1-3-L3-2.fq.gz
SoA0101903G_CKDL250018844-1A_233HTHLT3_L2_2.fq.gz Sor-ACeb_019-Ex1-3G-lcwgs-1-3-L2-2.fq.gz
SoA0102002G_CKDL250018843-1A_22V722LT4_L3_2.fq.gz Sor-ACeb_020-Ex1-2G-lcwgs-1-3-L3-2.fq.gz
SoA0102002G_CKDL250018844-1A_233HTHLT3_L2_2.fq.gz Sor-ACeb_020-Ex1-2G-lcwgs-1-3-L2-2.fq.gz
SoA0102104G_CKDL250018843-1A_22V722LT4_L3_2.fq.gz Sor-ACeb_021-Ex1-4G-lcwgs-1-3-L3-2.fq.gz
SoA0102104G_CKDL250018844-1A_233HTHLT3_L2_2.fq.gz Sor-ACeb_021-Ex1-4G-lcwgs-1-3-L2-2.fq.gz
SoA0102205G_CKDL250018843-1A_22V722LT4_L3_2.fq.gz Sor-ACeb_022-Ex1-5G-lcwgs-1-3-L3-2.fq.gz
SoA0102205G_CKDL250018844-1A_233HTHLT3_L2_2.fq.gz Sor-ACeb_022-Ex1-5G-lcwgs-1-3-L2-2.fq.gz
