Looking to launch executable "/opt/conda/bin/bwa-meme_mode3.avx512bw", simd = _mode3.avx512bw
Launching executable "/opt/conda/bin/bwa-meme_mode3.avx512bw"
-----------------------------
Executing in AVX512 mode!!
-----------------------------
* SA compression enabled with xfactor: 8
* Ref file: reference.genbank.Sor.fasta
* Entering FMI_search
Reading other elements of the index from files reference.genbank.Sor.fasta
* Index prefix: reference.genbank.Sor.fasta
* Read 0 ALT contigs
* Reading reference genome..
* Binary seq file = reference.genbank.Sor.fasta.0123
* Reference genome size: 2685325284 bp
* Done reading reference genome !!

------------------------------------------
1. Memory pre-allocation for Chaining: 5679.4903 MB
2. Memory pre-allocation for BSW: 9584.6810 MB
[M::memoryAllocLearned::MEME] Reading Learned-index models into memory
[Learned-Config] MODE:3 SEARCH_METHOD: 1 MEM_TRADEOFF:1 EXPONENTIAL_SMEMSEARCH: 1 DEBUG_MODE:0 Num 2nd Models:268435456 PWL Bits Used:28
[M::memoryAllocLearned::MEME] Loading RMI model and Pac reference file took 18.287 sec
[M::memoryAllocLearned::MEME] Reading suffix array into memory
[M::memoryAllocLearned::MEME] Loading pos_packed file took 26.952 sec
[M::memoryAllocLearned::MEME] Generating SA, 64-bit Suffix and ISA in memory
[M::memoryAllocLearned::MEME] Runtime-build-index took 26.740 sec
3. Memory pre-allocation for BWT: 14070.0171 MB
------------------------------------------
* Threads used (compute): 40
* No. of pipeline threads: 2

[0000] read_chunk: 400000000, work_chunk_size: 400000201, nseq: 3443276
	[0000][ M::kt_pipeline] read 3443276 sequences (400000201 bp)...
[0000] Reallocating initial memory allocations!!
[0000] Calling mem_process_seqs.., task: 0
[0000] 1. Calling kt_for - worker_bwt
[0000] 2. Calling kt_for - worker_aln
[0000] read_chunk: 400000000, work_chunk_size: 363268426, nseq: 3131138
	[0000][ M::kt_pipeline] read 3131138 sequences (363268426 bp)...
[0000] Inferring insert size distribution of PE reads from data, l_pac: 1342662642, n: 3443276
[0000][PE] # candidate unique pairs for (FF, FR, RF, RR): (9, 1218339, 35, 8)
[0000][PE] skip orientation FF as there are not enough pairs
[0000][PE] analyzing insert size distribution for orientation FR...
[0000][PE] (25, 50, 75) percentile: (88, 126, 177)
[0000][PE] low and high boundaries for computing mean and std.dev: (1, 355)
[0000][PE] mean and std.dev: (137.72, 66.04)
[0000][PE] low and high boundaries for proper pairs: (1, 444)
[0000][PE] analyzing insert size distribution for orientation RF...
[0000][PE] (25, 50, 75) percentile: (97, 238, 494)
[0000][PE] low and high boundaries for computing mean and std.dev: (1, 1288)
[0000][PE] mean and std.dev: (272.12, 236.13)
[0000][PE] low and high boundaries for proper pairs: (1, 1685)
[0000][PE] skip orientation RR as there are not enough pairs
[0000][PE] skip orientation RF
[0000] 3. Calling kt_for - worker_sam
	[0000][ M::mem_process_seqs] Processed 3443276 reads in 463.638 CPU sec, 12.759 real sec
[0000] Calling mem_process_seqs.., task: 1
[0000] 1. Calling kt_for - worker_bwt
[0000] 2. Calling kt_for - worker_aln
[0000] read_chunk: 400000000, work_chunk_size: 0, nseq: 0
[0000] Inferring insert size distribution of PE reads from data, l_pac: 1342662642, n: 3131138
[0000][PE] # candidate unique pairs for (FF, FR, RF, RR): (11, 1111562, 15, 13)
[0000][PE] analyzing insert size distribution for orientation FF...
[0000][PE] (25, 50, 75) percentile: (42, 91, 119)
[0000][PE] low and high boundaries for computing mean and std.dev: (1, 273)
[0000][PE] mean and std.dev: (67.90, 40.81)
[0000][PE] low and high boundaries for proper pairs: (1, 350)
[0000][PE] analyzing insert size distribution for orientation FR...
[0000][PE] (25, 50, 75) percentile: (88, 126, 177)
[0000][PE] low and high boundaries for computing mean and std.dev: (1, 355)
[0000][PE] mean and std.dev: (137.65, 66.07)
[0000][PE] low and high boundaries for proper pairs: (1, 444)
[0000][PE] analyzing insert size distribution for orientation RF...
[0000][PE] (25, 50, 75) percentile: (51, 313, 723)
[0000][PE] low and high boundaries for computing mean and std.dev: (1, 2067)
[0000][PE] mean and std.dev: (314.08, 291.14)
[0000][PE] low and high boundaries for proper pairs: (1, 2739)
[0000][PE] analyzing insert size distribution for orientation RR...
[0000][PE] (25, 50, 75) percentile: (134, 194, 348)
[0000][PE] low and high boundaries for computing mean and std.dev: (1, 776)
[0000][PE] mean and std.dev: (197.17, 125.30)
[0000][PE] low and high boundaries for proper pairs: (1, 990)
[0000][PE] skip orientation FF
[0000][PE] skip orientation RF
[0000][PE] skip orientation RR
[0000] 3. Calling kt_for - worker_sam
	[0000][ M::mem_process_seqs] Processed 3131138 reads in 413.002 CPU sec, 11.320 real sec
[0000] read_chunk: 400000000, work_chunk_size: 0, nseq: 0
[0000] Computation ends..
No. of OMP threads: 40
Processor is running @2394.660106 MHz
Runtime profile:

	Time taken for main_mem function: 97.76 sec

	IO times (sec) :
	Reading IO time (reads) avg: 18.70, (18.70, 18.70)
	Writing IO time (SAM) avg: 6.15, (6.15, 6.15)
	Reading IO time (Reference Genome) avg: 1.71, (1.71, 1.71)
	Index read time avg: 0.26, (0.26, 0.26)

	Overall time (sec) (Excluding Index reading time):
	PROCESS() (Total compute time + (read + SAM) IO time) : 95.78
	MEM_PROCESS_SEQ() (Total compute time (Kernel + SAM)), avg: 24.08, (24.08, 24.08)

	 SAM Processing time (sec):
	--WORKER_SAM avg: 6.30, (6.30, 6.30)

	Kernels' compute time (sec):
	Total kernel (smem+sal+bsw) time avg: 17.14, (17.14, 17.14)
		MEM_ALN_CHAIN_FLT avg: 0.00, (0.00, 0.00)
		MEM_ALN_CHAIN_SEED avg: 0.00, (0.00, 0.00)
		ERT_SEED_CHAIN avg: 0.00, (0.00, 0.00)
	LEARNED_SEED_CHAIN avg: 6.94, (7.14, 6.88)
		SMEM compute avg: 0.00, (0.00, 0.00)
		SAL compute avg: 0.00, (0.00, 0.00)
				MEM_SA avg: 0.00, (0.00, 0.00)

		BSW time, avg: 9.17, (9.39, 9.01)

Important parameter settings: 
	BATCH_SIZE: 512
	MAX_SEQ_LEN_REF: 256
	MAX_SEQ_LEN_QER: 128
	MAX_SEQ_LEN8: 128
	SEEDS_PER_READ: 500
	SIMD_WIDTH8 X: 64
	SIMD_WIDTH16 X: 32
	AVG_SEEDS_PER_READ: 64
