Looking to launch executable "/opt/conda/bin/bwa-meme_mode3.avx512bw", simd = _mode3.avx512bw
Launching executable "/opt/conda/bin/bwa-meme_mode3.avx512bw"
-----------------------------
Executing in AVX512 mode!!
-----------------------------
* SA compression enabled with xfactor: 8
* Ref file: reference.genbank.Sor.fasta
* Entering FMI_search
Reading other elements of the index from files reference.genbank.Sor.fasta
* Index prefix: reference.genbank.Sor.fasta
* Read 0 ALT contigs
* Reading reference genome..
* Binary seq file = reference.genbank.Sor.fasta.0123
* Reference genome size: 2685325284 bp
* Done reading reference genome !!

------------------------------------------
1. Memory pre-allocation for Chaining: 5679.4903 MB
2. Memory pre-allocation for BSW: 9584.6810 MB
[M::memoryAllocLearned::MEME] Reading Learned-index models into memory
[Learned-Config] MODE:3 SEARCH_METHOD: 1 MEM_TRADEOFF:1 EXPONENTIAL_SMEMSEARCH: 1 DEBUG_MODE:0 Num 2nd Models:268435456 PWL Bits Used:28
[M::memoryAllocLearned::MEME] Loading RMI model and Pac reference file took 18.108 sec
[M::memoryAllocLearned::MEME] Reading suffix array into memory
[M::memoryAllocLearned::MEME] Loading pos_packed file took 26.596 sec
[M::memoryAllocLearned::MEME] Generating SA, 64-bit Suffix and ISA in memory
[M::memoryAllocLearned::MEME] Runtime-build-index took 25.990 sec
3. Memory pre-allocation for BWT: 14070.0171 MB
------------------------------------------
* Threads used (compute): 40
* No. of pipeline threads: 2

[0000] read_chunk: 400000000, work_chunk_size: 185169450, nseq: 1554464
	[0000][ M::kt_pipeline] read 1554464 sequences (185169450 bp)...
[0000] Calling mem_process_seqs.., task: 0
[0000] 1. Calling kt_for - worker_bwt
[0000] read_chunk: 400000000, work_chunk_size: 0, nseq: 0
[0000] 2. Calling kt_for - worker_aln
[0000] Inferring insert size distribution of PE reads from data, l_pac: 1342662642, n: 1554464
[0000][PE] # candidate unique pairs for (FF, FR, RF, RR): (27, 541442, 22, 21)
[0000][PE] analyzing insert size distribution for orientation FF...
[0000][PE] (25, 50, 75) percentile: (89, 110, 200)
[0000][PE] low and high boundaries for computing mean and std.dev: (1, 422)
[0000][PE] mean and std.dev: (121.26, 54.86)
[0000][PE] low and high boundaries for proper pairs: (1, 533)
[0000][PE] analyzing insert size distribution for orientation FR...
[0000][PE] (25, 50, 75) percentile: (91, 145, 216)
[0000][PE] low and high boundaries for computing mean and std.dev: (1, 466)
[0000][PE] mean and std.dev: (161.06, 86.84)
[0000][PE] low and high boundaries for proper pairs: (1, 591)
[0000][PE] analyzing insert size distribution for orientation RF...
[0000][PE] (25, 50, 75) percentile: (131, 276, 646)
[0000][PE] low and high boundaries for computing mean and std.dev: (1, 1676)
[0000][PE] mean and std.dev: (441.55, 378.87)
[0000][PE] low and high boundaries for proper pairs: (1, 2191)
[0000][PE] analyzing insert size distribution for orientation RR...
[0000][PE] (25, 50, 75) percentile: (119, 158, 609)
[0000][PE] low and high boundaries for computing mean and std.dev: (1, 1589)
[0000][PE] mean and std.dev: (244.37, 204.26)
[0000][PE] low and high boundaries for proper pairs: (1, 2079)
[0000][PE] skip orientation FF
[0000][PE] skip orientation RF
[0000][PE] skip orientation RR
[0000] 3. Calling kt_for - worker_sam
	[0000][ M::mem_process_seqs] Processed 1554464 reads in 240.474 CPU sec, 6.444 real sec
[0000] read_chunk: 400000000, work_chunk_size: 0, nseq: 0
[0000] Computation ends..
No. of OMP threads: 40
Processor is running @2394.703910 MHz
Runtime profile:

	Time taken for main_mem function: 71.65 sec

	IO times (sec) :
	Reading IO time (reads) avg: 4.86, (4.86, 4.86)
	Writing IO time (SAM) avg: 0.97, (0.97, 0.97)
	Reading IO time (Reference Genome) avg: 1.71, (1.71, 1.71)
	Index read time avg: 0.25, (0.25, 0.25)

	Overall time (sec) (Excluding Index reading time):
	PROCESS() (Total compute time + (read + SAM) IO time) : 69.68
	MEM_PROCESS_SEQ() (Total compute time (Kernel + SAM)), avg: 6.44, (6.44, 6.44)

	 SAM Processing time (sec):
	--WORKER_SAM avg: 1.86, (1.86, 1.86)

	Kernels' compute time (sec):
	Total kernel (smem+sal+bsw) time avg: 4.43, (4.43, 4.43)
		MEM_ALN_CHAIN_FLT avg: 0.00, (0.00, 0.00)
		MEM_ALN_CHAIN_SEED avg: 0.00, (0.00, 0.00)
		ERT_SEED_CHAIN avg: 0.00, (0.00, 0.00)
	LEARNED_SEED_CHAIN avg: 1.77, (1.81, 1.75)
		SMEM compute avg: 0.00, (0.00, 0.00)
		SAL compute avg: 0.00, (0.00, 0.00)
				MEM_SA avg: 0.00, (0.00, 0.00)

		BSW time, avg: 2.44, (2.51, 2.39)

Important parameter settings: 
	BATCH_SIZE: 512
	MAX_SEQ_LEN_REF: 256
	MAX_SEQ_LEN_QER: 128
	MAX_SEQ_LEN8: 128
	SEEDS_PER_READ: 500
	SIMD_WIDTH8 X: 64
	SIMD_WIDTH16 X: 32
	AVG_SEEDS_PER_READ: 64
