Looking to launch executable "/opt/conda/bin/bwa-meme_mode3.avx512bw", simd = _mode3.avx512bw
Launching executable "/opt/conda/bin/bwa-meme_mode3.avx512bw"
-----------------------------
Executing in AVX512 mode!!
-----------------------------
* SA compression enabled with xfactor: 8
* Ref file: reference.genbank.Sor.fasta
* Entering FMI_search
Reading other elements of the index from files reference.genbank.Sor.fasta
* Index prefix: reference.genbank.Sor.fasta
* Read 0 ALT contigs
* Reading reference genome..
* Binary seq file = reference.genbank.Sor.fasta.0123
* Reference genome size: 2685325284 bp
* Done reading reference genome !!

------------------------------------------
1. Memory pre-allocation for Chaining: 5679.4903 MB
2. Memory pre-allocation for BSW: 9584.6810 MB
[M::memoryAllocLearned::MEME] Reading Learned-index models into memory
[Learned-Config] MODE:3 SEARCH_METHOD: 1 MEM_TRADEOFF:1 EXPONENTIAL_SMEMSEARCH: 1 DEBUG_MODE:0 Num 2nd Models:268435456 PWL Bits Used:28
[M::memoryAllocLearned::MEME] Loading RMI model and Pac reference file took 18.174 sec
[M::memoryAllocLearned::MEME] Reading suffix array into memory
[M::memoryAllocLearned::MEME] Loading pos_packed file took 27.820 sec
[M::memoryAllocLearned::MEME] Generating SA, 64-bit Suffix and ISA in memory
[M::memoryAllocLearned::MEME] Runtime-build-index took 26.115 sec
3. Memory pre-allocation for BWT: 14070.0171 MB
------------------------------------------
* Threads used (compute): 40
* No. of pipeline threads: 2

[0000] read_chunk: 400000000, work_chunk_size: 400000208, nseq: 3430604
	[0000][ M::kt_pipeline] read 3430604 sequences (400000208 bp)...
[0000] Reallocating initial memory allocations!!
[0000] Calling mem_process_seqs.., task: 0
[0000] 1. Calling kt_for - worker_bwt
[0000] 2. Calling kt_for - worker_aln
[0000] read_chunk: 400000000, work_chunk_size: 389142131, nseq: 3335358
	[0000][ M::kt_pipeline] read 3335358 sequences (389142131 bp)...
[0000] Inferring insert size distribution of PE reads from data, l_pac: 1342662642, n: 3430604
[0000][PE] # candidate unique pairs for (FF, FR, RF, RR): (8, 1217159, 26, 16)
[0000][PE] skip orientation FF as there are not enough pairs
[0000][PE] analyzing insert size distribution for orientation FR...
[0000][PE] (25, 50, 75) percentile: (88, 127, 179)
[0000][PE] low and high boundaries for computing mean and std.dev: (1, 361)
[0000][PE] mean and std.dev: (139.36, 67.29)
[0000][PE] low and high boundaries for proper pairs: (1, 452)
[0000][PE] analyzing insert size distribution for orientation RF...
[0000][PE] (25, 50, 75) percentile: (67, 332, 499)
[0000][PE] low and high boundaries for computing mean and std.dev: (1, 1363)
[0000][PE] mean and std.dev: (335.79, 307.85)
[0000][PE] low and high boundaries for proper pairs: (1, 1795)
[0000][PE] analyzing insert size distribution for orientation RR...
[0000][PE] (25, 50, 75) percentile: (117, 180, 748)
[0000][PE] low and high boundaries for computing mean and std.dev: (1, 2010)
[0000][PE] mean and std.dev: (193.92, 184.42)
[0000][PE] low and high boundaries for proper pairs: (1, 2641)
[0000][PE] skip orientation RF
[0000][PE] skip orientation RR
[0000] 3. Calling kt_for - worker_sam
	[0000][ M::mem_process_seqs] Processed 3430604 reads in 460.907 CPU sec, 12.409 real sec
[0000] Calling mem_process_seqs.., task: 1
[0000] 1. Calling kt_for - worker_bwt
[0000] 2. Calling kt_for - worker_aln
[0000] read_chunk: 400000000, work_chunk_size: 0, nseq: 0
[0000] Inferring insert size distribution of PE reads from data, l_pac: 1342662642, n: 3335358
[0000][PE] # candidate unique pairs for (FF, FR, RF, RR): (17, 1181601, 28, 15)
[0000][PE] analyzing insert size distribution for orientation FF...
[0000][PE] (25, 50, 75) percentile: (97, 134, 2237)
[0000][PE] low and high boundaries for computing mean and std.dev: (1, 6517)
[0000][PE] mean and std.dev: (861.24, 981.81)
[0000][PE] low and high boundaries for proper pairs: (1, 8657)
[0000][PE] analyzing insert size distribution for orientation FR...
[0000][PE] (25, 50, 75) percentile: (88, 127, 179)
[0000][PE] low and high boundaries for computing mean and std.dev: (1, 361)
[0000][PE] mean and std.dev: (139.40, 67.27)
[0000][PE] low and high boundaries for proper pairs: (1, 452)
[0000][PE] analyzing insert size distribution for orientation RF...
[0000][PE] (25, 50, 75) percentile: (182, 244, 736)
[0000][PE] low and high boundaries for computing mean and std.dev: (1, 1844)
[0000][PE] mean and std.dev: (386.78, 330.06)
[0000][PE] low and high boundaries for proper pairs: (1, 2398)
[0000][PE] analyzing insert size distribution for orientation RR...
[0000][PE] (25, 50, 75) percentile: (92, 122, 1022)
[0000][PE] low and high boundaries for computing mean and std.dev: (1, 2882)
[0000][PE] mean and std.dev: (294.85, 406.82)
[0000][PE] low and high boundaries for proper pairs: (1, 3812)
[0000][PE] skip orientation FF
[0000][PE] skip orientation RF
[0000][PE] skip orientation RR
[0000] 3. Calling kt_for - worker_sam
	[0000][ M::mem_process_seqs] Processed 3335358 reads in 457.586 CPU sec, 13.113 real sec
[0000] read_chunk: 400000000, work_chunk_size: 0, nseq: 0
[0000] Computation ends..
No. of OMP threads: 40
Processor is running @2394.719474 MHz
Runtime profile:

	Time taken for main_mem function: 100.15 sec

	IO times (sec) :
	Reading IO time (reads) avg: 19.40, (19.40, 19.40)
	Writing IO time (SAM) avg: 6.82, (6.82, 6.82)
	Reading IO time (Reference Genome) avg: 1.71, (1.71, 1.71)
	Index read time avg: 0.25, (0.25, 0.25)

	Overall time (sec) (Excluding Index reading time):
	PROCESS() (Total compute time + (read + SAM) IO time) : 98.18
	MEM_PROCESS_SEQ() (Total compute time (Kernel + SAM)), avg: 25.52, (25.52, 25.52)

	 SAM Processing time (sec):
	--WORKER_SAM avg: 6.82, (6.82, 6.82)

	Kernels' compute time (sec):
	Total kernel (smem+sal+bsw) time avg: 18.04, (18.04, 18.04)
		MEM_ALN_CHAIN_FLT avg: 0.00, (0.00, 0.00)
		MEM_ALN_CHAIN_SEED avg: 0.00, (0.00, 0.00)
		ERT_SEED_CHAIN avg: 0.00, (0.00, 0.00)
	LEARNED_SEED_CHAIN avg: 7.25, (7.34, 7.21)
		SMEM compute avg: 0.00, (0.00, 0.00)
		SAL compute avg: 0.00, (0.00, 0.00)
				MEM_SA avg: 0.00, (0.00, 0.00)

		BSW time, avg: 9.54, (9.80, 9.33)

Important parameter settings: 
	BATCH_SIZE: 512
	MAX_SEQ_LEN_REF: 256
	MAX_SEQ_LEN_QER: 128
	MAX_SEQ_LEN8: 128
	SEEDS_PER_READ: 500
	SIMD_WIDTH8 X: 64
	SIMD_WIDTH16 X: 32
	AVG_SEEDS_PER_READ: 64
