Looking to launch executable "/opt/conda/bin/bwa-meme_mode3.avx512bw", simd = _mode3.avx512bw
Launching executable "/opt/conda/bin/bwa-meme_mode3.avx512bw"
-----------------------------
Executing in AVX512 mode!!
-----------------------------
* SA compression enabled with xfactor: 8
* Ref file: reference.genbank.Sor.fasta
* Entering FMI_search
Reading other elements of the index from files reference.genbank.Sor.fasta
* Index prefix: reference.genbank.Sor.fasta
* Read 0 ALT contigs
* Reading reference genome..
* Binary seq file = reference.genbank.Sor.fasta.0123
* Reference genome size: 2685325284 bp
* Done reading reference genome !!

------------------------------------------
1. Memory pre-allocation for Chaining: 5679.4903 MB
2. Memory pre-allocation for BSW: 9584.6810 MB
[M::memoryAllocLearned::MEME] Reading Learned-index models into memory
[Learned-Config] MODE:3 SEARCH_METHOD: 1 MEM_TRADEOFF:1 EXPONENTIAL_SMEMSEARCH: 1 DEBUG_MODE:0 Num 2nd Models:268435456 PWL Bits Used:28
[M::memoryAllocLearned::MEME] Loading RMI model and Pac reference file took 18.190 sec
[M::memoryAllocLearned::MEME] Reading suffix array into memory
[M::memoryAllocLearned::MEME] Loading pos_packed file took 26.671 sec
[M::memoryAllocLearned::MEME] Generating SA, 64-bit Suffix and ISA in memory
[M::memoryAllocLearned::MEME] Runtime-build-index took 26.264 sec
3. Memory pre-allocation for BWT: 14070.0171 MB
------------------------------------------
* Threads used (compute): 40
* No. of pipeline threads: 2

[0000] read_chunk: 400000000, work_chunk_size: 400000214, nseq: 3182096
	[0000][ M::kt_pipeline] read 3182096 sequences (400000214 bp)...
[0000] Reallocating initial memory allocations!!
[0000] Calling mem_process_seqs.., task: 0
[0000] 1. Calling kt_for - worker_bwt
[0000] read_chunk: 400000000, work_chunk_size: 172300551, nseq: 1371100
	[0000][ M::kt_pipeline] read 1371100 sequences (172300551 bp)...
[0000] 2. Calling kt_for - worker_aln
[0000] Inferring insert size distribution of PE reads from data, l_pac: 1342662642, n: 3182096
[0000][PE] # candidate unique pairs for (FF, FR, RF, RR): (22, 1122627, 70, 14)
[0000][PE] analyzing insert size distribution for orientation FF...
[0000][PE] (25, 50, 75) percentile: (129, 160, 269)
[0000][PE] low and high boundaries for computing mean and std.dev: (1, 549)
[0000][PE] mean and std.dev: (180.45, 99.03)
[0000][PE] low and high boundaries for proper pairs: (1, 689)
[0000][PE] analyzing insert size distribution for orientation FR...
[0000][PE] (25, 50, 75) percentile: (105, 172, 251)
[0000][PE] low and high boundaries for computing mean and std.dev: (1, 543)
[0000][PE] mean and std.dev: (184.01, 94.61)
[0000][PE] low and high boundaries for proper pairs: (1, 689)
[0000][PE] analyzing insert size distribution for orientation RF...
[0000][PE] (25, 50, 75) percentile: (122, 277, 525)
[0000][PE] low and high boundaries for computing mean and std.dev: (1, 1331)
[0000][PE] mean and std.dev: (351.25, 322.87)
[0000][PE] low and high boundaries for proper pairs: (1, 1734)
[0000][PE] analyzing insert size distribution for orientation RR...
[0000][PE] (25, 50, 75) percentile: (115, 200, 252)
[0000][PE] low and high boundaries for computing mean and std.dev: (1, 526)
[0000][PE] mean and std.dev: (173.25, 94.72)
[0000][PE] low and high boundaries for proper pairs: (1, 663)
[0000][PE] skip orientation FF
[0000][PE] skip orientation RF
[0000][PE] skip orientation RR
[0000] 3. Calling kt_for - worker_sam
	[0000][ M::mem_process_seqs] Processed 3182096 reads in 517.709 CPU sec, 13.779 real sec
[0000] Calling mem_process_seqs.., task: 1
[0000] 1. Calling kt_for - worker_bwt
[0000] 2. Calling kt_for - worker_aln
[0000] read_chunk: 400000000, work_chunk_size: 0, nseq: 0
[0000] Inferring insert size distribution of PE reads from data, l_pac: 1342662642, n: 1371100
[0000][PE] # candidate unique pairs for (FF, FR, RF, RR): (6, 484271, 24, 4)
[0000][PE] skip orientation FF as there are not enough pairs
[0000][PE] analyzing insert size distribution for orientation FR...
[0000][PE] (25, 50, 75) percentile: (105, 172, 251)
[0000][PE] low and high boundaries for computing mean and std.dev: (1, 543)
[0000][PE] mean and std.dev: (184.18, 94.77)
[0000][PE] low and high boundaries for proper pairs: (1, 689)
[0000][PE] analyzing insert size distribution for orientation RF...
[0000][PE] (25, 50, 75) percentile: (119, 235, 548)
[0000][PE] low and high boundaries for computing mean and std.dev: (1, 1406)
[0000][PE] mean and std.dev: (285.41, 224.28)
[0000][PE] low and high boundaries for proper pairs: (1, 1835)
[0000][PE] skip orientation RR as there are not enough pairs
[0000][PE] skip orientation RF
[0000] 3. Calling kt_for - worker_sam
	[0000][ M::mem_process_seqs] Processed 1371100 reads in 229.955 CPU sec, 6.883 real sec
[0000] read_chunk: 400000000, work_chunk_size: 0, nseq: 0
[0000] Computation ends..
No. of OMP threads: 40
Processor is running @2394.735528 MHz
Runtime profile:

	Time taken for main_mem function: 91.87 sec

	IO times (sec) :
	Reading IO time (reads) avg: 13.83, (13.83, 13.83)
	Writing IO time (SAM) avg: 5.25, (5.25, 5.25)
	Reading IO time (Reference Genome) avg: 1.69, (1.69, 1.69)
	Index read time avg: 0.26, (0.26, 0.26)

	Overall time (sec) (Excluding Index reading time):
	PROCESS() (Total compute time + (read + SAM) IO time) : 89.91
	MEM_PROCESS_SEQ() (Total compute time (Kernel + SAM)), avg: 20.66, (20.66, 20.66)

	 SAM Processing time (sec):
	--WORKER_SAM avg: 6.33, (6.33, 6.33)

	Kernels' compute time (sec):
	Total kernel (smem+sal+bsw) time avg: 13.86, (13.86, 13.86)
		MEM_ALN_CHAIN_FLT avg: 0.00, (0.00, 0.00)
		MEM_ALN_CHAIN_SEED avg: 0.00, (0.00, 0.00)
		ERT_SEED_CHAIN avg: 0.00, (0.00, 0.00)
	LEARNED_SEED_CHAIN avg: 5.39, (5.49, 5.37)
		SMEM compute avg: 0.00, (0.00, 0.00)
		SAL compute avg: 0.00, (0.00, 0.00)
				MEM_SA avg: 0.00, (0.00, 0.00)

		BSW time, avg: 7.45, (7.68, 7.32)

Important parameter settings: 
	BATCH_SIZE: 512
	MAX_SEQ_LEN_REF: 256
	MAX_SEQ_LEN_QER: 128
	MAX_SEQ_LEN8: 128
	SEEDS_PER_READ: 500
	SIMD_WIDTH8 X: 64
	SIMD_WIDTH16 X: 32
	AVG_SEEDS_PER_READ: 64
