Looking to launch executable "/opt/conda/bin/bwa-meme_mode3.avx512bw", simd = _mode3.avx512bw
Launching executable "/opt/conda/bin/bwa-meme_mode3.avx512bw"
-----------------------------
Executing in AVX512 mode!!
-----------------------------
* SA compression enabled with xfactor: 8
* Ref file: reference.genbank.Sor.fasta
* Entering FMI_search
Reading other elements of the index from files reference.genbank.Sor.fasta
* Index prefix: reference.genbank.Sor.fasta
* Read 0 ALT contigs
* Reading reference genome..
* Binary seq file = reference.genbank.Sor.fasta.0123
* Reference genome size: 2685325284 bp
* Done reading reference genome !!

------------------------------------------
1. Memory pre-allocation for Chaining: 5679.4903 MB
2. Memory pre-allocation for BSW: 9584.6810 MB
[M::memoryAllocLearned::MEME] Reading Learned-index models into memory
[Learned-Config] MODE:3 SEARCH_METHOD: 1 MEM_TRADEOFF:1 EXPONENTIAL_SMEMSEARCH: 1 DEBUG_MODE:0 Num 2nd Models:268435456 PWL Bits Used:28
[M::memoryAllocLearned::MEME] Loading RMI model and Pac reference file took 18.358 sec
[M::memoryAllocLearned::MEME] Reading suffix array into memory
[M::memoryAllocLearned::MEME] Loading pos_packed file took 25.097 sec
[M::memoryAllocLearned::MEME] Generating SA, 64-bit Suffix and ISA in memory
[M::memoryAllocLearned::MEME] Runtime-build-index took 29.521 sec
3. Memory pre-allocation for BWT: 14070.0171 MB
------------------------------------------
* Threads used (compute): 40
* No. of pipeline threads: 2

[0000] read_chunk: 400000000, work_chunk_size: 400000069, nseq: 2881638
	[0000][ M::kt_pipeline] read 2881638 sequences (400000069 bp)...
[0000] Reallocating initial memory allocations!!
[0000] Calling mem_process_seqs.., task: 0
[0000] 1. Calling kt_for - worker_bwt
[0000] 2. Calling kt_for - worker_aln
[0000] read_chunk: 400000000, work_chunk_size: 226505762, nseq: 1631848
	[0000][ M::kt_pipeline] read 1631848 sequences (226505762 bp)...
[0000] Inferring insert size distribution of PE reads from data, l_pac: 1342662642, n: 2881638
[0000][PE] # candidate unique pairs for (FF, FR, RF, RR): (54, 1039344, 61, 39)
[0000][PE] analyzing insert size distribution for orientation FF...
[0000][PE] (25, 50, 75) percentile: (115, 184, 265)
[0000][PE] low and high boundaries for computing mean and std.dev: (1, 565)
[0000][PE] mean and std.dev: (174.11, 85.03)
[0000][PE] low and high boundaries for proper pairs: (1, 715)
[0000][PE] analyzing insert size distribution for orientation FR...
[0000][PE] (25, 50, 75) percentile: (156, 231, 313)
[0000][PE] low and high boundaries for computing mean and std.dev: (1, 627)
[0000][PE] mean and std.dev: (234.56, 97.36)
[0000][PE] low and high boundaries for proper pairs: (1, 784)
[0000][PE] analyzing insert size distribution for orientation RF...
[0000][PE] (25, 50, 75) percentile: (142, 360, 882)
[0000][PE] low and high boundaries for computing mean and std.dev: (1, 2362)
[0000][PE] mean and std.dev: (491.33, 479.95)
[0000][PE] low and high boundaries for proper pairs: (1, 3102)
[0000][PE] analyzing insert size distribution for orientation RR...
[0000][PE] (25, 50, 75) percentile: (129, 169, 245)
[0000][PE] low and high boundaries for computing mean and std.dev: (1, 477)
[0000][PE] mean and std.dev: (170.58, 78.04)
[0000][PE] low and high boundaries for proper pairs: (1, 593)
[0000][PE] skip orientation FF
[0000][PE] skip orientation RF
[0000][PE] skip orientation RR
[0000] 3. Calling kt_for - worker_sam
	[0000][ M::mem_process_seqs] Processed 2881638 reads in 496.354 CPU sec, 13.208 real sec
[0000] Calling mem_process_seqs.., task: 1
[0000] 1. Calling kt_for - worker_bwt
[0000] 2. Calling kt_for - worker_aln
[0000] read_chunk: 400000000, work_chunk_size: 0, nseq: 0
[0000] Inferring insert size distribution of PE reads from data, l_pac: 1342662642, n: 1631848
[0000][PE] # candidate unique pairs for (FF, FR, RF, RR): (36, 591048, 59, 35)
[0000][PE] analyzing insert size distribution for orientation FF...
[0000][PE] (25, 50, 75) percentile: (131, 176, 233)
[0000][PE] low and high boundaries for computing mean and std.dev: (1, 437)
[0000][PE] mean and std.dev: (186.35, 83.35)
[0000][PE] low and high boundaries for proper pairs: (1, 539)
[0000][PE] analyzing insert size distribution for orientation FR...
[0000][PE] (25, 50, 75) percentile: (156, 231, 312)
[0000][PE] low and high boundaries for computing mean and std.dev: (1, 624)
[0000][PE] mean and std.dev: (234.54, 97.30)
[0000][PE] low and high boundaries for proper pairs: (1, 780)
[0000][PE] analyzing insert size distribution for orientation RF...
[0000][PE] (25, 50, 75) percentile: (123, 215, 470)
[0000][PE] low and high boundaries for computing mean and std.dev: (1, 1164)
[0000][PE] mean and std.dev: (264.13, 233.31)
[0000][PE] low and high boundaries for proper pairs: (1, 1511)
[0000][PE] analyzing insert size distribution for orientation RR...
[0000][PE] (25, 50, 75) percentile: (140, 180, 213)
[0000][PE] low and high boundaries for computing mean and std.dev: (1, 359)
[0000][PE] mean and std.dev: (172.94, 47.74)
[0000][PE] low and high boundaries for proper pairs: (1, 432)
[0000][PE] skip orientation FF
[0000][PE] skip orientation RF
[0000][PE] skip orientation RR
[0000] 3. Calling kt_for - worker_sam
	[0000][ M::mem_process_seqs] Processed 1631848 reads in 281.622 CPU sec, 8.116 real sec
[0000] read_chunk: 400000000, work_chunk_size: 0, nseq: 0
[0000] Computation ends..
No. of OMP threads: 40
Processor is running @2394.728270 MHz
Runtime profile:

	Time taken for main_mem function: 91.29 sec

	IO times (sec) :
	Reading IO time (reads) avg: 14.62, (14.62, 14.62)
	Writing IO time (SAM) avg: 5.21, (5.21, 5.21)
	Reading IO time (Reference Genome) avg: 1.76, (1.76, 1.76)
	Index read time avg: 0.27, (0.27, 0.27)

	Overall time (sec) (Excluding Index reading time):
	PROCESS() (Total compute time + (read + SAM) IO time) : 89.25
	MEM_PROCESS_SEQ() (Total compute time (Kernel + SAM)), avg: 21.32, (21.32, 21.32)

	 SAM Processing time (sec):
	--WORKER_SAM avg: 6.83, (6.83, 6.83)

	Kernels' compute time (sec):
	Total kernel (smem+sal+bsw) time avg: 14.04, (14.04, 14.04)
		MEM_ALN_CHAIN_FLT avg: 0.00, (0.00, 0.00)
		MEM_ALN_CHAIN_SEED avg: 0.00, (0.00, 0.00)
		ERT_SEED_CHAIN avg: 0.00, (0.00, 0.00)
	LEARNED_SEED_CHAIN avg: 5.19, (5.33, 5.16)
		SMEM compute avg: 0.00, (0.00, 0.00)
		SAL compute avg: 0.00, (0.00, 0.00)
				MEM_SA avg: 0.00, (0.00, 0.00)

		BSW time, avg: 7.90, (8.11, 7.80)

Important parameter settings: 
	BATCH_SIZE: 512
	MAX_SEQ_LEN_REF: 256
	MAX_SEQ_LEN_QER: 128
	MAX_SEQ_LEN8: 128
	SEEDS_PER_READ: 500
	SIMD_WIDTH8 X: 64
	SIMD_WIDTH16 X: 32
	AVG_SEEDS_PER_READ: 64
