Looking to launch executable "/opt/conda/bin/bwa-meme_mode3.avx512bw", simd = _mode3.avx512bw
Launching executable "/opt/conda/bin/bwa-meme_mode3.avx512bw"
-----------------------------
Executing in AVX512 mode!!
-----------------------------
* SA compression enabled with xfactor: 8
* Ref file: reference.genbank.Sor.fasta
* Entering FMI_search
Reading other elements of the index from files reference.genbank.Sor.fasta
* Index prefix: reference.genbank.Sor.fasta
* Read 0 ALT contigs
* Reading reference genome..
* Binary seq file = reference.genbank.Sor.fasta.0123
* Reference genome size: 2685325284 bp
* Done reading reference genome !!

------------------------------------------
1. Memory pre-allocation for Chaining: 5679.4903 MB
2. Memory pre-allocation for BSW: 9584.6810 MB
[M::memoryAllocLearned::MEME] Reading Learned-index models into memory
[Learned-Config] MODE:3 SEARCH_METHOD: 1 MEM_TRADEOFF:1 EXPONENTIAL_SMEMSEARCH: 1 DEBUG_MODE:0 Num 2nd Models:268435456 PWL Bits Used:28
[M::memoryAllocLearned::MEME] Loading RMI model and Pac reference file took 18.232 sec
[M::memoryAllocLearned::MEME] Reading suffix array into memory
[M::memoryAllocLearned::MEME] Loading pos_packed file took 27.982 sec
[M::memoryAllocLearned::MEME] Generating SA, 64-bit Suffix and ISA in memory
[M::memoryAllocLearned::MEME] Runtime-build-index took 26.022 sec
3. Memory pre-allocation for BWT: 14070.0171 MB
------------------------------------------
* Threads used (compute): 40
* No. of pipeline threads: 2

[0000] read_chunk: 400000000, work_chunk_size: 364818701, nseq: 3295336
	[0000][ M::kt_pipeline] read 3295336 sequences (364818701 bp)...
[0000] Reallocating initial memory allocations!!
[0000] read_chunk: 400000000, work_chunk_size: 0, nseq: 0
[0000] Calling mem_process_seqs.., task: 0
[0000] 1. Calling kt_for - worker_bwt
[0000] 2. Calling kt_for - worker_aln
[0000] Inferring insert size distribution of PE reads from data, l_pac: 1342662642, n: 3295336
[0000][PE] # candidate unique pairs for (FF, FR, RF, RR): (14, 1156584, 30, 7)
[0000][PE] analyzing insert size distribution for orientation FF...
[0000][PE] (25, 50, 75) percentile: (51, 108, 141)
[0000][PE] low and high boundaries for computing mean and std.dev: (1, 321)
[0000][PE] mean and std.dev: (91.00, 48.38)
[0000][PE] low and high boundaries for proper pairs: (1, 411)
[0000][PE] analyzing insert size distribution for orientation FR...
[0000][PE] (25, 50, 75) percentile: (80, 116, 164)
[0000][PE] low and high boundaries for computing mean and std.dev: (1, 332)
[0000][PE] mean and std.dev: (127.05, 61.49)
[0000][PE] low and high boundaries for proper pairs: (1, 416)
[0000][PE] analyzing insert size distribution for orientation RF...
[0000][PE] (25, 50, 75) percentile: (71, 407, 1255)
[0000][PE] low and high boundaries for computing mean and std.dev: (1, 3623)
[0000][PE] mean and std.dev: (714.17, 851.06)
[0000][PE] low and high boundaries for proper pairs: (1, 4807)
[0000][PE] skip orientation RR as there are not enough pairs
[0000][PE] skip orientation FF
[0000][PE] skip orientation RF
[0000] 3. Calling kt_for - worker_sam
	[0000][ M::mem_process_seqs] Processed 3295336 reads in 427.877 CPU sec, 11.434 real sec
[0000] read_chunk: 400000000, work_chunk_size: 0, nseq: 0
[0000] Computation ends..
No. of OMP threads: 40
Processor is running @2394.717030 MHz
Runtime profile:

	Time taken for main_mem function: 85.70 sec

	IO times (sec) :
	Reading IO time (reads) avg: 9.39, (9.39, 9.39)
	Writing IO time (SAM) avg: 2.06, (2.06, 2.06)
	Reading IO time (Reference Genome) avg: 1.68, (1.68, 1.68)
	Index read time avg: 0.25, (0.25, 0.25)

	Overall time (sec) (Excluding Index reading time):
	PROCESS() (Total compute time + (read + SAM) IO time) : 83.75
	MEM_PROCESS_SEQ() (Total compute time (Kernel + SAM)), avg: 11.43, (11.43, 11.43)

	 SAM Processing time (sec):
	--WORKER_SAM avg: 3.07, (3.07, 3.07)

	Kernels' compute time (sec):
	Total kernel (smem+sal+bsw) time avg: 8.05, (8.05, 8.05)
		MEM_ALN_CHAIN_FLT avg: 0.00, (0.00, 0.00)
		MEM_ALN_CHAIN_SEED avg: 0.00, (0.00, 0.00)
		ERT_SEED_CHAIN avg: 0.00, (0.00, 0.00)
	LEARNED_SEED_CHAIN avg: 3.30, (3.37, 3.29)
		SMEM compute avg: 0.00, (0.00, 0.00)
		SAL compute avg: 0.00, (0.00, 0.00)
				MEM_SA avg: 0.00, (0.00, 0.00)

		BSW time, avg: 4.37, (4.46, 4.32)

Important parameter settings: 
	BATCH_SIZE: 512
	MAX_SEQ_LEN_REF: 256
	MAX_SEQ_LEN_QER: 128
	MAX_SEQ_LEN8: 128
	SEEDS_PER_READ: 500
	SIMD_WIDTH8 X: 64
	SIMD_WIDTH16 X: 32
	AVG_SEEDS_PER_READ: 64
