Looking to launch executable "/opt/conda/bin/bwa-meme_mode3.avx512bw", simd = _mode3.avx512bw
Launching executable "/opt/conda/bin/bwa-meme_mode3.avx512bw"
-----------------------------
Executing in AVX512 mode!!
-----------------------------
* SA compression enabled with xfactor: 8
* Ref file: reference.genbank.Sor.fasta
* Entering FMI_search
Reading other elements of the index from files reference.genbank.Sor.fasta
* Index prefix: reference.genbank.Sor.fasta
* Read 0 ALT contigs
* Reading reference genome..
* Binary seq file = reference.genbank.Sor.fasta.0123
* Reference genome size: 2685325284 bp
* Done reading reference genome !!

------------------------------------------
1. Memory pre-allocation for Chaining: 5679.4903 MB
2. Memory pre-allocation for BSW: 9584.6810 MB
[M::memoryAllocLearned::MEME] Reading Learned-index models into memory
[Learned-Config] MODE:3 SEARCH_METHOD: 1 MEM_TRADEOFF:1 EXPONENTIAL_SMEMSEARCH: 1 DEBUG_MODE:0 Num 2nd Models:268435456 PWL Bits Used:28
[M::memoryAllocLearned::MEME] Loading RMI model and Pac reference file took 18.171 sec
[M::memoryAllocLearned::MEME] Reading suffix array into memory
[M::memoryAllocLearned::MEME] Loading pos_packed file took 26.765 sec
[M::memoryAllocLearned::MEME] Generating SA, 64-bit Suffix and ISA in memory
[M::memoryAllocLearned::MEME] Runtime-build-index took 26.905 sec
3. Memory pre-allocation for BWT: 14070.0171 MB
------------------------------------------
* Threads used (compute): 40
* No. of pipeline threads: 2

[0000] read_chunk: 400000000, work_chunk_size: 400000101, nseq: 3309154
	[0000][ M::kt_pipeline] read 3309154 sequences (400000101 bp)...
[0000] Reallocating initial memory allocations!!
[0000] Calling mem_process_seqs.., task: 0
[0000] 1. Calling kt_for - worker_bwt
[0000] read_chunk: 400000000, work_chunk_size: 140143653, nseq: 1159850
	[0000][ M::kt_pipeline] read 1159850 sequences (140143653 bp)...
[0000] 2. Calling kt_for - worker_aln
[0000] Inferring insert size distribution of PE reads from data, l_pac: 1342662642, n: 3309154
[0000][PE] # candidate unique pairs for (FF, FR, RF, RR): (25, 1182127, 30, 14)
[0000][PE] analyzing insert size distribution for orientation FF...
[0000][PE] (25, 50, 75) percentile: (44, 92, 158)
[0000][PE] low and high boundaries for computing mean and std.dev: (1, 386)
[0000][PE] mean and std.dev: (98.83, 62.32)
[0000][PE] low and high boundaries for proper pairs: (1, 500)
[0000][PE] analyzing insert size distribution for orientation FR...
[0000][PE] (25, 50, 75) percentile: (96, 140, 198)
[0000][PE] low and high boundaries for computing mean and std.dev: (1, 402)
[0000][PE] mean and std.dev: (152.19, 72.86)
[0000][PE] low and high boundaries for proper pairs: (1, 504)
[0000][PE] analyzing insert size distribution for orientation RF...
[0000][PE] (25, 50, 75) percentile: (161, 371, 608)
[0000][PE] low and high boundaries for computing mean and std.dev: (1, 1502)
[0000][PE] mean and std.dev: (327.23, 227.46)
[0000][PE] low and high boundaries for proper pairs: (1, 1949)
[0000][PE] analyzing insert size distribution for orientation RR...
[0000][PE] (25, 50, 75) percentile: (66, 99, 135)
[0000][PE] low and high boundaries for computing mean and std.dev: (1, 273)
[0000][PE] mean and std.dev: (107.86, 55.06)
[0000][PE] low and high boundaries for proper pairs: (1, 342)
[0000][PE] skip orientation FF
[0000][PE] skip orientation RF
[0000][PE] skip orientation RR
[0000] 3. Calling kt_for - worker_sam
	[0000][ M::mem_process_seqs] Processed 3309154 reads in 473.854 CPU sec, 12.824 real sec
[0000] Calling mem_process_seqs.., task: 1
[0000] 1. Calling kt_for - worker_bwt
[0000] 2. Calling kt_for - worker_aln
[0000] Inferring insert size distribution of PE reads from data, l_pac: 1342662642, n: 1159850
[0000][PE] # candidate unique pairs for (FF, FR, RF, RR): (4, 415743, 13, 9)
[0000][PE] skip orientation FF as there are not enough pairs
[0000][PE] analyzing insert size distribution for orientation FR...
[0000][PE] (25, 50, 75) percentile: (95, 140, 198)
[0000][PE] low and high boundaries for computing mean and std.dev: (1, 404)
[0000][PE] mean and std.dev: (152.28, 73.02)
[0000][PE] low and high boundaries for proper pairs: (1, 507)
[0000][PE] analyzing insert size distribution for orientation RF...
[0000][PE] (25, 50, 75) percentile: (226, 420, 3280)
[0000][PE] low and high boundaries for computing mean and std.dev: (1, 9388)
[0000][PE] mean and std.dev: (1275.38, 1590.56)
[0000][PE] low and high boundaries for proper pairs: (1, 12442)
[0000][PE] skip orientation RR as there are not enough pairs
[0000][PE] skip orientation RF
[0000] 3. Calling kt_for - worker_sam
[0000] read_chunk: 400000000, work_chunk_size: 0, nseq: 0
	[0000][ M::mem_process_seqs] Processed 1159850 reads in 168.858 CPU sec, 5.051 real sec
[0000] read_chunk: 400000000, work_chunk_size: 0, nseq: 0
[0000] Computation ends..
No. of OMP threads: 40
Processor is running @2394.719386 MHz
Runtime profile:

	Time taken for main_mem function: 89.91 sec

	IO times (sec) :
	Reading IO time (reads) avg: 12.98, (12.98, 12.98)
	Writing IO time (SAM) avg: 4.76, (4.76, 4.76)
	Reading IO time (Reference Genome) avg: 1.82, (1.82, 1.82)
	Index read time avg: 0.27, (0.27, 0.27)

	Overall time (sec) (Excluding Index reading time):
	PROCESS() (Total compute time + (read + SAM) IO time) : 87.81
	MEM_PROCESS_SEQ() (Total compute time (Kernel + SAM)), avg: 17.87, (17.87, 17.87)

	 SAM Processing time (sec):
	--WORKER_SAM avg: 4.82, (4.82, 4.82)

	Kernels' compute time (sec):
	Total kernel (smem+sal+bsw) time avg: 12.61, (12.61, 12.61)
		MEM_ALN_CHAIN_FLT avg: 0.00, (0.00, 0.00)
		MEM_ALN_CHAIN_SEED avg: 0.00, (0.00, 0.00)
		ERT_SEED_CHAIN avg: 0.00, (0.00, 0.00)
	LEARNED_SEED_CHAIN avg: 5.00, (5.17, 4.97)
		SMEM compute avg: 0.00, (0.00, 0.00)
		SAL compute avg: 0.00, (0.00, 0.00)
				MEM_SA avg: 0.00, (0.00, 0.00)

		BSW time, avg: 6.75, (6.98, 6.61)

Important parameter settings: 
	BATCH_SIZE: 512
	MAX_SEQ_LEN_REF: 256
	MAX_SEQ_LEN_QER: 128
	MAX_SEQ_LEN8: 128
	SEEDS_PER_READ: 500
	SIMD_WIDTH8 X: 64
	SIMD_WIDTH16 X: 32
	AVG_SEEDS_PER_READ: 64
