[2025-07-02 20:27:46,533] multiqc                                            [DEBUG  ]  No MultiQC config found: /opt/conda/lib/python3.7/site-packages/multiqc_config.yaml
[2025-07-02 20:27:46,535] multiqc                                            [DEBUG  ]  No MultiQC config found: /home/hpc-0373/.multiqc_config.yaml
[2025-07-02 20:27:46,535] multiqc                                            [DEBUG  ]  No MultiQC config found: multiqc_config.yaml
[2025-07-02 20:27:46,536] multiqc                                            [DEBUG  ]  Found command line config: {'max_table_rows': 3000}
[2025-07-02 20:27:46,537] multiqc                                            [DEBUG  ]  New config 'max_table_rows': 3000
[2025-07-02 20:27:46,537] multiqc                                            [DEBUG  ]  Command used: /opt/conda/bin/multiqc -v -p -ip -f --data-dir --data-format tsv --cl-config max_table_rows: 3000 --filename fqc_rprd_report --outdir ./fq_fp1_clmp_fp2_fqscrn_rprd ./fq_fp1_clmp_fp2_fqscrn_rprd
[2025-07-02 20:27:46,692] multiqc                                            [DEBUG  ]  Could not connect to multiqc.info for version check: <urlopen error [SSL: CERTIFICATE_VERIFY_FAILED] certificate verify failed: unable to get local issuer certificate (_ssl.c:1076)>
[2025-07-02 20:27:46,695] multiqc                                            [INFO   ]  This is MultiQC v1.9
[2025-07-02 20:27:46,695] multiqc                                            [DEBUG  ]  Command     : /opt/conda/bin/multiqc -v -p -ip -f --data-dir --data-format tsv --cl-config max_table_rows: 3000 --filename fqc_rprd_report --outdir ./fq_fp1_clmp_fp2_fqscrn_rprd ./fq_fp1_clmp_fp2_fqscrn_rprd
[2025-07-02 20:27:46,696] multiqc                                            [DEBUG  ]  Working dir : /archive/carpenterlab/pire/pire_sphaeramia_orbicularis_lcwgs/3rd_sequencing_run
[2025-07-02 20:27:46,696] multiqc                                            [INFO   ]  Template    : default
[2025-07-02 20:27:46,697] multiqc                                            [DEBUG  ]  Running Python 3.7.7 (default, Jun 26 2020, 05:10:03)  [GCC 7.3.0]
[2025-07-02 20:27:46,697] multiqc                                            [INFO   ]  Searching   : /archive/carpenterlab/pire/pire_sphaeramia_orbicularis_lcwgs/3rd_sequencing_run/fq_fp1_clmp_fp2_fqscrn_rprd
[2025-07-02 20:27:46,699] multiqc                                            [DEBUG  ]  Analysing modules: custom_content, conpair, peddy, somalier, methylQA, mosdepth, phantompeakqualtools, qualimap, preseq, quast, qorts, rna_seqc, rockhopper, rsem, rseqc, busco, goleft_indexcov, disambiguate, supernova, deeptools, sargasso, verifybamid, mirtrace, happy, mirtop, homer, macs2, theta2, snpeff, gatk, htseq, bcftools, featureCounts, fgbio, dragen, dedup, damageprofiler, biobambam2, mtnucratio, picard, prokka, samblaster, samtools, sexdeterrmine, bamtools, jellyfish, vcftools, longranger, stacks, varscan2, bbmap, bismark, biscuit, hicexplorer, hicup, hicpro, salmon, kallisto, slamdunk, star, hisat2, tophat, bowtie2, bowtie1, snpsplit, kat, leehom, adapterRemoval, clipandmerge, cutadapt, flexbar, kaiju, kraken, malt, trimmomatic, sickle, skewer, sortmerna, biobloomtools, fastq_screen, afterqc, fastp, fastqc, pycoqc, minionqc, multivcfanalyzer, clusterflow, bcl2fastq, interop, ivar, flash, seqyclean
[2025-07-02 20:27:46,699] multiqc                                            [DEBUG  ]  Using temporary directory for creating report: /tmp/tmpk_zd9nz3
[2025-07-02 20:27:47,010] multiqc                                            [DEBUG  ]  File ignored by hicexplorer because it exceeded search pattern filesize limit: Sor-CPnd_063-Ex1-7D-lcwgs-1-3.clmp.fp2_repr.R1_fastqc.html
[2025-07-02 20:27:47,027] multiqc                                            [DEBUG  ]  File ignored by longranger/invocation because it exceeded search pattern filesize limit: Sor-CPnd_063-Ex1-7D-lcwgs-1-3.clmp.fp2_repr.R1_fastqc.html
[2025-07-02 20:27:47,134] multiqc                                            [DEBUG  ]  Ignoring file as matched an ignore pattern: Sor-CPnd_005-Ex1-3D-lcwgs-1-3.clmp.fp2_repr.R1.fq.gz
[2025-07-02 20:27:47,182] multiqc                                            [DEBUG  ]  File ignored by hicexplorer because it exceeded search pattern filesize limit: Sor-CPnd_055-Ex1-7G-lcwgs-1-3.clmp.fp2_repr.R2_fastqc.html
[2025-07-02 20:27:47,195] multiqc                                            [DEBUG  ]  File ignored by longranger/invocation because it exceeded search pattern filesize limit: Sor-CPnd_055-Ex1-7G-lcwgs-1-3.clmp.fp2_repr.R2_fastqc.html
[2025-07-02 20:27:47,344] multiqc                                            [DEBUG  ]  File ignored by hicexplorer because it exceeded search pattern filesize limit: Sor-CPnd_017-Ex1-3G-lcwgs-1-3.clmp.fp2_repr.R1_fastqc.html
[2025-07-02 20:27:47,359] multiqc                                            [DEBUG  ]  File ignored by longranger/invocation because it exceeded search pattern filesize limit: Sor-CPnd_017-Ex1-3G-lcwgs-1-3.clmp.fp2_repr.R1_fastqc.html
[2025-07-02 20:27:47,505] multiqc                                            [DEBUG  ]  File ignored by hicexplorer because it exceeded search pattern filesize limit: Sor-CPnd_030-Ex1-2H-lcwgs-1-3.clmp.fp2_repr.R2_fastqc.html
[2025-07-02 20:27:47,517] multiqc                                            [DEBUG  ]  File ignored by longranger/invocation because it exceeded search pattern filesize limit: Sor-CPnd_030-Ex1-2H-lcwgs-1-3.clmp.fp2_repr.R2_fastqc.html
[2025-07-02 20:27:47,656] multiqc                                            [DEBUG  ]  File ignored by hicexplorer because it exceeded search pattern filesize limit: Sor-CPnd_003-Ex1-2B-lcwgs-1-3.clmp.fp2_repr.R1_fastqc.html
[2025-07-02 20:27:47,670] multiqc                                            [DEBUG  ]  File ignored by longranger/invocation because it exceeded search pattern filesize limit: Sor-CPnd_003-Ex1-2B-lcwgs-1-3.clmp.fp2_repr.R1_fastqc.html
[2025-07-02 20:27:47,769] multiqc                                            [DEBUG  ]  Ignoring file as matched an ignore pattern: Sor-CPnd_013-Ex1-7F-lcwgs-1-3.clmp.fp2_repr.R1.fq.gz
[2025-07-02 20:27:47,811] multiqc                                            [DEBUG  ]  File ignored by hicexplorer because it exceeded search pattern filesize limit: Sor-CPnd_013-Ex1-7F-lcwgs-1-3.clmp.fp2_repr.R2_fastqc.html
[2025-07-02 20:27:47,821] multiqc                                            [DEBUG  ]  File ignored by longranger/invocation because it exceeded search pattern filesize limit: Sor-CPnd_013-Ex1-7F-lcwgs-1-3.clmp.fp2_repr.R2_fastqc.html
[2025-07-02 20:27:47,883] multiqc                                            [DEBUG  ]  Ignoring file as matched an ignore pattern: Sor-CPnd_058-Ex1-2G-lcwgs-1-3.clmp.fp2_repr.R1.fq.gz
[2025-07-02 20:27:47,883] multiqc                                            [DEBUG  ]  Ignoring file as matched an ignore pattern: Sor-CPnd_046-Ex1-5A-lcwgs-1-3.clmp.fp2_repr.R1.fq.gz
[2025-07-02 20:27:47,969] multiqc                                            [DEBUG  ]  File ignored by hicexplorer because it exceeded search pattern filesize limit: Sor-CPnd_058-Ex1-2G-lcwgs-1-3.clmp.fp2_repr.R1_fastqc.html
[2025-07-02 20:27:47,983] multiqc                                            [DEBUG  ]  File ignored by longranger/invocation because it exceeded search pattern filesize limit: Sor-CPnd_058-Ex1-2G-lcwgs-1-3.clmp.fp2_repr.R1_fastqc.html
[2025-07-02 20:27:48,100] multiqc                                            [DEBUG  ]  File ignored by hicexplorer because it exceeded search pattern filesize limit: Sor-CPnd_019-Ex1-6G-lcwgs-1-3.clmp.fp2_repr.R2_fastqc.html
[2025-07-02 20:27:48,112] multiqc                                            [DEBUG  ]  File ignored by longranger/invocation because it exceeded search pattern filesize limit: Sor-CPnd_019-Ex1-6G-lcwgs-1-3.clmp.fp2_repr.R2_fastqc.html
[2025-07-02 20:27:48,180] multiqc                                            [DEBUG  ]  Ignoring file as matched an ignore pattern: Sor-CPnd_034-Ex1-4G-lcwgs-1-3.clmp.fp2_repr.R2.fq.gz
[2025-07-02 20:27:48,181] multiqc                                            [DEBUG  ]  Ignoring file as matched an ignore pattern: Sor-CPnd_009-Ex1-6A-lcwgs-1-3.clmp.fp2_repr.R2.fq.gz
[2025-07-02 20:27:48,239] multiqc                                            [DEBUG  ]  File ignored by hicexplorer because it exceeded search pattern filesize limit: Sor-CPnd_049-Ex1-3B-lcwgs-1-3.clmp.fp2_repr.R1_fastqc.html
[2025-07-02 20:27:48,249] multiqc                                            [DEBUG  ]  File ignored by longranger/invocation because it exceeded search pattern filesize limit: Sor-CPnd_049-Ex1-3B-lcwgs-1-3.clmp.fp2_repr.R1_fastqc.html
[2025-07-02 20:27:48,356] multiqc                                            [DEBUG  ]  File ignored by hicexplorer because it exceeded search pattern filesize limit: Sor-CPnd_006-Ex1-2D-lcwgs-1-3.clmp.fp2_repr.R2_fastqc.html
[2025-07-02 20:27:48,368] multiqc                                            [DEBUG  ]  File ignored by longranger/invocation because it exceeded search pattern filesize limit: Sor-CPnd_006-Ex1-2D-lcwgs-1-3.clmp.fp2_repr.R2_fastqc.html
[2025-07-02 20:27:48,486] multiqc                                            [DEBUG  ]  File ignored by hicexplorer because it exceeded search pattern filesize limit: Sor-CPnd_016-Ex1-1B-lcwgs-1-3.clmp.fp2_repr.R1_fastqc.html
[2025-07-02 20:27:48,496] multiqc                                            [DEBUG  ]  File ignored by longranger/invocation because it exceeded search pattern filesize limit: Sor-CPnd_016-Ex1-1B-lcwgs-1-3.clmp.fp2_repr.R1_fastqc.html
[2025-07-02 20:27:48,568] multiqc                                            [DEBUG  ]  Ignoring file as matched an ignore pattern: Sor-CPnd_063-Ex1-7D-lcwgs-1-3.clmp.fp2_repr.R1.fq.gz
[2025-07-02 20:27:48,570] multiqc                                            [DEBUG  ]  Ignoring file as matched an ignore pattern: Sor-CPnd_036-Ex1-5C-lcwgs-1-3.clmp.fp2_repr.R1.fq.gz
[2025-07-02 20:27:48,570] multiqc                                            [DEBUG  ]  Ignoring file as matched an ignore pattern: Sor-CPnd_001-Ex1-3E-lcwgs-1-3.clmp.fp2_repr.R2.fq.gz
[2025-07-02 20:27:48,570] multiqc                                            [DEBUG  ]  Ignoring file as matched an ignore pattern: Sor-CPnd_024-Ex1-5G-lcwgs-1-3.clmp.fp2_repr.R2.fq.gz
[2025-07-02 20:27:48,572] multiqc                                            [DEBUG  ]  Ignoring file as matched an ignore pattern: Sor-CPnd_054-Ex1-8F-lcwgs-1-3.clmp.fp2_repr.R2.fq.gz
[2025-07-02 20:27:48,622] multiqc                                            [DEBUG  ]  File ignored by hicexplorer because it exceeded search pattern filesize limit: Sor-CPnd_045-Ex1-7B-lcwgs-1-3.clmp.fp2_repr.R1_fastqc.html
[2025-07-02 20:27:48,636] multiqc                                            [DEBUG  ]  File ignored by longranger/invocation because it exceeded search pattern filesize limit: Sor-CPnd_045-Ex1-7B-lcwgs-1-3.clmp.fp2_repr.R1_fastqc.html
[2025-07-02 20:27:48,795] multiqc                                            [DEBUG  ]  File ignored by hicexplorer because it exceeded search pattern filesize limit: Sor-CPnd_018-Ex1-1E-lcwgs-1-3.clmp.fp2_repr.R1_fastqc.html
[2025-07-02 20:27:48,810] multiqc                                            [DEBUG  ]  File ignored by longranger/invocation because it exceeded search pattern filesize limit: Sor-CPnd_018-Ex1-1E-lcwgs-1-3.clmp.fp2_repr.R1_fastqc.html
[2025-07-02 20:27:48,913] multiqc                                            [DEBUG  ]  Ignoring file as matched an ignore pattern: Sor-CPnd_019-Ex1-6G-lcwgs-1-3.clmp.fp2_repr.R1.fq.gz
[2025-07-02 20:27:48,914] multiqc                                            [DEBUG  ]  Ignoring file as matched an ignore pattern: Sor-CPnd_037-Ex1-6C-lcwgs-1-3.clmp.fp2_repr.R2.fq.gz
[2025-07-02 20:27:48,915] multiqc                                            [DEBUG  ]  Ignoring file as matched an ignore pattern: Sor-CPnd_022-Ex1-7C-lcwgs-1-3.clmp.fp2_repr.R1.fq.gz
[2025-07-02 20:27:48,916] multiqc                                            [DEBUG  ]  Ignoring file as matched an ignore pattern: Sor-CPnd_029-Ex1-8E-lcwgs-1-3.clmp.fp2_repr.R2.fq.gz
[2025-07-02 20:27:48,917] multiqc                                            [DEBUG  ]  Ignoring file as matched an ignore pattern: Sor-CPnd_020-Ex1-2E-lcwgs-1-3.clmp.fp2_repr.R1.fq.gz
[2025-07-02 20:27:48,982] multiqc                                            [DEBUG  ]  File ignored by hicexplorer because it exceeded search pattern filesize limit: Sor-CPnd_026-Ex1-3H-lcwgs-1-3.clmp.fp2_repr.R1_fastqc.html
[2025-07-02 20:27:48,994] multiqc                                            [DEBUG  ]  File ignored by longranger/invocation because it exceeded search pattern filesize limit: Sor-CPnd_026-Ex1-3H-lcwgs-1-3.clmp.fp2_repr.R1_fastqc.html
[2025-07-02 20:27:49,068] multiqc                                            [DEBUG  ]  Ignoring file as matched an ignore pattern: Sor-CPnd_072-Ex1-8C-lcwgs-1-3.clmp.fp2_repr.R2.fq.gz
[2025-07-02 20:27:49,070] multiqc                                            [DEBUG  ]  Ignoring file as matched an ignore pattern: Sor-CPnd_031-Ex1-5D-lcwgs-1-3.clmp.fp2_repr.R1.fq.gz
[2025-07-02 20:27:49,117] multiqc                                            [DEBUG  ]  File ignored by hicexplorer because it exceeded search pattern filesize limit: Sor-CPnd_043-Ex1-1D-lcwgs-1-3.clmp.fp2_repr.R1_fastqc.html
[2025-07-02 20:27:49,126] multiqc                                            [DEBUG  ]  File ignored by longranger/invocation because it exceeded search pattern filesize limit: Sor-CPnd_043-Ex1-1D-lcwgs-1-3.clmp.fp2_repr.R1_fastqc.html
[2025-07-02 20:27:49,244] multiqc                                            [DEBUG  ]  File ignored by hicexplorer because it exceeded search pattern filesize limit: Sor-CPnd_041-Ex1-7A-lcwgs-1-3.clmp.fp2_repr.R1_fastqc.html
[2025-07-02 20:27:49,259] multiqc                                            [DEBUG  ]  File ignored by longranger/invocation because it exceeded search pattern filesize limit: Sor-CPnd_041-Ex1-7A-lcwgs-1-3.clmp.fp2_repr.R1_fastqc.html
[2025-07-02 20:27:49,371] multiqc                                            [DEBUG  ]  Ignoring file as matched an ignore pattern: Sor-CPnd_006-Ex1-2D-lcwgs-1-3.clmp.fp2_repr.R1.fq.gz
[2025-07-02 20:27:49,371] multiqc                                            [DEBUG  ]  Ignoring file as matched an ignore pattern: Sor-CPnd_049-Ex1-3B-lcwgs-1-3.clmp.fp2_repr.R1.fq.gz
[2025-07-02 20:27:49,372] multiqc                                            [DEBUG  ]  Ignoring file as matched an ignore pattern: Sor-CPnd_026-Ex1-3H-lcwgs-1-3.clmp.fp2_repr.R2.fq.gz
[2025-07-02 20:27:49,375] multiqc                                            [DEBUG  ]  Ignoring file as matched an ignore pattern: Sor-CPnd_015-Ex1-5F-lcwgs-1-3.clmp.fp2_repr.R2.fq.gz
[2025-07-02 20:27:49,378] multiqc                                            [DEBUG  ]  Ignoring file as matched an ignore pattern: Sor-CPnd_018-Ex1-1E-lcwgs-1-3.clmp.fp2_repr.R1.fq.gz
[2025-07-02 20:27:49,378] multiqc                                            [DEBUG  ]  Ignoring file as matched an ignore pattern: Sor-CPnd_016-Ex1-1B-lcwgs-1-3.clmp.fp2_repr.R2.fq.gz
[2025-07-02 20:27:49,379] multiqc                                            [DEBUG  ]  Ignoring file as matched an ignore pattern: Sor-CPnd_041-Ex1-7A-lcwgs-1-3.clmp.fp2_repr.R1.fq.gz
[2025-07-02 20:27:49,433] multiqc                                            [DEBUG  ]  File ignored by hicexplorer because it exceeded search pattern filesize limit: Sor-CPnd_072-Ex1-8C-lcwgs-1-3.clmp.fp2_repr.R1_fastqc.html
[2025-07-02 20:27:49,447] multiqc                                            [DEBUG  ]  File ignored by longranger/invocation because it exceeded search pattern filesize limit: Sor-CPnd_072-Ex1-8C-lcwgs-1-3.clmp.fp2_repr.R1_fastqc.html
[2025-07-02 20:27:49,553] multiqc                                            [DEBUG  ]  Ignoring file as matched an ignore pattern: Sor-CPnd_010-Ex1-1H-lcwgs-1-3.clmp.fp2_repr.R1.fq.gz
[2025-07-02 20:27:49,556] multiqc                                            [DEBUG  ]  Ignoring file as matched an ignore pattern: Sor-CPnd_004-Ex1-1G-lcwgs-1-3.clmp.fp2_repr.R2.fq.gz
[2025-07-02 20:27:49,603] multiqc                                            [DEBUG  ]  File ignored by hicexplorer because it exceeded search pattern filesize limit: Sor-CPnd_015-Ex1-5F-lcwgs-1-3.clmp.fp2_repr.R1_fastqc.html
[2025-07-02 20:27:49,613] multiqc                                            [DEBUG  ]  File ignored by longranger/invocation because it exceeded search pattern filesize limit: Sor-CPnd_015-Ex1-5F-lcwgs-1-3.clmp.fp2_repr.R1_fastqc.html
[2025-07-02 20:27:49,674] multiqc                                            [DEBUG  ]  Ignoring file as matched an ignore pattern: Sor-CPnd_055-Ex1-7G-lcwgs-1-3.clmp.fp2_repr.R2.fq.gz
[2025-07-02 20:27:49,674] multiqc                                            [DEBUG  ]  Ignoring file as matched an ignore pattern: Sor-CPnd_031-Ex1-5D-lcwgs-1-3.clmp.fp2_repr.R2.fq.gz
[2025-07-02 20:27:49,719] multiqc                                            [DEBUG  ]  File ignored by hicexplorer because it exceeded search pattern filesize limit: Sor-CPnd_007-Ex1-1C-lcwgs-1-3.clmp.fp2_repr.R1_fastqc.html
[2025-07-02 20:27:49,729] multiqc                                            [DEBUG  ]  File ignored by longranger/invocation because it exceeded search pattern filesize limit: Sor-CPnd_007-Ex1-1C-lcwgs-1-3.clmp.fp2_repr.R1_fastqc.html
[2025-07-02 20:27:49,788] multiqc                                            [DEBUG  ]  Ignoring file as matched an ignore pattern: Sor-CPnd_072-Ex1-8C-lcwgs-1-3.clmp.fp2_repr.R1.fq.gz
[2025-07-02 20:27:49,854] multiqc                                            [DEBUG  ]  File ignored by hicexplorer because it exceeded search pattern filesize limit: Sor-CPnd_034-Ex1-4G-lcwgs-1-3.clmp.fp2_repr.R1_fastqc.html
[2025-07-02 20:27:49,865] multiqc                                            [DEBUG  ]  File ignored by longranger/invocation because it exceeded search pattern filesize limit: Sor-CPnd_034-Ex1-4G-lcwgs-1-3.clmp.fp2_repr.R1_fastqc.html
[2025-07-02 20:27:49,928] multiqc                                            [DEBUG  ]  Ignoring file as matched an ignore pattern: Sor-CPnd_020-Ex1-2E-lcwgs-1-3.clmp.fp2_repr.R2.fq.gz
[2025-07-02 20:27:49,971] multiqc                                            [DEBUG  ]  File ignored by hicexplorer because it exceeded search pattern filesize limit: Sor-CPnd_037-Ex1-6C-lcwgs-1-3.clmp.fp2_repr.R2_fastqc.html
[2025-07-02 20:27:49,983] multiqc                                            [DEBUG  ]  File ignored by longranger/invocation because it exceeded search pattern filesize limit: Sor-CPnd_037-Ex1-6C-lcwgs-1-3.clmp.fp2_repr.R2_fastqc.html
[2025-07-02 20:27:50,126] multiqc                                            [DEBUG  ]  File ignored by hicexplorer because it exceeded search pattern filesize limit: Sor-CPnd_044-Ex1-8G-lcwgs-1-3.clmp.fp2_repr.R1_fastqc.html
[2025-07-02 20:27:50,139] multiqc                                            [DEBUG  ]  File ignored by longranger/invocation because it exceeded search pattern filesize limit: Sor-CPnd_044-Ex1-8G-lcwgs-1-3.clmp.fp2_repr.R1_fastqc.html
[2025-07-02 20:27:50,208] multiqc                                            [DEBUG  ]  Ignoring file as matched an ignore pattern: Sor-CPnd_029-Ex1-8E-lcwgs-1-3.clmp.fp2_repr.R1.fq.gz
[2025-07-02 20:27:50,210] multiqc                                            [DEBUG  ]  Ignoring file as matched an ignore pattern: Sor-CPnd_026-Ex1-3H-lcwgs-1-3.clmp.fp2_repr.R1.fq.gz
[2025-07-02 20:27:50,211] multiqc                                            [DEBUG  ]  Ignoring file as matched an ignore pattern: Sor-CPnd_006-Ex1-2D-lcwgs-1-3.clmp.fp2_repr.R2.fq.gz
[2025-07-02 20:27:50,212] multiqc                                            [DEBUG  ]  Ignoring file as matched an ignore pattern: Sor-CPnd_049-Ex1-3B-lcwgs-1-3.clmp.fp2_repr.R2.fq.gz
[2025-07-02 20:27:50,259] multiqc                                            [DEBUG  ]  File ignored by hicexplorer because it exceeded search pattern filesize limit: Sor-CPnd_002-Ex1-5E-lcwgs-1-3.clmp.fp2_repr.R2_fastqc.html
[2025-07-02 20:27:50,269] multiqc                                            [DEBUG  ]  File ignored by longranger/invocation because it exceeded search pattern filesize limit: Sor-CPnd_002-Ex1-5E-lcwgs-1-3.clmp.fp2_repr.R2_fastqc.html
[2025-07-02 20:27:50,351] multiqc                                            [DEBUG  ]  File ignored by hicexplorer because it exceeded search pattern filesize limit: Sor-CPnd_053-Ex1-2C-lcwgs-1-3.clmp.fp2_repr.R2_fastqc.html
[2025-07-02 20:27:50,360] multiqc                                            [DEBUG  ]  File ignored by longranger/invocation because it exceeded search pattern filesize limit: Sor-CPnd_053-Ex1-2C-lcwgs-1-3.clmp.fp2_repr.R2_fastqc.html
[2025-07-02 20:27:50,418] multiqc                                            [DEBUG  ]  Ignoring file as matched an ignore pattern: Sor-CPnd_041-Ex1-7A-lcwgs-1-3.clmp.fp2_repr.R2.fq.gz
[2025-07-02 20:27:50,418] multiqc                                            [DEBUG  ]  Ignoring file as matched an ignore pattern: Sor-CPnd_016-Ex1-1B-lcwgs-1-3.clmp.fp2_repr.R1.fq.gz
[2025-07-02 20:27:50,419] multiqc                                            [DEBUG  ]  Ignoring file as matched an ignore pattern: Sor-CPnd_018-Ex1-1E-lcwgs-1-3.clmp.fp2_repr.R2.fq.gz
[2025-07-02 20:27:50,463] multiqc                                            [DEBUG  ]  File ignored by hicexplorer because it exceeded search pattern filesize limit: Sor-CPnd_028-Ex1-3A-lcwgs-1-3.clmp.fp2_repr.R2_fastqc.html
[2025-07-02 20:27:50,472] multiqc                                            [DEBUG  ]  File ignored by longranger/invocation because it exceeded search pattern filesize limit: Sor-CPnd_028-Ex1-3A-lcwgs-1-3.clmp.fp2_repr.R2_fastqc.html
[2025-07-02 20:27:50,536] multiqc                                            [DEBUG  ]  Ignoring file as matched an ignore pattern: Sor-CPnd_015-Ex1-5F-lcwgs-1-3.clmp.fp2_repr.R1.fq.gz
[2025-07-02 20:27:50,588] multiqc                                            [DEBUG  ]  File ignored by hicexplorer because it exceeded search pattern filesize limit: Sor-CPnd_052-Ex1-6D-lcwgs-1-3.clmp.fp2_repr.R2_fastqc.html
[2025-07-02 20:27:50,600] multiqc                                            [DEBUG  ]  File ignored by longranger/invocation because it exceeded search pattern filesize limit: Sor-CPnd_052-Ex1-6D-lcwgs-1-3.clmp.fp2_repr.R2_fastqc.html
[2025-07-02 20:27:50,675] multiqc                                            [DEBUG  ]  Ignoring file as matched an ignore pattern: Sor-CPnd_055-Ex1-7G-lcwgs-1-3.clmp.fp2_repr.R1.fq.gz
[2025-07-02 20:27:50,716] multiqc                                            [DEBUG  ]  File ignored by hicexplorer because it exceeded search pattern filesize limit: Sor-CPnd_009-Ex1-6A-lcwgs-1-3.clmp.fp2_repr.R2_fastqc.html
[2025-07-02 20:27:50,727] multiqc                                            [DEBUG  ]  File ignored by longranger/invocation because it exceeded search pattern filesize limit: Sor-CPnd_009-Ex1-6A-lcwgs-1-3.clmp.fp2_repr.R2_fastqc.html
[2025-07-02 20:27:50,794] multiqc                                            [DEBUG  ]  Ignoring file as matched an ignore pattern: Sor-CPnd_004-Ex1-1G-lcwgs-1-3.clmp.fp2_repr.R1.fq.gz
[2025-07-02 20:27:50,840] multiqc                                            [DEBUG  ]  File ignored by hicexplorer because it exceeded search pattern filesize limit: Sor-CPnd_010-Ex1-1H-lcwgs-1-3.clmp.fp2_repr.R2_fastqc.html
[2025-07-02 20:27:50,850] multiqc                                            [DEBUG  ]  File ignored by longranger/invocation because it exceeded search pattern filesize limit: Sor-CPnd_010-Ex1-1H-lcwgs-1-3.clmp.fp2_repr.R2_fastqc.html
[2025-07-02 20:27:50,915] multiqc                                            [DEBUG  ]  Ignoring file as matched an ignore pattern: Sor-CPnd_010-Ex1-1H-lcwgs-1-3.clmp.fp2_repr.R2.fq.gz
[2025-07-02 20:27:50,959] multiqc                                            [DEBUG  ]  File ignored by hicexplorer because it exceeded search pattern filesize limit: Sor-CPnd_014-Ex1-1F-lcwgs-1-3.clmp.fp2_repr.R2_fastqc.html
[2025-07-02 20:27:50,971] multiqc                                            [DEBUG  ]  File ignored by longranger/invocation because it exceeded search pattern filesize limit: Sor-CPnd_014-Ex1-1F-lcwgs-1-3.clmp.fp2_repr.R2_fastqc.html
[2025-07-02 20:27:51,103] multiqc                                            [DEBUG  ]  File ignored by hicexplorer because it exceeded search pattern filesize limit: Sor-CPnd_024-Ex1-5G-lcwgs-1-3.clmp.fp2_repr.R2_fastqc.html
[2025-07-02 20:27:51,114] multiqc                                            [DEBUG  ]  File ignored by longranger/invocation because it exceeded search pattern filesize limit: Sor-CPnd_024-Ex1-5G-lcwgs-1-3.clmp.fp2_repr.R2_fastqc.html
[2025-07-02 20:27:51,232] multiqc                                            [DEBUG  ]  File ignored by hicexplorer because it exceeded search pattern filesize limit: Sor-CPnd_022-Ex1-7C-lcwgs-1-3.clmp.fp2_repr.R1_fastqc.html
[2025-07-02 20:27:51,244] multiqc                                            [DEBUG  ]  File ignored by longranger/invocation because it exceeded search pattern filesize limit: Sor-CPnd_022-Ex1-7C-lcwgs-1-3.clmp.fp2_repr.R1_fastqc.html
[2025-07-02 20:27:51,323] multiqc                                            [DEBUG  ]  Ignoring file as matched an ignore pattern: Sor-CPnd_005-Ex1-3D-lcwgs-1-3.clmp.fp2_repr.R2.fq.gz
[2025-07-02 20:27:51,368] multiqc                                            [DEBUG  ]  File ignored by hicexplorer because it exceeded search pattern filesize limit: Sor-CPnd_046-Ex1-5A-lcwgs-1-3.clmp.fp2_repr.R1_fastqc.html
[2025-07-02 20:27:51,378] multiqc                                            [DEBUG  ]  File ignored by longranger/invocation because it exceeded search pattern filesize limit: Sor-CPnd_046-Ex1-5A-lcwgs-1-3.clmp.fp2_repr.R1_fastqc.html
[2025-07-02 20:27:51,489] multiqc                                            [DEBUG  ]  File ignored by hicexplorer because it exceeded search pattern filesize limit: Sor-CPnd_001-Ex1-3E-lcwgs-1-3.clmp.fp2_repr.R1_fastqc.html
[2025-07-02 20:27:51,501] multiqc                                            [DEBUG  ]  File ignored by longranger/invocation because it exceeded search pattern filesize limit: Sor-CPnd_001-Ex1-3E-lcwgs-1-3.clmp.fp2_repr.R1_fastqc.html
[2025-07-02 20:27:51,644] multiqc                                            [DEBUG  ]  File ignored by hicexplorer because it exceeded search pattern filesize limit: Sor-CPnd_008-Ex1-1A-lcwgs-1-3.clmp.fp2_repr.R2_fastqc.html
[2025-07-02 20:27:51,658] multiqc                                            [DEBUG  ]  File ignored by longranger/invocation because it exceeded search pattern filesize limit: Sor-CPnd_008-Ex1-1A-lcwgs-1-3.clmp.fp2_repr.R2_fastqc.html
[2025-07-02 20:27:51,739] multiqc                                            [DEBUG  ]  Ignoring file as matched an ignore pattern: Sor-CPnd_009-Ex1-6A-lcwgs-1-3.clmp.fp2_repr.R1.fq.gz
[2025-07-02 20:27:51,787] multiqc                                            [DEBUG  ]  File ignored by hicexplorer because it exceeded search pattern filesize limit: Sor-CPnd_031-Ex1-5D-lcwgs-1-3.clmp.fp2_repr.R2_fastqc.html
[2025-07-02 20:27:51,799] multiqc                                            [DEBUG  ]  File ignored by longranger/invocation because it exceeded search pattern filesize limit: Sor-CPnd_031-Ex1-5D-lcwgs-1-3.clmp.fp2_repr.R2_fastqc.html
[2025-07-02 20:27:51,921] multiqc                                            [DEBUG  ]  File ignored by hicexplorer because it exceeded search pattern filesize limit: Sor-CPnd_036-Ex1-5C-lcwgs-1-3.clmp.fp2_repr.R2_fastqc.html
[2025-07-02 20:27:51,935] multiqc                                            [DEBUG  ]  File ignored by longranger/invocation because it exceeded search pattern filesize limit: Sor-CPnd_036-Ex1-5C-lcwgs-1-3.clmp.fp2_repr.R2_fastqc.html
[2025-07-02 20:27:52,023] multiqc                                            [DEBUG  ]  Ignoring file as matched an ignore pattern: Sor-CPnd_034-Ex1-4G-lcwgs-1-3.clmp.fp2_repr.R1.fq.gz
[2025-07-02 20:27:52,023] multiqc                                            [DEBUG  ]  Ignoring file as matched an ignore pattern: Sor-CPnd_046-Ex1-5A-lcwgs-1-3.clmp.fp2_repr.R2.fq.gz
[2025-07-02 20:27:52,069] multiqc                                            [DEBUG  ]  File ignored by hicexplorer because it exceeded search pattern filesize limit: Sor-CPnd_054-Ex1-8F-lcwgs-1-3.clmp.fp2_repr.R2_fastqc.html
[2025-07-02 20:27:52,079] multiqc                                            [DEBUG  ]  File ignored by longranger/invocation because it exceeded search pattern filesize limit: Sor-CPnd_054-Ex1-8F-lcwgs-1-3.clmp.fp2_repr.R2_fastqc.html
[2025-07-02 20:27:52,193] multiqc                                            [DEBUG  ]  File ignored by hicexplorer because it exceeded search pattern filesize limit: Sor-CPnd_066-Ex1-8B-lcwgs-1-3.clmp.fp2_repr.R1_fastqc.html
[2025-07-02 20:27:52,207] multiqc                                            [DEBUG  ]  File ignored by longranger/invocation because it exceeded search pattern filesize limit: Sor-CPnd_066-Ex1-8B-lcwgs-1-3.clmp.fp2_repr.R1_fastqc.html
[2025-07-02 20:27:52,291] multiqc                                            [DEBUG  ]  Ignoring file as matched an ignore pattern: Sor-CPnd_013-Ex1-7F-lcwgs-1-3.clmp.fp2_repr.R2.fq.gz
[2025-07-02 20:27:52,291] multiqc                                            [DEBUG  ]  Ignoring file as matched an ignore pattern: Sor-CPnd_058-Ex1-2G-lcwgs-1-3.clmp.fp2_repr.R2.fq.gz
[2025-07-02 20:27:52,292] multiqc                                            [DEBUG  ]  Ignoring file as matched an ignore pattern: Sor-CPnd_024-Ex1-5G-lcwgs-1-3.clmp.fp2_repr.R1.fq.gz
[2025-07-02 20:27:52,338] multiqc                                            [DEBUG  ]  File ignored by hicexplorer because it exceeded search pattern filesize limit: Sor-CPnd_005-Ex1-3D-lcwgs-1-3.clmp.fp2_repr.R2_fastqc.html
[2025-07-02 20:27:52,349] multiqc                                            [DEBUG  ]  File ignored by longranger/invocation because it exceeded search pattern filesize limit: Sor-CPnd_005-Ex1-3D-lcwgs-1-3.clmp.fp2_repr.R2_fastqc.html
[2025-07-02 20:27:52,411] multiqc                                            [DEBUG  ]  Ignoring file as matched an ignore pattern: Sor-CPnd_001-Ex1-3E-lcwgs-1-3.clmp.fp2_repr.R1.fq.gz
[2025-07-02 20:27:52,435] multiqc                                            [DEBUG  ]  File ignored by hicexplorer because it exceeded search pattern filesize limit: Sor-CPnd_020-Ex1-2E-lcwgs-1-3.clmp.fp2_repr.R1_fastqc.html
[2025-07-02 20:27:52,444] multiqc                                            [DEBUG  ]  File ignored by longranger/invocation because it exceeded search pattern filesize limit: Sor-CPnd_020-Ex1-2E-lcwgs-1-3.clmp.fp2_repr.R1_fastqc.html
[2025-07-02 20:27:52,546] multiqc                                            [DEBUG  ]  File ignored by hicexplorer because it exceeded search pattern filesize limit: Sor-CPnd_050-Ex1-3F-lcwgs-1-3.clmp.fp2_repr.R2_fastqc.html
[2025-07-02 20:27:52,558] multiqc                                            [DEBUG  ]  File ignored by longranger/invocation because it exceeded search pattern filesize limit: Sor-CPnd_050-Ex1-3F-lcwgs-1-3.clmp.fp2_repr.R2_fastqc.html
[2025-07-02 20:27:52,629] multiqc                                            [DEBUG  ]  Ignoring file as matched an ignore pattern: Sor-CPnd_036-Ex1-5C-lcwgs-1-3.clmp.fp2_repr.R2.fq.gz
[2025-07-02 20:27:52,630] multiqc                                            [DEBUG  ]  Ignoring file as matched an ignore pattern: Sor-CPnd_063-Ex1-7D-lcwgs-1-3.clmp.fp2_repr.R2.fq.gz
[2025-07-02 20:27:52,670] multiqc                                            [DEBUG  ]  File ignored by hicexplorer because it exceeded search pattern filesize limit: Sor-CPnd_004-Ex1-1G-lcwgs-1-3.clmp.fp2_repr.R1_fastqc.html
[2025-07-02 20:27:52,681] multiqc                                            [DEBUG  ]  File ignored by longranger/invocation because it exceeded search pattern filesize limit: Sor-CPnd_004-Ex1-1G-lcwgs-1-3.clmp.fp2_repr.R1_fastqc.html
[2025-07-02 20:27:52,795] multiqc                                            [DEBUG  ]  File ignored by hicexplorer because it exceeded search pattern filesize limit: Sor-CPnd_012-Ex1-5B-lcwgs-1-3.clmp.fp2_repr.R2_fastqc.html
[2025-07-02 20:27:52,805] multiqc                                            [DEBUG  ]  File ignored by longranger/invocation because it exceeded search pattern filesize limit: Sor-CPnd_012-Ex1-5B-lcwgs-1-3.clmp.fp2_repr.R2_fastqc.html
[2025-07-02 20:27:52,935] multiqc                                            [DEBUG  ]  File ignored by hicexplorer because it exceeded search pattern filesize limit: Sor-CPnd_038-Ex1-2A-lcwgs-1-3.clmp.fp2_repr.R1_fastqc.html
[2025-07-02 20:27:52,949] multiqc                                            [DEBUG  ]  File ignored by longranger/invocation because it exceeded search pattern filesize limit: Sor-CPnd_038-Ex1-2A-lcwgs-1-3.clmp.fp2_repr.R1_fastqc.html
[2025-07-02 20:27:53,038] multiqc                                            [DEBUG  ]  Ignoring file as matched an ignore pattern: Sor-CPnd_037-Ex1-6C-lcwgs-1-3.clmp.fp2_repr.R1.fq.gz
[2025-07-02 20:27:53,039] multiqc                                            [DEBUG  ]  Ignoring file as matched an ignore pattern: Sor-CPnd_022-Ex1-7C-lcwgs-1-3.clmp.fp2_repr.R2.fq.gz
[2025-07-02 20:27:53,097] multiqc                                            [DEBUG  ]  File ignored by hicexplorer because it exceeded search pattern filesize limit: Sor-CPnd_029-Ex1-8E-lcwgs-1-3.clmp.fp2_repr.R2_fastqc.html
[2025-07-02 20:27:53,107] multiqc                                            [DEBUG  ]  File ignored by longranger/invocation because it exceeded search pattern filesize limit: Sor-CPnd_029-Ex1-8E-lcwgs-1-3.clmp.fp2_repr.R2_fastqc.html
[2025-07-02 20:27:53,165] multiqc                                            [DEBUG  ]  Ignoring file as matched an ignore pattern: Sor-CPnd_019-Ex1-6G-lcwgs-1-3.clmp.fp2_repr.R2.fq.gz
[2025-07-02 20:27:53,212] multiqc                                            [DEBUG  ]  File ignored by hicexplorer because it exceeded search pattern filesize limit: Sor-CPnd_069-Ex1-6B-lcwgs-1-3.clmp.fp2_repr.R2_fastqc.html
[2025-07-02 20:27:53,222] multiqc                                            [DEBUG  ]  File ignored by longranger/invocation because it exceeded search pattern filesize limit: Sor-CPnd_069-Ex1-6B-lcwgs-1-3.clmp.fp2_repr.R2_fastqc.html
[2025-07-02 20:27:53,306] multiqc                                            [DEBUG  ]  File ignored by hicexplorer because it exceeded search pattern filesize limit: Sor-CPnd_027-Ex1-3C-lcwgs-1-3.clmp.fp2_repr.R1_fastqc.html
[2025-07-02 20:27:53,316] multiqc                                            [DEBUG  ]  File ignored by longranger/invocation because it exceeded search pattern filesize limit: Sor-CPnd_027-Ex1-3C-lcwgs-1-3.clmp.fp2_repr.R1_fastqc.html
[2025-07-02 20:27:53,375] multiqc                                            [DEBUG  ]  Ignoring file as matched an ignore pattern: Sor-CPnd_054-Ex1-8F-lcwgs-1-3.clmp.fp2_repr.R1.fq.gz
[2025-07-02 20:27:53,416] multiqc                                            [DEBUG  ]  File ignored by hicexplorer because it exceeded search pattern filesize limit: Sor-CPnd_033-Ex1-2F-lcwgs-1-3.clmp.fp2_repr.R1_fastqc.html
[2025-07-02 20:27:53,425] multiqc                                            [DEBUG  ]  File ignored by longranger/invocation because it exceeded search pattern filesize limit: Sor-CPnd_033-Ex1-2F-lcwgs-1-3.clmp.fp2_repr.R1_fastqc.html
[2025-07-02 20:27:53,529] multiqc                                            [DEBUG  ]  File ignored by hicexplorer because it exceeded search pattern filesize limit: Sor-CPnd_004-Ex1-1G-lcwgs-1-3.clmp.fp2_repr.R2_fastqc.html
[2025-07-02 20:27:53,541] multiqc                                            [DEBUG  ]  File ignored by longranger/invocation because it exceeded search pattern filesize limit: Sor-CPnd_004-Ex1-1G-lcwgs-1-3.clmp.fp2_repr.R2_fastqc.html
[2025-07-02 20:27:53,609] multiqc                                            [DEBUG  ]  Ignoring file as matched an ignore pattern: Sor-CPnd_044-Ex1-8G-lcwgs-1-3.clmp.fp2_repr.R1.fq.gz
[2025-07-02 20:27:53,654] multiqc                                            [DEBUG  ]  File ignored by hicexplorer because it exceeded search pattern filesize limit: Sor-CPnd_012-Ex1-5B-lcwgs-1-3.clmp.fp2_repr.R1_fastqc.html
[2025-07-02 20:27:53,665] multiqc                                            [DEBUG  ]  File ignored by longranger/invocation because it exceeded search pattern filesize limit: Sor-CPnd_012-Ex1-5B-lcwgs-1-3.clmp.fp2_repr.R1_fastqc.html
[2025-07-02 20:27:53,776] multiqc                                            [DEBUG  ]  File ignored by hicexplorer because it exceeded search pattern filesize limit: Sor-CPnd_038-Ex1-2A-lcwgs-1-3.clmp.fp2_repr.R2_fastqc.html
[2025-07-02 20:27:53,789] multiqc                                            [DEBUG  ]  File ignored by longranger/invocation because it exceeded search pattern filesize limit: Sor-CPnd_038-Ex1-2A-lcwgs-1-3.clmp.fp2_repr.R2_fastqc.html
[2025-07-02 20:27:53,903] multiqc                                            [DEBUG  ]  File ignored by hicexplorer because it exceeded search pattern filesize limit: Sor-CPnd_005-Ex1-3D-lcwgs-1-3.clmp.fp2_repr.R1_fastqc.html
[2025-07-02 20:27:53,915] multiqc                                            [DEBUG  ]  File ignored by longranger/invocation because it exceeded search pattern filesize limit: Sor-CPnd_005-Ex1-3D-lcwgs-1-3.clmp.fp2_repr.R1_fastqc.html
[2025-07-02 20:27:54,039] multiqc                                            [DEBUG  ]  File ignored by hicexplorer because it exceeded search pattern filesize limit: Sor-CPnd_020-Ex1-2E-lcwgs-1-3.clmp.fp2_repr.R2_fastqc.html
[2025-07-02 20:27:54,048] multiqc                                            [DEBUG  ]  File ignored by longranger/invocation because it exceeded search pattern filesize limit: Sor-CPnd_020-Ex1-2E-lcwgs-1-3.clmp.fp2_repr.R2_fastqc.html
[2025-07-02 20:27:54,153] multiqc                                            [DEBUG  ]  File ignored by hicexplorer because it exceeded search pattern filesize limit: Sor-CPnd_050-Ex1-3F-lcwgs-1-3.clmp.fp2_repr.R1_fastqc.html
[2025-07-02 20:27:54,162] multiqc                                            [DEBUG  ]  File ignored by longranger/invocation because it exceeded search pattern filesize limit: Sor-CPnd_050-Ex1-3F-lcwgs-1-3.clmp.fp2_repr.R1_fastqc.html
[2025-07-02 20:27:54,221] multiqc                                            [DEBUG  ]  Ignoring file as matched an ignore pattern: Sor-CPnd_030-Ex1-2H-lcwgs-1-3.clmp.fp2_repr.R1.fq.gz
[2025-07-02 20:27:54,263] multiqc                                            [DEBUG  ]  File ignored by hicexplorer because it exceeded search pattern filesize limit: Sor-CPnd_027-Ex1-3C-lcwgs-1-3.clmp.fp2_repr.R2_fastqc.html
[2025-07-02 20:27:54,274] multiqc                                            [DEBUG  ]  File ignored by longranger/invocation because it exceeded search pattern filesize limit: Sor-CPnd_027-Ex1-3C-lcwgs-1-3.clmp.fp2_repr.R2_fastqc.html
[2025-07-02 20:27:54,384] multiqc                                            [DEBUG  ]  File ignored by hicexplorer because it exceeded search pattern filesize limit: Sor-CPnd_033-Ex1-2F-lcwgs-1-3.clmp.fp2_repr.R2_fastqc.html
[2025-07-02 20:27:54,397] multiqc                                            [DEBUG  ]  File ignored by longranger/invocation because it exceeded search pattern filesize limit: Sor-CPnd_033-Ex1-2F-lcwgs-1-3.clmp.fp2_repr.R2_fastqc.html
[2025-07-02 20:27:54,510] multiqc                                            [DEBUG  ]  File ignored by hicexplorer because it exceeded search pattern filesize limit: fqValidationReport.txt
[2025-07-02 20:27:54,519] multiqc                                            [DEBUG  ]  File ignored by longranger/invocation because it exceeded search pattern filesize limit: fqValidationReport.txt
[2025-07-02 20:27:54,626] multiqc                                            [DEBUG  ]  File ignored by hicexplorer because it exceeded search pattern filesize limit: Sor-CPnd_029-Ex1-8E-lcwgs-1-3.clmp.fp2_repr.R1_fastqc.html
[2025-07-02 20:27:54,637] multiqc                                            [DEBUG  ]  File ignored by longranger/invocation because it exceeded search pattern filesize limit: Sor-CPnd_029-Ex1-8E-lcwgs-1-3.clmp.fp2_repr.R1_fastqc.html
[2025-07-02 20:27:54,705] multiqc                                            [DEBUG  ]  Ignoring file as matched an ignore pattern: Sor-CPnd_017-Ex1-3G-lcwgs-1-3.clmp.fp2_repr.R2.fq.gz
[2025-07-02 20:27:54,705] multiqc                                            [DEBUG  ]  Ignoring file as matched an ignore pattern: Sor-CPnd_069-Ex1-6B-lcwgs-1-3.clmp.fp2_repr.R1.fq.gz
[2025-07-02 20:27:54,751] multiqc                                            [DEBUG  ]  File ignored by hicexplorer because it exceeded search pattern filesize limit: Sor-CPnd_069-Ex1-6B-lcwgs-1-3.clmp.fp2_repr.R1_fastqc.html
[2025-07-02 20:27:54,761] multiqc                                            [DEBUG  ]  File ignored by longranger/invocation because it exceeded search pattern filesize limit: Sor-CPnd_069-Ex1-6B-lcwgs-1-3.clmp.fp2_repr.R1_fastqc.html
[2025-07-02 20:27:54,818] multiqc                                            [DEBUG  ]  Ignoring file as matched an ignore pattern: Sor-CPnd_027-Ex1-3C-lcwgs-1-3.clmp.fp2_repr.R2.fq.gz
[2025-07-02 20:27:54,869] multiqc                                            [DEBUG  ]  File ignored by hicexplorer because it exceeded search pattern filesize limit: Sor-CPnd_046-Ex1-5A-lcwgs-1-3.clmp.fp2_repr.R2_fastqc.html
[2025-07-02 20:27:54,881] multiqc                                            [DEBUG  ]  File ignored by longranger/invocation because it exceeded search pattern filesize limit: Sor-CPnd_046-Ex1-5A-lcwgs-1-3.clmp.fp2_repr.R2_fastqc.html
[2025-07-02 20:27:54,944] multiqc                                            [DEBUG  ]  Ignoring file as matched an ignore pattern: Sor-CPnd_008-Ex1-1A-lcwgs-1-3.clmp.fp2_repr.R1.fq.gz
[2025-07-02 20:27:54,992] multiqc                                            [DEBUG  ]  File ignored by hicexplorer because it exceeded search pattern filesize limit: Sor-CPnd_001-Ex1-3E-lcwgs-1-3.clmp.fp2_repr.R2_fastqc.html
[2025-07-02 20:27:55,003] multiqc                                            [DEBUG  ]  File ignored by longranger/invocation because it exceeded search pattern filesize limit: Sor-CPnd_001-Ex1-3E-lcwgs-1-3.clmp.fp2_repr.R2_fastqc.html
[2025-07-02 20:27:55,118] multiqc                                            [DEBUG  ]  File ignored by hicexplorer because it exceeded search pattern filesize limit: Sor-CPnd_024-Ex1-5G-lcwgs-1-3.clmp.fp2_repr.R1_fastqc.html
[2025-07-02 20:27:55,132] multiqc                                            [DEBUG  ]  File ignored by longranger/invocation because it exceeded search pattern filesize limit: Sor-CPnd_024-Ex1-5G-lcwgs-1-3.clmp.fp2_repr.R1_fastqc.html
[2025-07-02 20:27:55,267] multiqc                                            [DEBUG  ]  File ignored by hicexplorer because it exceeded search pattern filesize limit: Sor-CPnd_022-Ex1-7C-lcwgs-1-3.clmp.fp2_repr.R2_fastqc.html
[2025-07-02 20:27:55,280] multiqc                                            [DEBUG  ]  File ignored by longranger/invocation because it exceeded search pattern filesize limit: Sor-CPnd_022-Ex1-7C-lcwgs-1-3.clmp.fp2_repr.R2_fastqc.html
[2025-07-02 20:27:55,352] multiqc                                            [DEBUG  ]  Ignoring file as matched an ignore pattern: Sor-CPnd_045-Ex1-7B-lcwgs-1-3.clmp.fp2_repr.R1.fq.gz
[2025-07-02 20:27:55,414] multiqc                                            [DEBUG  ]  File ignored by hicexplorer because it exceeded search pattern filesize limit: Sor-CPnd_036-Ex1-5C-lcwgs-1-3.clmp.fp2_repr.R1_fastqc.html
[2025-07-02 20:27:55,427] multiqc                                            [DEBUG  ]  File ignored by longranger/invocation because it exceeded search pattern filesize limit: Sor-CPnd_036-Ex1-5C-lcwgs-1-3.clmp.fp2_repr.R1_fastqc.html
[2025-07-02 20:27:55,544] multiqc                                            [DEBUG  ]  File ignored by hicexplorer because it exceeded search pattern filesize limit: Sor-CPnd_066-Ex1-8B-lcwgs-1-3.clmp.fp2_repr.R2_fastqc.html
[2025-07-02 20:27:55,553] multiqc                                            [DEBUG  ]  File ignored by longranger/invocation because it exceeded search pattern filesize limit: Sor-CPnd_066-Ex1-8B-lcwgs-1-3.clmp.fp2_repr.R2_fastqc.html
[2025-07-02 20:27:55,659] multiqc                                            [DEBUG  ]  File ignored by hicexplorer because it exceeded search pattern filesize limit: Sor-CPnd_054-Ex1-8F-lcwgs-1-3.clmp.fp2_repr.R1_fastqc.html
[2025-07-02 20:27:55,671] multiqc                                            [DEBUG  ]  File ignored by longranger/invocation because it exceeded search pattern filesize limit: Sor-CPnd_054-Ex1-8F-lcwgs-1-3.clmp.fp2_repr.R1_fastqc.html
[2025-07-02 20:27:55,794] multiqc                                            [DEBUG  ]  File ignored by hicexplorer because it exceeded search pattern filesize limit: Sor-CPnd_008-Ex1-1A-lcwgs-1-3.clmp.fp2_repr.R1_fastqc.html
[2025-07-02 20:27:55,807] multiqc                                            [DEBUG  ]  File ignored by longranger/invocation because it exceeded search pattern filesize limit: Sor-CPnd_008-Ex1-1A-lcwgs-1-3.clmp.fp2_repr.R1_fastqc.html
[2025-07-02 20:27:55,940] multiqc                                            [DEBUG  ]  File ignored by hicexplorer because it exceeded search pattern filesize limit: Sor-CPnd_031-Ex1-5D-lcwgs-1-3.clmp.fp2_repr.R1_fastqc.html
[2025-07-02 20:27:55,954] multiqc                                            [DEBUG  ]  File ignored by longranger/invocation because it exceeded search pattern filesize limit: Sor-CPnd_031-Ex1-5D-lcwgs-1-3.clmp.fp2_repr.R1_fastqc.html
[2025-07-02 20:27:56,091] multiqc                                            [DEBUG  ]  File ignored by hicexplorer because it exceeded search pattern filesize limit: Sor-CPnd_028-Ex1-3A-lcwgs-1-3.clmp.fp2_repr.R1_fastqc.html
[2025-07-02 20:27:56,103] multiqc                                            [DEBUG  ]  File ignored by longranger/invocation because it exceeded search pattern filesize limit: Sor-CPnd_028-Ex1-3A-lcwgs-1-3.clmp.fp2_repr.R1_fastqc.html
[2025-07-02 20:27:56,179] multiqc                                            [DEBUG  ]  Ignoring file as matched an ignore pattern: Sor-CPnd_002-Ex1-5E-lcwgs-1-3.clmp.fp2_repr.R2.fq.gz
[2025-07-02 20:27:56,229] multiqc                                            [DEBUG  ]  File ignored by hicexplorer because it exceeded search pattern filesize limit: Sor-CPnd_052-Ex1-6D-lcwgs-1-3.clmp.fp2_repr.R1_fastqc.html
[2025-07-02 20:27:56,241] multiqc                                            [DEBUG  ]  File ignored by longranger/invocation because it exceeded search pattern filesize limit: Sor-CPnd_052-Ex1-6D-lcwgs-1-3.clmp.fp2_repr.R1_fastqc.html
[2025-07-02 20:27:56,315] multiqc                                            [DEBUG  ]  Ignoring file as matched an ignore pattern: Sor-CPnd_014-Ex1-1F-lcwgs-1-3.clmp.fp2_repr.R1.fq.gz
[2025-07-02 20:27:56,315] multiqc                                            [DEBUG  ]  Ignoring file as matched an ignore pattern: Sor-CPnd_066-Ex1-8B-lcwgs-1-3.clmp.fp2_repr.R1.fq.gz
[2025-07-02 20:27:56,316] multiqc                                            [DEBUG  ]  Ignoring file as matched an ignore pattern: Sor-CPnd_033-Ex1-2F-lcwgs-1-3.clmp.fp2_repr.R1.fq.gz
[2025-07-02 20:27:56,318] multiqc                                            [DEBUG  ]  Ignoring file as matched an ignore pattern: Sor-CPnd_028-Ex1-3A-lcwgs-1-3.clmp.fp2_repr.R1.fq.gz
[2025-07-02 20:27:56,364] multiqc                                            [DEBUG  ]  File ignored by hicexplorer because it exceeded search pattern filesize limit: Sor-CPnd_014-Ex1-1F-lcwgs-1-3.clmp.fp2_repr.R1_fastqc.html
[2025-07-02 20:27:56,375] multiqc                                            [DEBUG  ]  File ignored by longranger/invocation because it exceeded search pattern filesize limit: Sor-CPnd_014-Ex1-1F-lcwgs-1-3.clmp.fp2_repr.R1_fastqc.html
[2025-07-02 20:27:56,451] multiqc                                            [DEBUG  ]  Ignoring file as matched an ignore pattern: Sor-CPnd_007-Ex1-1C-lcwgs-1-3.clmp.fp2_repr.R2.fq.gz
[2025-07-02 20:27:56,452] multiqc                                            [DEBUG  ]  Ignoring file as matched an ignore pattern: Sor-CPnd_053-Ex1-2C-lcwgs-1-3.clmp.fp2_repr.R1.fq.gz
[2025-07-02 20:27:56,496] multiqc                                            [DEBUG  ]  File ignored by hicexplorer because it exceeded search pattern filesize limit: Sor-CPnd_009-Ex1-6A-lcwgs-1-3.clmp.fp2_repr.R1_fastqc.html
[2025-07-02 20:27:56,508] multiqc                                            [DEBUG  ]  File ignored by longranger/invocation because it exceeded search pattern filesize limit: Sor-CPnd_009-Ex1-6A-lcwgs-1-3.clmp.fp2_repr.R1_fastqc.html
[2025-07-02 20:27:56,645] multiqc                                            [DEBUG  ]  File ignored by hicexplorer because it exceeded search pattern filesize limit: Sor-CPnd_010-Ex1-1H-lcwgs-1-3.clmp.fp2_repr.R1_fastqc.html
[2025-07-02 20:27:56,662] multiqc                                            [DEBUG  ]  File ignored by longranger/invocation because it exceeded search pattern filesize limit: Sor-CPnd_010-Ex1-1H-lcwgs-1-3.clmp.fp2_repr.R1_fastqc.html
[2025-07-02 20:27:56,777] multiqc                                            [DEBUG  ]  Ignoring file as matched an ignore pattern: Sor-CPnd_052-Ex1-6D-lcwgs-1-3.clmp.fp2_repr.R2.fq.gz
[2025-07-02 20:27:56,825] multiqc                                            [DEBUG  ]  File ignored by hicexplorer because it exceeded search pattern filesize limit: Sor-CPnd_037-Ex1-6C-lcwgs-1-3.clmp.fp2_repr.R1_fastqc.html
[2025-07-02 20:27:56,839] multiqc                                            [DEBUG  ]  File ignored by longranger/invocation because it exceeded search pattern filesize limit: Sor-CPnd_037-Ex1-6C-lcwgs-1-3.clmp.fp2_repr.R1_fastqc.html
[2025-07-02 20:27:56,964] multiqc                                            [DEBUG  ]  File ignored by hicexplorer because it exceeded search pattern filesize limit: Sor-CPnd_044-Ex1-8G-lcwgs-1-3.clmp.fp2_repr.R2_fastqc.html
[2025-07-02 20:27:56,979] multiqc                                            [DEBUG  ]  File ignored by longranger/invocation because it exceeded search pattern filesize limit: Sor-CPnd_044-Ex1-8G-lcwgs-1-3.clmp.fp2_repr.R2_fastqc.html
[2025-07-02 20:27:57,094] multiqc                                            [DEBUG  ]  Ignoring file as matched an ignore pattern: Sor-CPnd_038-Ex1-2A-lcwgs-1-3.clmp.fp2_repr.R1.fq.gz
[2025-07-02 20:27:57,095] multiqc                                            [DEBUG  ]  Ignoring file as matched an ignore pattern: Sor-CPnd_003-Ex1-2B-lcwgs-1-3.clmp.fp2_repr.R1.fq.gz
[2025-07-02 20:27:57,141] multiqc                                            [DEBUG  ]  File ignored by hicexplorer because it exceeded search pattern filesize limit: Sor-CPnd_007-Ex1-1C-lcwgs-1-3.clmp.fp2_repr.R2_fastqc.html
[2025-07-02 20:27:57,155] multiqc                                            [DEBUG  ]  File ignored by longranger/invocation because it exceeded search pattern filesize limit: Sor-CPnd_007-Ex1-1C-lcwgs-1-3.clmp.fp2_repr.R2_fastqc.html
[2025-07-02 20:27:57,288] multiqc                                            [DEBUG  ]  File ignored by hicexplorer because it exceeded search pattern filesize limit: Sor-CPnd_034-Ex1-4G-lcwgs-1-3.clmp.fp2_repr.R2_fastqc.html
[2025-07-02 20:27:57,301] multiqc                                            [DEBUG  ]  File ignored by longranger/invocation because it exceeded search pattern filesize limit: Sor-CPnd_034-Ex1-4G-lcwgs-1-3.clmp.fp2_repr.R2_fastqc.html
[2025-07-02 20:27:57,423] multiqc                                            [DEBUG  ]  File ignored by hicexplorer because it exceeded search pattern filesize limit: Sor-CPnd_002-Ex1-5E-lcwgs-1-3.clmp.fp2_repr.R1_fastqc.html
[2025-07-02 20:27:57,433] multiqc                                            [DEBUG  ]  File ignored by longranger/invocation because it exceeded search pattern filesize limit: Sor-CPnd_002-Ex1-5E-lcwgs-1-3.clmp.fp2_repr.R1_fastqc.html
[2025-07-02 20:27:57,553] multiqc                                            [DEBUG  ]  File ignored by hicexplorer because it exceeded search pattern filesize limit: Sor-CPnd_053-Ex1-2C-lcwgs-1-3.clmp.fp2_repr.R1_fastqc.html
[2025-07-02 20:27:57,568] multiqc                                            [DEBUG  ]  File ignored by longranger/invocation because it exceeded search pattern filesize limit: Sor-CPnd_053-Ex1-2C-lcwgs-1-3.clmp.fp2_repr.R1_fastqc.html
[2025-07-02 20:27:57,673] multiqc                                            [DEBUG  ]  Ignoring file as matched an ignore pattern: Sor-CPnd_043-Ex1-1D-lcwgs-1-3.clmp.fp2_repr.R1.fq.gz
[2025-07-02 20:27:57,675] multiqc                                            [DEBUG  ]  Ignoring file as matched an ignore pattern: Sor-CPnd_012-Ex1-5B-lcwgs-1-3.clmp.fp2_repr.R2.fq.gz
[2025-07-02 20:27:57,676] multiqc                                            [DEBUG  ]  Ignoring file as matched an ignore pattern: Sor-CPnd_050-Ex1-3F-lcwgs-1-3.clmp.fp2_repr.R2.fq.gz
[2025-07-02 20:27:57,677] multiqc                                            [DEBUG  ]  Ignoring file as matched an ignore pattern: Sor-CPnd_066-Ex1-8B-lcwgs-1-3.clmp.fp2_repr.R2.fq.gz
[2025-07-02 20:27:57,677] multiqc                                            [DEBUG  ]  Ignoring file as matched an ignore pattern: Sor-CPnd_014-Ex1-1F-lcwgs-1-3.clmp.fp2_repr.R2.fq.gz
[2025-07-02 20:27:57,679] multiqc                                            [DEBUG  ]  Ignoring file as matched an ignore pattern: Sor-CPnd_002-Ex1-5E-lcwgs-1-3.clmp.fp2_repr.R1.fq.gz
[2025-07-02 20:27:57,734] multiqc                                            [DEBUG  ]  File ignored by hicexplorer because it exceeded search pattern filesize limit: Sor-CPnd_015-Ex1-5F-lcwgs-1-3.clmp.fp2_repr.R2_fastqc.html
[2025-07-02 20:27:57,748] multiqc                                            [DEBUG  ]  File ignored by longranger/invocation because it exceeded search pattern filesize limit: Sor-CPnd_015-Ex1-5F-lcwgs-1-3.clmp.fp2_repr.R2_fastqc.html
[2025-07-02 20:27:57,856] multiqc                                            [DEBUG  ]  Ignoring file as matched an ignore pattern: Sor-CPnd_053-Ex1-2C-lcwgs-1-3.clmp.fp2_repr.R2.fq.gz
[2025-07-02 20:27:57,858] multiqc                                            [DEBUG  ]  Ignoring file as matched an ignore pattern: Sor-CPnd_007-Ex1-1C-lcwgs-1-3.clmp.fp2_repr.R1.fq.gz
[2025-07-02 20:27:57,883] multiqc                                            [DEBUG  ]  File ignored by hicexplorer because it exceeded search pattern filesize limit: Sor-CPnd_072-Ex1-8C-lcwgs-1-3.clmp.fp2_repr.R2_fastqc.html
[2025-07-02 20:27:57,896] multiqc                                            [DEBUG  ]  File ignored by longranger/invocation because it exceeded search pattern filesize limit: Sor-CPnd_072-Ex1-8C-lcwgs-1-3.clmp.fp2_repr.R2_fastqc.html
[2025-07-02 20:27:57,982] multiqc                                            [DEBUG  ]  Ignoring file as matched an ignore pattern: Sor-CPnd_028-Ex1-3A-lcwgs-1-3.clmp.fp2_repr.R2.fq.gz
[2025-07-02 20:27:57,982] multiqc                                            [DEBUG  ]  Ignoring file as matched an ignore pattern: Sor-CPnd_033-Ex1-2F-lcwgs-1-3.clmp.fp2_repr.R2.fq.gz
[2025-07-02 20:27:57,983] multiqc                                            [DEBUG  ]  Ignoring file as matched an ignore pattern: Sor-CPnd_003-Ex1-2B-lcwgs-1-3.clmp.fp2_repr.R2.fq.gz
[2025-07-02 20:27:57,985] multiqc                                            [DEBUG  ]  Ignoring file as matched an ignore pattern: Sor-CPnd_038-Ex1-2A-lcwgs-1-3.clmp.fp2_repr.R2.fq.gz
[2025-07-02 20:27:58,032] multiqc                                            [DEBUG  ]  File ignored by hicexplorer because it exceeded search pattern filesize limit: Sor-CPnd_043-Ex1-1D-lcwgs-1-3.clmp.fp2_repr.R2_fastqc.html
[2025-07-02 20:27:58,044] multiqc                                            [DEBUG  ]  File ignored by longranger/invocation because it exceeded search pattern filesize limit: Sor-CPnd_043-Ex1-1D-lcwgs-1-3.clmp.fp2_repr.R2_fastqc.html
[2025-07-02 20:27:58,109] multiqc                                            [DEBUG  ]  Ignoring file as matched an ignore pattern: Sor-CPnd_052-Ex1-6D-lcwgs-1-3.clmp.fp2_repr.R1.fq.gz
[2025-07-02 20:27:58,152] multiqc                                            [DEBUG  ]  File ignored by hicexplorer because it exceeded search pattern filesize limit: Sor-CPnd_026-Ex1-3H-lcwgs-1-3.clmp.fp2_repr.R2_fastqc.html
[2025-07-02 20:27:58,163] multiqc                                            [DEBUG  ]  File ignored by longranger/invocation because it exceeded search pattern filesize limit: Sor-CPnd_026-Ex1-3H-lcwgs-1-3.clmp.fp2_repr.R2_fastqc.html
[2025-07-02 20:27:58,241] multiqc                                            [DEBUG  ]  Ignoring file as matched an ignore pattern: Sor-CPnd_012-Ex1-5B-lcwgs-1-3.clmp.fp2_repr.R1.fq.gz
[2025-07-02 20:27:58,242] multiqc                                            [DEBUG  ]  Ignoring file as matched an ignore pattern: Sor-CPnd_050-Ex1-3F-lcwgs-1-3.clmp.fp2_repr.R1.fq.gz
[2025-07-02 20:27:58,244] multiqc                                            [DEBUG  ]  Ignoring file as matched an ignore pattern: Sor-CPnd_043-Ex1-1D-lcwgs-1-3.clmp.fp2_repr.R2.fq.gz
[2025-07-02 20:27:58,296] multiqc                                            [DEBUG  ]  File ignored by hicexplorer because it exceeded search pattern filesize limit: Sor-CPnd_041-Ex1-7A-lcwgs-1-3.clmp.fp2_repr.R2_fastqc.html
[2025-07-02 20:27:58,311] multiqc                                            [DEBUG  ]  File ignored by longranger/invocation because it exceeded search pattern filesize limit: Sor-CPnd_041-Ex1-7A-lcwgs-1-3.clmp.fp2_repr.R2_fastqc.html
[2025-07-02 20:27:58,476] multiqc                                            [DEBUG  ]  File ignored by hicexplorer because it exceeded search pattern filesize limit: Sor-CPnd_006-Ex1-2D-lcwgs-1-3.clmp.fp2_repr.R1_fastqc.html
[2025-07-02 20:27:58,491] multiqc                                            [DEBUG  ]  File ignored by longranger/invocation because it exceeded search pattern filesize limit: Sor-CPnd_006-Ex1-2D-lcwgs-1-3.clmp.fp2_repr.R1_fastqc.html
[2025-07-02 20:27:58,603] multiqc                                            [DEBUG  ]  Ignoring file as matched an ignore pattern: Sor-CPnd_044-Ex1-8G-lcwgs-1-3.clmp.fp2_repr.R2.fq.gz
[2025-07-02 20:27:58,634] multiqc                                            [DEBUG  ]  File ignored by hicexplorer because it exceeded search pattern filesize limit: Sor-CPnd_016-Ex1-1B-lcwgs-1-3.clmp.fp2_repr.R2_fastqc.html
[2025-07-02 20:27:58,646] multiqc                                            [DEBUG  ]  File ignored by longranger/invocation because it exceeded search pattern filesize limit: Sor-CPnd_016-Ex1-1B-lcwgs-1-3.clmp.fp2_repr.R2_fastqc.html
[2025-07-02 20:27:58,772] multiqc                                            [DEBUG  ]  File ignored by hicexplorer because it exceeded search pattern filesize limit: Sor-CPnd_018-Ex1-1E-lcwgs-1-3.clmp.fp2_repr.R2_fastqc.html
[2025-07-02 20:27:58,783] multiqc                                            [DEBUG  ]  File ignored by longranger/invocation because it exceeded search pattern filesize limit: Sor-CPnd_018-Ex1-1E-lcwgs-1-3.clmp.fp2_repr.R2_fastqc.html
[2025-07-02 20:27:58,865] multiqc                                            [DEBUG  ]  Ignoring file as matched an ignore pattern: Sor-CPnd_017-Ex1-3G-lcwgs-1-3.clmp.fp2_repr.R1.fq.gz
[2025-07-02 20:27:58,867] multiqc                                            [DEBUG  ]  Ignoring file as matched an ignore pattern: Sor-CPnd_069-Ex1-6B-lcwgs-1-3.clmp.fp2_repr.R2.fq.gz
[2025-07-02 20:27:58,918] multiqc                                            [DEBUG  ]  File ignored by hicexplorer because it exceeded search pattern filesize limit: Sor-CPnd_045-Ex1-7B-lcwgs-1-3.clmp.fp2_repr.R2_fastqc.html
[2025-07-02 20:27:58,931] multiqc                                            [DEBUG  ]  File ignored by longranger/invocation because it exceeded search pattern filesize limit: Sor-CPnd_045-Ex1-7B-lcwgs-1-3.clmp.fp2_repr.R2_fastqc.html
[2025-07-02 20:27:59,013] multiqc                                            [DEBUG  ]  Ignoring file as matched an ignore pattern: Sor-CPnd_030-Ex1-2H-lcwgs-1-3.clmp.fp2_repr.R2.fq.gz
[2025-07-02 20:27:59,015] multiqc                                            [DEBUG  ]  Ignoring file as matched an ignore pattern: Sor-CPnd_045-Ex1-7B-lcwgs-1-3.clmp.fp2_repr.R2.fq.gz
[2025-07-02 20:27:59,056] multiqc                                            [DEBUG  ]  File ignored by hicexplorer because it exceeded search pattern filesize limit: Sor-CPnd_055-Ex1-7G-lcwgs-1-3.clmp.fp2_repr.R1_fastqc.html
[2025-07-02 20:27:59,069] multiqc                                            [DEBUG  ]  File ignored by longranger/invocation because it exceeded search pattern filesize limit: Sor-CPnd_055-Ex1-7G-lcwgs-1-3.clmp.fp2_repr.R1_fastqc.html
[2025-07-02 20:27:59,220] multiqc                                            [DEBUG  ]  File ignored by hicexplorer because it exceeded search pattern filesize limit: Sor-CPnd_017-Ex1-3G-lcwgs-1-3.clmp.fp2_repr.R2_fastqc.html
[2025-07-02 20:27:59,234] multiqc                                            [DEBUG  ]  File ignored by longranger/invocation because it exceeded search pattern filesize limit: Sor-CPnd_017-Ex1-3G-lcwgs-1-3.clmp.fp2_repr.R2_fastqc.html
[2025-07-02 20:27:59,389] multiqc                                            [DEBUG  ]  File ignored by hicexplorer because it exceeded search pattern filesize limit: Sor-CPnd_030-Ex1-2H-lcwgs-1-3.clmp.fp2_repr.R1_fastqc.html
[2025-07-02 20:27:59,403] multiqc                                            [DEBUG  ]  File ignored by longranger/invocation because it exceeded search pattern filesize limit: Sor-CPnd_030-Ex1-2H-lcwgs-1-3.clmp.fp2_repr.R1_fastqc.html
[2025-07-02 20:27:59,537] multiqc                                            [DEBUG  ]  File ignored by hicexplorer because it exceeded search pattern filesize limit: Sor-CPnd_003-Ex1-2B-lcwgs-1-3.clmp.fp2_repr.R2_fastqc.html
[2025-07-02 20:27:59,549] multiqc                                            [DEBUG  ]  File ignored by longranger/invocation because it exceeded search pattern filesize limit: Sor-CPnd_003-Ex1-2B-lcwgs-1-3.clmp.fp2_repr.R2_fastqc.html
[2025-07-02 20:27:59,617] multiqc                                            [DEBUG  ]  Ignoring file as matched an ignore pattern: Sor-CPnd_008-Ex1-1A-lcwgs-1-3.clmp.fp2_repr.R2.fq.gz
[2025-07-02 20:27:59,618] multiqc                                            [DEBUG  ]  Ignoring file as matched an ignore pattern: Sor-CPnd_027-Ex1-3C-lcwgs-1-3.clmp.fp2_repr.R1.fq.gz
[2025-07-02 20:27:59,637] multiqc                                            [DEBUG  ]  File ignored by hicexplorer because it exceeded search pattern filesize limit: Sor-CPnd_063-Ex1-7D-lcwgs-1-3.clmp.fp2_repr.R2_fastqc.html
[2025-07-02 20:27:59,646] multiqc                                            [DEBUG  ]  File ignored by longranger/invocation because it exceeded search pattern filesize limit: Sor-CPnd_063-Ex1-7D-lcwgs-1-3.clmp.fp2_repr.R2_fastqc.html
[2025-07-02 20:27:59,756] multiqc                                            [DEBUG  ]  File ignored by hicexplorer because it exceeded search pattern filesize limit: Sor-CPnd_049-Ex1-3B-lcwgs-1-3.clmp.fp2_repr.R2_fastqc.html
[2025-07-02 20:27:59,769] multiqc                                            [DEBUG  ]  File ignored by longranger/invocation because it exceeded search pattern filesize limit: Sor-CPnd_049-Ex1-3B-lcwgs-1-3.clmp.fp2_repr.R2_fastqc.html
[2025-07-02 20:27:59,901] multiqc                                            [DEBUG  ]  File ignored by hicexplorer because it exceeded search pattern filesize limit: Sor-CPnd_013-Ex1-7F-lcwgs-1-3.clmp.fp2_repr.R1_fastqc.html
[2025-07-02 20:27:59,911] multiqc                                            [DEBUG  ]  File ignored by longranger/invocation because it exceeded search pattern filesize limit: Sor-CPnd_013-Ex1-7F-lcwgs-1-3.clmp.fp2_repr.R1_fastqc.html
[2025-07-02 20:28:00,022] multiqc                                            [DEBUG  ]  File ignored by hicexplorer because it exceeded search pattern filesize limit: Sor-CPnd_058-Ex1-2G-lcwgs-1-3.clmp.fp2_repr.R2_fastqc.html
[2025-07-02 20:28:00,034] multiqc                                            [DEBUG  ]  File ignored by longranger/invocation because it exceeded search pattern filesize limit: Sor-CPnd_058-Ex1-2G-lcwgs-1-3.clmp.fp2_repr.R2_fastqc.html
[2025-07-02 20:28:00,145] multiqc                                            [DEBUG  ]  File ignored by hicexplorer because it exceeded search pattern filesize limit: Sor-CPnd_019-Ex1-6G-lcwgs-1-3.clmp.fp2_repr.R1_fastqc.html
[2025-07-02 20:28:00,157] multiqc                                            [DEBUG  ]  File ignored by longranger/invocation because it exceeded search pattern filesize limit: Sor-CPnd_019-Ex1-6G-lcwgs-1-3.clmp.fp2_repr.R1_fastqc.html
[2025-07-02 20:28:00,244] multiqc                                            [DEBUG  ]  Ignoring file as matched an ignore pattern: Sor-CPnd_029-Ex1-8E-lcwgs-1-3.clmp.fp2_repr.orph.fq
[2025-07-02 20:28:00,245] multiqc                                            [DEBUG  ]  Ignoring file as matched an ignore pattern: Sor-CPnd_007-Ex1-1C-lcwgs-1-3.clmp.fp2_repr.orph.fq
[2025-07-02 20:28:00,246] multiqc                                            [DEBUG  ]  Ignoring file as matched an ignore pattern: Sor-CPnd_019-Ex1-6G-lcwgs-1-3.clmp.fp2_repr.orph.fq
[2025-07-02 20:28:00,247] multiqc                                            [DEBUG  ]  Ignoring file as matched an ignore pattern: Sor-CPnd_016-Ex1-1B-lcwgs-1-3.clmp.fp2_repr.orph.fq
[2025-07-02 20:28:00,247] multiqc                                            [DEBUG  ]  Ignoring file as matched an ignore pattern: Sor-CPnd_027-Ex1-3C-lcwgs-1-3.clmp.fp2_repr.orph.fq
[2025-07-02 20:28:00,248] multiqc                                            [DEBUG  ]  Ignoring file as matched an ignore pattern: Sor-CPnd_012-Ex1-5B-lcwgs-1-3.clmp.fp2_repr.orph.fq
[2025-07-02 20:28:00,248] multiqc                                            [DEBUG  ]  Ignoring file as matched an ignore pattern: Sor-CPnd_037-Ex1-6C-lcwgs-1-3.clmp.fp2_repr.orph.fq
[2025-07-02 20:28:00,248] multiqc                                            [DEBUG  ]  Ignoring file as matched an ignore pattern: Sor-CPnd_002-Ex1-5E-lcwgs-1-3.clmp.fp2_repr.orph.fq
[2025-07-02 20:28:00,249] multiqc                                            [DEBUG  ]  Ignoring file as matched an ignore pattern: Sor-CPnd_031-Ex1-5D-lcwgs-1-3.clmp.fp2_repr.orph.fq
[2025-07-02 20:28:00,249] multiqc                                            [DEBUG  ]  Ignoring file as matched an ignore pattern: Sor-CPnd_041-Ex1-7A-lcwgs-1-3.clmp.fp2_repr.orph.fq
[2025-07-02 20:28:00,250] multiqc                                            [DEBUG  ]  Ignoring file as matched an ignore pattern: Sor-CPnd_034-Ex1-4G-lcwgs-1-3.clmp.fp2_repr.orph.fq
[2025-07-02 20:28:00,250] multiqc                                            [DEBUG  ]  Ignoring file as matched an ignore pattern: Sor-CPnd_009-Ex1-6A-lcwgs-1-3.clmp.fp2_repr.orph.fq
[2025-07-02 20:28:00,250] multiqc                                            [DEBUG  ]  Ignoring file as matched an ignore pattern: Sor-CPnd_010-Ex1-1H-lcwgs-1-3.clmp.fp2_repr.orph.fq
[2025-07-02 20:28:00,251] multiqc                                            [DEBUG  ]  Ignoring file as matched an ignore pattern: Sor-CPnd_045-Ex1-7B-lcwgs-1-3.clmp.fp2_repr.orph.fq
[2025-07-02 20:28:00,251] multiqc                                            [DEBUG  ]  Ignoring file as matched an ignore pattern: Sor-CPnd_055-Ex1-7G-lcwgs-1-3.clmp.fp2_repr.orph.fq
[2025-07-02 20:28:00,251] multiqc                                            [DEBUG  ]  Ignoring file as matched an ignore pattern: Sor-CPnd_024-Ex1-5G-lcwgs-1-3.clmp.fp2_repr.orph.fq
[2025-07-02 20:28:00,252] multiqc                                            [DEBUG  ]  Ignoring file as matched an ignore pattern: Sor-CPnd_030-Ex1-2H-lcwgs-1-3.clmp.fp2_repr.orph.fq
[2025-07-02 20:28:00,252] multiqc                                            [DEBUG  ]  Ignoring file as matched an ignore pattern: Sor-CPnd_033-Ex1-2F-lcwgs-1-3.clmp.fp2_repr.orph.fq
[2025-07-02 20:28:00,253] multiqc                                            [DEBUG  ]  Ignoring file as matched an ignore pattern: Sor-CPnd_050-Ex1-3F-lcwgs-1-3.clmp.fp2_repr.orph.fq
[2025-07-02 20:28:00,253] multiqc                                            [DEBUG  ]  Ignoring file as matched an ignore pattern: Sor-CPnd_005-Ex1-3D-lcwgs-1-3.clmp.fp2_repr.orph.fq
[2025-07-02 20:28:00,253] multiqc                                            [DEBUG  ]  Ignoring file as matched an ignore pattern: Sor-CPnd_058-Ex1-2G-lcwgs-1-3.clmp.fp2_repr.orph.fq
[2025-07-02 20:28:00,254] multiqc                                            [DEBUG  ]  Ignoring file as matched an ignore pattern: Sor-CPnd_049-Ex1-3B-lcwgs-1-3.clmp.fp2_repr.orph.fq
[2025-07-02 20:28:00,254] multiqc                                            [DEBUG  ]  Ignoring file as matched an ignore pattern: Sor-CPnd_063-Ex1-7D-lcwgs-1-3.clmp.fp2_repr.orph.fq
[2025-07-02 20:28:00,255] multiqc                                            [DEBUG  ]  Ignoring file as matched an ignore pattern: Sor-CPnd_046-Ex1-5A-lcwgs-1-3.clmp.fp2_repr.orph.fq
[2025-07-02 20:28:00,255] multiqc                                            [DEBUG  ]  Ignoring file as matched an ignore pattern: Sor-CPnd_022-Ex1-7C-lcwgs-1-3.clmp.fp2_repr.orph.fq
[2025-07-02 20:28:00,255] multiqc                                            [DEBUG  ]  Ignoring file as matched an ignore pattern: Sor-CPnd_001-Ex1-3E-lcwgs-1-3.clmp.fp2_repr.orph.fq
[2025-07-02 20:28:00,256] multiqc                                            [DEBUG  ]  Ignoring file as matched an ignore pattern: Sor-CPnd_043-Ex1-1D-lcwgs-1-3.clmp.fp2_repr.orph.fq
[2025-07-02 20:28:00,256] multiqc                                            [DEBUG  ]  Ignoring file as matched an ignore pattern: Sor-CPnd_006-Ex1-2D-lcwgs-1-3.clmp.fp2_repr.orph.fq
[2025-07-02 20:28:00,257] multiqc                                            [DEBUG  ]  Ignoring file as matched an ignore pattern: Sor-CPnd_003-Ex1-2B-lcwgs-1-3.clmp.fp2_repr.orph.fq
[2025-07-02 20:28:00,257] multiqc                                            [DEBUG  ]  Ignoring file as matched an ignore pattern: Sor-CPnd_054-Ex1-8F-lcwgs-1-3.clmp.fp2_repr.orph.fq
[2025-07-02 20:28:00,257] multiqc                                            [DEBUG  ]  Ignoring file as matched an ignore pattern: Sor-CPnd_026-Ex1-3H-lcwgs-1-3.clmp.fp2_repr.orph.fq
[2025-07-02 20:28:00,258] multiqc                                            [DEBUG  ]  Ignoring file as matched an ignore pattern: Sor-CPnd_066-Ex1-8B-lcwgs-1-3.clmp.fp2_repr.orph.fq
[2025-07-02 20:28:00,258] multiqc                                            [DEBUG  ]  Ignoring file as matched an ignore pattern: Sor-CPnd_014-Ex1-1F-lcwgs-1-3.clmp.fp2_repr.orph.fq
[2025-07-02 20:28:00,258] multiqc                                            [DEBUG  ]  Ignoring file as matched an ignore pattern: Sor-CPnd_020-Ex1-2E-lcwgs-1-3.clmp.fp2_repr.orph.fq
[2025-07-02 20:28:00,259] multiqc                                            [DEBUG  ]  Ignoring file as matched an ignore pattern: Sor-CPnd_028-Ex1-3A-lcwgs-1-3.clmp.fp2_repr.orph.fq
[2025-07-02 20:28:00,259] multiqc                                            [DEBUG  ]  Ignoring file as matched an ignore pattern: Sor-CPnd_017-Ex1-3G-lcwgs-1-3.clmp.fp2_repr.orph.fq
[2025-07-02 20:28:00,260] multiqc                                            [DEBUG  ]  Ignoring file as matched an ignore pattern: Sor-CPnd_018-Ex1-1E-lcwgs-1-3.clmp.fp2_repr.orph.fq
[2025-07-02 20:28:00,260] multiqc                                            [DEBUG  ]  Ignoring file as matched an ignore pattern: Sor-CPnd_004-Ex1-1G-lcwgs-1-3.clmp.fp2_repr.orph.fq
[2025-07-02 20:28:00,260] multiqc                                            [DEBUG  ]  Ignoring file as matched an ignore pattern: Sor-CPnd_069-Ex1-6B-lcwgs-1-3.clmp.fp2_repr.orph.fq
[2025-07-02 20:28:00,261] multiqc                                            [DEBUG  ]  Ignoring file as matched an ignore pattern: Sor-CPnd_038-Ex1-2A-lcwgs-1-3.clmp.fp2_repr.orph.fq
[2025-07-02 20:28:00,261] multiqc                                            [DEBUG  ]  Ignoring file as matched an ignore pattern: Sor-CPnd_008-Ex1-1A-lcwgs-1-3.clmp.fp2_repr.orph.fq
[2025-07-02 20:28:00,261] multiqc                                            [DEBUG  ]  Ignoring file as matched an ignore pattern: Sor-CPnd_013-Ex1-7F-lcwgs-1-3.clmp.fp2_repr.orph.fq
[2025-07-02 20:28:00,262] multiqc                                            [DEBUG  ]  Ignoring file as matched an ignore pattern: Sor-CPnd_044-Ex1-8G-lcwgs-1-3.clmp.fp2_repr.orph.fq
[2025-07-02 20:28:00,262] multiqc                                            [DEBUG  ]  Ignoring file as matched an ignore pattern: Sor-CPnd_072-Ex1-8C-lcwgs-1-3.clmp.fp2_repr.orph.fq
[2025-07-02 20:28:00,262] multiqc                                            [DEBUG  ]  Ignoring file as matched an ignore pattern: Sor-CPnd_015-Ex1-5F-lcwgs-1-3.clmp.fp2_repr.orph.fq
[2025-07-02 20:28:00,263] multiqc                                            [DEBUG  ]  Ignoring file as matched an ignore pattern: Sor-CPnd_036-Ex1-5C-lcwgs-1-3.clmp.fp2_repr.orph.fq
[2025-07-02 20:28:00,263] multiqc                                            [DEBUG  ]  Ignoring file as matched an ignore pattern: Sor-CPnd_053-Ex1-2C-lcwgs-1-3.clmp.fp2_repr.orph.fq
[2025-07-02 20:28:00,264] multiqc                                            [DEBUG  ]  Ignoring file as matched an ignore pattern: Sor-CPnd_052-Ex1-6D-lcwgs-1-3.clmp.fp2_repr.orph.fq
[2025-07-02 20:28:01,402] multiqc.plots.bargraph                             [DEBUG  ]  Using matplotlib version 3.1.2
[2025-07-02 20:28:01,406] multiqc.plots.linegraph                            [DEBUG  ]  Using matplotlib version 3.1.2
[2025-07-02 20:28:01,408] multiqc                                            [DEBUG  ]  No samples found: custom_content
[2025-07-02 20:28:01,421] multiqc                                            [DEBUG  ]  No samples found: conpair
[2025-07-02 20:28:01,441] multiqc                                            [DEBUG  ]  No samples found: peddy
[2025-07-02 20:28:01,454] multiqc                                            [DEBUG  ]  No samples found: somalier
[2025-07-02 20:28:01,468] multiqc                                            [DEBUG  ]  No samples found: methylQA
[2025-07-02 20:28:01,495] multiqc                                            [DEBUG  ]  No samples found: mosdepth
[2025-07-02 20:28:01,508] multiqc                                            [DEBUG  ]  No samples found: phantompeakqualtools
[2025-07-02 20:28:01,515] multiqc                                            [DEBUG  ]  No samples found: qualimap
[2025-07-02 20:28:01,528] multiqc                                            [DEBUG  ]  No samples found: preseq
[2025-07-02 20:28:01,538] multiqc                                            [DEBUG  ]  No samples found: quast
[2025-07-02 20:28:01,550] multiqc                                            [DEBUG  ]  No samples found: qorts
[2025-07-02 20:28:01,560] multiqc                                            [DEBUG  ]  No samples found: rna_seqc
[2025-07-02 20:28:01,573] multiqc                                            [DEBUG  ]  No samples found: rockhopper
[2025-07-02 20:28:01,583] multiqc                                            [DEBUG  ]  No samples found: rsem
[2025-07-02 20:28:01,604] multiqc                                            [DEBUG  ]  No samples found: rseqc
[2025-07-02 20:28:01,629] multiqc                                            [DEBUG  ]  No samples found: busco
[2025-07-02 20:28:01,663] multiqc                                            [DEBUG  ]  No samples found: goleft_indexcov
[2025-07-02 20:28:01,687] multiqc                                            [DEBUG  ]  No samples found: disambiguate
[2025-07-02 20:28:01,702] multiqc                                            [DEBUG  ]  No samples found: supernova
[2025-07-02 20:28:01,731] multiqc                                            [DEBUG  ]  No samples found: deeptools
[2025-07-02 20:28:01,743] multiqc                                            [DEBUG  ]  No samples found: sargasso
[2025-07-02 20:28:01,755] multiqc                                            [DEBUG  ]  No samples found: verifybamid
[2025-07-02 20:28:01,767] multiqc                                            [DEBUG  ]  No samples found: mirtrace
[2025-07-02 20:28:01,783] multiqc                                            [DEBUG  ]  No samples found: happy
[2025-07-02 20:28:01,797] multiqc                                            [DEBUG  ]  No samples found: mirtop
[2025-07-02 20:28:01,812] multiqc                                            [DEBUG  ]  No samples found: homer
[2025-07-02 20:28:01,823] multiqc                                            [DEBUG  ]  No samples found: macs2
[2025-07-02 20:28:01,837] multiqc                                            [DEBUG  ]  No samples found: theta2
[2025-07-02 20:28:01,850] multiqc                                            [DEBUG  ]  No samples found: snpeff
[2025-07-02 20:28:01,866] multiqc                                            [DEBUG  ]  No samples found: gatk
[2025-07-02 20:28:01,880] multiqc                                            [DEBUG  ]  No samples found: htseq
[2025-07-02 20:28:01,895] multiqc                                            [DEBUG  ]  No samples found: bcftools
[2025-07-02 20:28:01,910] multiqc                                            [DEBUG  ]  No samples found: featureCounts
[2025-07-02 20:28:01,926] multiqc                                            [DEBUG  ]  No samples found: fgbio
[2025-07-02 20:28:01,950] multiqc                                            [DEBUG  ]  No samples found: dragen
[2025-07-02 20:28:01,960] multiqc                                            [DEBUG  ]  No samples found: dedup
[2025-07-02 20:28:01,971] multiqc                                            [DEBUG  ]  No samples found: damageprofiler
[2025-07-02 20:28:02,023] multiqc                                            [DEBUG  ]  No samples found: biobambam2
[2025-07-02 20:28:02,035] multiqc                                            [DEBUG  ]  No samples found: mtnucratio
[2025-07-02 20:28:02,040] multiqc                                            [DEBUG  ]  No samples found: picard
[2025-07-02 20:28:02,050] multiqc                                            [DEBUG  ]  No samples found: prokka
[2025-07-02 20:28:02,060] multiqc                                            [DEBUG  ]  No samples found: samblaster
[2025-07-02 20:28:02,079] multiqc                                            [DEBUG  ]  No samples found: samtools
[2025-07-02 20:28:02,089] multiqc                                            [DEBUG  ]  No samples found: sexdeterrmine
[2025-07-02 20:28:02,105] multiqc                                            [DEBUG  ]  No samples found: bamtools
[2025-07-02 20:28:02,116] multiqc                                            [DEBUG  ]  No samples found: jellyfish
[2025-07-02 20:28:02,132] multiqc                                            [DEBUG  ]  No samples found: vcftools
[2025-07-02 20:28:02,145] multiqc                                            [DEBUG  ]  No samples found: longranger
[2025-07-02 20:28:02,157] multiqc                                            [DEBUG  ]  No samples found: stacks
[2025-07-02 20:28:02,167] multiqc                                            [DEBUG  ]  No samples found: varscan2
[2025-07-02 20:28:02,198] multiqc                                            [DEBUG  ]  No samples found: bbmap
[2025-07-02 20:28:02,211] multiqc                                            [DEBUG  ]  No samples found: bismark
[2025-07-02 20:28:02,225] multiqc                                            [DEBUG  ]  No samples found: biscuit
[2025-07-02 20:28:02,237] multiqc                                            [DEBUG  ]  No samples found: hicexplorer
[2025-07-02 20:28:02,249] multiqc                                            [DEBUG  ]  No samples found: hicup
[2025-07-02 20:28:02,260] multiqc                                            [DEBUG  ]  No samples found: hicpro
[2025-07-02 20:28:02,271] multiqc                                            [DEBUG  ]  No samples found: salmon
[2025-07-02 20:28:02,280] multiqc                                            [DEBUG  ]  No samples found: kallisto
[2025-07-02 20:28:02,287] multiqc                                            [DEBUG  ]  No samples found: slamdunk
[2025-07-02 20:28:02,296] multiqc                                            [DEBUG  ]  No samples found: star
[2025-07-02 20:28:02,304] multiqc                                            [DEBUG  ]  No samples found: hisat2
[2025-07-02 20:28:02,312] multiqc                                            [DEBUG  ]  No samples found: tophat
[2025-07-02 20:28:02,318] multiqc                                            [DEBUG  ]  No samples found: bowtie2
[2025-07-02 20:28:02,324] multiqc                                            [DEBUG  ]  No samples found: bowtie1
[2025-07-02 20:28:02,332] multiqc                                            [DEBUG  ]  No samples found: snpsplit
[2025-07-02 20:28:02,339] multiqc                                            [DEBUG  ]  No samples found: kat
[2025-07-02 20:28:02,347] multiqc                                            [DEBUG  ]  No samples found: leehom
[2025-07-02 20:28:02,358] multiqc                                            [DEBUG  ]  No samples found: adapterRemoval
[2025-07-02 20:28:02,372] multiqc                                            [DEBUG  ]  No samples found: clipandmerge
[2025-07-02 20:28:02,387] multiqc                                            [DEBUG  ]  No samples found: cutadapt
[2025-07-02 20:28:02,402] multiqc                                            [DEBUG  ]  No samples found: flexbar
[2025-07-02 20:28:02,415] multiqc                                            [DEBUG  ]  No samples found: kaiju
[2025-07-02 20:28:02,426] multiqc                                            [DEBUG  ]  No samples found: kraken
[2025-07-02 20:28:02,439] multiqc                                            [DEBUG  ]  No samples found: malt
[2025-07-02 20:28:02,450] multiqc                                            [DEBUG  ]  No samples found: trimmomatic
[2025-07-02 20:28:02,460] multiqc                                            [DEBUG  ]  No samples found: sickle
[2025-07-02 20:28:02,471] multiqc                                            [DEBUG  ]  No samples found: skewer
[2025-07-02 20:28:02,481] multiqc                                            [DEBUG  ]  No samples found: sortmerna
[2025-07-02 20:28:02,491] multiqc                                            [DEBUG  ]  No samples found: biobloomtools
[2025-07-02 20:28:02,503] multiqc                                            [DEBUG  ]  No samples found: fastq_screen
[2025-07-02 20:28:02,513] multiqc                                            [DEBUG  ]  No samples found: afterqc
[2025-07-02 20:28:02,524] multiqc                                            [DEBUG  ]  No samples found: fastp
[2025-07-02 20:28:17,669] multiqc.modules.fastqc.fastqc                      [INFO   ]  Found 96 reports
[2025-07-02 20:28:48,801] multiqc                                            [DEBUG  ]  No samples found: pycoqc
[2025-07-02 20:28:48,832] multiqc                                            [DEBUG  ]  No samples found: minionqc
[2025-07-02 20:28:48,842] multiqc                                            [DEBUG  ]  No samples found: multivcfanalyzer
[2025-07-02 20:28:48,854] multiqc                                            [DEBUG  ]  No samples found: clusterflow
[2025-07-02 20:28:48,863] multiqc                                            [DEBUG  ]  No samples found: bcl2fastq
[2025-07-02 20:28:48,873] multiqc                                            [DEBUG  ]  No samples found: interop
[2025-07-02 20:28:48,882] multiqc                                            [DEBUG  ]  No samples found: ivar
[2025-07-02 20:28:48,890] multiqc                                            [DEBUG  ]  No samples found: flash
[2025-07-02 20:28:48,899] multiqc                                            [DEBUG  ]  No samples found: seqyclean
[2025-07-02 20:28:49,039] multiqc                                            [INFO   ]  Compressing plot data
[2025-07-02 20:28:50,564] multiqc                                            [INFO   ]  Report      : fq_fp1_clmp_fp2_fqscrn_rprd/fqc_rprd_report.html
[2025-07-02 20:28:50,564] multiqc                                            [INFO   ]  Data        : fq_fp1_clmp_fp2_fqscrn_rprd/fqc_rprd_report_data
[2025-07-02 20:28:50,565] multiqc                                            [DEBUG  ]  Moving data file from '/tmp/tmpk_zd9nz3/multiqc_data' to './fq_fp1_clmp_fp2_fqscrn_rprd/fqc_rprd_report_data'
[2025-07-02 20:28:50,658] multiqc                                            [INFO   ]  Plots       : fq_fp1_clmp_fp2_fqscrn_rprd/fqc_rprd_report_plots
[2025-07-02 20:28:50,659] multiqc                                            [DEBUG  ]  Moving plots directory from '/tmp/tmpk_zd9nz3/multiqc_plots' to './fq_fp1_clmp_fp2_fqscrn_rprd/fqc_rprd_report_plots'
[2025-07-02 20:28:50,917] multiqc                                            [INFO   ]  MultiQC complete
