[2025-08-03 16:40:07,670] multiqc                                            [DEBUG  ]  No MultiQC config found: /opt/conda/lib/python3.7/site-packages/multiqc_config.yaml
[2025-08-03 16:40:07,671] multiqc                                            [DEBUG  ]  No MultiQC config found: /home/hpc-0373/.multiqc_config.yaml
[2025-08-03 16:40:07,672] multiqc                                            [DEBUG  ]  No MultiQC config found: multiqc_config.yaml
[2025-08-03 16:40:07,673] multiqc                                            [DEBUG  ]  Found command line config: {'max_table_rows': 3000}
[2025-08-03 16:40:07,673] multiqc                                            [DEBUG  ]  New config 'max_table_rows': 3000
[2025-08-03 16:40:07,674] multiqc                                            [DEBUG  ]  Command used: /opt/conda/bin/multiqc -v -p -ip -f --data-dir --data-format tsv --cl-config max_table_rows: 3000 --filename fqc_rprd_report --outdir ./fq_fp1_clmp_fp2_fqscrn_rprd ./fq_fp1_clmp_fp2_fqscrn_rprd
[2025-08-03 16:40:08,378] multiqc                                            [DEBUG  ]  Could not connect to multiqc.info for version check: <urlopen error [SSL: CERTIFICATE_VERIFY_FAILED] certificate verify failed: unable to get local issuer certificate (_ssl.c:1076)>
[2025-08-03 16:40:08,381] multiqc                                            [INFO   ]  This is MultiQC v1.9
[2025-08-03 16:40:08,381] multiqc                                            [DEBUG  ]  Command     : /opt/conda/bin/multiqc -v -p -ip -f --data-dir --data-format tsv --cl-config max_table_rows: 3000 --filename fqc_rprd_report --outdir ./fq_fp1_clmp_fp2_fqscrn_rprd ./fq_fp1_clmp_fp2_fqscrn_rprd
[2025-08-03 16:40:08,382] multiqc                                            [DEBUG  ]  Working dir : /archive/carpenterlab/pire/pire_sphaeramia_orbicularis_lcwgs/4th_sequencing_run
[2025-08-03 16:40:08,382] multiqc                                            [INFO   ]  Template    : default
[2025-08-03 16:40:08,383] multiqc                                            [DEBUG  ]  Running Python 3.7.7 (default, Jun 26 2020, 05:10:03)  [GCC 7.3.0]
[2025-08-03 16:40:08,383] multiqc                                            [INFO   ]  Searching   : /archive/carpenterlab/pire/pire_sphaeramia_orbicularis_lcwgs/4th_sequencing_run/fq_fp1_clmp_fp2_fqscrn_rprd
[2025-08-03 16:40:08,384] multiqc                                            [DEBUG  ]  Analysing modules: custom_content, conpair, peddy, somalier, methylQA, mosdepth, phantompeakqualtools, qualimap, preseq, quast, qorts, rna_seqc, rockhopper, rsem, rseqc, busco, goleft_indexcov, disambiguate, supernova, deeptools, sargasso, verifybamid, mirtrace, happy, mirtop, homer, macs2, theta2, snpeff, gatk, htseq, bcftools, featureCounts, fgbio, dragen, dedup, damageprofiler, biobambam2, mtnucratio, picard, prokka, samblaster, samtools, sexdeterrmine, bamtools, jellyfish, vcftools, longranger, stacks, varscan2, bbmap, bismark, biscuit, hicexplorer, hicup, hicpro, salmon, kallisto, slamdunk, star, hisat2, tophat, bowtie2, bowtie1, snpsplit, kat, leehom, adapterRemoval, clipandmerge, cutadapt, flexbar, kaiju, kraken, malt, trimmomatic, sickle, skewer, sortmerna, biobloomtools, fastq_screen, afterqc, fastp, fastqc, pycoqc, minionqc, multivcfanalyzer, clusterflow, bcl2fastq, interop, ivar, flash, seqyclean
[2025-08-03 16:40:08,385] multiqc                                            [DEBUG  ]  Using temporary directory for creating report: /tmp/tmpz3o2st_w
[2025-08-03 16:40:08,682] multiqc                                            [DEBUG  ]  File ignored by hicexplorer because it exceeded search pattern filesize limit: Sor-ACeb_001-Ex1-8E-lcwgs-1-3-L2-clmp.fp2_repr.R1_fastqc.html
[2025-08-03 16:40:08,695] multiqc                                            [DEBUG  ]  File ignored by longranger/invocation because it exceeded search pattern filesize limit: Sor-ACeb_001-Ex1-8E-lcwgs-1-3-L2-clmp.fp2_repr.R1_fastqc.html
[2025-08-03 16:40:08,776] multiqc                                            [DEBUG  ]  File ignored by hicexplorer because it exceeded search pattern filesize limit: Sor-ACeb_013-Ex1-8F-lcwgs-1-3-L3-clmp.fp2_repr.R1_fastqc.html
[2025-08-03 16:40:08,786] multiqc                                            [DEBUG  ]  File ignored by longranger/invocation because it exceeded search pattern filesize limit: Sor-ACeb_013-Ex1-8F-lcwgs-1-3-L3-clmp.fp2_repr.R1_fastqc.html
[2025-08-03 16:40:08,865] multiqc                                            [DEBUG  ]  File ignored by hicexplorer because it exceeded search pattern filesize limit: Sor-ACeb_022-Ex1-5G-lcwgs-1-3-L3-clmp.fp2_repr.R1_fastqc.html
[2025-08-03 16:40:08,874] multiqc                                            [DEBUG  ]  File ignored by longranger/invocation because it exceeded search pattern filesize limit: Sor-ACeb_022-Ex1-5G-lcwgs-1-3-L3-clmp.fp2_repr.R1_fastqc.html
[2025-08-03 16:40:08,932] multiqc                                            [DEBUG  ]  Ignoring file as matched an ignore pattern: Sor-ACeb_013-Ex1-8F-lcwgs-1-3-L2-clmp.fp2_repr.R1.fq.gz
[2025-08-03 16:40:08,933] multiqc                                            [DEBUG  ]  Ignoring file as matched an ignore pattern: Sor-ACeb_003-Ex1-10E-lcwgs-1-3-L2-clmp.fp2_repr.R2.fq.gz
[2025-08-03 16:40:08,933] multiqc                                            [DEBUG  ]  Ignoring file as matched an ignore pattern: Sor-ACeb_014-Ex1-9F-lcwgs-1-3-L3-clmp.fp2_repr.R2.fq.gz
[2025-08-03 16:40:08,934] multiqc                                            [DEBUG  ]  Ignoring file as matched an ignore pattern: Sor-ACeb_011-Ex1-6F-lcwgs-1-3-L3-clmp.fp2_repr.R1.fq.gz
[2025-08-03 16:40:08,934] multiqc                                            [DEBUG  ]  Ignoring file as matched an ignore pattern: Sor-ACeb_004-Ex1-11E-lcwgs-1-3-L2-clmp.fp2_repr.R1.fq.gz
[2025-08-03 16:40:08,935] multiqc                                            [DEBUG  ]  Ignoring file as matched an ignore pattern: Sor-ACeb_018-Ex1-1G-lcwgs-1-3-L2-clmp.fp2_repr.R1.fq.gz
[2025-08-03 16:40:08,935] multiqc                                            [DEBUG  ]  Ignoring file as matched an ignore pattern: Sor-ACeb_010-Ex1-5F-lcwgs-1-3-L3-clmp.fp2_repr.R2.fq.gz
[2025-08-03 16:40:08,956] multiqc                                            [DEBUG  ]  File ignored by hicexplorer because it exceeded search pattern filesize limit: Sor-ACeb_009-Ex1-4F-lcwgs-1-3-L3-clmp.fp2_repr.R1_fastqc.html
[2025-08-03 16:40:08,965] multiqc                                            [DEBUG  ]  File ignored by longranger/invocation because it exceeded search pattern filesize limit: Sor-ACeb_009-Ex1-4F-lcwgs-1-3-L3-clmp.fp2_repr.R1_fastqc.html
[2025-08-03 16:40:09,044] multiqc                                            [DEBUG  ]  File ignored by hicexplorer because it exceeded search pattern filesize limit: Sor-ACeb_008-Ex1-3F-lcwgs-1-3-L2-clmp.fp2_repr.R2_fastqc.html
[2025-08-03 16:40:09,053] multiqc                                            [DEBUG  ]  File ignored by longranger/invocation because it exceeded search pattern filesize limit: Sor-ACeb_008-Ex1-3F-lcwgs-1-3-L2-clmp.fp2_repr.R2_fastqc.html
[2025-08-03 16:40:09,131] multiqc                                            [DEBUG  ]  File ignored by hicexplorer because it exceeded search pattern filesize limit: Sor-ACeb_006-Ex1-1F-lcwgs-1-3-L2-clmp.fp2_repr.R1_fastqc.html
[2025-08-03 16:40:09,141] multiqc                                            [DEBUG  ]  File ignored by longranger/invocation because it exceeded search pattern filesize limit: Sor-ACeb_006-Ex1-1F-lcwgs-1-3-L2-clmp.fp2_repr.R1_fastqc.html
[2025-08-03 16:40:09,200] multiqc                                            [DEBUG  ]  Ignoring file as matched an ignore pattern: Sor-ACeb_020-Ex1-2G-lcwgs-1-3-L3-clmp.fp2_repr.R1.fq.gz
[2025-08-03 16:40:09,221] multiqc                                            [DEBUG  ]  File ignored by hicexplorer because it exceeded search pattern filesize limit: Sor-ACeb_011-Ex1-6F-lcwgs-1-3-L2-clmp.fp2_repr.R1_fastqc.html
[2025-08-03 16:40:09,231] multiqc                                            [DEBUG  ]  File ignored by longranger/invocation because it exceeded search pattern filesize limit: Sor-ACeb_011-Ex1-6F-lcwgs-1-3-L2-clmp.fp2_repr.R1_fastqc.html
[2025-08-03 16:40:09,313] multiqc                                            [DEBUG  ]  File ignored by hicexplorer because it exceeded search pattern filesize limit: Sor-ACeb_003-Ex1-10E-lcwgs-1-3-L2-clmp.fp2_repr.R1_fastqc.html
[2025-08-03 16:40:09,322] multiqc                                            [DEBUG  ]  File ignored by longranger/invocation because it exceeded search pattern filesize limit: Sor-ACeb_003-Ex1-10E-lcwgs-1-3-L2-clmp.fp2_repr.R1_fastqc.html
[2025-08-03 16:40:09,380] multiqc                                            [DEBUG  ]  Ignoring file as matched an ignore pattern: Sor-ACeb_005-Ex1-12E-lcwgs-1-3-L3-clmp.fp2_repr.R1.fq.gz
[2025-08-03 16:40:09,381] multiqc                                            [DEBUG  ]  Ignoring file as matched an ignore pattern: Sor-ACeb_017-Ex1-12F-lcwgs-1-3-L2-clmp.fp2_repr.R2.fq.gz
[2025-08-03 16:40:09,382] multiqc                                            [DEBUG  ]  Ignoring file as matched an ignore pattern: Sor-ACeb_019-Ex1-3G-lcwgs-1-3-L3-clmp.fp2_repr.R2.fq.gz
[2025-08-03 16:40:09,403] multiqc                                            [DEBUG  ]  File ignored by hicexplorer because it exceeded search pattern filesize limit: Sor-ACeb_019-Ex1-3G-lcwgs-1-3-L2-clmp.fp2_repr.R1_fastqc.html
[2025-08-03 16:40:09,412] multiqc                                            [DEBUG  ]  File ignored by longranger/invocation because it exceeded search pattern filesize limit: Sor-ACeb_019-Ex1-3G-lcwgs-1-3-L2-clmp.fp2_repr.R1_fastqc.html
[2025-08-03 16:40:09,469] multiqc                                            [DEBUG  ]  Ignoring file as matched an ignore pattern: Sor-ACeb_008-Ex1-3F-lcwgs-1-3-L2-clmp.fp2_repr.R2.fq.gz
[2025-08-03 16:40:09,469] multiqc                                            [DEBUG  ]  Ignoring file as matched an ignore pattern: Sor-ACeb_016-Ex1-11F-lcwgs-1-3-L3-clmp.fp2_repr.R2.fq.gz
[2025-08-03 16:40:09,470] multiqc                                            [DEBUG  ]  Ignoring file as matched an ignore pattern: Sor-ACeb_012-Ex1-7F-lcwgs-1-3-L3-clmp.fp2_repr.R1.fq.gz
[2025-08-03 16:40:09,490] multiqc                                            [DEBUG  ]  File ignored by hicexplorer because it exceeded search pattern filesize limit: Sor-ACeb_006-Ex1-1F-lcwgs-1-3-L3-clmp.fp2_repr.R1_fastqc.html
[2025-08-03 16:40:09,499] multiqc                                            [DEBUG  ]  File ignored by longranger/invocation because it exceeded search pattern filesize limit: Sor-ACeb_006-Ex1-1F-lcwgs-1-3-L3-clmp.fp2_repr.R1_fastqc.html
[2025-08-03 16:40:09,555] multiqc                                            [DEBUG  ]  Ignoring file as matched an ignore pattern: Sor-ACeb_012-Ex1-7F-lcwgs-1-3-L2-clmp.fp2_repr.R1.fq.gz
[2025-08-03 16:40:09,557] multiqc                                            [DEBUG  ]  Ignoring file as matched an ignore pattern: Sor-ACeb_016-Ex1-11F-lcwgs-1-3-L2-clmp.fp2_repr.R2.fq.gz
[2025-08-03 16:40:09,557] multiqc                                            [DEBUG  ]  Ignoring file as matched an ignore pattern: Sor-ACeb_008-Ex1-3F-lcwgs-1-3-L3-clmp.fp2_repr.R2.fq.gz
[2025-08-03 16:40:09,576] multiqc                                            [DEBUG  ]  File ignored by hicexplorer because it exceeded search pattern filesize limit: fqValidationReport.txt
[2025-08-03 16:40:09,585] multiqc                                            [DEBUG  ]  File ignored by longranger/invocation because it exceeded search pattern filesize limit: fqValidationReport.txt
[2025-08-03 16:40:09,666] multiqc                                            [DEBUG  ]  File ignored by hicexplorer because it exceeded search pattern filesize limit: Sor-ACeb_003-Ex1-10E-lcwgs-1-3-L3-clmp.fp2_repr.R1_fastqc.html
[2025-08-03 16:40:09,675] multiqc                                            [DEBUG  ]  File ignored by longranger/invocation because it exceeded search pattern filesize limit: Sor-ACeb_003-Ex1-10E-lcwgs-1-3-L3-clmp.fp2_repr.R1_fastqc.html
[2025-08-03 16:40:09,749] multiqc                                            [DEBUG  ]  File ignored by hicexplorer because it exceeded search pattern filesize limit: Sor-ACeb_011-Ex1-6F-lcwgs-1-3-L3-clmp.fp2_repr.R1_fastqc.html
[2025-08-03 16:40:09,758] multiqc                                            [DEBUG  ]  File ignored by longranger/invocation because it exceeded search pattern filesize limit: Sor-ACeb_011-Ex1-6F-lcwgs-1-3-L3-clmp.fp2_repr.R1_fastqc.html
[2025-08-03 16:40:09,834] multiqc                                            [DEBUG  ]  File ignored by hicexplorer because it exceeded search pattern filesize limit: Sor-ACeb_008-Ex1-3F-lcwgs-1-3-L3-clmp.fp2_repr.R2_fastqc.html
[2025-08-03 16:40:09,843] multiqc                                            [DEBUG  ]  File ignored by longranger/invocation because it exceeded search pattern filesize limit: Sor-ACeb_008-Ex1-3F-lcwgs-1-3-L3-clmp.fp2_repr.R2_fastqc.html
[2025-08-03 16:40:09,916] multiqc                                            [DEBUG  ]  File ignored by hicexplorer because it exceeded search pattern filesize limit: Sor-ACeb_009-Ex1-4F-lcwgs-1-3-L2-clmp.fp2_repr.R1_fastqc.html
[2025-08-03 16:40:09,924] multiqc                                            [DEBUG  ]  File ignored by longranger/invocation because it exceeded search pattern filesize limit: Sor-ACeb_009-Ex1-4F-lcwgs-1-3-L2-clmp.fp2_repr.R1_fastqc.html
[2025-08-03 16:40:09,982] multiqc                                            [DEBUG  ]  Ignoring file as matched an ignore pattern: Sor-ACeb_019-Ex1-3G-lcwgs-1-3-L2-clmp.fp2_repr.R2.fq.gz
[2025-08-03 16:40:09,983] multiqc                                            [DEBUG  ]  Ignoring file as matched an ignore pattern: Sor-ACeb_017-Ex1-12F-lcwgs-1-3-L3-clmp.fp2_repr.R2.fq.gz
[2025-08-03 16:40:10,005] multiqc                                            [DEBUG  ]  File ignored by hicexplorer because it exceeded search pattern filesize limit: Sor-ACeb_013-Ex1-8F-lcwgs-1-3-L2-clmp.fp2_repr.R1_fastqc.html
[2025-08-03 16:40:10,015] multiqc                                            [DEBUG  ]  File ignored by longranger/invocation because it exceeded search pattern filesize limit: Sor-ACeb_013-Ex1-8F-lcwgs-1-3-L2-clmp.fp2_repr.R1_fastqc.html
[2025-08-03 16:40:10,094] multiqc                                            [DEBUG  ]  File ignored by hicexplorer because it exceeded search pattern filesize limit: Sor-ACeb_001-Ex1-8E-lcwgs-1-3-L3-clmp.fp2_repr.R1_fastqc.html
[2025-08-03 16:40:10,104] multiqc                                            [DEBUG  ]  File ignored by longranger/invocation because it exceeded search pattern filesize limit: Sor-ACeb_001-Ex1-8E-lcwgs-1-3-L3-clmp.fp2_repr.R1_fastqc.html
[2025-08-03 16:40:10,181] multiqc                                            [DEBUG  ]  File ignored by hicexplorer because it exceeded search pattern filesize limit: Sor-ACeb_022-Ex1-5G-lcwgs-1-3-L2-clmp.fp2_repr.R1_fastqc.html
[2025-08-03 16:40:10,191] multiqc                                            [DEBUG  ]  File ignored by longranger/invocation because it exceeded search pattern filesize limit: Sor-ACeb_022-Ex1-5G-lcwgs-1-3-L2-clmp.fp2_repr.R1_fastqc.html
[2025-08-03 16:40:10,249] multiqc                                            [DEBUG  ]  Ignoring file as matched an ignore pattern: Sor-ACeb_005-Ex1-12E-lcwgs-1-3-L2-clmp.fp2_repr.R1.fq.gz
[2025-08-03 16:40:10,271] multiqc                                            [DEBUG  ]  File ignored by hicexplorer because it exceeded search pattern filesize limit: Sor-ACeb_019-Ex1-3G-lcwgs-1-3-L3-clmp.fp2_repr.R1_fastqc.html
[2025-08-03 16:40:10,281] multiqc                                            [DEBUG  ]  File ignored by longranger/invocation because it exceeded search pattern filesize limit: Sor-ACeb_019-Ex1-3G-lcwgs-1-3-L3-clmp.fp2_repr.R1_fastqc.html
[2025-08-03 16:40:10,339] multiqc                                            [DEBUG  ]  Ignoring file as matched an ignore pattern: Sor-ACeb_020-Ex1-2G-lcwgs-1-3-L2-clmp.fp2_repr.R1.fq.gz
[2025-08-03 16:40:10,340] multiqc                                            [DEBUG  ]  Ignoring file as matched an ignore pattern: Sor-ACeb_003-Ex1-10E-lcwgs-1-3-L3-clmp.fp2_repr.R2.fq.gz
[2025-08-03 16:40:10,340] multiqc                                            [DEBUG  ]  Ignoring file as matched an ignore pattern: Sor-ACeb_013-Ex1-8F-lcwgs-1-3-L3-clmp.fp2_repr.R1.fq.gz
[2025-08-03 16:40:10,341] multiqc                                            [DEBUG  ]  Ignoring file as matched an ignore pattern: Sor-ACeb_010-Ex1-5F-lcwgs-1-3-L2-clmp.fp2_repr.R2.fq.gz
[2025-08-03 16:40:10,342] multiqc                                            [DEBUG  ]  Ignoring file as matched an ignore pattern: Sor-ACeb_018-Ex1-1G-lcwgs-1-3-L3-clmp.fp2_repr.R1.fq.gz
[2025-08-03 16:40:10,342] multiqc                                            [DEBUG  ]  Ignoring file as matched an ignore pattern: Sor-ACeb_004-Ex1-11E-lcwgs-1-3-L3-clmp.fp2_repr.R1.fq.gz
[2025-08-03 16:40:10,342] multiqc                                            [DEBUG  ]  Ignoring file as matched an ignore pattern: Sor-ACeb_011-Ex1-6F-lcwgs-1-3-L2-clmp.fp2_repr.R1.fq.gz
[2025-08-03 16:40:10,343] multiqc                                            [DEBUG  ]  Ignoring file as matched an ignore pattern: Sor-ACeb_014-Ex1-9F-lcwgs-1-3-L2-clmp.fp2_repr.R2.fq.gz
[2025-08-03 16:40:10,344] multiqc                                            [DEBUG  ]  Ignoring file as matched an ignore pattern: Sor-ACeb_008-Ex1-3F-lcwgs-1-3-L3-clmp.fp2_repr.R1.fq.gz
[2025-08-03 16:40:10,346] multiqc                                            [DEBUG  ]  Ignoring file as matched an ignore pattern: Sor-ACeb_012-Ex1-7F-lcwgs-1-3-L2-clmp.fp2_repr.R2.fq.gz
[2025-08-03 16:40:10,346] multiqc                                            [DEBUG  ]  Ignoring file as matched an ignore pattern: Sor-ACeb_016-Ex1-11F-lcwgs-1-3-L2-clmp.fp2_repr.R1.fq.gz
[2025-08-03 16:40:10,367] multiqc                                            [DEBUG  ]  File ignored by hicexplorer because it exceeded search pattern filesize limit: Sor-ACeb_007-Ex1-2F-lcwgs-1-3-L3-clmp.fp2_repr.R2_fastqc.html
[2025-08-03 16:40:10,378] multiqc                                            [DEBUG  ]  File ignored by longranger/invocation because it exceeded search pattern filesize limit: Sor-ACeb_007-Ex1-2F-lcwgs-1-3-L3-clmp.fp2_repr.R2_fastqc.html
[2025-08-03 16:40:10,453] multiqc                                            [DEBUG  ]  File ignored by hicexplorer because it exceeded search pattern filesize limit: Sor-ACeb_015-Ex1-10F-lcwgs-1-3-L2-clmp.fp2_repr.R2_fastqc.html
[2025-08-03 16:40:10,462] multiqc                                            [DEBUG  ]  File ignored by longranger/invocation because it exceeded search pattern filesize limit: Sor-ACeb_015-Ex1-10F-lcwgs-1-3-L2-clmp.fp2_repr.R2_fastqc.html
[2025-08-03 16:40:10,536] multiqc                                            [DEBUG  ]  File ignored by hicexplorer because it exceeded search pattern filesize limit: Sor-ACeb_004-Ex1-11E-lcwgs-1-3-L2-clmp.fp2_repr.R1_fastqc.html
[2025-08-03 16:40:10,546] multiqc                                            [DEBUG  ]  File ignored by longranger/invocation because it exceeded search pattern filesize limit: Sor-ACeb_004-Ex1-11E-lcwgs-1-3-L2-clmp.fp2_repr.R1_fastqc.html
[2025-08-03 16:40:10,621] multiqc                                            [DEBUG  ]  File ignored by hicexplorer because it exceeded search pattern filesize limit: Sor-ACeb_005-Ex1-12E-lcwgs-1-3-L3-clmp.fp2_repr.R1_fastqc.html
[2025-08-03 16:40:10,630] multiqc                                            [DEBUG  ]  File ignored by longranger/invocation because it exceeded search pattern filesize limit: Sor-ACeb_005-Ex1-12E-lcwgs-1-3-L3-clmp.fp2_repr.R1_fastqc.html
[2025-08-03 16:40:10,705] multiqc                                            [DEBUG  ]  File ignored by hicexplorer because it exceeded search pattern filesize limit: Sor-ACeb_010-Ex1-5F-lcwgs-1-3-L3-clmp.fp2_repr.R2_fastqc.html
[2025-08-03 16:40:10,714] multiqc                                            [DEBUG  ]  File ignored by longranger/invocation because it exceeded search pattern filesize limit: Sor-ACeb_010-Ex1-5F-lcwgs-1-3-L3-clmp.fp2_repr.R2_fastqc.html
[2025-08-03 16:40:10,789] multiqc                                            [DEBUG  ]  File ignored by hicexplorer because it exceeded search pattern filesize limit: Sor-ACeb_018-Ex1-1G-lcwgs-1-3-L3-clmp.fp2_repr.R2_fastqc.html
[2025-08-03 16:40:10,798] multiqc                                            [DEBUG  ]  File ignored by longranger/invocation because it exceeded search pattern filesize limit: Sor-ACeb_018-Ex1-1G-lcwgs-1-3-L3-clmp.fp2_repr.R2_fastqc.html
[2025-08-03 16:40:10,875] multiqc                                            [DEBUG  ]  File ignored by hicexplorer because it exceeded search pattern filesize limit: Sor-ACeb_020-Ex1-2G-lcwgs-1-3-L3-clmp.fp2_repr.R2_fastqc.html
[2025-08-03 16:40:10,884] multiqc                                            [DEBUG  ]  File ignored by longranger/invocation because it exceeded search pattern filesize limit: Sor-ACeb_020-Ex1-2G-lcwgs-1-3-L3-clmp.fp2_repr.R2_fastqc.html
[2025-08-03 16:40:10,941] multiqc                                            [DEBUG  ]  Ignoring file as matched an ignore pattern: Sor-ACeb_017-Ex1-12F-lcwgs-1-3-L3-clmp.fp2_repr.R1.fq.gz
[2025-08-03 16:40:10,943] multiqc                                            [DEBUG  ]  Ignoring file as matched an ignore pattern: Sor-ACeb_019-Ex1-3G-lcwgs-1-3-L2-clmp.fp2_repr.R1.fq.gz
[2025-08-03 16:40:10,964] multiqc                                            [DEBUG  ]  File ignored by hicexplorer because it exceeded search pattern filesize limit: Sor-ACeb_016-Ex1-11F-lcwgs-1-3-L3-clmp.fp2_repr.R2_fastqc.html
[2025-08-03 16:40:10,972] multiqc                                            [DEBUG  ]  File ignored by longranger/invocation because it exceeded search pattern filesize limit: Sor-ACeb_016-Ex1-11F-lcwgs-1-3-L3-clmp.fp2_repr.R2_fastqc.html
[2025-08-03 16:40:11,047] multiqc                                            [DEBUG  ]  File ignored by hicexplorer because it exceeded search pattern filesize limit: Sor-ACeb_012-Ex1-7F-lcwgs-1-3-L3-clmp.fp2_repr.R1_fastqc.html
[2025-08-03 16:40:11,056] multiqc                                            [DEBUG  ]  File ignored by longranger/invocation because it exceeded search pattern filesize limit: Sor-ACeb_012-Ex1-7F-lcwgs-1-3-L3-clmp.fp2_repr.R1_fastqc.html
[2025-08-03 16:40:11,111] multiqc                                            [DEBUG  ]  Ignoring file as matched an ignore pattern: Sor-ACeb_020-Ex1-2G-lcwgs-1-3-L2-clmp.fp2_repr.R2.fq.gz
[2025-08-03 16:40:11,132] multiqc                                            [DEBUG  ]  File ignored by hicexplorer because it exceeded search pattern filesize limit: Sor-ACeb_017-Ex1-12F-lcwgs-1-3-L2-clmp.fp2_repr.R2_fastqc.html
[2025-08-03 16:40:11,141] multiqc                                            [DEBUG  ]  File ignored by longranger/invocation because it exceeded search pattern filesize limit: Sor-ACeb_017-Ex1-12F-lcwgs-1-3-L2-clmp.fp2_repr.R2_fastqc.html
[2025-08-03 16:40:11,195] multiqc                                            [DEBUG  ]  Ignoring file as matched an ignore pattern: Sor-ACeb_005-Ex1-12E-lcwgs-1-3-L2-clmp.fp2_repr.R2.fq.gz
[2025-08-03 16:40:11,215] multiqc                                            [DEBUG  ]  File ignored by hicexplorer because it exceeded search pattern filesize limit: Sor-ACeb_014-Ex1-9F-lcwgs-1-3-L2-clmp.fp2_repr.R1_fastqc.html
[2025-08-03 16:40:11,224] multiqc                                            [DEBUG  ]  File ignored by longranger/invocation because it exceeded search pattern filesize limit: Sor-ACeb_014-Ex1-9F-lcwgs-1-3-L2-clmp.fp2_repr.R1_fastqc.html
[2025-08-03 16:40:11,280] multiqc                                            [DEBUG  ]  Ignoring file as matched an ignore pattern: Sor-ACeb_011-Ex1-6F-lcwgs-1-3-L2-clmp.fp2_repr.R2.fq.gz
[2025-08-03 16:40:11,281] multiqc                                            [DEBUG  ]  Ignoring file as matched an ignore pattern: Sor-ACeb_014-Ex1-9F-lcwgs-1-3-L2-clmp.fp2_repr.R1.fq.gz
[2025-08-03 16:40:11,281] multiqc                                            [DEBUG  ]  Ignoring file as matched an ignore pattern: Sor-ACeb_004-Ex1-11E-lcwgs-1-3-L3-clmp.fp2_repr.R2.fq.gz
[2025-08-03 16:40:11,281] multiqc                                            [DEBUG  ]  Ignoring file as matched an ignore pattern: Sor-ACeb_018-Ex1-1G-lcwgs-1-3-L3-clmp.fp2_repr.R2.fq.gz
[2025-08-03 16:40:11,282] multiqc                                            [DEBUG  ]  Ignoring file as matched an ignore pattern: Sor-ACeb_010-Ex1-5F-lcwgs-1-3-L2-clmp.fp2_repr.R1.fq.gz
[2025-08-03 16:40:11,301] multiqc                                            [DEBUG  ]  File ignored by hicexplorer because it exceeded search pattern filesize limit: Sor-ACeb_021-Ex1-4G-lcwgs-1-3-L2-clmp.fp2_repr.R1_fastqc.html
[2025-08-03 16:40:11,311] multiqc                                            [DEBUG  ]  File ignored by longranger/invocation because it exceeded search pattern filesize limit: Sor-ACeb_021-Ex1-4G-lcwgs-1-3-L2-clmp.fp2_repr.R1_fastqc.html
[2025-08-03 16:40:11,386] multiqc                                            [DEBUG  ]  File ignored by hicexplorer because it exceeded search pattern filesize limit: Sor-ACeb_002-Ex1-9E-lcwgs-1-3-L3-clmp.fp2_repr.R1_fastqc.html
[2025-08-03 16:40:11,395] multiqc                                            [DEBUG  ]  File ignored by longranger/invocation because it exceeded search pattern filesize limit: Sor-ACeb_002-Ex1-9E-lcwgs-1-3-L3-clmp.fp2_repr.R1_fastqc.html
[2025-08-03 16:40:11,450] multiqc                                            [DEBUG  ]  Ignoring file as matched an ignore pattern: Sor-ACeb_003-Ex1-10E-lcwgs-1-3-L3-clmp.fp2_repr.R1.fq.gz
[2025-08-03 16:40:11,451] multiqc                                            [DEBUG  ]  Ignoring file as matched an ignore pattern: Sor-ACeb_013-Ex1-8F-lcwgs-1-3-L3-clmp.fp2_repr.R2.fq.gz
[2025-08-03 16:40:11,471] multiqc                                            [DEBUG  ]  File ignored by hicexplorer because it exceeded search pattern filesize limit: Sor-ACeb_020-Ex1-2G-lcwgs-1-3-L2-clmp.fp2_repr.R2_fastqc.html
[2025-08-03 16:40:11,480] multiqc                                            [DEBUG  ]  File ignored by longranger/invocation because it exceeded search pattern filesize limit: Sor-ACeb_020-Ex1-2G-lcwgs-1-3-L2-clmp.fp2_repr.R2_fastqc.html
[2025-08-03 16:40:11,536] multiqc                                            [DEBUG  ]  Ignoring file as matched an ignore pattern: Sor-ACeb_010-Ex1-5F-lcwgs-1-3-L3-clmp.fp2_repr.R1.fq.gz
[2025-08-03 16:40:11,555] multiqc                                            [DEBUG  ]  File ignored by hicexplorer because it exceeded search pattern filesize limit: Sor-ACeb_018-Ex1-1G-lcwgs-1-3-L2-clmp.fp2_repr.R2_fastqc.html
[2025-08-03 16:40:11,564] multiqc                                            [DEBUG  ]  File ignored by longranger/invocation because it exceeded search pattern filesize limit: Sor-ACeb_018-Ex1-1G-lcwgs-1-3-L2-clmp.fp2_repr.R2_fastqc.html
[2025-08-03 16:40:11,619] multiqc                                            [DEBUG  ]  Ignoring file as matched an ignore pattern: Sor-ACeb_018-Ex1-1G-lcwgs-1-3-L2-clmp.fp2_repr.R2.fq.gz
[2025-08-03 16:40:11,620] multiqc                                            [DEBUG  ]  Ignoring file as matched an ignore pattern: Sor-ACeb_004-Ex1-11E-lcwgs-1-3-L2-clmp.fp2_repr.R2.fq.gz
[2025-08-03 16:40:11,620] multiqc                                            [DEBUG  ]  Ignoring file as matched an ignore pattern: Sor-ACeb_014-Ex1-9F-lcwgs-1-3-L3-clmp.fp2_repr.R1.fq.gz
[2025-08-03 16:40:11,620] multiqc                                            [DEBUG  ]  Ignoring file as matched an ignore pattern: Sor-ACeb_011-Ex1-6F-lcwgs-1-3-L3-clmp.fp2_repr.R2.fq.gz
[2025-08-03 16:40:11,621] multiqc                                            [DEBUG  ]  Ignoring file as matched an ignore pattern: Sor-ACeb_013-Ex1-8F-lcwgs-1-3-L2-clmp.fp2_repr.R2.fq.gz
[2025-08-03 16:40:11,641] multiqc                                            [DEBUG  ]  File ignored by hicexplorer because it exceeded search pattern filesize limit: Sor-ACeb_004-Ex1-11E-lcwgs-1-3-L3-clmp.fp2_repr.R1_fastqc.html
[2025-08-03 16:40:11,651] multiqc                                            [DEBUG  ]  File ignored by longranger/invocation because it exceeded search pattern filesize limit: Sor-ACeb_004-Ex1-11E-lcwgs-1-3-L3-clmp.fp2_repr.R1_fastqc.html
[2025-08-03 16:40:11,726] multiqc                                            [DEBUG  ]  File ignored by hicexplorer because it exceeded search pattern filesize limit: Sor-ACeb_015-Ex1-10F-lcwgs-1-3-L3-clmp.fp2_repr.R2_fastqc.html
[2025-08-03 16:40:11,735] multiqc                                            [DEBUG  ]  File ignored by longranger/invocation because it exceeded search pattern filesize limit: Sor-ACeb_015-Ex1-10F-lcwgs-1-3-L3-clmp.fp2_repr.R2_fastqc.html
[2025-08-03 16:40:11,790] multiqc                                            [DEBUG  ]  Ignoring file as matched an ignore pattern: Sor-ACeb_003-Ex1-10E-lcwgs-1-3-L2-clmp.fp2_repr.R1.fq.gz
[2025-08-03 16:40:11,810] multiqc                                            [DEBUG  ]  File ignored by hicexplorer because it exceeded search pattern filesize limit: Sor-ACeb_007-Ex1-2F-lcwgs-1-3-L2-clmp.fp2_repr.R2_fastqc.html
[2025-08-03 16:40:11,820] multiqc                                            [DEBUG  ]  File ignored by longranger/invocation because it exceeded search pattern filesize limit: Sor-ACeb_007-Ex1-2F-lcwgs-1-3-L2-clmp.fp2_repr.R2_fastqc.html
[2025-08-03 16:40:11,897] multiqc                                            [DEBUG  ]  File ignored by hicexplorer because it exceeded search pattern filesize limit: Sor-ACeb_010-Ex1-5F-lcwgs-1-3-L2-clmp.fp2_repr.R2_fastqc.html
[2025-08-03 16:40:11,906] multiqc                                            [DEBUG  ]  File ignored by longranger/invocation because it exceeded search pattern filesize limit: Sor-ACeb_010-Ex1-5F-lcwgs-1-3-L2-clmp.fp2_repr.R2_fastqc.html
[2025-08-03 16:40:11,982] multiqc                                            [DEBUG  ]  File ignored by hicexplorer because it exceeded search pattern filesize limit: Sor-ACeb_005-Ex1-12E-lcwgs-1-3-L2-clmp.fp2_repr.R1_fastqc.html
[2025-08-03 16:40:11,991] multiqc                                            [DEBUG  ]  File ignored by longranger/invocation because it exceeded search pattern filesize limit: Sor-ACeb_005-Ex1-12E-lcwgs-1-3-L2-clmp.fp2_repr.R1_fastqc.html
[2025-08-03 16:40:12,047] multiqc                                            [DEBUG  ]  Ignoring file as matched an ignore pattern: Sor-ACeb_005-Ex1-12E-lcwgs-1-3-L3-clmp.fp2_repr.R2.fq.gz
[2025-08-03 16:40:12,048] multiqc                                            [DEBUG  ]  Ignoring file as matched an ignore pattern: Sor-ACeb_020-Ex1-2G-lcwgs-1-3-L3-clmp.fp2_repr.R2.fq.gz
[2025-08-03 16:40:12,067] multiqc                                            [DEBUG  ]  File ignored by hicexplorer because it exceeded search pattern filesize limit: Sor-ACeb_021-Ex1-4G-lcwgs-1-3-L3-clmp.fp2_repr.R1_fastqc.html
[2025-08-03 16:40:12,076] multiqc                                            [DEBUG  ]  File ignored by longranger/invocation because it exceeded search pattern filesize limit: Sor-ACeb_021-Ex1-4G-lcwgs-1-3-L3-clmp.fp2_repr.R1_fastqc.html
[2025-08-03 16:40:12,152] multiqc                                            [DEBUG  ]  File ignored by hicexplorer because it exceeded search pattern filesize limit: Sor-ACeb_002-Ex1-9E-lcwgs-1-3-L2-clmp.fp2_repr.R1_fastqc.html
[2025-08-03 16:40:12,161] multiqc                                            [DEBUG  ]  File ignored by longranger/invocation because it exceeded search pattern filesize limit: Sor-ACeb_002-Ex1-9E-lcwgs-1-3-L2-clmp.fp2_repr.R1_fastqc.html
[2025-08-03 16:40:12,218] multiqc                                            [DEBUG  ]  Ignoring file as matched an ignore pattern: Sor-ACeb_019-Ex1-3G-lcwgs-1-3-L3-clmp.fp2_repr.R1.fq.gz
[2025-08-03 16:40:12,218] multiqc                                            [DEBUG  ]  Ignoring file as matched an ignore pattern: Sor-ACeb_017-Ex1-12F-lcwgs-1-3-L2-clmp.fp2_repr.R1.fq.gz
[2025-08-03 16:40:12,238] multiqc                                            [DEBUG  ]  File ignored by hicexplorer because it exceeded search pattern filesize limit: Sor-ACeb_014-Ex1-9F-lcwgs-1-3-L3-clmp.fp2_repr.R1_fastqc.html
[2025-08-03 16:40:12,247] multiqc                                            [DEBUG  ]  File ignored by longranger/invocation because it exceeded search pattern filesize limit: Sor-ACeb_014-Ex1-9F-lcwgs-1-3-L3-clmp.fp2_repr.R1_fastqc.html
[2025-08-03 16:40:12,303] multiqc                                            [DEBUG  ]  Ignoring file as matched an ignore pattern: Sor-ACeb_016-Ex1-11F-lcwgs-1-3-L3-clmp.fp2_repr.R1.fq.gz
[2025-08-03 16:40:12,303] multiqc                                            [DEBUG  ]  Ignoring file as matched an ignore pattern: Sor-ACeb_012-Ex1-7F-lcwgs-1-3-L3-clmp.fp2_repr.R2.fq.gz
[2025-08-03 16:40:12,322] multiqc                                            [DEBUG  ]  File ignored by hicexplorer because it exceeded search pattern filesize limit: Sor-ACeb_012-Ex1-7F-lcwgs-1-3-L2-clmp.fp2_repr.R1_fastqc.html
[2025-08-03 16:40:12,331] multiqc                                            [DEBUG  ]  File ignored by longranger/invocation because it exceeded search pattern filesize limit: Sor-ACeb_012-Ex1-7F-lcwgs-1-3-L2-clmp.fp2_repr.R1_fastqc.html
[2025-08-03 16:40:12,405] multiqc                                            [DEBUG  ]  File ignored by hicexplorer because it exceeded search pattern filesize limit: Sor-ACeb_016-Ex1-11F-lcwgs-1-3-L2-clmp.fp2_repr.R2_fastqc.html
[2025-08-03 16:40:12,414] multiqc                                            [DEBUG  ]  File ignored by longranger/invocation because it exceeded search pattern filesize limit: Sor-ACeb_016-Ex1-11F-lcwgs-1-3-L2-clmp.fp2_repr.R2_fastqc.html
[2025-08-03 16:40:12,469] multiqc                                            [DEBUG  ]  Ignoring file as matched an ignore pattern: Sor-ACeb_008-Ex1-3F-lcwgs-1-3-L2-clmp.fp2_repr.R1.fq.gz
[2025-08-03 16:40:12,491] multiqc                                            [DEBUG  ]  File ignored by hicexplorer because it exceeded search pattern filesize limit: Sor-ACeb_017-Ex1-12F-lcwgs-1-3-L3-clmp.fp2_repr.R2_fastqc.html
[2025-08-03 16:40:12,500] multiqc                                            [DEBUG  ]  File ignored by longranger/invocation because it exceeded search pattern filesize limit: Sor-ACeb_017-Ex1-12F-lcwgs-1-3-L3-clmp.fp2_repr.R2_fastqc.html
[2025-08-03 16:40:12,579] multiqc                                            [DEBUG  ]  File ignored by hicexplorer because it exceeded search pattern filesize limit: Sor-ACeb_021-Ex1-4G-lcwgs-1-3-L3-clmp.fp2_repr.R2_fastqc.html
[2025-08-03 16:40:12,588] multiqc                                            [DEBUG  ]  File ignored by longranger/invocation because it exceeded search pattern filesize limit: Sor-ACeb_021-Ex1-4G-lcwgs-1-3-L3-clmp.fp2_repr.R2_fastqc.html
[2025-08-03 16:40:12,668] multiqc                                            [DEBUG  ]  File ignored by hicexplorer because it exceeded search pattern filesize limit: Sor-ACeb_002-Ex1-9E-lcwgs-1-3-L2-clmp.fp2_repr.R2_fastqc.html
[2025-08-03 16:40:12,679] multiqc                                            [DEBUG  ]  File ignored by longranger/invocation because it exceeded search pattern filesize limit: Sor-ACeb_002-Ex1-9E-lcwgs-1-3-L2-clmp.fp2_repr.R2_fastqc.html
[2025-08-03 16:40:12,754] multiqc                                            [DEBUG  ]  File ignored by hicexplorer because it exceeded search pattern filesize limit: Sor-ACeb_012-Ex1-7F-lcwgs-1-3-L2-clmp.fp2_repr.R2_fastqc.html
[2025-08-03 16:40:12,763] multiqc                                            [DEBUG  ]  File ignored by longranger/invocation because it exceeded search pattern filesize limit: Sor-ACeb_012-Ex1-7F-lcwgs-1-3-L2-clmp.fp2_repr.R2_fastqc.html
[2025-08-03 16:40:12,839] multiqc                                            [DEBUG  ]  File ignored by hicexplorer because it exceeded search pattern filesize limit: Sor-ACeb_016-Ex1-11F-lcwgs-1-3-L2-clmp.fp2_repr.R1_fastqc.html
[2025-08-03 16:40:12,848] multiqc                                            [DEBUG  ]  File ignored by longranger/invocation because it exceeded search pattern filesize limit: Sor-ACeb_016-Ex1-11F-lcwgs-1-3-L2-clmp.fp2_repr.R1_fastqc.html
[2025-08-03 16:40:12,925] multiqc                                            [DEBUG  ]  File ignored by hicexplorer because it exceeded search pattern filesize limit: Sor-ACeb_017-Ex1-12F-lcwgs-1-3-L3-clmp.fp2_repr.R1_fastqc.html
[2025-08-03 16:40:12,935] multiqc                                            [DEBUG  ]  File ignored by longranger/invocation because it exceeded search pattern filesize limit: Sor-ACeb_017-Ex1-12F-lcwgs-1-3-L3-clmp.fp2_repr.R1_fastqc.html
[2025-08-03 16:40:13,012] multiqc                                            [DEBUG  ]  File ignored by hicexplorer because it exceeded search pattern filesize limit: Sor-ACeb_014-Ex1-9F-lcwgs-1-3-L3-clmp.fp2_repr.R2_fastqc.html
[2025-08-03 16:40:13,021] multiqc                                            [DEBUG  ]  File ignored by longranger/invocation because it exceeded search pattern filesize limit: Sor-ACeb_014-Ex1-9F-lcwgs-1-3-L3-clmp.fp2_repr.R2_fastqc.html
[2025-08-03 16:40:13,078] multiqc                                            [DEBUG  ]  Ignoring file as matched an ignore pattern: Sor-ACeb_002-Ex1-9E-lcwgs-1-3-L3-clmp.fp2_repr.R2.fq.gz
[2025-08-03 16:40:13,081] multiqc                                            [DEBUG  ]  Ignoring file as matched an ignore pattern: Sor-ACeb_022-Ex1-5G-lcwgs-1-3-L3-clmp.fp2_repr.R2.fq.gz
[2025-08-03 16:40:13,100] multiqc                                            [DEBUG  ]  File ignored by hicexplorer because it exceeded search pattern filesize limit: Sor-ACeb_004-Ex1-11E-lcwgs-1-3-L3-clmp.fp2_repr.R2_fastqc.html
[2025-08-03 16:40:13,110] multiqc                                            [DEBUG  ]  File ignored by longranger/invocation because it exceeded search pattern filesize limit: Sor-ACeb_004-Ex1-11E-lcwgs-1-3-L3-clmp.fp2_repr.R2_fastqc.html
[2025-08-03 16:40:13,185] multiqc                                            [DEBUG  ]  File ignored by hicexplorer because it exceeded search pattern filesize limit: Sor-ACeb_015-Ex1-10F-lcwgs-1-3-L3-clmp.fp2_repr.R1_fastqc.html
[2025-08-03 16:40:13,194] multiqc                                            [DEBUG  ]  File ignored by longranger/invocation because it exceeded search pattern filesize limit: Sor-ACeb_015-Ex1-10F-lcwgs-1-3-L3-clmp.fp2_repr.R1_fastqc.html
[2025-08-03 16:40:13,250] multiqc                                            [DEBUG  ]  Ignoring file as matched an ignore pattern: Sor-ACeb_021-Ex1-4G-lcwgs-1-3-L3-clmp.fp2_repr.R2.fq.gz
[2025-08-03 16:40:13,251] multiqc                                            [DEBUG  ]  Ignoring file as matched an ignore pattern: Sor-ACeb_009-Ex1-4F-lcwgs-1-3-L3-clmp.fp2_repr.R1.fq.gz
[2025-08-03 16:40:13,270] multiqc                                            [DEBUG  ]  File ignored by hicexplorer because it exceeded search pattern filesize limit: Sor-ACeb_007-Ex1-2F-lcwgs-1-3-L2-clmp.fp2_repr.R1_fastqc.html
[2025-08-03 16:40:13,280] multiqc                                            [DEBUG  ]  File ignored by longranger/invocation because it exceeded search pattern filesize limit: Sor-ACeb_007-Ex1-2F-lcwgs-1-3-L2-clmp.fp2_repr.R1_fastqc.html
[2025-08-03 16:40:13,357] multiqc                                            [DEBUG  ]  File ignored by hicexplorer because it exceeded search pattern filesize limit: Sor-ACeb_010-Ex1-5F-lcwgs-1-3-L2-clmp.fp2_repr.R1_fastqc.html
[2025-08-03 16:40:13,366] multiqc                                            [DEBUG  ]  File ignored by longranger/invocation because it exceeded search pattern filesize limit: Sor-ACeb_010-Ex1-5F-lcwgs-1-3-L2-clmp.fp2_repr.R1_fastqc.html
[2025-08-03 16:40:13,439] multiqc                                            [DEBUG  ]  File ignored by hicexplorer because it exceeded search pattern filesize limit: Sor-ACeb_005-Ex1-12E-lcwgs-1-3-L2-clmp.fp2_repr.R2_fastqc.html
[2025-08-03 16:40:13,447] multiqc                                            [DEBUG  ]  File ignored by longranger/invocation because it exceeded search pattern filesize limit: Sor-ACeb_005-Ex1-12E-lcwgs-1-3-L2-clmp.fp2_repr.R2_fastqc.html
[2025-08-03 16:40:13,501] multiqc                                            [DEBUG  ]  Ignoring file as matched an ignore pattern: Sor-ACeb_001-Ex1-8E-lcwgs-1-3-L3-clmp.fp2_repr.R2.fq.gz
[2025-08-03 16:40:13,520] multiqc                                            [DEBUG  ]  File ignored by hicexplorer because it exceeded search pattern filesize limit: Sor-ACeb_020-Ex1-2G-lcwgs-1-3-L2-clmp.fp2_repr.R1_fastqc.html
[2025-08-03 16:40:13,530] multiqc                                            [DEBUG  ]  File ignored by longranger/invocation because it exceeded search pattern filesize limit: Sor-ACeb_020-Ex1-2G-lcwgs-1-3-L2-clmp.fp2_repr.R1_fastqc.html
[2025-08-03 16:40:13,608] multiqc                                            [DEBUG  ]  File ignored by hicexplorer because it exceeded search pattern filesize limit: Sor-ACeb_018-Ex1-1G-lcwgs-1-3-L2-clmp.fp2_repr.R1_fastqc.html
[2025-08-03 16:40:13,618] multiqc                                            [DEBUG  ]  File ignored by longranger/invocation because it exceeded search pattern filesize limit: Sor-ACeb_018-Ex1-1G-lcwgs-1-3-L2-clmp.fp2_repr.R1_fastqc.html
[2025-08-03 16:40:13,675] multiqc                                            [DEBUG  ]  Ignoring file as matched an ignore pattern: Sor-ACeb_007-Ex1-2F-lcwgs-1-3-L3-clmp.fp2_repr.R1.fq.gz
[2025-08-03 16:40:13,676] multiqc                                            [DEBUG  ]  Ignoring file as matched an ignore pattern: Sor-ACeb_006-Ex1-1F-lcwgs-1-3-L3-clmp.fp2_repr.R2.fq.gz
[2025-08-03 16:40:13,676] multiqc                                            [DEBUG  ]  Ignoring file as matched an ignore pattern: Sor-ACeb_015-Ex1-10F-lcwgs-1-3-L3-clmp.fp2_repr.R1.fq.gz
[2025-08-03 16:40:13,697] multiqc                                            [DEBUG  ]  File ignored by hicexplorer because it exceeded search pattern filesize limit: Sor-ACeb_014-Ex1-9F-lcwgs-1-3-L2-clmp.fp2_repr.R2_fastqc.html
[2025-08-03 16:40:13,706] multiqc                                            [DEBUG  ]  File ignored by longranger/invocation because it exceeded search pattern filesize limit: Sor-ACeb_014-Ex1-9F-lcwgs-1-3-L2-clmp.fp2_repr.R2_fastqc.html
[2025-08-03 16:40:13,785] multiqc                                            [DEBUG  ]  File ignored by hicexplorer because it exceeded search pattern filesize limit: Sor-ACeb_016-Ex1-11F-lcwgs-1-3-L3-clmp.fp2_repr.R1_fastqc.html
[2025-08-03 16:40:13,795] multiqc                                            [DEBUG  ]  File ignored by longranger/invocation because it exceeded search pattern filesize limit: Sor-ACeb_016-Ex1-11F-lcwgs-1-3-L3-clmp.fp2_repr.R1_fastqc.html
[2025-08-03 16:40:13,872] multiqc                                            [DEBUG  ]  File ignored by hicexplorer because it exceeded search pattern filesize limit: Sor-ACeb_012-Ex1-7F-lcwgs-1-3-L3-clmp.fp2_repr.R2_fastqc.html
[2025-08-03 16:40:13,882] multiqc                                            [DEBUG  ]  File ignored by longranger/invocation because it exceeded search pattern filesize limit: Sor-ACeb_012-Ex1-7F-lcwgs-1-3-L3-clmp.fp2_repr.R2_fastqc.html
[2025-08-03 16:40:13,942] multiqc                                            [DEBUG  ]  Ignoring file as matched an ignore pattern: Sor-ACeb_015-Ex1-10F-lcwgs-1-3-L2-clmp.fp2_repr.R1.fq.gz
[2025-08-03 16:40:13,960] multiqc                                            [DEBUG  ]  File ignored by hicexplorer because it exceeded search pattern filesize limit: Sor-ACeb_017-Ex1-12F-lcwgs-1-3-L2-clmp.fp2_repr.R1_fastqc.html
[2025-08-03 16:40:13,969] multiqc                                            [DEBUG  ]  File ignored by longranger/invocation because it exceeded search pattern filesize limit: Sor-ACeb_017-Ex1-12F-lcwgs-1-3-L2-clmp.fp2_repr.R1_fastqc.html
[2025-08-03 16:40:14,023] multiqc                                            [DEBUG  ]  Ignoring file as matched an ignore pattern: Sor-ACeb_001-Ex1-8E-lcwgs-1-3-L2-clmp.fp2_repr.R2.fq.gz
[2025-08-03 16:40:14,044] multiqc                                            [DEBUG  ]  File ignored by hicexplorer because it exceeded search pattern filesize limit: Sor-ACeb_021-Ex1-4G-lcwgs-1-3-L2-clmp.fp2_repr.R2_fastqc.html
[2025-08-03 16:40:14,054] multiqc                                            [DEBUG  ]  File ignored by longranger/invocation because it exceeded search pattern filesize limit: Sor-ACeb_021-Ex1-4G-lcwgs-1-3-L2-clmp.fp2_repr.R2_fastqc.html
[2025-08-03 16:40:14,131] multiqc                                            [DEBUG  ]  File ignored by hicexplorer because it exceeded search pattern filesize limit: Sor-ACeb_002-Ex1-9E-lcwgs-1-3-L3-clmp.fp2_repr.R2_fastqc.html
[2025-08-03 16:40:14,141] multiqc                                            [DEBUG  ]  File ignored by longranger/invocation because it exceeded search pattern filesize limit: Sor-ACeb_002-Ex1-9E-lcwgs-1-3-L3-clmp.fp2_repr.R2_fastqc.html
[2025-08-03 16:40:14,199] multiqc                                            [DEBUG  ]  Ignoring file as matched an ignore pattern: Sor-ACeb_009-Ex1-4F-lcwgs-1-3-L2-clmp.fp2_repr.R1.fq.gz
[2025-08-03 16:40:14,199] multiqc                                            [DEBUG  ]  Ignoring file as matched an ignore pattern: Sor-ACeb_021-Ex1-4G-lcwgs-1-3-L2-clmp.fp2_repr.R2.fq.gz
[2025-08-03 16:40:14,202] multiqc                                            [DEBUG  ]  Ignoring file as matched an ignore pattern: Sor-ACeb_006-Ex1-1F-lcwgs-1-3-L2-clmp.fp2_repr.R2.fq.gz
[2025-08-03 16:40:14,203] multiqc                                            [DEBUG  ]  Ignoring file as matched an ignore pattern: Sor-ACeb_007-Ex1-2F-lcwgs-1-3-L2-clmp.fp2_repr.R1.fq.gz
[2025-08-03 16:40:14,204] multiqc                                            [DEBUG  ]  Ignoring file as matched an ignore pattern: Sor-ACeb_022-Ex1-5G-lcwgs-1-3-L2-clmp.fp2_repr.R2.fq.gz
[2025-08-03 16:40:14,206] multiqc                                            [DEBUG  ]  Ignoring file as matched an ignore pattern: Sor-ACeb_002-Ex1-9E-lcwgs-1-3-L2-clmp.fp2_repr.R2.fq.gz
[2025-08-03 16:40:14,227] multiqc                                            [DEBUG  ]  File ignored by hicexplorer because it exceeded search pattern filesize limit: Sor-ACeb_018-Ex1-1G-lcwgs-1-3-L3-clmp.fp2_repr.R1_fastqc.html
[2025-08-03 16:40:14,236] multiqc                                            [DEBUG  ]  File ignored by longranger/invocation because it exceeded search pattern filesize limit: Sor-ACeb_018-Ex1-1G-lcwgs-1-3-L3-clmp.fp2_repr.R1_fastqc.html
[2025-08-03 16:40:14,314] multiqc                                            [DEBUG  ]  File ignored by hicexplorer because it exceeded search pattern filesize limit: Sor-ACeb_020-Ex1-2G-lcwgs-1-3-L3-clmp.fp2_repr.R1_fastqc.html
[2025-08-03 16:40:14,324] multiqc                                            [DEBUG  ]  File ignored by longranger/invocation because it exceeded search pattern filesize limit: Sor-ACeb_020-Ex1-2G-lcwgs-1-3-L3-clmp.fp2_repr.R1_fastqc.html
[2025-08-03 16:40:14,404] multiqc                                            [DEBUG  ]  File ignored by hicexplorer because it exceeded search pattern filesize limit: Sor-ACeb_007-Ex1-2F-lcwgs-1-3-L3-clmp.fp2_repr.R1_fastqc.html
[2025-08-03 16:40:14,414] multiqc                                            [DEBUG  ]  File ignored by longranger/invocation because it exceeded search pattern filesize limit: Sor-ACeb_007-Ex1-2F-lcwgs-1-3-L3-clmp.fp2_repr.R1_fastqc.html
[2025-08-03 16:40:14,492] multiqc                                            [DEBUG  ]  File ignored by hicexplorer because it exceeded search pattern filesize limit: Sor-ACeb_015-Ex1-10F-lcwgs-1-3-L2-clmp.fp2_repr.R1_fastqc.html
[2025-08-03 16:40:14,502] multiqc                                            [DEBUG  ]  File ignored by longranger/invocation because it exceeded search pattern filesize limit: Sor-ACeb_015-Ex1-10F-lcwgs-1-3-L2-clmp.fp2_repr.R1_fastqc.html
[2025-08-03 16:40:14,582] multiqc                                            [DEBUG  ]  File ignored by hicexplorer because it exceeded search pattern filesize limit: Sor-ACeb_004-Ex1-11E-lcwgs-1-3-L2-clmp.fp2_repr.R2_fastqc.html
[2025-08-03 16:40:14,592] multiqc                                            [DEBUG  ]  File ignored by longranger/invocation because it exceeded search pattern filesize limit: Sor-ACeb_004-Ex1-11E-lcwgs-1-3-L2-clmp.fp2_repr.R2_fastqc.html
[2025-08-03 16:40:14,668] multiqc                                            [DEBUG  ]  File ignored by hicexplorer because it exceeded search pattern filesize limit: Sor-ACeb_005-Ex1-12E-lcwgs-1-3-L3-clmp.fp2_repr.R2_fastqc.html
[2025-08-03 16:40:14,678] multiqc                                            [DEBUG  ]  File ignored by longranger/invocation because it exceeded search pattern filesize limit: Sor-ACeb_005-Ex1-12E-lcwgs-1-3-L3-clmp.fp2_repr.R2_fastqc.html
[2025-08-03 16:40:14,754] multiqc                                            [DEBUG  ]  File ignored by hicexplorer because it exceeded search pattern filesize limit: Sor-ACeb_010-Ex1-5F-lcwgs-1-3-L3-clmp.fp2_repr.R1_fastqc.html
[2025-08-03 16:40:14,763] multiqc                                            [DEBUG  ]  File ignored by longranger/invocation because it exceeded search pattern filesize limit: Sor-ACeb_010-Ex1-5F-lcwgs-1-3-L3-clmp.fp2_repr.R1_fastqc.html
[2025-08-03 16:40:14,820] multiqc                                            [DEBUG  ]  Ignoring file as matched an ignore pattern: Sor-ACeb_015-Ex1-10F-lcwgs-1-3-L2-clmp.fp2_repr.R2.fq.gz
[2025-08-03 16:40:14,841] multiqc                                            [DEBUG  ]  File ignored by hicexplorer because it exceeded search pattern filesize limit: Sor-ACeb_019-Ex1-3G-lcwgs-1-3-L3-clmp.fp2_repr.R2_fastqc.html
[2025-08-03 16:40:14,851] multiqc                                            [DEBUG  ]  File ignored by longranger/invocation because it exceeded search pattern filesize limit: Sor-ACeb_019-Ex1-3G-lcwgs-1-3-L3-clmp.fp2_repr.R2_fastqc.html
[2025-08-03 16:40:14,907] multiqc                                            [DEBUG  ]  Ignoring file as matched an ignore pattern: Sor-ACeb_007-Ex1-2F-lcwgs-1-3-L2-clmp.fp2_repr.R2.fq.gz
[2025-08-03 16:40:14,908] multiqc                                            [DEBUG  ]  Ignoring file as matched an ignore pattern: Sor-ACeb_006-Ex1-1F-lcwgs-1-3-L2-clmp.fp2_repr.R1.fq.gz
[2025-08-03 16:40:14,908] multiqc                                            [DEBUG  ]  Ignoring file as matched an ignore pattern: Sor-ACeb_021-Ex1-4G-lcwgs-1-3-L2-clmp.fp2_repr.R1.fq.gz
[2025-08-03 16:40:14,909] multiqc                                            [DEBUG  ]  Ignoring file as matched an ignore pattern: Sor-ACeb_009-Ex1-4F-lcwgs-1-3-L2-clmp.fp2_repr.R2.fq.gz
[2025-08-03 16:40:14,909] multiqc                                            [DEBUG  ]  Ignoring file as matched an ignore pattern: Sor-ACeb_001-Ex1-8E-lcwgs-1-3-L2-clmp.fp2_repr.R1.fq.gz
[2025-08-03 16:40:14,909] multiqc                                            [DEBUG  ]  Ignoring file as matched an ignore pattern: Sor-ACeb_002-Ex1-9E-lcwgs-1-3-L2-clmp.fp2_repr.R1.fq.gz
[2025-08-03 16:40:14,910] multiqc                                            [DEBUG  ]  Ignoring file as matched an ignore pattern: Sor-ACeb_022-Ex1-5G-lcwgs-1-3-L2-clmp.fp2_repr.R1.fq.gz
[2025-08-03 16:40:14,931] multiqc                                            [DEBUG  ]  File ignored by hicexplorer because it exceeded search pattern filesize limit: Sor-ACeb_008-Ex1-3F-lcwgs-1-3-L3-clmp.fp2_repr.R1_fastqc.html
[2025-08-03 16:40:14,941] multiqc                                            [DEBUG  ]  File ignored by longranger/invocation because it exceeded search pattern filesize limit: Sor-ACeb_008-Ex1-3F-lcwgs-1-3-L3-clmp.fp2_repr.R1_fastqc.html
[2025-08-03 16:40:15,016] multiqc                                            [DEBUG  ]  File ignored by hicexplorer because it exceeded search pattern filesize limit: Sor-ACeb_009-Ex1-4F-lcwgs-1-3-L2-clmp.fp2_repr.R2_fastqc.html
[2025-08-03 16:40:15,025] multiqc                                            [DEBUG  ]  File ignored by longranger/invocation because it exceeded search pattern filesize limit: Sor-ACeb_009-Ex1-4F-lcwgs-1-3-L2-clmp.fp2_repr.R2_fastqc.html
[2025-08-03 16:40:15,096] multiqc                                            [DEBUG  ]  File ignored by hicexplorer because it exceeded search pattern filesize limit: Sor-ACeb_006-Ex1-1F-lcwgs-1-3-L3-clmp.fp2_repr.R2_fastqc.html
[2025-08-03 16:40:15,105] multiqc                                            [DEBUG  ]  File ignored by longranger/invocation because it exceeded search pattern filesize limit: Sor-ACeb_006-Ex1-1F-lcwgs-1-3-L3-clmp.fp2_repr.R2_fastqc.html
[2025-08-03 16:40:15,180] multiqc                                            [DEBUG  ]  File ignored by hicexplorer because it exceeded search pattern filesize limit: Sor-ACeb_003-Ex1-10E-lcwgs-1-3-L3-clmp.fp2_repr.R2_fastqc.html
[2025-08-03 16:40:15,188] multiqc                                            [DEBUG  ]  File ignored by longranger/invocation because it exceeded search pattern filesize limit: Sor-ACeb_003-Ex1-10E-lcwgs-1-3-L3-clmp.fp2_repr.R2_fastqc.html
[2025-08-03 16:40:15,262] multiqc                                            [DEBUG  ]  File ignored by hicexplorer because it exceeded search pattern filesize limit: Sor-ACeb_011-Ex1-6F-lcwgs-1-3-L3-clmp.fp2_repr.R2_fastqc.html
[2025-08-03 16:40:15,270] multiqc                                            [DEBUG  ]  File ignored by longranger/invocation because it exceeded search pattern filesize limit: Sor-ACeb_011-Ex1-6F-lcwgs-1-3-L3-clmp.fp2_repr.R2_fastqc.html
[2025-08-03 16:40:15,341] multiqc                                            [DEBUG  ]  File ignored by hicexplorer because it exceeded search pattern filesize limit: Sor-ACeb_013-Ex1-8F-lcwgs-1-3-L2-clmp.fp2_repr.R2_fastqc.html
[2025-08-03 16:40:15,349] multiqc                                            [DEBUG  ]  File ignored by longranger/invocation because it exceeded search pattern filesize limit: Sor-ACeb_013-Ex1-8F-lcwgs-1-3-L2-clmp.fp2_repr.R2_fastqc.html
[2025-08-03 16:40:15,425] multiqc                                            [DEBUG  ]  File ignored by hicexplorer because it exceeded search pattern filesize limit: Sor-ACeb_001-Ex1-8E-lcwgs-1-3-L3-clmp.fp2_repr.R2_fastqc.html
[2025-08-03 16:40:15,434] multiqc                                            [DEBUG  ]  File ignored by longranger/invocation because it exceeded search pattern filesize limit: Sor-ACeb_001-Ex1-8E-lcwgs-1-3-L3-clmp.fp2_repr.R2_fastqc.html
[2025-08-03 16:40:15,511] multiqc                                            [DEBUG  ]  File ignored by hicexplorer because it exceeded search pattern filesize limit: Sor-ACeb_022-Ex1-5G-lcwgs-1-3-L2-clmp.fp2_repr.R2_fastqc.html
[2025-08-03 16:40:15,521] multiqc                                            [DEBUG  ]  File ignored by longranger/invocation because it exceeded search pattern filesize limit: Sor-ACeb_022-Ex1-5G-lcwgs-1-3-L2-clmp.fp2_repr.R2_fastqc.html
[2025-08-03 16:40:15,580] multiqc                                            [DEBUG  ]  Ignoring file as matched an ignore pattern: Sor-ACeb_022-Ex1-5G-lcwgs-1-3-L3-clmp.fp2_repr.R1.fq.gz
[2025-08-03 16:40:15,580] multiqc                                            [DEBUG  ]  Ignoring file as matched an ignore pattern: Sor-ACeb_002-Ex1-9E-lcwgs-1-3-L3-clmp.fp2_repr.R1.fq.gz
[2025-08-03 16:40:15,602] multiqc                                            [DEBUG  ]  File ignored by hicexplorer because it exceeded search pattern filesize limit: Sor-ACeb_019-Ex1-3G-lcwgs-1-3-L2-clmp.fp2_repr.R2_fastqc.html
[2025-08-03 16:40:15,611] multiqc                                            [DEBUG  ]  File ignored by longranger/invocation because it exceeded search pattern filesize limit: Sor-ACeb_019-Ex1-3G-lcwgs-1-3-L2-clmp.fp2_repr.R2_fastqc.html
[2025-08-03 16:40:15,668] multiqc                                            [DEBUG  ]  Ignoring file as matched an ignore pattern: Sor-ACeb_006-Ex1-1F-lcwgs-1-3-L3-clmp.fp2_repr.R1.fq.gz
[2025-08-03 16:40:15,669] multiqc                                            [DEBUG  ]  Ignoring file as matched an ignore pattern: Sor-ACeb_007-Ex1-2F-lcwgs-1-3-L3-clmp.fp2_repr.R2.fq.gz
[2025-08-03 16:40:15,689] multiqc                                            [DEBUG  ]  File ignored by hicexplorer because it exceeded search pattern filesize limit: Sor-ACeb_001-Ex1-8E-lcwgs-1-3-L2-clmp.fp2_repr.R2_fastqc.html
[2025-08-03 16:40:15,699] multiqc                                            [DEBUG  ]  File ignored by longranger/invocation because it exceeded search pattern filesize limit: Sor-ACeb_001-Ex1-8E-lcwgs-1-3-L2-clmp.fp2_repr.R2_fastqc.html
[2025-08-03 16:40:15,754] multiqc                                            [DEBUG  ]  Ignoring file as matched an ignore pattern: Sor-ACeb_001-Ex1-8E-lcwgs-1-3-L3-clmp.fp2_repr.R1.fq.gz
[2025-08-03 16:40:15,774] multiqc                                            [DEBUG  ]  File ignored by hicexplorer because it exceeded search pattern filesize limit: Sor-ACeb_013-Ex1-8F-lcwgs-1-3-L3-clmp.fp2_repr.R2_fastqc.html
[2025-08-03 16:40:15,784] multiqc                                            [DEBUG  ]  File ignored by longranger/invocation because it exceeded search pattern filesize limit: Sor-ACeb_013-Ex1-8F-lcwgs-1-3-L3-clmp.fp2_repr.R2_fastqc.html
[2025-08-03 16:40:15,839] multiqc                                            [DEBUG  ]  Ignoring file as matched an ignore pattern: Sor-ACeb_009-Ex1-4F-lcwgs-1-3-L3-clmp.fp2_repr.R2.fq.gz
[2025-08-03 16:40:15,840] multiqc                                            [DEBUG  ]  Ignoring file as matched an ignore pattern: Sor-ACeb_021-Ex1-4G-lcwgs-1-3-L3-clmp.fp2_repr.R1.fq.gz
[2025-08-03 16:40:15,860] multiqc                                            [DEBUG  ]  File ignored by hicexplorer because it exceeded search pattern filesize limit: Sor-ACeb_022-Ex1-5G-lcwgs-1-3-L3-clmp.fp2_repr.R2_fastqc.html
[2025-08-03 16:40:15,870] multiqc                                            [DEBUG  ]  File ignored by longranger/invocation because it exceeded search pattern filesize limit: Sor-ACeb_022-Ex1-5G-lcwgs-1-3-L3-clmp.fp2_repr.R2_fastqc.html
[2025-08-03 16:40:15,945] multiqc                                            [DEBUG  ]  File ignored by hicexplorer because it exceeded search pattern filesize limit: Sor-ACeb_006-Ex1-1F-lcwgs-1-3-L2-clmp.fp2_repr.R2_fastqc.html
[2025-08-03 16:40:15,954] multiqc                                            [DEBUG  ]  File ignored by longranger/invocation because it exceeded search pattern filesize limit: Sor-ACeb_006-Ex1-1F-lcwgs-1-3-L2-clmp.fp2_repr.R2_fastqc.html
[2025-08-03 16:40:16,029] multiqc                                            [DEBUG  ]  File ignored by hicexplorer because it exceeded search pattern filesize limit: Sor-ACeb_011-Ex1-6F-lcwgs-1-3-L2-clmp.fp2_repr.R2_fastqc.html
[2025-08-03 16:40:16,039] multiqc                                            [DEBUG  ]  File ignored by longranger/invocation because it exceeded search pattern filesize limit: Sor-ACeb_011-Ex1-6F-lcwgs-1-3-L2-clmp.fp2_repr.R2_fastqc.html
[2025-08-03 16:40:16,094] multiqc                                            [DEBUG  ]  Ignoring file as matched an ignore pattern: Sor-ACeb_015-Ex1-10F-lcwgs-1-3-L3-clmp.fp2_repr.R2.fq.gz
[2025-08-03 16:40:16,114] multiqc                                            [DEBUG  ]  File ignored by hicexplorer because it exceeded search pattern filesize limit: Sor-ACeb_003-Ex1-10E-lcwgs-1-3-L2-clmp.fp2_repr.R2_fastqc.html
[2025-08-03 16:40:16,125] multiqc                                            [DEBUG  ]  File ignored by longranger/invocation because it exceeded search pattern filesize limit: Sor-ACeb_003-Ex1-10E-lcwgs-1-3-L2-clmp.fp2_repr.R2_fastqc.html
[2025-08-03 16:40:16,199] multiqc                                            [DEBUG  ]  File ignored by hicexplorer because it exceeded search pattern filesize limit: Sor-ACeb_009-Ex1-4F-lcwgs-1-3-L3-clmp.fp2_repr.R2_fastqc.html
[2025-08-03 16:40:16,208] multiqc                                            [DEBUG  ]  File ignored by longranger/invocation because it exceeded search pattern filesize limit: Sor-ACeb_009-Ex1-4F-lcwgs-1-3-L3-clmp.fp2_repr.R2_fastqc.html
[2025-08-03 16:40:16,284] multiqc                                            [DEBUG  ]  File ignored by hicexplorer because it exceeded search pattern filesize limit: Sor-ACeb_008-Ex1-3F-lcwgs-1-3-L2-clmp.fp2_repr.R1_fastqc.html
[2025-08-03 16:40:16,294] multiqc                                            [DEBUG  ]  File ignored by longranger/invocation because it exceeded search pattern filesize limit: Sor-ACeb_008-Ex1-3F-lcwgs-1-3-L2-clmp.fp2_repr.R1_fastqc.html
[2025-08-03 16:40:16,349] multiqc                                            [DEBUG  ]  Ignoring file as matched an ignore pattern: Sor-ACeb_017-Ex1-12F-lcwgs-1-3-L2-clmp.fp2_repr.orph.fq
[2025-08-03 16:40:16,350] multiqc                                            [DEBUG  ]  Ignoring file as matched an ignore pattern: Sor-ACeb_010-Ex1-5F-lcwgs-1-3-L3-clmp.fp2_repr.orph.fq
[2025-08-03 16:40:16,350] multiqc                                            [DEBUG  ]  Ignoring file as matched an ignore pattern: Sor-ACeb_019-Ex1-3G-lcwgs-1-3-L3-clmp.fp2_repr.orph.fq
[2025-08-03 16:40:16,351] multiqc                                            [DEBUG  ]  Ignoring file as matched an ignore pattern: Sor-ACeb_005-Ex1-12E-lcwgs-1-3-L2-clmp.fp2_repr.orph.fq
[2025-08-03 16:40:16,351] multiqc                                            [DEBUG  ]  Ignoring file as matched an ignore pattern: Sor-ACeb_006-Ex1-1F-lcwgs-1-3-L2-clmp.fp2_repr.orph.fq
[2025-08-03 16:40:16,352] multiqc                                            [DEBUG  ]  Ignoring file as matched an ignore pattern: Sor-ACeb_009-Ex1-4F-lcwgs-1-3-L3-clmp.fp2_repr.orph.fq
[2025-08-03 16:40:16,352] multiqc                                            [DEBUG  ]  Ignoring file as matched an ignore pattern: Sor-ACeb_020-Ex1-2G-lcwgs-1-3-L3-clmp.fp2_repr.orph.fq
[2025-08-03 16:40:16,352] multiqc                                            [DEBUG  ]  Ignoring file as matched an ignore pattern: Sor-ACeb_001-Ex1-8E-lcwgs-1-3-L2-clmp.fp2_repr.orph.fq
[2025-08-03 16:40:16,353] multiqc                                            [DEBUG  ]  Ignoring file as matched an ignore pattern: Sor-ACeb_022-Ex1-5G-lcwgs-1-3-L3-clmp.fp2_repr.orph.fq
[2025-08-03 16:40:16,353] multiqc                                            [DEBUG  ]  Ignoring file as matched an ignore pattern: Sor-ACeb_012-Ex1-7F-lcwgs-1-3-L2-clmp.fp2_repr.orph.fq
[2025-08-03 16:40:16,354] multiqc                                            [DEBUG  ]  Ignoring file as matched an ignore pattern: Sor-ACeb_017-Ex1-12F-lcwgs-1-3-L3-clmp.fp2_repr.orph.fq
[2025-08-03 16:40:16,354] multiqc                                            [DEBUG  ]  Ignoring file as matched an ignore pattern: Sor-ACeb_010-Ex1-5F-lcwgs-1-3-L2-clmp.fp2_repr.orph.fq
[2025-08-03 16:40:16,354] multiqc                                            [DEBUG  ]  Ignoring file as matched an ignore pattern: Sor-ACeb_005-Ex1-12E-lcwgs-1-3-L3-clmp.fp2_repr.orph.fq
[2025-08-03 16:40:16,355] multiqc                                            [DEBUG  ]  Ignoring file as matched an ignore pattern: Sor-ACeb_019-Ex1-3G-lcwgs-1-3-L2-clmp.fp2_repr.orph.fq
[2025-08-03 16:40:16,355] multiqc                                            [DEBUG  ]  Ignoring file as matched an ignore pattern: Sor-ACeb_009-Ex1-4F-lcwgs-1-3-L2-clmp.fp2_repr.orph.fq
[2025-08-03 16:40:16,356] multiqc                                            [DEBUG  ]  Ignoring file as matched an ignore pattern: Sor-ACeb_006-Ex1-1F-lcwgs-1-3-L3-clmp.fp2_repr.orph.fq
[2025-08-03 16:40:16,356] multiqc                                            [DEBUG  ]  Ignoring file as matched an ignore pattern: Sor-ACeb_001-Ex1-8E-lcwgs-1-3-L3-clmp.fp2_repr.orph.fq
[2025-08-03 16:40:16,356] multiqc                                            [DEBUG  ]  Ignoring file as matched an ignore pattern: Sor-ACeb_020-Ex1-2G-lcwgs-1-3-L2-clmp.fp2_repr.orph.fq
[2025-08-03 16:40:16,357] multiqc                                            [DEBUG  ]  Ignoring file as matched an ignore pattern: Sor-ACeb_012-Ex1-7F-lcwgs-1-3-L3-clmp.fp2_repr.orph.fq
[2025-08-03 16:40:16,357] multiqc                                            [DEBUG  ]  Ignoring file as matched an ignore pattern: Sor-ACeb_022-Ex1-5G-lcwgs-1-3-L2-clmp.fp2_repr.orph.fq
[2025-08-03 16:40:16,357] multiqc                                            [DEBUG  ]  Ignoring file as matched an ignore pattern: Sor-ACeb_014-Ex1-9F-lcwgs-1-3-L2-clmp.fp2_repr.orph.fq
[2025-08-03 16:40:16,358] multiqc                                            [DEBUG  ]  Ignoring file as matched an ignore pattern: Sor-ACeb_003-Ex1-10E-lcwgs-1-3-L2-clmp.fp2_repr.orph.fq
[2025-08-03 16:40:16,358] multiqc                                            [DEBUG  ]  Ignoring file as matched an ignore pattern: Sor-ACeb_007-Ex1-2F-lcwgs-1-3-L3-clmp.fp2_repr.orph.fq
[2025-08-03 16:40:16,359] multiqc                                            [DEBUG  ]  Ignoring file as matched an ignore pattern: Sor-ACeb_013-Ex1-8F-lcwgs-1-3-L3-clmp.fp2_repr.orph.fq
[2025-08-03 16:40:16,359] multiqc                                            [DEBUG  ]  Ignoring file as matched an ignore pattern: Sor-ACeb_008-Ex1-3F-lcwgs-1-3-L2-clmp.fp2_repr.orph.fq
[2025-08-03 16:40:16,359] multiqc                                            [DEBUG  ]  Ignoring file as matched an ignore pattern: Sor-ACeb_004-Ex1-11E-lcwgs-1-3-L2-clmp.fp2_repr.orph.fq
[2025-08-03 16:40:16,360] multiqc                                            [DEBUG  ]  Ignoring file as matched an ignore pattern: Sor-ACeb_021-Ex1-4G-lcwgs-1-3-L3-clmp.fp2_repr.orph.fq
[2025-08-03 16:40:16,360] multiqc                                            [DEBUG  ]  Ignoring file as matched an ignore pattern: Sor-ACeb_011-Ex1-6F-lcwgs-1-3-L2-clmp.fp2_repr.orph.fq
[2025-08-03 16:40:16,360] multiqc                                            [DEBUG  ]  Ignoring file as matched an ignore pattern: Sor-ACeb_002-Ex1-9E-lcwgs-1-3-L2-clmp.fp2_repr.orph.fq
[2025-08-03 16:40:16,361] multiqc                                            [DEBUG  ]  Ignoring file as matched an ignore pattern: Sor-ACeb_016-Ex1-11F-lcwgs-1-3-L2-clmp.fp2_repr.orph.fq
[2025-08-03 16:40:16,361] multiqc                                            [DEBUG  ]  Ignoring file as matched an ignore pattern: Sor-ACeb_018-Ex1-1G-lcwgs-1-3-L3-clmp.fp2_repr.orph.fq
[2025-08-03 16:40:16,362] multiqc                                            [DEBUG  ]  Ignoring file as matched an ignore pattern: Sor-ACeb_015-Ex1-10F-lcwgs-1-3-L3-clmp.fp2_repr.orph.fq
[2025-08-03 16:40:16,362] multiqc                                            [DEBUG  ]  Ignoring file as matched an ignore pattern: Sor-ACeb_014-Ex1-9F-lcwgs-1-3-L3-clmp.fp2_repr.orph.fq
[2025-08-03 16:40:16,363] multiqc                                            [DEBUG  ]  Ignoring file as matched an ignore pattern: Sor-ACeb_003-Ex1-10E-lcwgs-1-3-L3-clmp.fp2_repr.orph.fq
[2025-08-03 16:40:16,363] multiqc                                            [DEBUG  ]  Ignoring file as matched an ignore pattern: Sor-ACeb_007-Ex1-2F-lcwgs-1-3-L2-clmp.fp2_repr.orph.fq
[2025-08-03 16:40:16,363] multiqc                                            [DEBUG  ]  Ignoring file as matched an ignore pattern: Sor-ACeb_013-Ex1-8F-lcwgs-1-3-L2-clmp.fp2_repr.orph.fq
[2025-08-03 16:40:16,364] multiqc                                            [DEBUG  ]  Ignoring file as matched an ignore pattern: Sor-ACeb_008-Ex1-3F-lcwgs-1-3-L3-clmp.fp2_repr.orph.fq
[2025-08-03 16:40:16,364] multiqc                                            [DEBUG  ]  Ignoring file as matched an ignore pattern: Sor-ACeb_004-Ex1-11E-lcwgs-1-3-L3-clmp.fp2_repr.orph.fq
[2025-08-03 16:40:16,364] multiqc                                            [DEBUG  ]  Ignoring file as matched an ignore pattern: Sor-ACeb_011-Ex1-6F-lcwgs-1-3-L3-clmp.fp2_repr.orph.fq
[2025-08-03 16:40:16,365] multiqc                                            [DEBUG  ]  Ignoring file as matched an ignore pattern: Sor-ACeb_021-Ex1-4G-lcwgs-1-3-L2-clmp.fp2_repr.orph.fq
[2025-08-03 16:40:16,365] multiqc                                            [DEBUG  ]  Ignoring file as matched an ignore pattern: Sor-ACeb_002-Ex1-9E-lcwgs-1-3-L3-clmp.fp2_repr.orph.fq
[2025-08-03 16:40:16,365] multiqc                                            [DEBUG  ]  Ignoring file as matched an ignore pattern: Sor-ACeb_016-Ex1-11F-lcwgs-1-3-L3-clmp.fp2_repr.orph.fq
[2025-08-03 16:40:16,366] multiqc                                            [DEBUG  ]  Ignoring file as matched an ignore pattern: Sor-ACeb_015-Ex1-10F-lcwgs-1-3-L2-clmp.fp2_repr.orph.fq
[2025-08-03 16:40:16,366] multiqc                                            [DEBUG  ]  Ignoring file as matched an ignore pattern: Sor-ACeb_018-Ex1-1G-lcwgs-1-3-L2-clmp.fp2_repr.orph.fq
[2025-08-03 16:40:17,487] multiqc.plots.bargraph                             [DEBUG  ]  Using matplotlib version 3.1.2
[2025-08-03 16:40:17,491] multiqc.plots.linegraph                            [DEBUG  ]  Using matplotlib version 3.1.2
[2025-08-03 16:40:17,494] multiqc                                            [DEBUG  ]  No samples found: custom_content
[2025-08-03 16:40:17,509] multiqc                                            [DEBUG  ]  No samples found: conpair
[2025-08-03 16:40:17,535] multiqc                                            [DEBUG  ]  No samples found: peddy
[2025-08-03 16:40:17,553] multiqc                                            [DEBUG  ]  No samples found: somalier
[2025-08-03 16:40:17,576] multiqc                                            [DEBUG  ]  No samples found: methylQA
[2025-08-03 16:40:17,617] multiqc                                            [DEBUG  ]  No samples found: mosdepth
[2025-08-03 16:40:17,632] multiqc                                            [DEBUG  ]  No samples found: phantompeakqualtools
[2025-08-03 16:40:17,639] multiqc                                            [DEBUG  ]  No samples found: qualimap
[2025-08-03 16:40:17,653] multiqc                                            [DEBUG  ]  No samples found: preseq
[2025-08-03 16:40:17,668] multiqc                                            [DEBUG  ]  No samples found: quast
[2025-08-03 16:40:17,681] multiqc                                            [DEBUG  ]  No samples found: qorts
[2025-08-03 16:40:17,696] multiqc                                            [DEBUG  ]  No samples found: rna_seqc
[2025-08-03 16:40:17,711] multiqc                                            [DEBUG  ]  No samples found: rockhopper
[2025-08-03 16:40:17,721] multiqc                                            [DEBUG  ]  No samples found: rsem
[2025-08-03 16:40:17,750] multiqc                                            [DEBUG  ]  No samples found: rseqc
[2025-08-03 16:40:17,768] multiqc                                            [DEBUG  ]  No samples found: busco
[2025-08-03 16:40:17,798] multiqc                                            [DEBUG  ]  No samples found: goleft_indexcov
[2025-08-03 16:40:17,822] multiqc                                            [DEBUG  ]  No samples found: disambiguate
[2025-08-03 16:40:17,841] multiqc                                            [DEBUG  ]  No samples found: supernova
[2025-08-03 16:40:17,876] multiqc                                            [DEBUG  ]  No samples found: deeptools
[2025-08-03 16:40:17,893] multiqc                                            [DEBUG  ]  No samples found: sargasso
[2025-08-03 16:40:17,910] multiqc                                            [DEBUG  ]  No samples found: verifybamid
[2025-08-03 16:40:17,927] multiqc                                            [DEBUG  ]  No samples found: mirtrace
[2025-08-03 16:40:17,947] multiqc                                            [DEBUG  ]  No samples found: happy
[2025-08-03 16:40:17,963] multiqc                                            [DEBUG  ]  No samples found: mirtop
[2025-08-03 16:40:17,980] multiqc                                            [DEBUG  ]  No samples found: homer
[2025-08-03 16:40:17,995] multiqc                                            [DEBUG  ]  No samples found: macs2
[2025-08-03 16:40:18,010] multiqc                                            [DEBUG  ]  No samples found: theta2
[2025-08-03 16:40:18,027] multiqc                                            [DEBUG  ]  No samples found: snpeff
[2025-08-03 16:40:18,048] multiqc                                            [DEBUG  ]  No samples found: gatk
[2025-08-03 16:40:18,065] multiqc                                            [DEBUG  ]  No samples found: htseq
[2025-08-03 16:40:18,100] multiqc                                            [DEBUG  ]  No samples found: bcftools
[2025-08-03 16:40:18,117] multiqc                                            [DEBUG  ]  No samples found: featureCounts
[2025-08-03 16:40:18,137] multiqc                                            [DEBUG  ]  No samples found: fgbio
[2025-08-03 16:40:18,163] multiqc                                            [DEBUG  ]  No samples found: dragen
[2025-08-03 16:40:18,174] multiqc                                            [DEBUG  ]  No samples found: dedup
[2025-08-03 16:40:18,188] multiqc                                            [DEBUG  ]  No samples found: damageprofiler
[2025-08-03 16:40:18,257] multiqc                                            [DEBUG  ]  No samples found: biobambam2
[2025-08-03 16:40:18,272] multiqc                                            [DEBUG  ]  No samples found: mtnucratio
[2025-08-03 16:40:18,278] multiqc                                            [DEBUG  ]  No samples found: picard
[2025-08-03 16:40:18,291] multiqc                                            [DEBUG  ]  No samples found: prokka
[2025-08-03 16:40:18,303] multiqc                                            [DEBUG  ]  No samples found: samblaster
[2025-08-03 16:40:18,328] multiqc                                            [DEBUG  ]  No samples found: samtools
[2025-08-03 16:40:18,338] multiqc                                            [DEBUG  ]  No samples found: sexdeterrmine
[2025-08-03 16:40:18,357] multiqc                                            [DEBUG  ]  No samples found: bamtools
[2025-08-03 16:40:18,371] multiqc                                            [DEBUG  ]  No samples found: jellyfish
[2025-08-03 16:40:18,395] multiqc                                            [DEBUG  ]  No samples found: vcftools
[2025-08-03 16:40:18,411] multiqc                                            [DEBUG  ]  No samples found: longranger
[2025-08-03 16:40:18,424] multiqc                                            [DEBUG  ]  No samples found: stacks
[2025-08-03 16:40:18,437] multiqc                                            [DEBUG  ]  No samples found: varscan2
[2025-08-03 16:40:18,484] multiqc                                            [DEBUG  ]  No samples found: bbmap
[2025-08-03 16:40:18,501] multiqc                                            [DEBUG  ]  No samples found: bismark
[2025-08-03 16:40:18,518] multiqc                                            [DEBUG  ]  No samples found: biscuit
[2025-08-03 16:40:18,534] multiqc                                            [DEBUG  ]  No samples found: hicexplorer
[2025-08-03 16:40:18,550] multiqc                                            [DEBUG  ]  No samples found: hicup
[2025-08-03 16:40:18,565] multiqc                                            [DEBUG  ]  No samples found: hicpro
[2025-08-03 16:40:18,579] multiqc                                            [DEBUG  ]  No samples found: salmon
[2025-08-03 16:40:18,594] multiqc                                            [DEBUG  ]  No samples found: kallisto
[2025-08-03 16:40:18,606] multiqc                                            [DEBUG  ]  No samples found: slamdunk
[2025-08-03 16:40:18,621] multiqc                                            [DEBUG  ]  No samples found: star
[2025-08-03 16:40:18,634] multiqc                                            [DEBUG  ]  No samples found: hisat2
[2025-08-03 16:40:18,648] multiqc                                            [DEBUG  ]  No samples found: tophat
[2025-08-03 16:40:18,658] multiqc                                            [DEBUG  ]  No samples found: bowtie2
[2025-08-03 16:40:18,667] multiqc                                            [DEBUG  ]  No samples found: bowtie1
[2025-08-03 16:40:18,679] multiqc                                            [DEBUG  ]  No samples found: snpsplit
[2025-08-03 16:40:18,689] multiqc                                            [DEBUG  ]  No samples found: kat
[2025-08-03 16:40:18,702] multiqc                                            [DEBUG  ]  No samples found: leehom
[2025-08-03 16:40:18,717] multiqc                                            [DEBUG  ]  No samples found: adapterRemoval
[2025-08-03 16:40:18,731] multiqc                                            [DEBUG  ]  No samples found: clipandmerge
[2025-08-03 16:40:18,746] multiqc                                            [DEBUG  ]  No samples found: cutadapt
[2025-08-03 16:40:18,760] multiqc                                            [DEBUG  ]  No samples found: flexbar
[2025-08-03 16:40:18,775] multiqc                                            [DEBUG  ]  No samples found: kaiju
[2025-08-03 16:40:18,789] multiqc                                            [DEBUG  ]  No samples found: kraken
[2025-08-03 16:40:18,803] multiqc                                            [DEBUG  ]  No samples found: malt
[2025-08-03 16:40:18,817] multiqc                                            [DEBUG  ]  No samples found: trimmomatic
[2025-08-03 16:40:18,831] multiqc                                            [DEBUG  ]  No samples found: sickle
[2025-08-03 16:40:18,845] multiqc                                            [DEBUG  ]  No samples found: skewer
[2025-08-03 16:40:18,859] multiqc                                            [DEBUG  ]  No samples found: sortmerna
[2025-08-03 16:40:18,872] multiqc                                            [DEBUG  ]  No samples found: biobloomtools
[2025-08-03 16:40:18,887] multiqc                                            [DEBUG  ]  No samples found: fastq_screen
[2025-08-03 16:40:18,901] multiqc                                            [DEBUG  ]  No samples found: afterqc
[2025-08-03 16:40:18,917] multiqc                                            [DEBUG  ]  No samples found: fastp
[2025-08-03 16:40:27,464] multiqc.modules.fastqc.fastqc                      [INFO   ]  Found 88 reports
[2025-08-03 16:40:57,272] multiqc                                            [DEBUG  ]  No samples found: pycoqc
[2025-08-03 16:40:57,280] multiqc                                            [DEBUG  ]  No samples found: minionqc
[2025-08-03 16:40:57,288] multiqc                                            [DEBUG  ]  No samples found: multivcfanalyzer
[2025-08-03 16:40:57,299] multiqc                                            [DEBUG  ]  No samples found: clusterflow
[2025-08-03 16:40:57,307] multiqc                                            [DEBUG  ]  No samples found: bcl2fastq
[2025-08-03 16:40:57,316] multiqc                                            [DEBUG  ]  No samples found: interop
[2025-08-03 16:40:57,323] multiqc                                            [DEBUG  ]  No samples found: ivar
[2025-08-03 16:40:57,330] multiqc                                            [DEBUG  ]  No samples found: flash
[2025-08-03 16:40:57,338] multiqc                                            [DEBUG  ]  No samples found: seqyclean
[2025-08-03 16:40:57,464] multiqc                                            [INFO   ]  Compressing plot data
[2025-08-03 16:40:58,857] multiqc                                            [INFO   ]  Report      : fq_fp1_clmp_fp2_fqscrn_rprd/fqc_rprd_report.html
[2025-08-03 16:40:58,858] multiqc                                            [INFO   ]  Data        : fq_fp1_clmp_fp2_fqscrn_rprd/fqc_rprd_report_data
[2025-08-03 16:40:58,858] multiqc                                            [DEBUG  ]  Moving data file from '/tmp/tmpz3o2st_w/multiqc_data' to './fq_fp1_clmp_fp2_fqscrn_rprd/fqc_rprd_report_data'
[2025-08-03 16:40:58,891] multiqc                                            [INFO   ]  Plots       : fq_fp1_clmp_fp2_fqscrn_rprd/fqc_rprd_report_plots
[2025-08-03 16:40:58,892] multiqc                                            [DEBUG  ]  Moving plots directory from '/tmp/tmpz3o2st_w/multiqc_plots' to './fq_fp1_clmp_fp2_fqscrn_rprd/fqc_rprd_report_plots'
[2025-08-03 16:40:59,159] multiqc                                            [INFO   ]  MultiQC complete
