Looking to launch executable "/opt/conda/bin/bwa-meme_mode3.avx512bw", simd = _mode3.avx512bw
Launching executable "/opt/conda/bin/bwa-meme_mode3.avx512bw"
-----------------------------
Executing in AVX512 mode!!
-----------------------------
* SA compression enabled with xfactor: 8
* Ref file: reference.genbank.Sor.fasta
* Entering FMI_search
Reading other elements of the index from files reference.genbank.Sor.fasta
* Index prefix: reference.genbank.Sor.fasta
* Read 0 ALT contigs
* Reading reference genome..
* Binary seq file = reference.genbank.Sor.fasta.0123
* Reference genome size: 2685325284 bp
* Done reading reference genome !!

------------------------------------------
1. Memory pre-allocation for Chaining: 5679.4903 MB
2. Memory pre-allocation for BSW: 9584.6810 MB
[M::memoryAllocLearned::MEME] Reading Learned-index models into memory
[Learned-Config] MODE:3 SEARCH_METHOD: 1 MEM_TRADEOFF:1 EXPONENTIAL_SMEMSEARCH: 1 DEBUG_MODE:0 Num 2nd Models:268435456 PWL Bits Used:28
[M::memoryAllocLearned::MEME] Loading RMI model and Pac reference file took 19.261 sec
[M::memoryAllocLearned::MEME] Reading suffix array into memory
[M::memoryAllocLearned::MEME] Loading pos_packed file took 30.010 sec
[M::memoryAllocLearned::MEME] Generating SA, 64-bit Suffix and ISA in memory
[M::memoryAllocLearned::MEME] Runtime-build-index took 28.532 sec
3. Memory pre-allocation for BWT: 14070.0171 MB
------------------------------------------
* Threads used (compute): 40
* No. of pipeline threads: 2

[0000] read_chunk: 400000000, work_chunk_size: 400000266, nseq: 4054934
	[0000][ M::kt_pipeline] read 4054934 sequences (400000266 bp)...
[0000] Reallocating initial memory allocations!!
[0000] read_chunk: 400000000, work_chunk_size: 11164149, nseq: 112714
	[0000][ M::kt_pipeline] read 112714 sequences (11164149 bp)...
[0000] Calling mem_process_seqs.., task: 0
[0000] 1. Calling kt_for - worker_bwt
[0000] 2. Calling kt_for - worker_aln
[0000] Inferring insert size distribution of PE reads from data, l_pac: 1342662642, n: 4054934
[0000][PE] # candidate unique pairs for (FF, FR, RF, RR): (24, 1430690, 14, 17)
[0000][PE] analyzing insert size distribution for orientation FF...
[0000][PE] (25, 50, 75) percentile: (45, 86, 151)
[0000][PE] low and high boundaries for computing mean and std.dev: (1, 363)
[0000][PE] mean and std.dev: (80.90, 44.44)
[0000][PE] low and high boundaries for proper pairs: (1, 469)
[0000][PE] analyzing insert size distribution for orientation FR...
[0000][PE] (25, 50, 75) percentile: (64, 96, 145)
[0000][PE] low and high boundaries for computing mean and std.dev: (1, 307)
[0000][PE] mean and std.dev: (109.18, 57.26)
[0000][PE] low and high boundaries for proper pairs: (1, 388)
[0000][PE] analyzing insert size distribution for orientation RF...
[0000][PE] (25, 50, 75) percentile: (233, 472, 799)
[0000][PE] low and high boundaries for computing mean and std.dev: (1, 1931)
[0000][PE] mean and std.dev: (602.29, 426.36)
[0000][PE] low and high boundaries for proper pairs: (1, 2497)
[0000][PE] analyzing insert size distribution for orientation RR...
[0000][PE] (25, 50, 75) percentile: (96, 120, 271)
[0000][PE] low and high boundaries for computing mean and std.dev: (1, 621)
[0000][PE] mean and std.dev: (152.88, 120.06)
[0000][PE] low and high boundaries for proper pairs: (1, 796)
[0000][PE] skip orientation FF
[0000][PE] skip orientation RF
[0000][PE] skip orientation RR
[0000] 3. Calling kt_for - worker_sam
	[0000][ M::mem_process_seqs] Processed 4054934 reads in 411.246 CPU sec, 11.196 real sec
[0000] Calling mem_process_seqs.., task: 1
[0000] 1. Calling kt_for - worker_bwt
[0000] 2. Calling kt_for - worker_aln
[0000] Inferring insert size distribution of PE reads from data, l_pac: 1342662642, n: 112714
[0000][PE] # candidate unique pairs for (FF, FR, RF, RR): (2, 39738, 0, 1)
[0000][PE] skip orientation FF as there are not enough pairs
[0000][PE] analyzing insert size distribution for orientation FR...
[0000][PE] (25, 50, 75) percentile: (64, 97, 146)
[0000][PE] low and high boundaries for computing mean and std.dev: (1, 310)
[0000][PE] mean and std.dev: (109.85, 57.66)
[0000][PE] low and high boundaries for proper pairs: (1, 392)
[0000][PE] skip orientation RF as there are not enough pairs
[0000][PE] skip orientation RR as there are not enough pairs
[0000] 3. Calling kt_for - worker_sam
	[0000][ M::mem_process_seqs] Processed 112714 reads in 14.402 CPU sec, 0.975 real sec
[0000] read_chunk: 400000000, work_chunk_size: 0, nseq: 0
[0000] read_chunk: 400000000, work_chunk_size: 0, nseq: 0
[0000] Computation ends..
No. of OMP threads: 40
Processor is running @2394.721528 MHz
Runtime profile:

	Time taken for main_mem function: 92.64 sec

	IO times (sec) :
	Reading IO time (reads) avg: 11.11, (11.11, 11.11)
	Writing IO time (SAM) avg: 2.38, (2.38, 2.38)
	Reading IO time (Reference Genome) avg: 1.79, (1.79, 1.79)
	Index read time avg: 0.26, (0.26, 0.26)

	Overall time (sec) (Excluding Index reading time):
	PROCESS() (Total compute time + (read + SAM) IO time) : 90.58
	MEM_PROCESS_SEQ() (Total compute time (Kernel + SAM)), avg: 12.17, (12.17, 12.17)

	 SAM Processing time (sec):
	--WORKER_SAM avg: 3.28, (3.28, 3.28)

	Kernels' compute time (sec):
	Total kernel (smem+sal+bsw) time avg: 8.45, (8.45, 8.45)
		MEM_ALN_CHAIN_FLT avg: 0.00, (0.00, 0.00)
		MEM_ALN_CHAIN_SEED avg: 0.00, (0.00, 0.00)
		ERT_SEED_CHAIN avg: 0.00, (0.00, 0.00)
	LEARNED_SEED_CHAIN avg: 3.62, (3.68, 3.61)
		SMEM compute avg: 0.00, (0.00, 0.00)
		SAL compute avg: 0.00, (0.00, 0.00)
				MEM_SA avg: 0.00, (0.00, 0.00)

		BSW time, avg: 4.14, (4.27, 4.08)

Important parameter settings: 
	BATCH_SIZE: 512
	MAX_SEQ_LEN_REF: 256
	MAX_SEQ_LEN_QER: 128
	MAX_SEQ_LEN8: 128
	SEEDS_PER_READ: 500
	SIMD_WIDTH8 X: 64
	SIMD_WIDTH16 X: 32
	AVG_SEEDS_PER_READ: 64
