Looking to launch executable "/opt/conda/bin/bwa-meme_mode3.avx512bw", simd = _mode3.avx512bw
Launching executable "/opt/conda/bin/bwa-meme_mode3.avx512bw"
-----------------------------
Executing in AVX512 mode!!
-----------------------------
* SA compression enabled with xfactor: 8
* Ref file: reference.genbank.Sor.fasta
* Entering FMI_search
Reading other elements of the index from files reference.genbank.Sor.fasta
* Index prefix: reference.genbank.Sor.fasta
* Read 0 ALT contigs
* Reading reference genome..
* Binary seq file = reference.genbank.Sor.fasta.0123
* Reference genome size: 2685325284 bp
* Done reading reference genome !!

------------------------------------------
1. Memory pre-allocation for Chaining: 5679.4903 MB
2. Memory pre-allocation for BSW: 9584.6810 MB
[M::memoryAllocLearned::MEME] Reading Learned-index models into memory
[Learned-Config] MODE:3 SEARCH_METHOD: 1 MEM_TRADEOFF:1 EXPONENTIAL_SMEMSEARCH: 1 DEBUG_MODE:0 Num 2nd Models:268435456 PWL Bits Used:28
[M::memoryAllocLearned::MEME] Loading RMI model and Pac reference file took 19.276 sec
[M::memoryAllocLearned::MEME] Reading suffix array into memory
[M::memoryAllocLearned::MEME] Loading pos_packed file took 30.010 sec
[M::memoryAllocLearned::MEME] Generating SA, 64-bit Suffix and ISA in memory
[M::memoryAllocLearned::MEME] Runtime-build-index took 29.147 sec
3. Memory pre-allocation for BWT: 14070.0171 MB
------------------------------------------
* Threads used (compute): 40
* No. of pipeline threads: 2

[0000] read_chunk: 400000000, work_chunk_size: 400000021, nseq: 3329372
	[0000][ M::kt_pipeline] read 3329372 sequences (400000021 bp)...
[0000] Reallocating initial memory allocations!!
[0000] Calling mem_process_seqs.., task: 0
[0000] 1. Calling kt_for - worker_bwt
[0000] 2. Calling kt_for - worker_aln
[0000] Inferring insert size distribution of PE reads from data, l_pac: 1342662642, n: 3329372
[0000][PE] # candidate unique pairs for (FF, FR, RF, RR): (36, 1199076, 33, 34)
[0000][PE] analyzing insert size distribution for orientation FF...
[0000][PE] (25, 50, 75) percentile: (103, 172, 289)
[0000][PE] low and high boundaries for computing mean and std.dev: (1, 661)
[0000][PE] mean and std.dev: (191.69, 142.95)
[0000][PE] low and high boundaries for proper pairs: (1, 847)
[0000][PE] analyzing insert size distribution for orientation FR...
[0000][PE] (25, 50, 75) percentile: (94, 138, 191)
[0000][PE] low and high boundaries for computing mean and std.dev: (1, 385)
[0000][PE] mean and std.dev: (147.86, 70.94)
[0000][PE] low and high boundaries for proper pairs: (1, 482)
[0000][PE] analyzing insert size distribution for orientation RF...
[0000][PE] (25, 50, 75) percentile: (107, 273, 637)
[0000][PE] low and high boundaries for computing mean and std.dev: (1, 1697)
[0000][PE] mean and std.dev: (350.50, 355.33)
[0000][PE] low and high boundaries for proper pairs: (1, 2227)
[0000][PE] analyzing insert size distribution for orientation RR...
[0000][PE] (25, 50, 75) percentile: (116, 191, 421)
[0000][PE] low and high boundaries for computing mean and std.dev: (1, 1031)
[0000][PE] mean and std.dev: (256.30, 207.88)
[0000][PE] low and high boundaries for proper pairs: (1, 1336)
[0000][PE] skip orientation FF
[0000][PE] skip orientation RF
[0000][PE] skip orientation RR
[0000] 3. Calling kt_for - worker_sam
[0000] read_chunk: 400000000, work_chunk_size: 400000020, nseq: 3324198
	[0000][ M::kt_pipeline] read 3324198 sequences (400000020 bp)...
	[0000][ M::mem_process_seqs] Processed 3329372 reads in 386.594 CPU sec, 10.367 real sec
[0000] Calling mem_process_seqs.., task: 1
[0000] 1. Calling kt_for - worker_bwt
[0000] 2. Calling kt_for - worker_aln
[0000] Inferring insert size distribution of PE reads from data, l_pac: 1342662642, n: 3324198
[0000][PE] # candidate unique pairs for (FF, FR, RF, RR): (54, 1191491, 32, 44)
[0000][PE] analyzing insert size distribution for orientation FF...
[0000][PE] (25, 50, 75) percentile: (91, 172, 276)
[0000][PE] low and high boundaries for computing mean and std.dev: (1, 646)
[0000][PE] mean and std.dev: (182.55, 126.08)
[0000][PE] low and high boundaries for proper pairs: (1, 831)
[0000][PE] analyzing insert size distribution for orientation FR...
[0000][PE] (25, 50, 75) percentile: (94, 138, 191)
[0000][PE] low and high boundaries for computing mean and std.dev: (1, 385)
[0000][PE] mean and std.dev: (148.04, 71.00)
[0000][PE] low and high boundaries for proper pairs: (1, 482)
[0000][PE] analyzing insert size distribution for orientation RF...
[0000][PE] (25, 50, 75) percentile: (129, 260, 464)
[0000][PE] low and high boundaries for computing mean and std.dev: (1, 1134)
[0000][PE] mean and std.dev: (236.64, 161.37)
[0000][PE] low and high boundaries for proper pairs: (1, 1469)
[0000][PE] analyzing insert size distribution for orientation RR...
[0000][PE] (25, 50, 75) percentile: (93, 162, 252)
[0000][PE] low and high boundaries for computing mean and std.dev: (1, 570)
[0000][PE] mean and std.dev: (155.68, 103.89)
[0000][PE] low and high boundaries for proper pairs: (1, 729)
[0000][PE] skip orientation FF
[0000][PE] skip orientation RF
[0000][PE] skip orientation RR
[0000] 3. Calling kt_for - worker_sam
	[0000][ M::mem_process_seqs] Processed 3324198 reads in 409.306 CPU sec, 11.658 real sec
[0000] read_chunk: 400000000, work_chunk_size: 311952689, nseq: 2594328
	[0000][ M::kt_pipeline] read 2594328 sequences (311952689 bp)...
[0000] Calling mem_process_seqs.., task: 2
[0000] 1. Calling kt_for - worker_bwt
[0000] 2. Calling kt_for - worker_aln
[0000] read_chunk: 400000000, work_chunk_size: 0, nseq: 0
[0000] Inferring insert size distribution of PE reads from data, l_pac: 1342662642, n: 2594328
[0000][PE] # candidate unique pairs for (FF, FR, RF, RR): (32, 935929, 26, 41)
[0000][PE] analyzing insert size distribution for orientation FF...
[0000][PE] (25, 50, 75) percentile: (96, 126, 286)
[0000][PE] low and high boundaries for computing mean and std.dev: (1, 666)
[0000][PE] mean and std.dev: (140.54, 81.96)
[0000][PE] low and high boundaries for proper pairs: (1, 856)
[0000][PE] analyzing insert size distribution for orientation FR...
[0000][PE] (25, 50, 75) percentile: (94, 138, 191)
[0000][PE] low and high boundaries for computing mean and std.dev: (1, 385)
[0000][PE] mean and std.dev: (148.00, 70.90)
[0000][PE] low and high boundaries for proper pairs: (1, 482)
[0000][PE] analyzing insert size distribution for orientation RF...
[0000][PE] (25, 50, 75) percentile: (119, 227, 485)
[0000][PE] low and high boundaries for computing mean and std.dev: (1, 1217)
[0000][PE] mean and std.dev: (283.04, 229.90)
[0000][PE] low and high boundaries for proper pairs: (1, 1583)
[0000][PE] analyzing insert size distribution for orientation RR...
[0000][PE] (25, 50, 75) percentile: (106, 172, 409)
[0000][PE] low and high boundaries for computing mean and std.dev: (1, 1015)
[0000][PE] mean and std.dev: (208.47, 174.22)
[0000][PE] low and high boundaries for proper pairs: (1, 1318)
[0000][PE] skip orientation FF
[0000][PE] skip orientation RF
[0000][PE] skip orientation RR
[0000] 3. Calling kt_for - worker_sam
	[0000][ M::mem_process_seqs] Processed 2594328 reads in 300.943 CPU sec, 8.469 real sec
[0000] read_chunk: 400000000, work_chunk_size: 0, nseq: 0
[0000] Computation ends..
No. of OMP threads: 40
Processor is running @2394.723586 MHz
Runtime profile:

	Time taken for main_mem function: 111.49 sec

	IO times (sec) :
	Reading IO time (reads) avg: 27.96, (27.96, 27.96)
	Writing IO time (SAM) avg: 9.43, (9.43, 9.43)
	Reading IO time (Reference Genome) avg: 1.78, (1.78, 1.78)
	Index read time avg: 0.27, (0.27, 0.27)

	Overall time (sec) (Excluding Index reading time):
	PROCESS() (Total compute time + (read + SAM) IO time) : 109.44
	MEM_PROCESS_SEQ() (Total compute time (Kernel + SAM)), avg: 30.49, (30.49, 30.49)

	 SAM Processing time (sec):
	--WORKER_SAM avg: 8.38, (8.38, 8.38)

	Kernels' compute time (sec):
	Total kernel (smem+sal+bsw) time avg: 21.13, (21.13, 21.13)
		MEM_ALN_CHAIN_FLT avg: 0.00, (0.00, 0.00)
		MEM_ALN_CHAIN_SEED avg: 0.00, (0.00, 0.00)
		ERT_SEED_CHAIN avg: 0.00, (0.00, 0.00)
	LEARNED_SEED_CHAIN avg: 8.98, (9.20, 8.93)
		SMEM compute avg: 0.00, (0.00, 0.00)
		SAL compute avg: 0.00, (0.00, 0.00)
				MEM_SA avg: 0.00, (0.00, 0.00)

		BSW time, avg: 10.96, (11.10, 10.83)

Important parameter settings: 
	BATCH_SIZE: 512
	MAX_SEQ_LEN_REF: 256
	MAX_SEQ_LEN_QER: 128
	MAX_SEQ_LEN8: 128
	SEEDS_PER_READ: 500
	SIMD_WIDTH8 X: 64
	SIMD_WIDTH16 X: 32
	AVG_SEEDS_PER_READ: 64
