Looking to launch executable "/opt/conda/bin/bwa-meme_mode3.avx512bw", simd = _mode3.avx512bw
Launching executable "/opt/conda/bin/bwa-meme_mode3.avx512bw"
-----------------------------
Executing in AVX512 mode!!
-----------------------------
* SA compression enabled with xfactor: 8
* Ref file: reference.genbank.Sor.fasta
* Entering FMI_search
Reading other elements of the index from files reference.genbank.Sor.fasta
* Index prefix: reference.genbank.Sor.fasta
* Read 0 ALT contigs
* Reading reference genome..
* Binary seq file = reference.genbank.Sor.fasta.0123
* Reference genome size: 2685325284 bp
* Done reading reference genome !!

------------------------------------------
1. Memory pre-allocation for Chaining: 5679.4903 MB
2. Memory pre-allocation for BSW: 9584.6810 MB
[M::memoryAllocLearned::MEME] Reading Learned-index models into memory
[Learned-Config] MODE:3 SEARCH_METHOD: 1 MEM_TRADEOFF:1 EXPONENTIAL_SMEMSEARCH: 1 DEBUG_MODE:0 Num 2nd Models:268435456 PWL Bits Used:28
[M::memoryAllocLearned::MEME] Loading RMI model and Pac reference file took 20.028 sec
[M::memoryAllocLearned::MEME] Reading suffix array into memory
[M::memoryAllocLearned::MEME] Loading pos_packed file took 31.049 sec
[M::memoryAllocLearned::MEME] Generating SA, 64-bit Suffix and ISA in memory
[M::memoryAllocLearned::MEME] Runtime-build-index took 29.362 sec
3. Memory pre-allocation for BWT: 14070.0171 MB
------------------------------------------
* Threads used (compute): 40
* No. of pipeline threads: 2

[0000] read_chunk: 400000000, work_chunk_size: 400000163, nseq: 3216266
	[0000][ M::kt_pipeline] read 3216266 sequences (400000163 bp)...
[0000] Reallocating initial memory allocations!!
[0000] Calling mem_process_seqs.., task: 0
[0000] 1. Calling kt_for - worker_bwt
[0000] 2. Calling kt_for - worker_aln
[0000] Inferring insert size distribution of PE reads from data, l_pac: 1342662642, n: 3216266
[0000][PE] # candidate unique pairs for (FF, FR, RF, RR): (33, 1175558, 23, 35)
[0000][PE] analyzing insert size distribution for orientation FF...
[0000][PE] (25, 50, 75) percentile: (92, 148, 362)
[0000][PE] low and high boundaries for computing mean and std.dev: (1, 902)
[0000][PE] mean and std.dev: (163.25, 125.75)
[0000][PE] low and high boundaries for proper pairs: (1, 1172)
[0000][PE] analyzing insert size distribution for orientation FR...
[0000][PE] (25, 50, 75) percentile: (102, 153, 212)
[0000][PE] low and high boundaries for computing mean and std.dev: (1, 432)
[0000][PE] mean and std.dev: (163.55, 80.81)
[0000][PE] low and high boundaries for proper pairs: (1, 542)
[0000][PE] analyzing insert size distribution for orientation RF...
[0000][PE] (25, 50, 75) percentile: (105, 383, 976)
[0000][PE] low and high boundaries for computing mean and std.dev: (1, 2718)
[0000][PE] mean and std.dev: (469.05, 574.92)
[0000][PE] low and high boundaries for proper pairs: (1, 3589)
[0000][PE] analyzing insert size distribution for orientation RR...
[0000][PE] (25, 50, 75) percentile: (108, 129, 316)
[0000][PE] low and high boundaries for computing mean and std.dev: (1, 732)
[0000][PE] mean and std.dev: (209.18, 145.00)
[0000][PE] low and high boundaries for proper pairs: (1, 940)
[0000][PE] skip orientation FF
[0000][PE] skip orientation RF
[0000][PE] skip orientation RR
[0000] 3. Calling kt_for - worker_sam
[0000] read_chunk: 400000000, work_chunk_size: 400000234, nseq: 3217470
	[0000][ M::kt_pipeline] read 3217470 sequences (400000234 bp)...
	[0000][ M::mem_process_seqs] Processed 3216266 reads in 391.102 CPU sec, 10.946 real sec
[0000] Reallocating initial memory allocations!!
[0000] Calling mem_process_seqs.., task: 1
[0000] 1. Calling kt_for - worker_bwt
[0000] 2. Calling kt_for - worker_aln
[0000] Inferring insert size distribution of PE reads from data, l_pac: 1342662642, n: 3217470
[0000][PE] # candidate unique pairs for (FF, FR, RF, RR): (36, 1177495, 29, 26)
[0000][PE] analyzing insert size distribution for orientation FF...
[0000][PE] (25, 50, 75) percentile: (82, 173, 246)
[0000][PE] low and high boundaries for computing mean and std.dev: (1, 574)
[0000][PE] mean and std.dev: (154.26, 85.60)
[0000][PE] low and high boundaries for proper pairs: (1, 738)
[0000][PE] analyzing insert size distribution for orientation FR...
[0000][PE] (25, 50, 75) percentile: (102, 153, 212)
[0000][PE] low and high boundaries for computing mean and std.dev: (1, 432)
[0000][PE] mean and std.dev: (163.43, 80.76)
[0000][PE] low and high boundaries for proper pairs: (1, 542)
[0000][PE] analyzing insert size distribution for orientation RF...
[0000][PE] (25, 50, 75) percentile: (113, 215, 725)
[0000][PE] low and high boundaries for computing mean and std.dev: (1, 1949)
[0000][PE] mean and std.dev: (330.44, 349.22)
[0000][PE] low and high boundaries for proper pairs: (1, 2561)
[0000][PE] analyzing insert size distribution for orientation RR...
[0000][PE] (25, 50, 75) percentile: (85, 185, 266)
[0000][PE] low and high boundaries for computing mean and std.dev: (1, 628)
[0000][PE] mean and std.dev: (165.30, 106.34)
[0000][PE] low and high boundaries for proper pairs: (1, 809)
[0000][PE] skip orientation FF
[0000][PE] skip orientation RF
[0000][PE] skip orientation RR
[0000] 3. Calling kt_for - worker_sam
	[0000][ M::mem_process_seqs] Processed 3217470 reads in 404.713 CPU sec, 10.743 real sec
[0000] read_chunk: 400000000, work_chunk_size: 400000054, nseq: 3216034
	[0000][ M::kt_pipeline] read 3216034 sequences (400000054 bp)...
[0000] Calling mem_process_seqs.., task: 2
[0000] 1. Calling kt_for - worker_bwt
[0000] 2. Calling kt_for - worker_aln
[0000] Inferring insert size distribution of PE reads from data, l_pac: 1342662642, n: 3216034
[0000][PE] # candidate unique pairs for (FF, FR, RF, RR): (25, 1176119, 22, 29)
[0000][PE] analyzing insert size distribution for orientation FF...
[0000][PE] (25, 50, 75) percentile: (81, 137, 193)
[0000][PE] low and high boundaries for computing mean and std.dev: (1, 417)
[0000][PE] mean and std.dev: (130.43, 78.60)
[0000][PE] low and high boundaries for proper pairs: (1, 529)
[0000][PE] analyzing insert size distribution for orientation FR...
[0000][PE] (25, 50, 75) percentile: (102, 153, 212)
[0000][PE] low and high boundaries for computing mean and std.dev: (1, 432)
[0000][PE] mean and std.dev: (163.43, 80.66)
[0000][PE] low and high boundaries for proper pairs: (1, 542)
[0000][PE] analyzing insert size distribution for orientation RF...
[0000][PE] (25, 50, 75) percentile: (370, 512, 788)
[0000][PE] low and high boundaries for computing mean and std.dev: (1, 1624)
[0000][PE] mean and std.dev: (478.74, 260.21)
[0000][PE] low and high boundaries for proper pairs: (1, 2042)
[0000][PE] analyzing insert size distribution for orientation RR...
[0000][PE] (25, 50, 75) percentile: (82, 144, 257)
[0000][PE] low and high boundaries for computing mean and std.dev: (1, 607)
[0000][PE] mean and std.dev: (154.81, 112.82)
[0000][PE] low and high boundaries for proper pairs: (1, 782)
[0000][PE] skip orientation FF
[0000][PE] skip orientation RF
[0000][PE] skip orientation RR
[0000] 3. Calling kt_for - worker_sam
	[0000][ M::mem_process_seqs] Processed 3216034 reads in 401.884 CPU sec, 11.156 real sec
[0000] read_chunk: 400000000, work_chunk_size: 400000276, nseq: 3212206
	[0000][ M::kt_pipeline] read 3212206 sequences (400000276 bp)...
[0000] Calling mem_process_seqs.., task: 3
[0000] 1. Calling kt_for - worker_bwt
[0000] 2. Calling kt_for - worker_aln
[0000] Inferring insert size distribution of PE reads from data, l_pac: 1342662642, n: 3212206
[0000][PE] # candidate unique pairs for (FF, FR, RF, RR): (23, 1168331, 28, 30)
[0000][PE] analyzing insert size distribution for orientation FF...
[0000][PE] (25, 50, 75) percentile: (70, 100, 173)
[0000][PE] low and high boundaries for computing mean and std.dev: (1, 379)
[0000][PE] mean and std.dev: (112.57, 65.87)
[0000][PE] low and high boundaries for proper pairs: (1, 482)
[0000][PE] analyzing insert size distribution for orientation FR...
[0000][PE] (25, 50, 75) percentile: (102, 153, 212)
[0000][PE] low and high boundaries for computing mean and std.dev: (1, 432)
[0000][PE] mean and std.dev: (163.46, 80.76)
[0000][PE] low and high boundaries for proper pairs: (1, 542)
[0000][PE] analyzing insert size distribution for orientation RF...
[0000][PE] (25, 50, 75) percentile: (116, 191, 555)
[0000][PE] low and high boundaries for computing mean and std.dev: (1, 1433)
[0000][PE] mean and std.dev: (324.19, 338.75)
[0000][PE] low and high boundaries for proper pairs: (1, 1872)
[0000][PE] analyzing insert size distribution for orientation RR...
[0000][PE] (25, 50, 75) percentile: (98, 165, 237)
[0000][PE] low and high boundaries for computing mean and std.dev: (1, 515)
[0000][PE] mean and std.dev: (146.81, 71.78)
[0000][PE] low and high boundaries for proper pairs: (1, 654)
[0000][PE] skip orientation FF
[0000][PE] skip orientation RF
[0000][PE] skip orientation RR
[0000] 3. Calling kt_for - worker_sam
[0000] read_chunk: 400000000, work_chunk_size: 400000253, nseq: 3216074
	[0000][ M::kt_pipeline] read 3216074 sequences (400000253 bp)...
	[0000][ M::mem_process_seqs] Processed 3212206 reads in 425.521 CPU sec, 11.563 real sec
[0000] Calling mem_process_seqs.., task: 4
[0000] 1. Calling kt_for - worker_bwt
[0000] 2. Calling kt_for - worker_aln
[0000] Inferring insert size distribution of PE reads from data, l_pac: 1342662642, n: 3216074
[0000][PE] # candidate unique pairs for (FF, FR, RF, RR): (30, 1177525, 40, 26)
[0000][PE] analyzing insert size distribution for orientation FF...
[0000][PE] (25, 50, 75) percentile: (105, 136, 206)
[0000][PE] low and high boundaries for computing mean and std.dev: (1, 408)
[0000][PE] mean and std.dev: (159.17, 89.39)
[0000][PE] low and high boundaries for proper pairs: (1, 517)
[0000][PE] analyzing insert size distribution for orientation FR...
[0000][PE] (25, 50, 75) percentile: (102, 154, 212)
[0000][PE] low and high boundaries for computing mean and std.dev: (1, 432)
[0000][PE] mean and std.dev: (163.58, 80.74)
[0000][PE] low and high boundaries for proper pairs: (1, 542)
[0000][PE] analyzing insert size distribution for orientation RF...
[0000][PE] (25, 50, 75) percentile: (100, 371, 842)
[0000][PE] low and high boundaries for computing mean and std.dev: (1, 2326)
[0000][PE] mean and std.dev: (431.36, 436.03)
[0000][PE] low and high boundaries for proper pairs: (1, 3068)
[0000][PE] analyzing insert size distribution for orientation RR...
[0000][PE] (25, 50, 75) percentile: (96, 143, 359)
[0000][PE] low and high boundaries for computing mean and std.dev: (1, 885)
[0000][PE] mean and std.dev: (229.62, 197.73)
[0000][PE] low and high boundaries for proper pairs: (1, 1148)
[0000][PE] skip orientation FF
[0000][PE] skip orientation RF
[0000][PE] skip orientation RR
[0000] 3. Calling kt_for - worker_sam
	[0000][ M::mem_process_seqs] Processed 3216074 reads in 408.253 CPU sec, 11.176 real sec
[0000] read_chunk: 400000000, work_chunk_size: 389236133, nseq: 3131184
	[0000][ M::kt_pipeline] read 3131184 sequences (389236133 bp)...
[0000] Calling mem_process_seqs.., task: 5
[0000] 1. Calling kt_for - worker_bwt
[0000] read_chunk: 400000000, work_chunk_size: 0, nseq: 0
[0000] 2. Calling kt_for - worker_aln
[0000] Inferring insert size distribution of PE reads from data, l_pac: 1342662642, n: 3131184
[0000][PE] # candidate unique pairs for (FF, FR, RF, RR): (38, 1145450, 36, 33)
[0000][PE] analyzing insert size distribution for orientation FF...
[0000][PE] (25, 50, 75) percentile: (91, 128, 176)
[0000][PE] low and high boundaries for computing mean and std.dev: (1, 346)
[0000][PE] mean and std.dev: (135.71, 56.58)
[0000][PE] low and high boundaries for proper pairs: (1, 431)
[0000][PE] analyzing insert size distribution for orientation FR...
[0000][PE] (25, 50, 75) percentile: (102, 153, 212)
[0000][PE] low and high boundaries for computing mean and std.dev: (1, 432)
[0000][PE] mean and std.dev: (163.50, 80.75)
[0000][PE] low and high boundaries for proper pairs: (1, 542)
[0000][PE] analyzing insert size distribution for orientation RF...
[0000][PE] (25, 50, 75) percentile: (129, 286, 774)
[0000][PE] low and high boundaries for computing mean and std.dev: (1, 2064)
[0000][PE] mean and std.dev: (384.71, 340.18)
[0000][PE] low and high boundaries for proper pairs: (1, 2709)
[0000][PE] analyzing insert size distribution for orientation RR...
[0000][PE] (25, 50, 75) percentile: (88, 121, 209)
[0000][PE] low and high boundaries for computing mean and std.dev: (1, 451)
[0000][PE] mean and std.dev: (136.17, 82.55)
[0000][PE] low and high boundaries for proper pairs: (1, 572)
[0000][PE] skip orientation FF
[0000][PE] skip orientation RF
[0000][PE] skip orientation RR
[0000] 3. Calling kt_for - worker_sam
	[0000][ M::mem_process_seqs] Processed 3131184 reads in 385.624 CPU sec, 10.554 real sec
[0000] read_chunk: 400000000, work_chunk_size: 0, nseq: 0
[0000] Computation ends..
No. of OMP threads: 40
Processor is running @2394.720748 MHz
Runtime profile:

	Time taken for main_mem function: 155.48 sec

	IO times (sec) :
	Reading IO time (reads) avg: 58.88, (58.88, 58.88)
	Writing IO time (SAM) avg: 16.14, (16.14, 16.14)
	Reading IO time (Reference Genome) avg: 1.78, (1.78, 1.78)
	Index read time avg: 0.28, (0.28, 0.28)

	Overall time (sec) (Excluding Index reading time):
	PROCESS() (Total compute time + (read + SAM) IO time) : 153.41
	MEM_PROCESS_SEQ() (Total compute time (Kernel + SAM)), avg: 66.13, (66.13, 66.13)

	 SAM Processing time (sec):
	--WORKER_SAM avg: 19.37, (19.37, 19.37)

	Kernels' compute time (sec):
	Total kernel (smem+sal+bsw) time avg: 44.72, (44.72, 44.72)
		MEM_ALN_CHAIN_FLT avg: 0.00, (0.00, 0.00)
		MEM_ALN_CHAIN_SEED avg: 0.00, (0.00, 0.00)
		ERT_SEED_CHAIN avg: 0.00, (0.00, 0.00)
	LEARNED_SEED_CHAIN avg: 18.72, (18.96, 18.60)
		SMEM compute avg: 0.00, (0.00, 0.00)
		SAL compute avg: 0.00, (0.00, 0.00)
				MEM_SA avg: 0.00, (0.00, 0.00)

		BSW time, avg: 23.68, (24.01, 23.27)

Important parameter settings: 
	BATCH_SIZE: 512
	MAX_SEQ_LEN_REF: 256
	MAX_SEQ_LEN_QER: 128
	MAX_SEQ_LEN8: 128
	SEEDS_PER_READ: 500
	SIMD_WIDTH8 X: 64
	SIMD_WIDTH16 X: 32
	AVG_SEEDS_PER_READ: 64
