Looking to launch executable "/opt/conda/bin/bwa-meme_mode3.avx512bw", simd = _mode3.avx512bw
Launching executable "/opt/conda/bin/bwa-meme_mode3.avx512bw"
-----------------------------
Executing in AVX512 mode!!
-----------------------------
* SA compression enabled with xfactor: 8
* Ref file: reference.genbank.Sor.fasta
* Entering FMI_search
Reading other elements of the index from files reference.genbank.Sor.fasta
* Index prefix: reference.genbank.Sor.fasta
* Read 0 ALT contigs
* Reading reference genome..
* Binary seq file = reference.genbank.Sor.fasta.0123
* Reference genome size: 2685325284 bp
* Done reading reference genome !!

------------------------------------------
1. Memory pre-allocation for Chaining: 5679.4903 MB
2. Memory pre-allocation for BSW: 9584.6810 MB
[M::memoryAllocLearned::MEME] Reading Learned-index models into memory
[Learned-Config] MODE:3 SEARCH_METHOD: 1 MEM_TRADEOFF:1 EXPONENTIAL_SMEMSEARCH: 1 DEBUG_MODE:0 Num 2nd Models:268435456 PWL Bits Used:28
[M::memoryAllocLearned::MEME] Loading RMI model and Pac reference file took 19.327 sec
[M::memoryAllocLearned::MEME] Reading suffix array into memory
[M::memoryAllocLearned::MEME] Loading pos_packed file took 30.238 sec
[M::memoryAllocLearned::MEME] Generating SA, 64-bit Suffix and ISA in memory
[M::memoryAllocLearned::MEME] Runtime-build-index took 28.682 sec
3. Memory pre-allocation for BWT: 14070.0171 MB
------------------------------------------
* Threads used (compute): 40
* No. of pipeline threads: 2

[0000] read_chunk: 400000000, work_chunk_size: 400000097, nseq: 3357558
	[0000][ M::kt_pipeline] read 3357558 sequences (400000097 bp)...
[0000] Reallocating initial memory allocations!!
[0000] Calling mem_process_seqs.., task: 0
[0000] 1. Calling kt_for - worker_bwt
[0000] 2. Calling kt_for - worker_aln
[0000] Inferring insert size distribution of PE reads from data, l_pac: 1342662642, n: 3357558
[0000][PE] # candidate unique pairs for (FF, FR, RF, RR): (30, 1223323, 19, 38)
[0000][PE] analyzing insert size distribution for orientation FF...
[0000][PE] (25, 50, 75) percentile: (45, 111, 238)
[0000][PE] low and high boundaries for computing mean and std.dev: (1, 624)
[0000][PE] mean and std.dev: (115.96, 86.72)
[0000][PE] low and high boundaries for proper pairs: (1, 817)
[0000][PE] analyzing insert size distribution for orientation FR...
[0000][PE] (25, 50, 75) percentile: (94, 131, 175)
[0000][PE] low and high boundaries for computing mean and std.dev: (1, 337)
[0000][PE] mean and std.dev: (137.79, 59.33)
[0000][PE] low and high boundaries for proper pairs: (1, 418)
[0000][PE] analyzing insert size distribution for orientation RF...
[0000][PE] (25, 50, 75) percentile: (175, 285, 885)
[0000][PE] low and high boundaries for computing mean and std.dev: (1, 2305)
[0000][PE] mean and std.dev: (436.88, 487.51)
[0000][PE] low and high boundaries for proper pairs: (1, 3015)
[0000][PE] analyzing insert size distribution for orientation RR...
[0000][PE] (25, 50, 75) percentile: (40, 144, 205)
[0000][PE] low and high boundaries for computing mean and std.dev: (1, 535)
[0000][PE] mean and std.dev: (137.67, 128.12)
[0000][PE] low and high boundaries for proper pairs: (1, 700)
[0000][PE] skip orientation FF
[0000][PE] skip orientation RF
[0000][PE] skip orientation RR
[0000] 3. Calling kt_for - worker_sam
[0000] read_chunk: 400000000, work_chunk_size: 400000207, nseq: 3357622
	[0000][ M::kt_pipeline] read 3357622 sequences (400000207 bp)...
	[0000][ M::mem_process_seqs] Processed 3357558 reads in 370.978 CPU sec, 9.875 real sec
[0000] Reallocating initial memory allocations!!
[0000] Calling mem_process_seqs.., task: 1
[0000] 1. Calling kt_for - worker_bwt
[0000] 2. Calling kt_for - worker_aln
[0000] Inferring insert size distribution of PE reads from data, l_pac: 1342662642, n: 3357622
[0000][PE] # candidate unique pairs for (FF, FR, RF, RR): (22, 1225681, 20, 34)
[0000][PE] analyzing insert size distribution for orientation FF...
[0000][PE] (25, 50, 75) percentile: (53, 82, 191)
[0000][PE] low and high boundaries for computing mean and std.dev: (1, 467)
[0000][PE] mean and std.dev: (117.14, 79.18)
[0000][PE] low and high boundaries for proper pairs: (1, 605)
[0000][PE] analyzing insert size distribution for orientation FR...
[0000][PE] (25, 50, 75) percentile: (93, 131, 175)
[0000][PE] low and high boundaries for computing mean and std.dev: (1, 339)
[0000][PE] mean and std.dev: (137.70, 59.41)
[0000][PE] low and high boundaries for proper pairs: (1, 421)
[0000][PE] analyzing insert size distribution for orientation RF...
[0000][PE] (25, 50, 75) percentile: (232, 507, 958)
[0000][PE] low and high boundaries for computing mean and std.dev: (1, 2410)
[0000][PE] mean and std.dev: (540.84, 447.38)
[0000][PE] low and high boundaries for proper pairs: (1, 3136)
[0000][PE] analyzing insert size distribution for orientation RR...
[0000][PE] (25, 50, 75) percentile: (75, 118, 183)
[0000][PE] low and high boundaries for computing mean and std.dev: (1, 399)
[0000][PE] mean and std.dev: (129.58, 78.96)
[0000][PE] low and high boundaries for proper pairs: (1, 507)
[0000][PE] skip orientation FF
[0000][PE] skip orientation RF
[0000][PE] skip orientation RR
[0000] 3. Calling kt_for - worker_sam
[0000] read_chunk: 400000000, work_chunk_size: 400000234, nseq: 3350276
	[0000][ M::kt_pipeline] read 3350276 sequences (400000234 bp)...
	[0000][ M::mem_process_seqs] Processed 3357622 reads in 377.948 CPU sec, 10.195 real sec
[0000] Calling mem_process_seqs.., task: 2
[0000] 1. Calling kt_for - worker_bwt
[0000] 2. Calling kt_for - worker_aln
[0000] Inferring insert size distribution of PE reads from data, l_pac: 1342662642, n: 3350276
[0000][PE] # candidate unique pairs for (FF, FR, RF, RR): (26, 1213457, 18, 21)
[0000][PE] analyzing insert size distribution for orientation FF...
[0000][PE] (25, 50, 75) percentile: (67, 101, 231)
[0000][PE] low and high boundaries for computing mean and std.dev: (1, 559)
[0000][PE] mean and std.dev: (121.65, 100.39)
[0000][PE] low and high boundaries for proper pairs: (1, 723)
[0000][PE] analyzing insert size distribution for orientation FR...
[0000][PE] (25, 50, 75) percentile: (94, 131, 175)
[0000][PE] low and high boundaries for computing mean and std.dev: (1, 337)
[0000][PE] mean and std.dev: (137.80, 59.32)
[0000][PE] low and high boundaries for proper pairs: (1, 418)
[0000][PE] analyzing insert size distribution for orientation RF...
[0000][PE] (25, 50, 75) percentile: (156, 295, 629)
[0000][PE] low and high boundaries for computing mean and std.dev: (1, 1575)
[0000][PE] mean and std.dev: (337.24, 251.56)
[0000][PE] low and high boundaries for proper pairs: (1, 2048)
[0000][PE] analyzing insert size distribution for orientation RR...
[0000][PE] (25, 50, 75) percentile: (41, 49, 154)
[0000][PE] low and high boundaries for computing mean and std.dev: (1, 380)
[0000][PE] mean and std.dev: (85.74, 80.96)
[0000][PE] low and high boundaries for proper pairs: (1, 493)
[0000][PE] skip orientation FF
[0000][PE] skip orientation RF
[0000][PE] skip orientation RR
[0000] 3. Calling kt_for - worker_sam
	[0000][ M::mem_process_seqs] Processed 3350276 reads in 407.902 CPU sec, 11.334 real sec
[0000] read_chunk: 400000000, work_chunk_size: 400000165, nseq: 3356952
	[0000][ M::kt_pipeline] read 3356952 sequences (400000165 bp)...
[0000] Calling mem_process_seqs.., task: 3
[0000] 1. Calling kt_for - worker_bwt
[0000] 2. Calling kt_for - worker_aln
[0000] Inferring insert size distribution of PE reads from data, l_pac: 1342662642, n: 3356952
[0000][PE] # candidate unique pairs for (FF, FR, RF, RR): (29, 1226526, 20, 28)
[0000][PE] analyzing insert size distribution for orientation FF...
[0000][PE] (25, 50, 75) percentile: (59, 133, 221)
[0000][PE] low and high boundaries for computing mean and std.dev: (1, 545)
[0000][PE] mean and std.dev: (141.04, 94.61)
[0000][PE] low and high boundaries for proper pairs: (1, 707)
[0000][PE] analyzing insert size distribution for orientation FR...
[0000][PE] (25, 50, 75) percentile: (94, 131, 175)
[0000][PE] low and high boundaries for computing mean and std.dev: (1, 337)
[0000][PE] mean and std.dev: (137.74, 59.24)
[0000][PE] low and high boundaries for proper pairs: (1, 418)
[0000][PE] analyzing insert size distribution for orientation RF...
[0000][PE] (25, 50, 75) percentile: (86, 223, 948)
[0000][PE] low and high boundaries for computing mean and std.dev: (1, 2672)
[0000][PE] mean and std.dev: (445.70, 575.44)
[0000][PE] low and high boundaries for proper pairs: (1, 3534)
[0000][PE] analyzing insert size distribution for orientation RR...
[0000][PE] (25, 50, 75) percentile: (48, 95, 191)
[0000][PE] low and high boundaries for computing mean and std.dev: (1, 477)
[0000][PE] mean and std.dev: (118.22, 89.34)
[0000][PE] low and high boundaries for proper pairs: (1, 620)
[0000][PE] skip orientation FF
[0000][PE] skip orientation RF
[0000][PE] skip orientation RR
[0000] 3. Calling kt_for - worker_sam
[0000] read_chunk: 400000000, work_chunk_size: 400000179, nseq: 3356802
	[0000][ M::kt_pipeline] read 3356802 sequences (400000179 bp)...
	[0000][ M::mem_process_seqs] Processed 3356952 reads in 373.284 CPU sec, 10.576 real sec
[0000] Calling mem_process_seqs.., task: 4
[0000] 1. Calling kt_for - worker_bwt
[0000] 2. Calling kt_for - worker_aln
[0003] Re-allocating (doubling) seqBufRefs in mem_chain2aln_across_reads_V2 (right)
[0000] Inferring insert size distribution of PE reads from data, l_pac: 1342662642, n: 3356802
[0000][PE] # candidate unique pairs for (FF, FR, RF, RR): (19, 1228287, 17, 29)
[0000][PE] analyzing insert size distribution for orientation FF...
[0000][PE] (25, 50, 75) percentile: (44, 58, 117)
[0000][PE] low and high boundaries for computing mean and std.dev: (1, 263)
[0000][PE] mean and std.dev: (79.50, 62.24)
[0000][PE] low and high boundaries for proper pairs: (1, 336)
[0000][PE] analyzing insert size distribution for orientation FR...
[0000][PE] (25, 50, 75) percentile: (94, 131, 175)
[0000][PE] low and high boundaries for computing mean and std.dev: (1, 337)
[0000][PE] mean and std.dev: (137.76, 59.26)
[0000][PE] low and high boundaries for proper pairs: (1, 418)
[0000][PE] analyzing insert size distribution for orientation RF...
[0000][PE] (25, 50, 75) percentile: (134, 291, 505)
[0000][PE] low and high boundaries for computing mean and std.dev: (1, 1247)
[0000][PE] mean and std.dev: (277.07, 177.96)
[0000][PE] low and high boundaries for proper pairs: (1, 1618)
[0000][PE] analyzing insert size distribution for orientation RR...
[0000][PE] (25, 50, 75) percentile: (63, 115, 151)
[0000][PE] low and high boundaries for computing mean and std.dev: (1, 327)
[0000][PE] mean and std.dev: (114.85, 79.44)
[0000][PE] low and high boundaries for proper pairs: (1, 433)
[0000][PE] skip orientation FF
[0000][PE] skip orientation RF
[0000][PE] skip orientation RR
[0000] 3. Calling kt_for - worker_sam
	[0000][ M::mem_process_seqs] Processed 3356802 reads in 380.656 CPU sec, 10.337 real sec
[0000] read_chunk: 400000000, work_chunk_size: 262539200, nseq: 2203254
	[0000][ M::kt_pipeline] read 2203254 sequences (262539200 bp)...
[0000] Calling mem_process_seqs.., task: 5
[0000] 1. Calling kt_for - worker_bwt
[0000] read_chunk: 400000000, work_chunk_size: 0, nseq: 0
[0000] 2. Calling kt_for - worker_aln
[0000] Inferring insert size distribution of PE reads from data, l_pac: 1342662642, n: 2203254
[0000][PE] # candidate unique pairs for (FF, FR, RF, RR): (23, 804253, 16, 12)
[0000][PE] analyzing insert size distribution for orientation FF...
[0000][PE] (25, 50, 75) percentile: (91, 125, 149)
[0000][PE] low and high boundaries for computing mean and std.dev: (1, 265)
[0000][PE] mean and std.dev: (117.00, 39.60)
[0000][PE] low and high boundaries for proper pairs: (1, 323)
[0000][PE] analyzing insert size distribution for orientation FR...
[0000][PE] (25, 50, 75) percentile: (94, 131, 175)
[0000][PE] low and high boundaries for computing mean and std.dev: (1, 337)
[0000][PE] mean and std.dev: (137.73, 59.24)
[0000][PE] low and high boundaries for proper pairs: (1, 418)
[0000][PE] analyzing insert size distribution for orientation RF...
[0000][PE] (25, 50, 75) percentile: (190, 334, 1005)
[0000][PE] low and high boundaries for computing mean and std.dev: (1, 2635)
[0000][PE] mean and std.dev: (457.53, 419.36)
[0000][PE] low and high boundaries for proper pairs: (1, 3450)
[0000][PE] analyzing insert size distribution for orientation RR...
[0000][PE] (25, 50, 75) percentile: (83, 136, 236)
[0000][PE] low and high boundaries for computing mean and std.dev: (1, 542)
[0000][PE] mean and std.dev: (123.27, 81.42)
[0000][PE] low and high boundaries for proper pairs: (1, 695)
[0000][PE] skip orientation FF
[0000][PE] skip orientation RF
[0000][PE] skip orientation RR
[0000] 3. Calling kt_for - worker_sam
	[0000][ M::mem_process_seqs] Processed 2203254 reads in 245.709 CPU sec, 6.894 real sec
[0000] read_chunk: 400000000, work_chunk_size: 0, nseq: 0
[0000] Computation ends..
No. of OMP threads: 40
Processor is running @2394.714804 MHz
Runtime profile:

	Time taken for main_mem function: 144.19 sec

	IO times (sec) :
	Reading IO time (reads) avg: 55.14, (55.14, 55.14)
	Writing IO time (SAM) avg: 16.55, (16.55, 16.55)
	Reading IO time (Reference Genome) avg: 1.79, (1.79, 1.79)
	Index read time avg: 0.27, (0.27, 0.27)

	Overall time (sec) (Excluding Index reading time):
	PROCESS() (Total compute time + (read + SAM) IO time) : 142.12
	MEM_PROCESS_SEQ() (Total compute time (Kernel + SAM)), avg: 59.20, (59.20, 59.20)

	 SAM Processing time (sec):
	--WORKER_SAM avg: 15.32, (15.32, 15.32)

	Kernels' compute time (sec):
	Total kernel (smem+sal+bsw) time avg: 41.91, (41.91, 41.91)
		MEM_ALN_CHAIN_FLT avg: 0.00, (0.00, 0.00)
		MEM_ALN_CHAIN_SEED avg: 0.00, (0.00, 0.00)
		ERT_SEED_CHAIN avg: 0.00, (0.00, 0.00)
	LEARNED_SEED_CHAIN avg: 17.60, (17.83, 17.50)
		SMEM compute avg: 0.00, (0.00, 0.00)
		SAL compute avg: 0.00, (0.00, 0.00)
				MEM_SA avg: 0.00, (0.00, 0.00)

		BSW time, avg: 22.21, (22.41, 21.88)

Important parameter settings: 
	BATCH_SIZE: 512
	MAX_SEQ_LEN_REF: 256
	MAX_SEQ_LEN_QER: 128
	MAX_SEQ_LEN8: 128
	SEEDS_PER_READ: 500
	SIMD_WIDTH8 X: 64
	SIMD_WIDTH16 X: 32
	AVG_SEEDS_PER_READ: 64
