Looking to launch executable "/opt/conda/bin/bwa-meme_mode3.avx512bw", simd = _mode3.avx512bw
Launching executable "/opt/conda/bin/bwa-meme_mode3.avx512bw"
-----------------------------
Executing in AVX512 mode!!
-----------------------------
* SA compression enabled with xfactor: 8
* Ref file: reference.genbank.Sor.fasta
* Entering FMI_search
Reading other elements of the index from files reference.genbank.Sor.fasta
* Index prefix: reference.genbank.Sor.fasta
* Read 0 ALT contigs
* Reading reference genome..
* Binary seq file = reference.genbank.Sor.fasta.0123
* Reference genome size: 2685325284 bp
* Done reading reference genome !!

------------------------------------------
1. Memory pre-allocation for Chaining: 5679.4903 MB
2. Memory pre-allocation for BSW: 9584.6810 MB
[M::memoryAllocLearned::MEME] Reading Learned-index models into memory
[Learned-Config] MODE:3 SEARCH_METHOD: 1 MEM_TRADEOFF:1 EXPONENTIAL_SMEMSEARCH: 1 DEBUG_MODE:0 Num 2nd Models:268435456 PWL Bits Used:28
[M::memoryAllocLearned::MEME] Loading RMI model and Pac reference file took 20.102 sec
[M::memoryAllocLearned::MEME] Reading suffix array into memory
[M::memoryAllocLearned::MEME] Loading pos_packed file took 31.182 sec
[M::memoryAllocLearned::MEME] Generating SA, 64-bit Suffix and ISA in memory
[M::memoryAllocLearned::MEME] Runtime-build-index took 29.279 sec
3. Memory pre-allocation for BWT: 14070.0171 MB
------------------------------------------
* Threads used (compute): 40
* No. of pipeline threads: 2

[0000] read_chunk: 400000000, work_chunk_size: 400000084, nseq: 3179636
	[0000][ M::kt_pipeline] read 3179636 sequences (400000084 bp)...
[0000] Reallocating initial memory allocations!!
[0000] Calling mem_process_seqs.., task: 0
[0000] 1. Calling kt_for - worker_bwt
[0000] 2. Calling kt_for - worker_aln
[0000] Inferring insert size distribution of PE reads from data, l_pac: 1342662642, n: 3179636
[0000][PE] # candidate unique pairs for (FF, FR, RF, RR): (63, 1151527, 20, 65)
[0000][PE] analyzing insert size distribution for orientation FF...
[0000][PE] (25, 50, 75) percentile: (109, 145, 400)
[0000][PE] low and high boundaries for computing mean and std.dev: (1, 982)
[0000][PE] mean and std.dev: (228.03, 183.31)
[0000][PE] low and high boundaries for proper pairs: (1, 1273)
[0000][PE] analyzing insert size distribution for orientation FR...
[0000][PE] (25, 50, 75) percentile: (105, 149, 203)
[0000][PE] low and high boundaries for computing mean and std.dev: (1, 399)
[0000][PE] mean and std.dev: (159.51, 73.13)
[0000][PE] low and high boundaries for proper pairs: (1, 497)
[0000][PE] analyzing insert size distribution for orientation RF...
[0000][PE] (25, 50, 75) percentile: (100, 397, 576)
[0000][PE] low and high boundaries for computing mean and std.dev: (1, 1528)
[0000][PE] mean and std.dev: (400.30, 318.82)
[0000][PE] low and high boundaries for proper pairs: (1, 2004)
[0000][PE] analyzing insert size distribution for orientation RR...
[0000][PE] (25, 50, 75) percentile: (107, 162, 322)
[0000][PE] low and high boundaries for computing mean and std.dev: (1, 752)
[0000][PE] mean and std.dev: (198.85, 151.94)
[0000][PE] low and high boundaries for proper pairs: (1, 967)
[0000][PE] skip orientation FF
[0000][PE] skip orientation RF
[0000][PE] skip orientation RR
[0000] 3. Calling kt_for - worker_sam
[0000] read_chunk: 400000000, work_chunk_size: 400000041, nseq: 3180304
	[0000][ M::kt_pipeline] read 3180304 sequences (400000041 bp)...
	[0000][ M::mem_process_seqs] Processed 3179636 reads in 388.262 CPU sec, 10.454 real sec
[0000] Reallocating initial memory allocations!!
[0000] Calling mem_process_seqs.., task: 1
[0000] 1. Calling kt_for - worker_bwt
[0000] 2. Calling kt_for - worker_aln
[0000] Inferring insert size distribution of PE reads from data, l_pac: 1342662642, n: 3180304
[0000][PE] # candidate unique pairs for (FF, FR, RF, RR): (58, 1152833, 26, 48)
[0000][PE] analyzing insert size distribution for orientation FF...
[0000][PE] (25, 50, 75) percentile: (105, 164, 277)
[0000][PE] low and high boundaries for computing mean and std.dev: (1, 621)
[0000][PE] mean and std.dev: (192.96, 150.20)
[0000][PE] low and high boundaries for proper pairs: (1, 794)
[0000][PE] analyzing insert size distribution for orientation FR...
[0000][PE] (25, 50, 75) percentile: (105, 149, 204)
[0000][PE] low and high boundaries for computing mean and std.dev: (1, 402)
[0000][PE] mean and std.dev: (159.59, 73.42)
[0000][PE] low and high boundaries for proper pairs: (1, 501)
[0000][PE] analyzing insert size distribution for orientation RF...
[0000][PE] (25, 50, 75) percentile: (99, 306, 527)
[0000][PE] low and high boundaries for computing mean and std.dev: (1, 1383)
[0000][PE] mean and std.dev: (279.77, 227.33)
[0000][PE] low and high boundaries for proper pairs: (1, 1811)
[0000][PE] analyzing insert size distribution for orientation RR...
[0000][PE] (25, 50, 75) percentile: (101, 147, 314)
[0000][PE] low and high boundaries for computing mean and std.dev: (1, 740)
[0000][PE] mean and std.dev: (185.12, 157.26)
[0000][PE] low and high boundaries for proper pairs: (1, 953)
[0000][PE] skip orientation FF
[0000][PE] skip orientation RF
[0000][PE] skip orientation RR
[0000] 3. Calling kt_for - worker_sam
[0000] read_chunk: 400000000, work_chunk_size: 400000005, nseq: 3174486
	[0000][ M::kt_pipeline] read 3174486 sequences (400000005 bp)...
	[0000][ M::mem_process_seqs] Processed 3180304 reads in 391.258 CPU sec, 10.350 real sec
[0000] Calling mem_process_seqs.., task: 2
[0000] 1. Calling kt_for - worker_bwt
[0000] 2. Calling kt_for - worker_aln
[0000] Inferring insert size distribution of PE reads from data, l_pac: 1342662642, n: 3174486
[0000][PE] # candidate unique pairs for (FF, FR, RF, RR): (73, 1139435, 41, 43)
[0000][PE] analyzing insert size distribution for orientation FF...
[0000][PE] (25, 50, 75) percentile: (107, 156, 209)
[0000][PE] low and high boundaries for computing mean and std.dev: (1, 413)
[0000][PE] mean and std.dev: (154.87, 74.99)
[0000][PE] low and high boundaries for proper pairs: (1, 515)
[0000][PE] analyzing insert size distribution for orientation FR...
[0000][PE] (25, 50, 75) percentile: (105, 150, 203)
[0000][PE] low and high boundaries for computing mean and std.dev: (1, 399)
[0000][PE] mean and std.dev: (159.39, 73.01)
[0000][PE] low and high boundaries for proper pairs: (1, 497)
[0000][PE] analyzing insert size distribution for orientation RF...
[0000][PE] (25, 50, 75) percentile: (113, 292, 548)
[0000][PE] low and high boundaries for computing mean and std.dev: (1, 1418)
[0000][PE] mean and std.dev: (371.56, 356.72)
[0000][PE] low and high boundaries for proper pairs: (1, 1853)
[0000][PE] analyzing insert size distribution for orientation RR...
[0000][PE] (25, 50, 75) percentile: (122, 212, 315)
[0000][PE] low and high boundaries for computing mean and std.dev: (1, 701)
[0000][PE] mean and std.dev: (183.53, 104.55)
[0000][PE] low and high boundaries for proper pairs: (1, 894)
[0000][PE] skip orientation FF
[0000][PE] skip orientation RF
[0000][PE] skip orientation RR
[0000] 3. Calling kt_for - worker_sam
	[0000][ M::mem_process_seqs] Processed 3174486 reads in 426.761 CPU sec, 11.529 real sec
[0000] read_chunk: 400000000, work_chunk_size: 400000096, nseq: 3179290
	[0000][ M::kt_pipeline] read 3179290 sequences (400000096 bp)...
[0000] Calling mem_process_seqs.., task: 3
[0000] 1. Calling kt_for - worker_bwt
[0000] 2. Calling kt_for - worker_aln
[0000] Inferring insert size distribution of PE reads from data, l_pac: 1342662642, n: 3179290
[0000][PE] # candidate unique pairs for (FF, FR, RF, RR): (59, 1152199, 28, 63)
[0000][PE] analyzing insert size distribution for orientation FF...
[0000][PE] (25, 50, 75) percentile: (82, 150, 240)
[0000][PE] low and high boundaries for computing mean and std.dev: (1, 556)
[0000][PE] mean and std.dev: (145.85, 112.70)
[0000][PE] low and high boundaries for proper pairs: (1, 714)
[0000][PE] analyzing insert size distribution for orientation FR...
[0000][PE] (25, 50, 75) percentile: (105, 149, 204)
[0000][PE] low and high boundaries for computing mean and std.dev: (1, 402)
[0000][PE] mean and std.dev: (159.69, 73.42)
[0000][PE] low and high boundaries for proper pairs: (1, 501)
[0000][PE] analyzing insert size distribution for orientation RF...
[0000][PE] (25, 50, 75) percentile: (68, 338, 1073)
[0000][PE] low and high boundaries for computing mean and std.dev: (1, 3083)
[0000][PE] mean and std.dev: (539.67, 639.43)
[0000][PE] low and high boundaries for proper pairs: (1, 4088)
[0000][PE] analyzing insert size distribution for orientation RR...
[0000][PE] (25, 50, 75) percentile: (120, 216, 408)
[0000][PE] low and high boundaries for computing mean and std.dev: (1, 984)
[0000][PE] mean and std.dev: (272.90, 211.14)
[0000][PE] low and high boundaries for proper pairs: (1, 1272)
[0000][PE] skip orientation FF
[0000][PE] skip orientation RF
[0000][PE] skip orientation RR
[0000] 3. Calling kt_for - worker_sam
[0000] read_chunk: 400000000, work_chunk_size: 400000118, nseq: 3179766
	[0000][ M::mem_process_seqs] Processed 3179290 reads in 398.303 CPU sec, 10.859 real sec
	[0000][ M::kt_pipeline] read 3179766 sequences (400000118 bp)...
[0000] Calling mem_process_seqs.., task: 4
[0000] 1. Calling kt_for - worker_bwt
[0000] 2. Calling kt_for - worker_aln
[0000] read_chunk: 400000000, work_chunk_size: 27188355, nseq: 215698
	[0000][ M::kt_pipeline] read 215698 sequences (27188355 bp)...
[0000] Inferring insert size distribution of PE reads from data, l_pac: 1342662642, n: 3179766
[0000][PE] # candidate unique pairs for (FF, FR, RF, RR): (47, 1154016, 40, 53)
[0000][PE] analyzing insert size distribution for orientation FF...
[0000][PE] (25, 50, 75) percentile: (125, 166, 287)
[0000][PE] low and high boundaries for computing mean and std.dev: (1, 611)
[0000][PE] mean and std.dev: (192.16, 111.70)
[0000][PE] low and high boundaries for proper pairs: (1, 773)
[0000][PE] analyzing insert size distribution for orientation FR...
[0000][PE] (25, 50, 75) percentile: (105, 149, 203)
[0000][PE] low and high boundaries for computing mean and std.dev: (1, 399)
[0000][PE] mean and std.dev: (159.44, 73.13)
[0000][PE] low and high boundaries for proper pairs: (1, 497)
[0000][PE] analyzing insert size distribution for orientation RF...
[0000][PE] (25, 50, 75) percentile: (193, 587, 995)
[0000][PE] low and high boundaries for computing mean and std.dev: (1, 2599)
[0000][PE] mean and std.dev: (421.62, 334.39)
[0000][PE] low and high boundaries for proper pairs: (1, 3401)
[0000][PE] analyzing insert size distribution for orientation RR...
[0000][PE] (25, 50, 75) percentile: (91, 155, 255)
[0000][PE] low and high boundaries for computing mean and std.dev: (1, 583)
[0000][PE] mean and std.dev: (177.79, 127.91)
[0000][PE] low and high boundaries for proper pairs: (1, 747)
[0000][PE] skip orientation FF
[0000][PE] skip orientation RF
[0000][PE] skip orientation RR
[0000] 3. Calling kt_for - worker_sam
	[0000][ M::mem_process_seqs] Processed 3179766 reads in 392.071 CPU sec, 11.693 real sec
[0000] Calling mem_process_seqs.., task: 5
[0000] 1. Calling kt_for - worker_bwt
[0000] 2. Calling kt_for - worker_aln
[0000] Inferring insert size distribution of PE reads from data, l_pac: 1342662642, n: 215698
[0000][PE] # candidate unique pairs for (FF, FR, RF, RR): (6, 76937, 5, 3)
[0000][PE] skip orientation FF as there are not enough pairs
[0000][PE] analyzing insert size distribution for orientation FR...
[0000][PE] (25, 50, 75) percentile: (106, 150, 204)
[0000][PE] low and high boundaries for computing mean and std.dev: (1, 400)
[0000][PE] mean and std.dev: (160.05, 73.36)
[0000][PE] low and high boundaries for proper pairs: (1, 498)
[0000][PE] skip orientation RF as there are not enough pairs
[0000][PE] skip orientation RR as there are not enough pairs
[0000] 3. Calling kt_for - worker_sam
	[0000][ M::mem_process_seqs] Processed 215698 reads in 32.961 CPU sec, 1.673 real sec
[0000] read_chunk: 400000000, work_chunk_size: 0, nseq: 0
[0000] read_chunk: 400000000, work_chunk_size: 0, nseq: 0
[0000] Computation ends..
No. of OMP threads: 40
Processor is running @2394.726768 MHz
Runtime profile:

	Time taken for main_mem function: 142.72 sec

	IO times (sec) :
	Reading IO time (reads) avg: 49.17, (49.17, 49.17)
	Writing IO time (SAM) avg: 13.96, (13.96, 13.96)
	Reading IO time (Reference Genome) avg: 1.81, (1.81, 1.81)
	Index read time avg: 0.28, (0.28, 0.28)

	Overall time (sec) (Excluding Index reading time):
	PROCESS() (Total compute time + (read + SAM) IO time) : 140.62
	MEM_PROCESS_SEQ() (Total compute time (Kernel + SAM)), avg: 56.55, (56.55, 56.55)

	 SAM Processing time (sec):
	--WORKER_SAM avg: 15.90, (15.90, 15.90)

	Kernels' compute time (sec):
	Total kernel (smem+sal+bsw) time avg: 38.95, (38.95, 38.95)
		MEM_ALN_CHAIN_FLT avg: 0.00, (0.00, 0.00)
		MEM_ALN_CHAIN_SEED avg: 0.00, (0.00, 0.00)
		ERT_SEED_CHAIN avg: 0.00, (0.00, 0.00)
	LEARNED_SEED_CHAIN avg: 16.06, (16.18, 16.01)
		SMEM compute avg: 0.00, (0.00, 0.00)
		SAL compute avg: 0.00, (0.00, 0.00)
				MEM_SA avg: 0.00, (0.00, 0.00)

		BSW time, avg: 20.53, (20.91, 20.33)

Important parameter settings: 
	BATCH_SIZE: 512
	MAX_SEQ_LEN_REF: 256
	MAX_SEQ_LEN_QER: 128
	MAX_SEQ_LEN8: 128
	SEEDS_PER_READ: 500
	SIMD_WIDTH8 X: 64
	SIMD_WIDTH16 X: 32
	AVG_SEEDS_PER_READ: 64
