Looking to launch executable "/opt/conda/bin/bwa-meme_mode3.avx512bw", simd = _mode3.avx512bw
Launching executable "/opt/conda/bin/bwa-meme_mode3.avx512bw"
-----------------------------
Executing in AVX512 mode!!
-----------------------------
* SA compression enabled with xfactor: 8
* Ref file: reference.genbank.Sor.fasta
* Entering FMI_search
Reading other elements of the index from files reference.genbank.Sor.fasta
* Index prefix: reference.genbank.Sor.fasta
* Read 0 ALT contigs
* Reading reference genome..
* Binary seq file = reference.genbank.Sor.fasta.0123
* Reference genome size: 2685325284 bp
* Done reading reference genome !!

------------------------------------------
1. Memory pre-allocation for Chaining: 5679.4903 MB
2. Memory pre-allocation for BSW: 9584.6810 MB
[M::memoryAllocLearned::MEME] Reading Learned-index models into memory
[Learned-Config] MODE:3 SEARCH_METHOD: 1 MEM_TRADEOFF:1 EXPONENTIAL_SMEMSEARCH: 1 DEBUG_MODE:0 Num 2nd Models:268435456 PWL Bits Used:28
[M::memoryAllocLearned::MEME] Loading RMI model and Pac reference file took 19.396 sec
[M::memoryAllocLearned::MEME] Reading suffix array into memory
[M::memoryAllocLearned::MEME] Loading pos_packed file took 30.541 sec
[M::memoryAllocLearned::MEME] Generating SA, 64-bit Suffix and ISA in memory
[M::memoryAllocLearned::MEME] Runtime-build-index took 28.577 sec
3. Memory pre-allocation for BWT: 14070.0171 MB
------------------------------------------
* Threads used (compute): 40
* No. of pipeline threads: 2

[0000] read_chunk: 400000000, work_chunk_size: 400000015, nseq: 3389726
	[0000][ M::kt_pipeline] read 3389726 sequences (400000015 bp)...
[0000] Reallocating initial memory allocations!!
[0000] Calling mem_process_seqs.., task: 0
[0000] 1. Calling kt_for - worker_bwt
[0000] 2. Calling kt_for - worker_aln
[0000] Inferring insert size distribution of PE reads from data, l_pac: 1342662642, n: 3389726
[0000][PE] # candidate unique pairs for (FF, FR, RF, RR): (27, 1237995, 33, 30)
[0000][PE] analyzing insert size distribution for orientation FF...
[0000][PE] (25, 50, 75) percentile: (59, 84, 156)
[0000][PE] low and high boundaries for computing mean and std.dev: (1, 350)
[0000][PE] mean and std.dev: (108.07, 69.15)
[0000][PE] low and high boundaries for proper pairs: (1, 447)
[0000][PE] analyzing insert size distribution for orientation FR...
[0000][PE] (25, 50, 75) percentile: (89, 133, 184)
[0000][PE] low and high boundaries for computing mean and std.dev: (1, 374)
[0000][PE] mean and std.dev: (142.09, 68.24)
[0000][PE] low and high boundaries for proper pairs: (1, 469)
[0000][PE] analyzing insert size distribution for orientation RF...
[0000][PE] (25, 50, 75) percentile: (143, 384, 1010)
[0000][PE] low and high boundaries for computing mean and std.dev: (1, 2744)
[0000][PE] mean and std.dev: (524.77, 571.39)
[0000][PE] low and high boundaries for proper pairs: (1, 3611)
[0000][PE] analyzing insert size distribution for orientation RR...
[0000][PE] (25, 50, 75) percentile: (88, 113, 199)
[0000][PE] low and high boundaries for computing mean and std.dev: (1, 421)
[0000][PE] mean and std.dev: (122.64, 75.86)
[0000][PE] low and high boundaries for proper pairs: (1, 532)
[0000][PE] skip orientation FF
[0000][PE] skip orientation RF
[0000][PE] skip orientation RR
[0000] 3. Calling kt_for - worker_sam
[0000] read_chunk: 400000000, work_chunk_size: 400000208, nseq: 3389404
	[0000][ M::kt_pipeline] read 3389404 sequences (400000208 bp)...
	[0000][ M::mem_process_seqs] Processed 3389726 reads in 376.499 CPU sec, 10.486 real sec
[0000] Calling mem_process_seqs.., task: 1
[0000] 1. Calling kt_for - worker_bwt
[0000] 2. Calling kt_for - worker_aln
[0000] Inferring insert size distribution of PE reads from data, l_pac: 1342662642, n: 3389404
[0000][PE] # candidate unique pairs for (FF, FR, RF, RR): (35, 1242780, 17, 20)
[0000][PE] analyzing insert size distribution for orientation FF...
[0000][PE] (25, 50, 75) percentile: (104, 131, 220)
[0000][PE] low and high boundaries for computing mean and std.dev: (1, 452)
[0000][PE] mean and std.dev: (150.41, 89.27)
[0000][PE] low and high boundaries for proper pairs: (1, 568)
[0000][PE] analyzing insert size distribution for orientation FR...
[0000][PE] (25, 50, 75) percentile: (89, 133, 184)
[0000][PE] low and high boundaries for computing mean and std.dev: (1, 374)
[0000][PE] mean and std.dev: (142.08, 68.29)
[0000][PE] low and high boundaries for proper pairs: (1, 469)
[0000][PE] analyzing insert size distribution for orientation RF...
[0000][PE] (25, 50, 75) percentile: (114, 223, 836)
[0000][PE] low and high boundaries for computing mean and std.dev: (1, 2280)
[0000][PE] mean and std.dev: (287.60, 258.45)
[0000][PE] low and high boundaries for proper pairs: (1, 3002)
[0000][PE] analyzing insert size distribution for orientation RR...
[0000][PE] (25, 50, 75) percentile: (73, 102, 234)
[0000][PE] low and high boundaries for computing mean and std.dev: (1, 556)
[0000][PE] mean and std.dev: (126.89, 77.49)
[0000][PE] low and high boundaries for proper pairs: (1, 717)
[0000][PE] skip orientation FF
[0000][PE] skip orientation RF
[0000][PE] skip orientation RR
[0000] 3. Calling kt_for - worker_sam
	[0000][ M::mem_process_seqs] Processed 3389404 reads in 385.626 CPU sec, 10.541 real sec
[0000] read_chunk: 400000000, work_chunk_size: 400000181, nseq: 3380868
	[0000][ M::kt_pipeline] read 3380868 sequences (400000181 bp)...
[0000] Calling mem_process_seqs.., task: 2
[0000] 1. Calling kt_for - worker_bwt
[0000] 2. Calling kt_for - worker_aln
[0000] Inferring insert size distribution of PE reads from data, l_pac: 1342662642, n: 3380868
[0000][PE] # candidate unique pairs for (FF, FR, RF, RR): (25, 1225906, 34, 21)
[0000][PE] analyzing insert size distribution for orientation FF...
[0000][PE] (25, 50, 75) percentile: (52, 93, 165)
[0000][PE] low and high boundaries for computing mean and std.dev: (1, 391)
[0000][PE] mean and std.dev: (115.83, 82.13)
[0000][PE] low and high boundaries for proper pairs: (1, 504)
[0000][PE] analyzing insert size distribution for orientation FR...
[0000][PE] (25, 50, 75) percentile: (89, 133, 184)
[0000][PE] low and high boundaries for computing mean and std.dev: (1, 374)
[0000][PE] mean and std.dev: (142.21, 68.33)
[0000][PE] low and high boundaries for proper pairs: (1, 469)
[0000][PE] analyzing insert size distribution for orientation RF...
[0000][PE] (25, 50, 75) percentile: (98, 311, 1028)
[0000][PE] low and high boundaries for computing mean and std.dev: (1, 2888)
[0000][PE] mean and std.dev: (404.52, 416.80)
[0000][PE] low and high boundaries for proper pairs: (1, 3818)
[0000][PE] analyzing insert size distribution for orientation RR...
[0000][PE] (25, 50, 75) percentile: (34, 82, 184)
[0000][PE] low and high boundaries for computing mean and std.dev: (1, 484)
[0000][PE] mean and std.dev: (99.68, 94.73)
[0000][PE] low and high boundaries for proper pairs: (1, 634)
[0000][PE] skip orientation FF
[0000][PE] skip orientation RF
[0000][PE] skip orientation RR
[0000] 3. Calling kt_for - worker_sam
[0000] read_chunk: 400000000, work_chunk_size: 400000002, nseq: 3390664
	[0000][ M::kt_pipeline] read 3390664 sequences (400000002 bp)...
	[0000][ M::mem_process_seqs] Processed 3380868 reads in 417.161 CPU sec, 11.373 real sec
[0000] Reallocating initial memory allocations!!
[0000] Calling mem_process_seqs.., task: 3
[0000] 1. Calling kt_for - worker_bwt
[0000] 2. Calling kt_for - worker_aln
[0000] Inferring insert size distribution of PE reads from data, l_pac: 1342662642, n: 3390664
[0000][PE] # candidate unique pairs for (FF, FR, RF, RR): (28, 1244377, 21, 24)
[0000][PE] analyzing insert size distribution for orientation FF...
[0000][PE] (25, 50, 75) percentile: (62, 128, 200)
[0000][PE] low and high boundaries for computing mean and std.dev: (1, 476)
[0000][PE] mean and std.dev: (141.50, 94.51)
[0000][PE] low and high boundaries for proper pairs: (1, 614)
[0000][PE] analyzing insert size distribution for orientation FR...
[0000][PE] (25, 50, 75) percentile: (89, 133, 184)
[0000][PE] low and high boundaries for computing mean and std.dev: (1, 374)
[0000][PE] mean and std.dev: (142.16, 68.32)
[0000][PE] low and high boundaries for proper pairs: (1, 469)
[0000][PE] analyzing insert size distribution for orientation RF...
[0000][PE] (25, 50, 75) percentile: (110, 381, 1049)
[0000][PE] low and high boundaries for computing mean and std.dev: (1, 2927)
[0000][PE] mean and std.dev: (515.05, 516.64)
[0000][PE] low and high boundaries for proper pairs: (1, 3866)
[0000][PE] analyzing insert size distribution for orientation RR...
[0000][PE] (25, 50, 75) percentile: (75, 89, 179)
[0000][PE] low and high boundaries for computing mean and std.dev: (1, 387)
[0000][PE] mean and std.dev: (114.30, 58.37)
[0000][PE] low and high boundaries for proper pairs: (1, 491)
[0000][PE] skip orientation FF
[0000][PE] skip orientation RF
[0000][PE] skip orientation RR
[0000] 3. Calling kt_for - worker_sam
	[0000][ M::mem_process_seqs] Processed 3390664 reads in 375.701 CPU sec, 10.257 real sec
[0000] read_chunk: 400000000, work_chunk_size: 400000252, nseq: 3385944
	[0000][ M::kt_pipeline] read 3385944 sequences (400000252 bp)...
[0000] Calling mem_process_seqs.., task: 4
[0000] 1. Calling kt_for - worker_bwt
[0000] 2. Calling kt_for - worker_aln
[0035] Re-allocating (doubling) seqBufRefs in mem_chain2aln_across_reads_V2 (right)
[0000] Inferring insert size distribution of PE reads from data, l_pac: 1342662642, n: 3385944
[0000][PE] # candidate unique pairs for (FF, FR, RF, RR): (28, 1238809, 21, 22)
[0000][PE] analyzing insert size distribution for orientation FF...
[0000][PE] (25, 50, 75) percentile: (74, 121, 141)
[0000][PE] low and high boundaries for computing mean and std.dev: (1, 275)
[0000][PE] mean and std.dev: (93.71, 48.52)
[0000][PE] low and high boundaries for proper pairs: (1, 342)
[0000][PE] analyzing insert size distribution for orientation FR...
[0000][PE] (25, 50, 75) percentile: (89, 133, 184)
[0000][PE] low and high boundaries for computing mean and std.dev: (1, 374)
[0000][PE] mean and std.dev: (142.23, 68.27)
[0000][PE] low and high boundaries for proper pairs: (1, 469)
[0000][PE] analyzing insert size distribution for orientation RF...
[0000][PE] (25, 50, 75) percentile: (139, 274, 900)
[0000][PE] low and high boundaries for computing mean and std.dev: (1, 2422)
[0000][PE] mean and std.dev: (464.50, 404.92)
[0000][PE] low and high boundaries for proper pairs: (1, 3183)
[0000][PE] analyzing insert size distribution for orientation RR...
[0000][PE] (25, 50, 75) percentile: (90, 128, 194)
[0000][PE] low and high boundaries for computing mean and std.dev: (1, 402)
[0000][PE] mean and std.dev: (135.00, 70.22)
[0000][PE] low and high boundaries for proper pairs: (1, 506)
[0000][PE] skip orientation FF
[0000][PE] skip orientation RF
[0000][PE] skip orientation RR
[0000] 3. Calling kt_for - worker_sam
[0000] read_chunk: 400000000, work_chunk_size: 273838589, nseq: 2319582
	[0000][ M::kt_pipeline] read 2319582 sequences (273838589 bp)...
	[0000][ M::mem_process_seqs] Processed 3385944 reads in 392.050 CPU sec, 10.737 real sec
[0000] Calling mem_process_seqs.., task: 5
[0000] 1. Calling kt_for - worker_bwt
[0000] 2. Calling kt_for - worker_aln
[0000] read_chunk: 400000000, work_chunk_size: 0, nseq: 0
[0000] Inferring insert size distribution of PE reads from data, l_pac: 1342662642, n: 2319582
[0000][PE] # candidate unique pairs for (FF, FR, RF, RR): (12, 849172, 17, 16)
[0000][PE] analyzing insert size distribution for orientation FF...
[0000][PE] (25, 50, 75) percentile: (43, 96, 158)
[0000][PE] low and high boundaries for computing mean and std.dev: (1, 388)
[0000][PE] mean and std.dev: (104.33, 65.36)
[0000][PE] low and high boundaries for proper pairs: (1, 503)
[0000][PE] analyzing insert size distribution for orientation FR...
[0000][PE] (25, 50, 75) percentile: (89, 133, 184)
[0000][PE] low and high boundaries for computing mean and std.dev: (1, 374)
[0000][PE] mean and std.dev: (142.08, 68.14)
[0000][PE] low and high boundaries for proper pairs: (1, 469)
[0000][PE] analyzing insert size distribution for orientation RF...
[0000][PE] (25, 50, 75) percentile: (72, 193, 628)
[0000][PE] low and high boundaries for computing mean and std.dev: (1, 1740)
[0000][PE] mean and std.dev: (340.12, 374.20)
[0000][PE] low and high boundaries for proper pairs: (1, 2296)
[0000][PE] analyzing insert size distribution for orientation RR...
[0000][PE] (25, 50, 75) percentile: (102, 120, 178)
[0000][PE] low and high boundaries for computing mean and std.dev: (1, 330)
[0000][PE] mean and std.dev: (118.00, 52.61)
[0000][PE] low and high boundaries for proper pairs: (1, 406)
[0000][PE] skip orientation FF
[0000][PE] skip orientation RF
[0000][PE] skip orientation RR
[0000] 3. Calling kt_for - worker_sam
	[0000][ M::mem_process_seqs] Processed 2319582 reads in 261.965 CPU sec, 7.451 real sec
[0000] read_chunk: 400000000, work_chunk_size: 0, nseq: 0
[0000] Computation ends..
No. of OMP threads: 40
Processor is running @2394.737214 MHz
Runtime profile:

	Time taken for main_mem function: 147.92 sec

	IO times (sec) :
	Reading IO time (reads) avg: 57.51, (57.51, 57.51)
	Writing IO time (SAM) avg: 17.66, (17.66, 17.66)
	Reading IO time (Reference Genome) avg: 1.78, (1.78, 1.78)
	Index read time avg: 0.28, (0.28, 0.28)

	Overall time (sec) (Excluding Index reading time):
	PROCESS() (Total compute time + (read + SAM) IO time) : 145.85
	MEM_PROCESS_SEQ() (Total compute time (Kernel + SAM)), avg: 60.84, (60.84, 60.84)

	 SAM Processing time (sec):
	--WORKER_SAM avg: 16.50, (16.50, 16.50)

	Kernels' compute time (sec):
	Total kernel (smem+sal+bsw) time avg: 42.31, (42.31, 42.31)
		MEM_ALN_CHAIN_FLT avg: 0.00, (0.00, 0.00)
		MEM_ALN_CHAIN_SEED avg: 0.00, (0.00, 0.00)
		ERT_SEED_CHAIN avg: 0.00, (0.00, 0.00)
	LEARNED_SEED_CHAIN avg: 17.78, (18.09, 17.64)
		SMEM compute avg: 0.00, (0.00, 0.00)
		SAL compute avg: 0.00, (0.00, 0.00)
				MEM_SA avg: 0.00, (0.00, 0.00)

		BSW time, avg: 22.36, (22.56, 22.00)

Important parameter settings: 
	BATCH_SIZE: 512
	MAX_SEQ_LEN_REF: 256
	MAX_SEQ_LEN_QER: 128
	MAX_SEQ_LEN8: 128
	SEEDS_PER_READ: 500
	SIMD_WIDTH8 X: 64
	SIMD_WIDTH16 X: 32
	AVG_SEEDS_PER_READ: 64
