Looking to launch executable "/opt/conda/bin/bwa-meme_mode3.avx512bw", simd = _mode3.avx512bw
Launching executable "/opt/conda/bin/bwa-meme_mode3.avx512bw"
-----------------------------
Executing in AVX512 mode!!
-----------------------------
* SA compression enabled with xfactor: 8
* Ref file: reference.genbank.Sor.fasta
* Entering FMI_search
Reading other elements of the index from files reference.genbank.Sor.fasta
* Index prefix: reference.genbank.Sor.fasta
* Read 0 ALT contigs
* Reading reference genome..
* Binary seq file = reference.genbank.Sor.fasta.0123
* Reference genome size: 2685325284 bp
* Done reading reference genome !!

------------------------------------------
1. Memory pre-allocation for Chaining: 5679.4903 MB
2. Memory pre-allocation for BSW: 9584.6810 MB
[M::memoryAllocLearned::MEME] Reading Learned-index models into memory
[Learned-Config] MODE:3 SEARCH_METHOD: 1 MEM_TRADEOFF:1 EXPONENTIAL_SMEMSEARCH: 1 DEBUG_MODE:0 Num 2nd Models:268435456 PWL Bits Used:28
[M::memoryAllocLearned::MEME] Loading RMI model and Pac reference file took 19.270 sec
[M::memoryAllocLearned::MEME] Reading suffix array into memory
[M::memoryAllocLearned::MEME] Loading pos_packed file took 30.049 sec
[M::memoryAllocLearned::MEME] Generating SA, 64-bit Suffix and ISA in memory
[M::memoryAllocLearned::MEME] Runtime-build-index took 28.558 sec
3. Memory pre-allocation for BWT: 14070.0171 MB
------------------------------------------
* Threads used (compute): 40
* No. of pipeline threads: 2

[0000] read_chunk: 400000000, work_chunk_size: 400000190, nseq: 3226152
	[0000][ M::kt_pipeline] read 3226152 sequences (400000190 bp)...
[0000] Reallocating initial memory allocations!!
[0000] Calling mem_process_seqs.., task: 0
[0000] 1. Calling kt_for - worker_bwt
[0000] 2. Calling kt_for - worker_aln
[0000] Inferring insert size distribution of PE reads from data, l_pac: 1342662642, n: 3226152
[0000][PE] # candidate unique pairs for (FF, FR, RF, RR): (2, 1205354, 8, 8)
[0000][PE] skip orientation FF as there are not enough pairs
[0000][PE] analyzing insert size distribution for orientation FR...
[0000][PE] (25, 50, 75) percentile: (105, 139, 172)
[0000][PE] low and high boundaries for computing mean and std.dev: (1, 306)
[0000][PE] mean and std.dev: (139.13, 49.19)
[0000][PE] low and high boundaries for proper pairs: (1, 373)
[0000][PE] skip orientation RF as there are not enough pairs
[0000][PE] skip orientation RR as there are not enough pairs
[0000] 3. Calling kt_for - worker_sam
[0000] read_chunk: 400000000, work_chunk_size: 400000103, nseq: 3228080
	[0000][ M::kt_pipeline] read 3228080 sequences (400000103 bp)...
	[0000][ M::mem_process_seqs] Processed 3226152 reads in 328.451 CPU sec, 8.849 real sec
[0000] Reallocating initial memory allocations!!
[0000] Calling mem_process_seqs.., task: 1
[0000] 1. Calling kt_for - worker_bwt
[0000] 2. Calling kt_for - worker_aln
[0000] read_chunk: 400000000, work_chunk_size: 400000184, nseq: 3226860
	[0000][ M::kt_pipeline] read 3226860 sequences (400000184 bp)...
[0000] Inferring insert size distribution of PE reads from data, l_pac: 1342662642, n: 3228080
[0000][PE] # candidate unique pairs for (FF, FR, RF, RR): (5, 1209826, 3, 2)
[0000][PE] skip orientation FF as there are not enough pairs
[0000][PE] analyzing insert size distribution for orientation FR...
[0000][PE] (25, 50, 75) percentile: (104, 138, 172)
[0000][PE] low and high boundaries for computing mean and std.dev: (1, 308)
[0000][PE] mean and std.dev: (139.02, 49.37)
[0000][PE] low and high boundaries for proper pairs: (1, 376)
[0000][PE] skip orientation RF as there are not enough pairs
[0000][PE] skip orientation RR as there are not enough pairs
[0000] 3. Calling kt_for - worker_sam
	[0000][ M::mem_process_seqs] Processed 3228080 reads in 328.201 CPU sec, 8.887 real sec
[0000] Calling mem_process_seqs.., task: 2
[0000] 1. Calling kt_for - worker_bwt
[0000] 2. Calling kt_for - worker_aln
[0000] Inferring insert size distribution of PE reads from data, l_pac: 1342662642, n: 3226860
[0000][PE] # candidate unique pairs for (FF, FR, RF, RR): (5, 1208097, 13, 4)
[0000][PE] skip orientation FF as there are not enough pairs
[0000][PE] analyzing insert size distribution for orientation FR...
[0000][PE] (25, 50, 75) percentile: (104, 138, 172)
[0000][PE] low and high boundaries for computing mean and std.dev: (1, 308)
[0000][PE] mean and std.dev: (139.08, 49.34)
[0000][PE] low and high boundaries for proper pairs: (1, 376)
[0000][PE] analyzing insert size distribution for orientation RF...
[0000][PE] (25, 50, 75) percentile: (118, 246, 585)
[0000][PE] low and high boundaries for computing mean and std.dev: (1, 1519)
[0000][PE] mean and std.dev: (226.18, 175.69)
[0000][PE] low and high boundaries for proper pairs: (1, 1986)
[0000][PE] skip orientation RR as there are not enough pairs
[0000][PE] skip orientation RF
[0000] 3. Calling kt_for - worker_sam
	[0000][ M::mem_process_seqs] Processed 3226860 reads in 335.667 CPU sec, 9.071 real sec
[0000] read_chunk: 400000000, work_chunk_size: 400000215, nseq: 3226260
	[0000][ M::kt_pipeline] read 3226260 sequences (400000215 bp)...
[0000] Calling mem_process_seqs.., task: 3
[0000] 1. Calling kt_for - worker_bwt
[0000] 2. Calling kt_for - worker_aln
[0000] Inferring insert size distribution of PE reads from data, l_pac: 1342662642, n: 3226260
[0000][PE] # candidate unique pairs for (FF, FR, RF, RR): (3, 1208513, 10, 2)
[0000][PE] skip orientation FF as there are not enough pairs
[0000][PE] analyzing insert size distribution for orientation FR...
[0000][PE] (25, 50, 75) percentile: (104, 138, 172)
[0000][PE] low and high boundaries for computing mean and std.dev: (1, 308)
[0000][PE] mean and std.dev: (139.10, 49.32)
[0000][PE] low and high boundaries for proper pairs: (1, 376)
[0000][PE] analyzing insert size distribution for orientation RF...
[0000][PE] (25, 50, 75) percentile: (584, 745, 1580)
[0000][PE] low and high boundaries for computing mean and std.dev: (1, 3572)
[0000][PE] mean and std.dev: (868.67, 596.91)
[0000][PE] low and high boundaries for proper pairs: (1, 4568)
[0000][PE] skip orientation RR as there are not enough pairs
[0000][PE] skip orientation RF
[0000] 3. Calling kt_for - worker_sam
	[0000][ M::mem_process_seqs] Processed 3226260 reads in 332.122 CPU sec, 9.361 real sec
[0000] read_chunk: 400000000, work_chunk_size: 400000268, nseq: 3218718
	[0000][ M::kt_pipeline] read 3218718 sequences (400000268 bp)...
[0000] Calling mem_process_seqs.., task: 4
[0000] 1. Calling kt_for - worker_bwt
[0000] 2. Calling kt_for - worker_aln
[0000] Inferring insert size distribution of PE reads from data, l_pac: 1342662642, n: 3218718
[0000][PE] # candidate unique pairs for (FF, FR, RF, RR): (2, 1190495, 6, 5)
[0000][PE] skip orientation FF as there are not enough pairs
[0000][PE] analyzing insert size distribution for orientation FR...
[0000][PE] (25, 50, 75) percentile: (104, 138, 172)
[0000][PE] low and high boundaries for computing mean and std.dev: (1, 308)
[0000][PE] mean and std.dev: (139.11, 49.29)
[0000][PE] low and high boundaries for proper pairs: (1, 376)
[0000][PE] skip orientation RF as there are not enough pairs
[0000][PE] skip orientation RR as there are not enough pairs
[0000] 3. Calling kt_for - worker_sam
	[0000][ M::mem_process_seqs] Processed 3218718 reads in 376.702 CPU sec, 10.457 real sec
[0000] read_chunk: 400000000, work_chunk_size: 400000144, nseq: 3229024
	[0000][ M::kt_pipeline] read 3229024 sequences (400000144 bp)...
[0000] Reallocating initial memory allocations!!
[0000] Calling mem_process_seqs.., task: 5
[0000] 1. Calling kt_for - worker_bwt
[0000] 2. Calling kt_for - worker_aln
[0000] read_chunk: 400000000, work_chunk_size: 400000105, nseq: 3226636
	[0000][ M::kt_pipeline] read 3226636 sequences (400000105 bp)...
[0000] Inferring insert size distribution of PE reads from data, l_pac: 1342662642, n: 3229024
[0000][PE] # candidate unique pairs for (FF, FR, RF, RR): (4, 1210822, 11, 8)
[0000][PE] skip orientation FF as there are not enough pairs
[0000][PE] analyzing insert size distribution for orientation FR...
[0000][PE] (25, 50, 75) percentile: (104, 138, 172)
[0000][PE] low and high boundaries for computing mean and std.dev: (1, 308)
[0000][PE] mean and std.dev: (139.06, 49.33)
[0000][PE] low and high boundaries for proper pairs: (1, 376)
[0000][PE] analyzing insert size distribution for orientation RF...
[0000][PE] (25, 50, 75) percentile: (360, 444, 908)
[0000][PE] low and high boundaries for computing mean and std.dev: (1, 2004)
[0000][PE] mean and std.dev: (487.40, 241.84)
[0000][PE] low and high boundaries for proper pairs: (1, 2552)
[0000][PE] skip orientation RR as there are not enough pairs
[0000][PE] skip orientation RF
[0000] 3. Calling kt_for - worker_sam
	[0000][ M::mem_process_seqs] Processed 3229024 reads in 326.412 CPU sec, 8.952 real sec
[0000] Calling mem_process_seqs.., task: 6
[0000] 1. Calling kt_for - worker_bwt
[0000] 2. Calling kt_for - worker_aln
[0000] Inferring insert size distribution of PE reads from data, l_pac: 1342662642, n: 3226636
[0000][PE] # candidate unique pairs for (FF, FR, RF, RR): (6, 1209566, 6, 9)
[0000][PE] skip orientation FF as there are not enough pairs
[0000][PE] analyzing insert size distribution for orientation FR...
[0000][PE] (25, 50, 75) percentile: (104, 138, 172)
[0000][PE] low and high boundaries for computing mean and std.dev: (1, 308)
[0000][PE] mean and std.dev: (139.17, 49.40)
[0000][PE] low and high boundaries for proper pairs: (1, 376)
[0000][PE] skip orientation RF as there are not enough pairs
[0000][PE] skip orientation RR as there are not enough pairs
[0000] 3. Calling kt_for - worker_sam
	[0000][ M::mem_process_seqs] Processed 3226636 reads in 337.755 CPU sec, 9.172 real sec
[0000] read_chunk: 400000000, work_chunk_size: 400000089, nseq: 3228062
	[0000][ M::kt_pipeline] read 3228062 sequences (400000089 bp)...
[0000] Calling mem_process_seqs.., task: 7
[0000] 1. Calling kt_for - worker_bwt
[0000] 2. Calling kt_for - worker_aln
[0000] Inferring insert size distribution of PE reads from data, l_pac: 1342662642, n: 3228062
[0000][PE] # candidate unique pairs for (FF, FR, RF, RR): (9, 1211691, 8, 5)
[0000][PE] skip orientation FF as there are not enough pairs
[0000][PE] analyzing insert size distribution for orientation FR...
[0000][PE] (25, 50, 75) percentile: (104, 138, 172)
[0000][PE] low and high boundaries for computing mean and std.dev: (1, 308)
[0000][PE] mean and std.dev: (139.04, 49.35)
[0000][PE] low and high boundaries for proper pairs: (1, 376)
[0000][PE] skip orientation RF as there are not enough pairs
[0000][PE] skip orientation RR as there are not enough pairs
[0000] 3. Calling kt_for - worker_sam
	[0000][ M::mem_process_seqs] Processed 3228062 reads in 335.550 CPU sec, 9.222 real sec
[0000] read_chunk: 400000000, work_chunk_size: 319534901, nseq: 2575778
	[0000][ M::kt_pipeline] read 2575778 sequences (319534901 bp)...
[0000] Calling mem_process_seqs.., task: 8
[0000] 1. Calling kt_for - worker_bwt
[0000] 2. Calling kt_for - worker_aln
[0000] read_chunk: 400000000, work_chunk_size: 0, nseq: 0
[0000] Inferring insert size distribution of PE reads from data, l_pac: 1342662642, n: 2575778
[0000][PE] # candidate unique pairs for (FF, FR, RF, RR): (7, 961505, 6, 2)
[0000][PE] skip orientation FF as there are not enough pairs
[0000][PE] analyzing insert size distribution for orientation FR...
[0000][PE] (25, 50, 75) percentile: (105, 138, 172)
[0000][PE] low and high boundaries for computing mean and std.dev: (1, 306)
[0000][PE] mean and std.dev: (139.18, 49.25)
[0000][PE] low and high boundaries for proper pairs: (1, 373)
[0000][PE] skip orientation RF as there are not enough pairs
[0000][PE] skip orientation RR as there are not enough pairs
[0000] 3. Calling kt_for - worker_sam
	[0000][ M::mem_process_seqs] Processed 2575778 reads in 271.580 CPU sec, 7.701 real sec
[0000] read_chunk: 400000000, work_chunk_size: 0, nseq: 0
[0000] Computation ends..
No. of OMP threads: 40
Processor is running @2394.705752 MHz
Runtime profile:

	Time taken for main_mem function: 186.34 sec

	IO times (sec) :
	Reading IO time (reads) avg: 85.64, (85.64, 85.64)
	Writing IO time (SAM) avg: 26.75, (26.75, 26.75)
	Reading IO time (Reference Genome) avg: 1.76, (1.76, 1.76)
	Index read time avg: 0.27, (0.27, 0.27)

	Overall time (sec) (Excluding Index reading time):
	PROCESS() (Total compute time + (read + SAM) IO time) : 184.29
	MEM_PROCESS_SEQ() (Total compute time (Kernel + SAM)), avg: 81.66, (81.66, 81.66)

	 SAM Processing time (sec):
	--WORKER_SAM avg: 19.51, (19.51, 19.51)

	Kernels' compute time (sec):
	Total kernel (smem+sal+bsw) time avg: 59.18, (59.18, 59.18)
		MEM_ALN_CHAIN_FLT avg: 0.00, (0.00, 0.00)
		MEM_ALN_CHAIN_SEED avg: 0.00, (0.00, 0.00)
		ERT_SEED_CHAIN avg: 0.00, (0.00, 0.00)
	LEARNED_SEED_CHAIN avg: 24.61, (24.80, 24.52)
		SMEM compute avg: 0.00, (0.00, 0.00)
		SAL compute avg: 0.00, (0.00, 0.00)
				MEM_SA avg: 0.00, (0.00, 0.00)

		BSW time, avg: 31.61, (31.95, 31.24)

Important parameter settings: 
	BATCH_SIZE: 512
	MAX_SEQ_LEN_REF: 256
	MAX_SEQ_LEN_QER: 128
	MAX_SEQ_LEN8: 128
	SEEDS_PER_READ: 500
	SIMD_WIDTH8 X: 64
	SIMD_WIDTH16 X: 32
	AVG_SEEDS_PER_READ: 64
