Looking to launch executable "/opt/conda/bin/bwa-meme_mode3.avx512bw", simd = _mode3.avx512bw
Launching executable "/opt/conda/bin/bwa-meme_mode3.avx512bw"
-----------------------------
Executing in AVX512 mode!!
-----------------------------
* SA compression enabled with xfactor: 8
* Ref file: reference.genbank.Sor.fasta
* Entering FMI_search
Reading other elements of the index from files reference.genbank.Sor.fasta
* Index prefix: reference.genbank.Sor.fasta
* Read 0 ALT contigs
* Reading reference genome..
* Binary seq file = reference.genbank.Sor.fasta.0123
* Reference genome size: 2685325284 bp
* Done reading reference genome !!

------------------------------------------
1. Memory pre-allocation for Chaining: 5679.4903 MB
2. Memory pre-allocation for BSW: 9584.6810 MB
[M::memoryAllocLearned::MEME] Reading Learned-index models into memory
[Learned-Config] MODE:3 SEARCH_METHOD: 1 MEM_TRADEOFF:1 EXPONENTIAL_SMEMSEARCH: 1 DEBUG_MODE:0 Num 2nd Models:268435456 PWL Bits Used:28
[M::memoryAllocLearned::MEME] Loading RMI model and Pac reference file took 19.294 sec
[M::memoryAllocLearned::MEME] Reading suffix array into memory
[M::memoryAllocLearned::MEME] Loading pos_packed file took 30.050 sec
[M::memoryAllocLearned::MEME] Generating SA, 64-bit Suffix and ISA in memory
[M::memoryAllocLearned::MEME] Runtime-build-index took 28.557 sec
3. Memory pre-allocation for BWT: 14070.0171 MB
------------------------------------------
* Threads used (compute): 40
* No. of pipeline threads: 2

[0000] read_chunk: 400000000, work_chunk_size: 400000218, nseq: 2904434
	[0000][ M::kt_pipeline] read 2904434 sequences (400000218 bp)...
[0000] Reallocating initial memory allocations!!
[0000] Calling mem_process_seqs.., task: 0
[0000] 1. Calling kt_for - worker_bwt
[0000] 2. Calling kt_for - worker_aln
[0000] Inferring insert size distribution of PE reads from data, l_pac: 1342662642, n: 2904434
[0000][PE] # candidate unique pairs for (FF, FR, RF, RR): (26, 1057776, 56, 31)
[0000][PE] analyzing insert size distribution for orientation FF...
[0000][PE] (25, 50, 75) percentile: (79, 128, 215)
[0000][PE] low and high boundaries for computing mean and std.dev: (1, 487)
[0000][PE] mean and std.dev: (143.25, 94.22)
[0000][PE] low and high boundaries for proper pairs: (1, 623)
[0000][PE] analyzing insert size distribution for orientation FR...
[0000][PE] (25, 50, 75) percentile: (140, 184, 243)
[0000][PE] low and high boundaries for computing mean and std.dev: (1, 449)
[0000][PE] mean and std.dev: (195.26, 79.14)
[0000][PE] low and high boundaries for proper pairs: (1, 552)
[0000][PE] analyzing insert size distribution for orientation RF...
[0000][PE] (25, 50, 75) percentile: (72, 236, 484)
[0000][PE] low and high boundaries for computing mean and std.dev: (1, 1308)
[0000][PE] mean and std.dev: (281.76, 252.89)
[0000][PE] low and high boundaries for proper pairs: (1, 1720)
[0000][PE] analyzing insert size distribution for orientation RR...
[0000][PE] (25, 50, 75) percentile: (131, 165, 290)
[0000][PE] low and high boundaries for computing mean and std.dev: (1, 608)
[0000][PE] mean and std.dev: (190.15, 116.32)
[0000][PE] low and high boundaries for proper pairs: (1, 767)
[0000][PE] skip orientation FF
[0000][PE] skip orientation RF
[0000][PE] skip orientation RR
[0000] 3. Calling kt_for - worker_sam
[0000] read_chunk: 400000000, work_chunk_size: 400000066, nseq: 2905600
	[0000][ M::kt_pipeline] read 2905600 sequences (400000066 bp)...
	[0000][ M::mem_process_seqs] Processed 2904434 reads in 380.510 CPU sec, 10.256 real sec
[0000] Reallocating initial memory allocations!!
[0000] Calling mem_process_seqs.., task: 1
[0000] 1. Calling kt_for - worker_bwt
[0000] 2. Calling kt_for - worker_aln
[0000] Inferring insert size distribution of PE reads from data, l_pac: 1342662642, n: 2905600
[0000][PE] # candidate unique pairs for (FF, FR, RF, RR): (28, 1057599, 56, 28)
[0000][PE] analyzing insert size distribution for orientation FF...
[0000][PE] (25, 50, 75) percentile: (107, 138, 222)
[0000][PE] low and high boundaries for computing mean and std.dev: (1, 452)
[0000][PE] mean and std.dev: (157.81, 87.66)
[0000][PE] low and high boundaries for proper pairs: (1, 567)
[0000][PE] analyzing insert size distribution for orientation FR...
[0000][PE] (25, 50, 75) percentile: (139, 184, 243)
[0000][PE] low and high boundaries for computing mean and std.dev: (1, 451)
[0000][PE] mean and std.dev: (195.19, 79.35)
[0000][PE] low and high boundaries for proper pairs: (1, 555)
[0000][PE] analyzing insert size distribution for orientation RF...
[0000][PE] (25, 50, 75) percentile: (148, 270, 567)
[0000][PE] low and high boundaries for computing mean and std.dev: (1, 1405)
[0000][PE] mean and std.dev: (325.36, 249.90)
[0000][PE] low and high boundaries for proper pairs: (1, 1824)
[0000][PE] analyzing insert size distribution for orientation RR...
[0000][PE] (25, 50, 75) percentile: (111, 145, 207)
[0000][PE] low and high boundaries for computing mean and std.dev: (1, 399)
[0000][PE] mean and std.dev: (139.17, 50.74)
[0000][PE] low and high boundaries for proper pairs: (1, 495)
[0000][PE] skip orientation FF
[0000][PE] skip orientation RF
[0000][PE] skip orientation RR
[0000] 3. Calling kt_for - worker_sam
[0000] read_chunk: 400000000, work_chunk_size: 400000161, nseq: 2904356
	[0000][ M::kt_pipeline] read 2904356 sequences (400000161 bp)...
	[0000][ M::mem_process_seqs] Processed 2905600 reads in 381.494 CPU sec, 10.229 real sec
[0000] Calling mem_process_seqs.., task: 2
[0000] 1. Calling kt_for - worker_bwt
[0000] 2. Calling kt_for - worker_aln
[0000] Inferring insert size distribution of PE reads from data, l_pac: 1342662642, n: 2904356
[0000][PE] # candidate unique pairs for (FF, FR, RF, RR): (30, 1052709, 55, 27)
[0000][PE] analyzing insert size distribution for orientation FF...
[0000][PE] (25, 50, 75) percentile: (98, 147, 204)
[0000][PE] low and high boundaries for computing mean and std.dev: (1, 416)
[0000][PE] mean and std.dev: (154.59, 80.60)
[0000][PE] low and high boundaries for proper pairs: (1, 522)
[0000][PE] analyzing insert size distribution for orientation FR...
[0000][PE] (25, 50, 75) percentile: (139, 184, 243)
[0000][PE] low and high boundaries for computing mean and std.dev: (1, 451)
[0000][PE] mean and std.dev: (195.05, 79.38)
[0000][PE] low and high boundaries for proper pairs: (1, 555)
[0000][PE] analyzing insert size distribution for orientation RF...
[0000][PE] (25, 50, 75) percentile: (132, 273, 443)
[0000][PE] low and high boundaries for computing mean and std.dev: (1, 1065)
[0000][PE] mean and std.dev: (288.10, 206.63)
[0000][PE] low and high boundaries for proper pairs: (1, 1376)
[0000][PE] analyzing insert size distribution for orientation RR...
[0000][PE] (25, 50, 75) percentile: (74, 107, 132)
[0000][PE] low and high boundaries for computing mean and std.dev: (1, 248)
[0000][PE] mean and std.dev: (101.20, 46.03)
[0000][PE] low and high boundaries for proper pairs: (1, 306)
[0000][PE] skip orientation FF
[0000][PE] skip orientation RF
[0000][PE] skip orientation RR
[0000] 3. Calling kt_for - worker_sam
	[0000][ M::mem_process_seqs] Processed 2904356 reads in 411.483 CPU sec, 11.081 real sec
[0000] read_chunk: 400000000, work_chunk_size: 400000231, nseq: 2907528
	[0000][ M::kt_pipeline] read 2907528 sequences (400000231 bp)...
[0000] Reallocating initial memory allocations!!
[0000] Calling mem_process_seqs.., task: 3
[0000] 1. Calling kt_for - worker_bwt
[0000] 2. Calling kt_for - worker_aln
[0000] Inferring insert size distribution of PE reads from data, l_pac: 1342662642, n: 2907528
[0000][PE] # candidate unique pairs for (FF, FR, RF, RR): (28, 1069942, 37, 27)
[0000][PE] analyzing insert size distribution for orientation FF...
[0000][PE] (25, 50, 75) percentile: (96, 114, 249)
[0000][PE] low and high boundaries for computing mean and std.dev: (1, 555)
[0000][PE] mean and std.dev: (151.20, 90.10)
[0000][PE] low and high boundaries for proper pairs: (1, 708)
[0000][PE] analyzing insert size distribution for orientation FR...
[0000][PE] (25, 50, 75) percentile: (140, 184, 243)
[0000][PE] low and high boundaries for computing mean and std.dev: (1, 449)
[0000][PE] mean and std.dev: (195.02, 79.18)
[0000][PE] low and high boundaries for proper pairs: (1, 552)
[0000][PE] analyzing insert size distribution for orientation RF...
[0000][PE] (25, 50, 75) percentile: (150, 234, 736)
[0000][PE] low and high boundaries for computing mean and std.dev: (1, 1908)
[0000][PE] mean and std.dev: (362.66, 369.47)
[0000][PE] low and high boundaries for proper pairs: (1, 2494)
[0000][PE] analyzing insert size distribution for orientation RR...
[0000][PE] (25, 50, 75) percentile: (99, 165, 206)
[0000][PE] low and high boundaries for computing mean and std.dev: (1, 420)
[0000][PE] mean and std.dev: (154.00, 67.86)
[0000][PE] low and high boundaries for proper pairs: (1, 527)
[0000][PE] skip orientation FF
[0000][PE] skip orientation RF
[0000][PE] skip orientation RR
[0000] 3. Calling kt_for - worker_sam
[0000] read_chunk: 400000000, work_chunk_size: 400000061, nseq: 2904624
	[0000][ M::kt_pipeline] read 2904624 sequences (400000061 bp)...
	[0000][ M::mem_process_seqs] Processed 2907528 reads in 363.132 CPU sec, 9.745 real sec
[0000] Calling mem_process_seqs.., task: 4
[0000] 1. Calling kt_for - worker_bwt
[0000] 2. Calling kt_for - worker_aln
[0000] Inferring insert size distribution of PE reads from data, l_pac: 1342662642, n: 2904624
[0000][PE] # candidate unique pairs for (FF, FR, RF, RR): (35, 1059383, 78, 32)
[0000][PE] analyzing insert size distribution for orientation FF...
[0000][PE] (25, 50, 75) percentile: (118, 156, 303)
[0000][PE] low and high boundaries for computing mean and std.dev: (1, 673)
[0000][PE] mean and std.dev: (186.39, 121.93)
[0000][PE] low and high boundaries for proper pairs: (1, 858)
[0000][PE] analyzing insert size distribution for orientation FR...
[0000][PE] (25, 50, 75) percentile: (140, 185, 243)
[0000][PE] low and high boundaries for computing mean and std.dev: (1, 449)
[0000][PE] mean and std.dev: (195.23, 79.21)
[0000][PE] low and high boundaries for proper pairs: (1, 552)
[0000][PE] analyzing insert size distribution for orientation RF...
[0000][PE] (25, 50, 75) percentile: (108, 313, 599)
[0000][PE] low and high boundaries for computing mean and std.dev: (1, 1581)
[0000][PE] mean and std.dev: (381.74, 335.10)
[0000][PE] low and high boundaries for proper pairs: (1, 2072)
[0000][PE] analyzing insert size distribution for orientation RR...
[0000][PE] (25, 50, 75) percentile: (87, 132, 204)
[0000][PE] low and high boundaries for computing mean and std.dev: (1, 438)
[0000][PE] mean and std.dev: (139.31, 78.59)
[0000][PE] low and high boundaries for proper pairs: (1, 555)
[0000][PE] skip orientation FF
[0000][PE] skip orientation RF
[0000][PE] skip orientation RR
[0000] 3. Calling kt_for - worker_sam
	[0000][ M::mem_process_seqs] Processed 2904624 reads in 389.142 CPU sec, 10.537 real sec
[0000] read_chunk: 400000000, work_chunk_size: 400000021, nseq: 2900602
	[0000][ M::kt_pipeline] read 2900602 sequences (400000021 bp)...
[0000] Calling mem_process_seqs.., task: 5
[0000] 1. Calling kt_for - worker_bwt
[0000] 2. Calling kt_for - worker_aln
[0000] Inferring insert size distribution of PE reads from data, l_pac: 1342662642, n: 2900602
[0000][PE] # candidate unique pairs for (FF, FR, RF, RR): (30, 1032925, 56, 29)
[0000][PE] analyzing insert size distribution for orientation FF...
[0000][PE] (25, 50, 75) percentile: (132, 161, 182)
[0000][PE] low and high boundaries for computing mean and std.dev: (32, 282)
[0000][PE] mean and std.dev: (150.04, 41.65)
[0000][PE] low and high boundaries for proper pairs: (1, 332)
[0000][PE] analyzing insert size distribution for orientation FR...
[0000][PE] (25, 50, 75) percentile: (139, 184, 243)
[0000][PE] low and high boundaries for computing mean and std.dev: (1, 451)
[0000][PE] mean and std.dev: (195.18, 79.40)
[0000][PE] low and high boundaries for proper pairs: (1, 555)
[0000][PE] analyzing insert size distribution for orientation RF...
[0000][PE] (25, 50, 75) percentile: (115, 308, 566)
[0000][PE] low and high boundaries for computing mean and std.dev: (1, 1468)
[0000][PE] mean and std.dev: (366.08, 326.48)
[0000][PE] low and high boundaries for proper pairs: (1, 1919)
[0000][PE] analyzing insert size distribution for orientation RR...
[0000][PE] (25, 50, 75) percentile: (106, 119, 264)
[0000][PE] low and high boundaries for computing mean and std.dev: (1, 580)
[0000][PE] mean and std.dev: (149.50, 81.60)
[0000][PE] low and high boundaries for proper pairs: (1, 738)
[0000][PE] skip orientation FF
[0000][PE] skip orientation RF
[0000][PE] skip orientation RR
[0000] 3. Calling kt_for - worker_sam
[0000] read_chunk: 400000000, work_chunk_size: 400000177, nseq: 2905884
	[0000][ M::kt_pipeline] read 2905884 sequences (400000177 bp)...
	[0000][ M::mem_process_seqs] Processed 2900602 reads in 461.245 CPU sec, 12.130 real sec
[0000] Calling mem_process_seqs.., task: 6
[0000] 1. Calling kt_for - worker_bwt
[0000] 2. Calling kt_for - worker_aln
[0000] Inferring insert size distribution of PE reads from data, l_pac: 1342662642, n: 2905884
[0000][PE] # candidate unique pairs for (FF, FR, RF, RR): (26, 1061036, 50, 20)
[0000][PE] analyzing insert size distribution for orientation FF...
[0000][PE] (25, 50, 75) percentile: (79, 128, 213)
[0000][PE] low and high boundaries for computing mean and std.dev: (1, 481)
[0000][PE] mean and std.dev: (139.42, 71.04)
[0000][PE] low and high boundaries for proper pairs: (1, 615)
[0000][PE] analyzing insert size distribution for orientation FR...
[0000][PE] (25, 50, 75) percentile: (140, 185, 243)
[0000][PE] low and high boundaries for computing mean and std.dev: (1, 449)
[0000][PE] mean and std.dev: (195.18, 79.16)
[0000][PE] low and high boundaries for proper pairs: (1, 552)
[0000][PE] analyzing insert size distribution for orientation RF...
[0000][PE] (25, 50, 75) percentile: (80, 253, 525)
[0000][PE] low and high boundaries for computing mean and std.dev: (1, 1415)
[0000][PE] mean and std.dev: (309.11, 311.69)
[0000][PE] low and high boundaries for proper pairs: (1, 1860)
[0000][PE] analyzing insert size distribution for orientation RR...
[0000][PE] (25, 50, 75) percentile: (98, 112, 193)
[0000][PE] low and high boundaries for computing mean and std.dev: (1, 383)
[0000][PE] mean and std.dev: (127.28, 66.42)
[0000][PE] low and high boundaries for proper pairs: (1, 478)
[0000][PE] skip orientation FF
[0000][PE] skip orientation RF
[0000][PE] skip orientation RR
[0000] 3. Calling kt_for - worker_sam
	[0000][ M::mem_process_seqs] Processed 2905884 reads in 377.267 CPU sec, 10.343 real sec
[0000] read_chunk: 400000000, work_chunk_size: 400000275, nseq: 2905058
	[0000][ M::kt_pipeline] read 2905058 sequences (400000275 bp)...
[0000] Calling mem_process_seqs.., task: 7
[0000] 1. Calling kt_for - worker_bwt
[0000] 2. Calling kt_for - worker_aln
[0000] Inferring insert size distribution of PE reads from data, l_pac: 1342662642, n: 2905058
[0000][PE] # candidate unique pairs for (FF, FR, RF, RR): (39, 1057736, 56, 18)
[0000][PE] analyzing insert size distribution for orientation FF...
[0000][PE] (25, 50, 75) percentile: (95, 178, 273)
[0000][PE] low and high boundaries for computing mean and std.dev: (1, 629)
[0000][PE] mean and std.dev: (191.47, 111.92)
[0000][PE] low and high boundaries for proper pairs: (1, 807)
[0000][PE] analyzing insert size distribution for orientation FR...
[0000][PE] (25, 50, 75) percentile: (140, 185, 243)
[0000][PE] low and high boundaries for computing mean and std.dev: (1, 449)
[0000][PE] mean and std.dev: (195.29, 79.29)
[0000][PE] low and high boundaries for proper pairs: (1, 552)
[0000][PE] analyzing insert size distribution for orientation RF...
[0000][PE] (25, 50, 75) percentile: (54, 154, 433)
[0000][PE] low and high boundaries for computing mean and std.dev: (1, 1191)
[0000][PE] mean and std.dev: (236.69, 232.80)
[0000][PE] low and high boundaries for proper pairs: (1, 1570)
[0000][PE] analyzing insert size distribution for orientation RR...
[0000][PE] (25, 50, 75) percentile: (98, 167, 256)
[0000][PE] low and high boundaries for computing mean and std.dev: (1, 572)
[0000][PE] mean and std.dev: (186.00, 110.56)
[0000][PE] low and high boundaries for proper pairs: (1, 730)
[0000][PE] skip orientation FF
[0000][PE] skip orientation RF
[0000][PE] skip orientation RR
[0000] 3. Calling kt_for - worker_sam
[0000] read_chunk: 400000000, work_chunk_size: 400000229, nseq: 2906026
	[0000][ M::kt_pipeline] read 2906026 sequences (400000229 bp)...
	[0000][ M::mem_process_seqs] Processed 2905058 reads in 400.009 CPU sec, 10.698 real sec
[0000] Calling mem_process_seqs.., task: 8
[0000] 1. Calling kt_for - worker_bwt
[0000] 2. Calling kt_for - worker_aln
[0004] Re-allocating (doubling) seqBufRefs in mem_chain2aln_across_reads_V2 (right)
[0000] Inferring insert size distribution of PE reads from data, l_pac: 1342662642, n: 2906026
[0000][PE] # candidate unique pairs for (FF, FR, RF, RR): (38, 1063153, 44, 28)
[0000][PE] analyzing insert size distribution for orientation FF...
[0000][PE] (25, 50, 75) percentile: (104, 145, 228)
[0000][PE] low and high boundaries for computing mean and std.dev: (1, 476)
[0000][PE] mean and std.dev: (155.78, 81.68)
[0000][PE] low and high boundaries for proper pairs: (1, 600)
[0000][PE] analyzing insert size distribution for orientation FR...
[0000][PE] (25, 50, 75) percentile: (140, 184, 243)
[0000][PE] low and high boundaries for computing mean and std.dev: (1, 449)
[0000][PE] mean and std.dev: (195.14, 79.25)
[0000][PE] low and high boundaries for proper pairs: (1, 552)
[0000][PE] analyzing insert size distribution for orientation RF...
[0000][PE] (25, 50, 75) percentile: (94, 272, 741)
[0000][PE] low and high boundaries for computing mean and std.dev: (1, 2035)
[0000][PE] mean and std.dev: (323.85, 300.98)
[0000][PE] low and high boundaries for proper pairs: (1, 2682)
[0000][PE] analyzing insert size distribution for orientation RR...
[0000][PE] (25, 50, 75) percentile: (137, 172, 207)
[0000][PE] low and high boundaries for computing mean and std.dev: (1, 347)
[0000][PE] mean and std.dev: (151.76, 55.73)
[0000][PE] low and high boundaries for proper pairs: (1, 417)
[0000][PE] skip orientation FF
[0000][PE] skip orientation RF
[0000][PE] skip orientation RR
[0000] 3. Calling kt_for - worker_sam
	[0000][ M::mem_process_seqs] Processed 2906026 reads in 390.452 CPU sec, 11.089 real sec
[0000] read_chunk: 400000000, work_chunk_size: 400000196, nseq: 2905284
	[0000][ M::kt_pipeline] read 2905284 sequences (400000196 bp)...
[0000] Calling mem_process_seqs.., task: 9
[0000] 1. Calling kt_for - worker_bwt
[0000] 2. Calling kt_for - worker_aln
[0000] Inferring insert size distribution of PE reads from data, l_pac: 1342662642, n: 2905284
[0000][PE] # candidate unique pairs for (FF, FR, RF, RR): (21, 1061811, 62, 29)
[0000][PE] analyzing insert size distribution for orientation FF...
[0000][PE] (25, 50, 75) percentile: (96, 126, 170)
[0000][PE] low and high boundaries for computing mean and std.dev: (1, 318)
[0000][PE] mean and std.dev: (126.26, 53.16)
[0000][PE] low and high boundaries for proper pairs: (1, 392)
[0000][PE] analyzing insert size distribution for orientation FR...
[0000][PE] (25, 50, 75) percentile: (140, 184, 243)
[0000][PE] low and high boundaries for computing mean and std.dev: (1, 449)
[0000][PE] mean and std.dev: (195.23, 79.20)
[0000][PE] low and high boundaries for proper pairs: (1, 552)
[0000][PE] analyzing insert size distribution for orientation RF...
[0000][PE] (25, 50, 75) percentile: (97, 362, 712)
[0000][PE] low and high boundaries for computing mean and std.dev: (1, 1942)
[0000][PE] mean and std.dev: (398.37, 356.67)
[0000][PE] low and high boundaries for proper pairs: (1, 2557)
[0000][PE] analyzing insert size distribution for orientation RR...
[0000][PE] (25, 50, 75) percentile: (120, 150, 230)
[0000][PE] low and high boundaries for computing mean and std.dev: (1, 450)
[0000][PE] mean and std.dev: (152.96, 70.47)
[0000][PE] low and high boundaries for proper pairs: (1, 560)
[0000][PE] skip orientation FF
[0000][PE] skip orientation RF
[0000][PE] skip orientation RR
[0000] 3. Calling kt_for - worker_sam
[0000] read_chunk: 400000000, work_chunk_size: 343616383, nseq: 2496066
	[0000][ M::kt_pipeline] read 2496066 sequences (343616383 bp)...
	[0000][ M::mem_process_seqs] Processed 2905284 reads in 381.086 CPU sec, 10.265 real sec
[0000] Calling mem_process_seqs.., task: 10
[0000] 1. Calling kt_for - worker_bwt
[0000] 2. Calling kt_for - worker_aln
[0000] read_chunk: 400000000, work_chunk_size: 0, nseq: 0
[0000] Inferring insert size distribution of PE reads from data, l_pac: 1342662642, n: 2496066
[0000][PE] # candidate unique pairs for (FF, FR, RF, RR): (28, 907879, 43, 22)
[0000][PE] analyzing insert size distribution for orientation FF...
[0000][PE] (25, 50, 75) percentile: (105, 145, 241)
[0000][PE] low and high boundaries for computing mean and std.dev: (1, 513)
[0000][PE] mean and std.dev: (128.17, 56.62)
[0000][PE] low and high boundaries for proper pairs: (1, 649)
[0000][PE] analyzing insert size distribution for orientation FR...
[0000][PE] (25, 50, 75) percentile: (140, 184, 243)
[0000][PE] low and high boundaries for computing mean and std.dev: (1, 449)
[0000][PE] mean and std.dev: (195.15, 79.22)
[0000][PE] low and high boundaries for proper pairs: (1, 552)
[0000][PE] analyzing insert size distribution for orientation RF...
[0000][PE] (25, 50, 75) percentile: (97, 190, 465)
[0000][PE] low and high boundaries for computing mean and std.dev: (1, 1201)
[0000][PE] mean and std.dev: (254.51, 237.93)
[0000][PE] low and high boundaries for proper pairs: (1, 1569)
[0000][PE] analyzing insert size distribution for orientation RR...
[0000][PE] (25, 50, 75) percentile: (101, 135, 226)
[0000][PE] low and high boundaries for computing mean and std.dev: (1, 476)
[0000][PE] mean and std.dev: (170.57, 107.28)
[0000][PE] low and high boundaries for proper pairs: (1, 601)
[0000][PE] skip orientation FF
[0000][PE] skip orientation RF
[0000][PE] skip orientation RR
[0000] 3. Calling kt_for - worker_sam
	[0000][ M::mem_process_seqs] Processed 2496066 reads in 339.386 CPU sec, 9.547 real sec
[0000] read_chunk: 400000000, work_chunk_size: 0, nseq: 0
[0000] Computation ends..
No. of OMP threads: 40
Processor is running @2394.729096 MHz
Runtime profile:

	Time taken for main_mem function: 212.12 sec

	IO times (sec) :
	Reading IO time (reads) avg: 105.28, (105.28, 105.28)
	Writing IO time (SAM) avg: 30.66, (30.66, 30.66)
	Reading IO time (Reference Genome) avg: 1.77, (1.77, 1.77)
	Index read time avg: 0.28, (0.28, 0.28)

	Overall time (sec) (Excluding Index reading time):
	PROCESS() (Total compute time + (read + SAM) IO time) : 210.06
	MEM_PROCESS_SEQ() (Total compute time (Kernel + SAM)), avg: 115.90, (115.90, 115.90)

	 SAM Processing time (sec):
	--WORKER_SAM avg: 34.27, (34.27, 34.27)

	Kernels' compute time (sec):
	Total kernel (smem+sal+bsw) time avg: 78.35, (78.35, 78.35)
		MEM_ALN_CHAIN_FLT avg: 0.00, (0.00, 0.00)
		MEM_ALN_CHAIN_SEED avg: 0.00, (0.00, 0.00)
		ERT_SEED_CHAIN avg: 0.00, (0.00, 0.00)
	LEARNED_SEED_CHAIN avg: 31.77, (32.05, 31.59)
		SMEM compute avg: 0.00, (0.00, 0.00)
		SAL compute avg: 0.00, (0.00, 0.00)
				MEM_SA avg: 0.00, (0.00, 0.00)

		BSW time, avg: 43.18, (43.51, 42.59)

Important parameter settings: 
	BATCH_SIZE: 512
	MAX_SEQ_LEN_REF: 256
	MAX_SEQ_LEN_QER: 128
	MAX_SEQ_LEN8: 128
	SEEDS_PER_READ: 500
	SIMD_WIDTH8 X: 64
	SIMD_WIDTH16 X: 32
	AVG_SEEDS_PER_READ: 64
