Looking to launch executable "/opt/conda/bin/bwa-meme_mode3.avx512bw", simd = _mode3.avx512bw
Launching executable "/opt/conda/bin/bwa-meme_mode3.avx512bw"
-----------------------------
Executing in AVX512 mode!!
-----------------------------
* SA compression enabled with xfactor: 8
* Ref file: reference.genbank.Sor.fasta
* Entering FMI_search
Reading other elements of the index from files reference.genbank.Sor.fasta
* Index prefix: reference.genbank.Sor.fasta
* Read 0 ALT contigs
* Reading reference genome..
* Binary seq file = reference.genbank.Sor.fasta.0123
* Reference genome size: 2685325284 bp
* Done reading reference genome !!

------------------------------------------
1. Memory pre-allocation for Chaining: 5679.4903 MB
2. Memory pre-allocation for BSW: 9584.6810 MB
[M::memoryAllocLearned::MEME] Reading Learned-index models into memory
[Learned-Config] MODE:3 SEARCH_METHOD: 1 MEM_TRADEOFF:1 EXPONENTIAL_SMEMSEARCH: 1 DEBUG_MODE:0 Num 2nd Models:268435456 PWL Bits Used:28
[M::memoryAllocLearned::MEME] Loading RMI model and Pac reference file took 20.050 sec
[M::memoryAllocLearned::MEME] Reading suffix array into memory
[M::memoryAllocLearned::MEME] Loading pos_packed file took 31.077 sec
[M::memoryAllocLearned::MEME] Generating SA, 64-bit Suffix and ISA in memory
[M::memoryAllocLearned::MEME] Runtime-build-index took 29.253 sec
3. Memory pre-allocation for BWT: 14070.0171 MB
------------------------------------------
* Threads used (compute): 40
* No. of pipeline threads: 2

[0000] read_chunk: 400000000, work_chunk_size: 400000283, nseq: 3433446
	[0000][ M::kt_pipeline] read 3433446 sequences (400000283 bp)...
[0000] Reallocating initial memory allocations!!
[0000] Calling mem_process_seqs.., task: 0
[0000] 1. Calling kt_for - worker_bwt
[0000] 2. Calling kt_for - worker_aln
[0000] Inferring insert size distribution of PE reads from data, l_pac: 1342662642, n: 3433446
[0000][PE] # candidate unique pairs for (FF, FR, RF, RR): (15, 1248464, 34, 11)
[0000][PE] analyzing insert size distribution for orientation FF...
[0000][PE] (25, 50, 75) percentile: (99, 116, 527)
[0000][PE] low and high boundaries for computing mean and std.dev: (1, 1383)
[0000][PE] mean and std.dev: (235.14, 233.22)
[0000][PE] low and high boundaries for proper pairs: (1, 1811)
[0000][PE] analyzing insert size distribution for orientation FR...
[0000][PE] (25, 50, 75) percentile: (86, 130, 181)
[0000][PE] low and high boundaries for computing mean and std.dev: (1, 371)
[0000][PE] mean and std.dev: (138.93, 67.46)
[0000][PE] low and high boundaries for proper pairs: (1, 466)
[0000][PE] analyzing insert size distribution for orientation RF...
[0000][PE] (25, 50, 75) percentile: (102, 377, 782)
[0000][PE] low and high boundaries for computing mean and std.dev: (1, 2142)
[0000][PE] mean and std.dev: (469.47, 436.92)
[0000][PE] low and high boundaries for proper pairs: (1, 2822)
[0000][PE] analyzing insert size distribution for orientation RR...
[0000][PE] (25, 50, 75) percentile: (70, 105, 131)
[0000][PE] low and high boundaries for computing mean and std.dev: (1, 253)
[0000][PE] mean and std.dev: (94.40, 40.98)
[0000][PE] low and high boundaries for proper pairs: (1, 314)
[0000][PE] skip orientation FF
[0000][PE] skip orientation RF
[0000][PE] skip orientation RR
[0000] 3. Calling kt_for - worker_sam
[0000] read_chunk: 400000000, work_chunk_size: 400000117, nseq: 3436890
	[0000][ M::kt_pipeline] read 3436890 sequences (400000117 bp)...
	[0000][ M::mem_process_seqs] Processed 3433446 reads in 400.311 CPU sec, 10.802 real sec
[0000] Reallocating initial memory allocations!!
[0000] Calling mem_process_seqs.., task: 1
[0000] 1. Calling kt_for - worker_bwt
[0000] 2. Calling kt_for - worker_aln
[0000] Inferring insert size distribution of PE reads from data, l_pac: 1342662642, n: 3436890
[0000][PE] # candidate unique pairs for (FF, FR, RF, RR): (16, 1252882, 26, 21)
[0000][PE] analyzing insert size distribution for orientation FF...
[0000][PE] (25, 50, 75) percentile: (98, 138, 239)
[0000][PE] low and high boundaries for computing mean and std.dev: (1, 521)
[0000][PE] mean and std.dev: (151.60, 94.07)
[0000][PE] low and high boundaries for proper pairs: (1, 662)
[0000][PE] analyzing insert size distribution for orientation FR...
[0000][PE] (25, 50, 75) percentile: (85, 130, 181)
[0000][PE] low and high boundaries for computing mean and std.dev: (1, 373)
[0000][PE] mean and std.dev: (138.78, 67.71)
[0000][PE] low and high boundaries for proper pairs: (1, 469)
[0000][PE] analyzing insert size distribution for orientation RF...
[0000][PE] (25, 50, 75) percentile: (79, 138, 299)
[0000][PE] low and high boundaries for computing mean and std.dev: (1, 739)
[0000][PE] mean and std.dev: (165.20, 140.89)
[0000][PE] low and high boundaries for proper pairs: (1, 959)
[0000][PE] analyzing insert size distribution for orientation RR...
[0000][PE] (25, 50, 75) percentile: (89, 126, 254)
[0000][PE] low and high boundaries for computing mean and std.dev: (1, 584)
[0000][PE] mean and std.dev: (166.42, 140.05)
[0000][PE] low and high boundaries for proper pairs: (1, 749)
[0000][PE] skip orientation FF
[0000][PE] skip orientation RF
[0000][PE] skip orientation RR
[0000] 3. Calling kt_for - worker_sam
[0000] read_chunk: 400000000, work_chunk_size: 400000252, nseq: 3432602
	[0000][ M::mem_process_seqs] Processed 3436890 reads in 415.660 CPU sec, 11.225 real sec
	[0000][ M::kt_pipeline] read 3432602 sequences (400000252 bp)...
[0000] Calling mem_process_seqs.., task: 2
[0000] 1. Calling kt_for - worker_bwt
[0000] 2. Calling kt_for - worker_aln
[0000] Inferring insert size distribution of PE reads from data, l_pac: 1342662642, n: 3432602
[0000][PE] # candidate unique pairs for (FF, FR, RF, RR): (16, 1250158, 24, 17)
[0000][PE] analyzing insert size distribution for orientation FF...
[0000][PE] (25, 50, 75) percentile: (74, 98, 170)
[0000][PE] low and high boundaries for computing mean and std.dev: (1, 362)
[0000][PE] mean and std.dev: (114.13, 74.70)
[0000][PE] low and high boundaries for proper pairs: (1, 458)
[0000][PE] analyzing insert size distribution for orientation FR...
[0000][PE] (25, 50, 75) percentile: (86, 130, 181)
[0000][PE] low and high boundaries for computing mean and std.dev: (1, 371)
[0000][PE] mean and std.dev: (138.87, 67.54)
[0000][PE] low and high boundaries for proper pairs: (1, 466)
[0000][PE] analyzing insert size distribution for orientation RF...
[0000][PE] (25, 50, 75) percentile: (132, 292, 1546)
[0000][PE] low and high boundaries for computing mean and std.dev: (1, 4374)
[0000][PE] mean and std.dev: (401.60, 465.20)
[0000][PE] low and high boundaries for proper pairs: (1, 5788)
[0000][PE] analyzing insert size distribution for orientation RR...
[0000][PE] (25, 50, 75) percentile: (97, 117, 258)
[0000][PE] low and high boundaries for computing mean and std.dev: (1, 580)
[0000][PE] mean and std.dev: (150.38, 78.18)
[0000][PE] low and high boundaries for proper pairs: (1, 741)
[0000][PE] skip orientation FF
[0000][PE] skip orientation RF
[0000][PE] skip orientation RR
[0000] 3. Calling kt_for - worker_sam
	[0000][ M::mem_process_seqs] Processed 3432602 reads in 410.933 CPU sec, 11.332 real sec
[0000] read_chunk: 400000000, work_chunk_size: 400000141, nseq: 3430110
	[0000][ M::kt_pipeline] read 3430110 sequences (400000141 bp)...
[0000] Calling mem_process_seqs.., task: 3
[0000] 1. Calling kt_for - worker_bwt
[0000] 2. Calling kt_for - worker_aln
[0000] Inferring insert size distribution of PE reads from data, l_pac: 1342662642, n: 3430110
[0000][PE] # candidate unique pairs for (FF, FR, RF, RR): (16, 1242901, 22, 15)
[0000][PE] analyzing insert size distribution for orientation FF...
[0000][PE] (25, 50, 75) percentile: (106, 161, 314)
[0000][PE] low and high boundaries for computing mean and std.dev: (1, 730)
[0000][PE] mean and std.dev: (159.00, 87.49)
[0000][PE] low and high boundaries for proper pairs: (1, 938)
[0000][PE] analyzing insert size distribution for orientation FR...
[0000][PE] (25, 50, 75) percentile: (86, 130, 181)
[0000][PE] low and high boundaries for computing mean and std.dev: (1, 371)
[0000][PE] mean and std.dev: (138.74, 67.48)
[0000][PE] low and high boundaries for proper pairs: (1, 466)
[0000][PE] analyzing insert size distribution for orientation RF...
[0000][PE] (25, 50, 75) percentile: (146, 255, 555)
[0000][PE] low and high boundaries for computing mean and std.dev: (1, 1373)
[0000][PE] mean and std.dev: (342.71, 268.06)
[0000][PE] low and high boundaries for proper pairs: (1, 1782)
[0000][PE] analyzing insert size distribution for orientation RR...
[0000][PE] (25, 50, 75) percentile: (96, 118, 165)
[0000][PE] low and high boundaries for computing mean and std.dev: (1, 303)
[0000][PE] mean and std.dev: (106.54, 44.84)
[0000][PE] low and high boundaries for proper pairs: (1, 372)
[0000][PE] skip orientation FF
[0000][PE] skip orientation RF
[0000][PE] skip orientation RR
[0000] 3. Calling kt_for - worker_sam
[0000] read_chunk: 400000000, work_chunk_size: 400000190, nseq: 3432780
	[0000][ M::kt_pipeline] read 3432780 sequences (400000190 bp)...
	[0000][ M::mem_process_seqs] Processed 3430110 reads in 431.890 CPU sec, 11.516 real sec
[0000] Calling mem_process_seqs.., task: 4
[0000] 1. Calling kt_for - worker_bwt
[0000] 2. Calling kt_for - worker_aln
[0000] Inferring insert size distribution of PE reads from data, l_pac: 1342662642, n: 3432780
[0000][PE] # candidate unique pairs for (FF, FR, RF, RR): (17, 1251561, 20, 20)
[0000][PE] analyzing insert size distribution for orientation FF...
[0000][PE] (25, 50, 75) percentile: (68, 96, 150)
[0000][PE] low and high boundaries for computing mean and std.dev: (1, 314)
[0000][PE] mean and std.dev: (100.56, 63.69)
[0000][PE] low and high boundaries for proper pairs: (1, 396)
[0000][PE] analyzing insert size distribution for orientation FR...
[0000][PE] (25, 50, 75) percentile: (86, 130, 181)
[0000][PE] low and high boundaries for computing mean and std.dev: (1, 371)
[0000][PE] mean and std.dev: (138.92, 67.50)
[0000][PE] low and high boundaries for proper pairs: (1, 466)
[0000][PE] analyzing insert size distribution for orientation RF...
[0000][PE] (25, 50, 75) percentile: (214, 424, 773)
[0000][PE] low and high boundaries for computing mean and std.dev: (1, 1891)
[0000][PE] mean and std.dev: (315.50, 216.05)
[0000][PE] low and high boundaries for proper pairs: (1, 2450)
[0000][PE] analyzing insert size distribution for orientation RR...
[0000][PE] (25, 50, 75) percentile: (90, 168, 274)
[0000][PE] low and high boundaries for computing mean and std.dev: (1, 642)
[0000][PE] mean and std.dev: (178.22, 142.63)
[0000][PE] low and high boundaries for proper pairs: (1, 826)
[0000][PE] skip orientation FF
[0000][PE] skip orientation RF
[0000][PE] skip orientation RR
[0000] 3. Calling kt_for - worker_sam
	[0000][ M::mem_process_seqs] Processed 3432780 reads in 415.076 CPU sec, 11.292 real sec
[0000] read_chunk: 400000000, work_chunk_size: 400000103, nseq: 3434630
	[0000][ M::kt_pipeline] read 3434630 sequences (400000103 bp)...
[0000] Calling mem_process_seqs.., task: 5
[0000] 1. Calling kt_for - worker_bwt
[0000] 2. Calling kt_for - worker_aln
[0000] read_chunk: 400000000, work_chunk_size: 126210564, nseq: 1081998
	[0000][ M::kt_pipeline] read 1081998 sequences (126210564 bp)...
[0000] Inferring insert size distribution of PE reads from data, l_pac: 1342662642, n: 3434630
[0000][PE] # candidate unique pairs for (FF, FR, RF, RR): (20, 1252508, 31, 18)
[0000][PE] analyzing insert size distribution for orientation FF...
[0000][PE] (25, 50, 75) percentile: (90, 139, 164)
[0000][PE] low and high boundaries for computing mean and std.dev: (1, 312)
[0000][PE] mean and std.dev: (142.55, 72.68)
[0000][PE] low and high boundaries for proper pairs: (1, 433)
[0000][PE] analyzing insert size distribution for orientation FR...
[0000][PE] (25, 50, 75) percentile: (86, 130, 181)
[0000][PE] low and high boundaries for computing mean and std.dev: (1, 371)
[0000][PE] mean and std.dev: (138.83, 67.47)
[0000][PE] low and high boundaries for proper pairs: (1, 466)
[0000][PE] analyzing insert size distribution for orientation RF...
[0000][PE] (25, 50, 75) percentile: (148, 314, 1158)
[0000][PE] low and high boundaries for computing mean and std.dev: (1, 3178)
[0000][PE] mean and std.dev: (596.32, 820.07)
[0000][PE] low and high boundaries for proper pairs: (1, 4188)
[0000][PE] analyzing insert size distribution for orientation RR...
[0000][PE] (25, 50, 75) percentile: (82, 124, 209)
[0000][PE] low and high boundaries for computing mean and std.dev: (1, 463)
[0000][PE] mean and std.dev: (125.44, 67.38)
[0000][PE] low and high boundaries for proper pairs: (1, 590)
[0000][PE] skip orientation FF
[0000][PE] skip orientation RF
[0000][PE] skip orientation RR
[0000] 3. Calling kt_for - worker_sam
	[0000][ M::mem_process_seqs] Processed 3434630 reads in 406.509 CPU sec, 11.534 real sec
[0000] Calling mem_process_seqs.., task: 6
[0000] 1. Calling kt_for - worker_bwt
[0000] 2. Calling kt_for - worker_aln
[0000] Inferring insert size distribution of PE reads from data, l_pac: 1342662642, n: 1081998
[0000][PE] # candidate unique pairs for (FF, FR, RF, RR): (4, 393104, 8, 4)
[0000][PE] skip orientation FF as there are not enough pairs
[0000][PE] analyzing insert size distribution for orientation FR...
[0000][PE] (25, 50, 75) percentile: (86, 131, 181)
[0000][PE] low and high boundaries for computing mean and std.dev: (1, 371)
[0000][PE] mean and std.dev: (139.17, 67.60)
[0000][PE] low and high boundaries for proper pairs: (1, 466)
[0000][PE] skip orientation RF as there are not enough pairs
[0000][PE] skip orientation RR as there are not enough pairs
[0000] 3. Calling kt_for - worker_sam
[0000] read_chunk: 400000000, work_chunk_size: 0, nseq: 0
	[0000][ M::mem_process_seqs] Processed 1081998 reads in 133.521 CPU sec, 4.205 real sec
[0000] read_chunk: 400000000, work_chunk_size: 0, nseq: 0
[0000] Computation ends..
No. of OMP threads: 40
Processor is running @2394.735892 MHz
Runtime profile:

	Time taken for main_mem function: 160.06 sec

	IO times (sec) :
	Reading IO time (reads) avg: 63.96, (63.96, 63.96)
	Writing IO time (SAM) avg: 20.38, (20.38, 20.38)
	Reading IO time (Reference Genome) avg: 1.82, (1.82, 1.82)
	Index read time avg: 0.28, (0.28, 0.28)

	Overall time (sec) (Excluding Index reading time):
	PROCESS() (Total compute time + (read + SAM) IO time) : 157.95
	MEM_PROCESS_SEQ() (Total compute time (Kernel + SAM)), avg: 71.90, (71.90, 71.90)

	 SAM Processing time (sec):
	--WORKER_SAM avg: 20.14, (20.14, 20.14)

	Kernels' compute time (sec):
	Total kernel (smem+sal+bsw) time avg: 49.46, (49.46, 49.46)
		MEM_ALN_CHAIN_FLT avg: 0.00, (0.00, 0.00)
		MEM_ALN_CHAIN_SEED avg: 0.00, (0.00, 0.00)
		ERT_SEED_CHAIN avg: 0.00, (0.00, 0.00)
	LEARNED_SEED_CHAIN avg: 20.99, (21.20, 20.81)
		SMEM compute avg: 0.00, (0.00, 0.00)
		SAL compute avg: 0.00, (0.00, 0.00)
				MEM_SA avg: 0.00, (0.00, 0.00)

		BSW time, avg: 25.89, (26.14, 25.67)

Important parameter settings: 
	BATCH_SIZE: 512
	MAX_SEQ_LEN_REF: 256
	MAX_SEQ_LEN_QER: 128
	MAX_SEQ_LEN8: 128
	SEEDS_PER_READ: 500
	SIMD_WIDTH8 X: 64
	SIMD_WIDTH16 X: 32
	AVG_SEEDS_PER_READ: 64
