Looking to launch executable "/opt/conda/bin/bwa-meme_mode3.avx512bw", simd = _mode3.avx512bw
Launching executable "/opt/conda/bin/bwa-meme_mode3.avx512bw"
-----------------------------
Executing in AVX512 mode!!
-----------------------------
* SA compression enabled with xfactor: 8
* Ref file: reference.genbank.Sor.fasta
* Entering FMI_search
Reading other elements of the index from files reference.genbank.Sor.fasta
* Index prefix: reference.genbank.Sor.fasta
* Read 0 ALT contigs
* Reading reference genome..
* Binary seq file = reference.genbank.Sor.fasta.0123
* Reference genome size: 2685325284 bp
* Done reading reference genome !!

------------------------------------------
1. Memory pre-allocation for Chaining: 5679.4903 MB
2. Memory pre-allocation for BSW: 9584.6810 MB
[M::memoryAllocLearned::MEME] Reading Learned-index models into memory
[Learned-Config] MODE:3 SEARCH_METHOD: 1 MEM_TRADEOFF:1 EXPONENTIAL_SMEMSEARCH: 1 DEBUG_MODE:0 Num 2nd Models:268435456 PWL Bits Used:28
[M::memoryAllocLearned::MEME] Loading RMI model and Pac reference file took 16.104 sec
[M::memoryAllocLearned::MEME] Reading suffix array into memory
[M::memoryAllocLearned::MEME] Loading pos_packed file took 26.266 sec
[M::memoryAllocLearned::MEME] Generating SA, 64-bit Suffix and ISA in memory
[M::memoryAllocLearned::MEME] Runtime-build-index took 29.880 sec
3. Memory pre-allocation for BWT: 14070.0171 MB
------------------------------------------
* Threads used (compute): 40
* No. of pipeline threads: 2

[0000] read_chunk: 400000000, work_chunk_size: 400000022, nseq: 3344488
	[0000][ M::kt_pipeline] read 3344488 sequences (400000022 bp)...
[0000] Reallocating initial memory allocations!!
[0000] Calling mem_process_seqs.., task: 0
[0000] 1. Calling kt_for - worker_bwt
[0000] 2. Calling kt_for - worker_aln
[0000] Inferring insert size distribution of PE reads from data, l_pac: 1342662642, n: 3344488
[0000][PE] # candidate unique pairs for (FF, FR, RF, RR): (30, 1212179, 30, 19)
[0000][PE] analyzing insert size distribution for orientation FF...
[0000][PE] (25, 50, 75) percentile: (74, 139, 198)
[0000][PE] low and high boundaries for computing mean and std.dev: (1, 446)
[0000][PE] mean and std.dev: (141.93, 109.95)
[0000][PE] low and high boundaries for proper pairs: (1, 582)
[0000][PE] analyzing insert size distribution for orientation FR...
[0000][PE] (25, 50, 75) percentile: (93, 135, 185)
[0000][PE] low and high boundaries for computing mean and std.dev: (1, 369)
[0000][PE] mean and std.dev: (143.83, 66.94)
[0000][PE] low and high boundaries for proper pairs: (1, 461)
[0000][PE] analyzing insert size distribution for orientation RF...
[0000][PE] (25, 50, 75) percentile: (42, 251, 513)
[0000][PE] low and high boundaries for computing mean and std.dev: (1, 1455)
[0000][PE] mean and std.dev: (296.75, 269.91)
[0000][PE] low and high boundaries for proper pairs: (1, 1926)
[0000][PE] analyzing insert size distribution for orientation RR...
[0000][PE] (25, 50, 75) percentile: (97, 195, 392)
[0000][PE] low and high boundaries for computing mean and std.dev: (1, 982)
[0000][PE] mean and std.dev: (167.47, 105.49)
[0000][PE] low and high boundaries for proper pairs: (1, 1277)
[0000][PE] skip orientation FF
[0000][PE] skip orientation RF
[0000][PE] skip orientation RR
[0000] 3. Calling kt_for - worker_sam
[0000] read_chunk: 400000000, work_chunk_size: 400000041, nseq: 3345132
	[0000][ M::kt_pipeline] read 3345132 sequences (400000041 bp)...
	[0000][ M::mem_process_seqs] Processed 3344488 reads in 389.048 CPU sec, 10.518 real sec
[0000] Reallocating initial memory allocations!!
[0000] Calling mem_process_seqs.., task: 1
[0000] 1. Calling kt_for - worker_bwt
[0000] 2. Calling kt_for - worker_aln
[0000] Inferring insert size distribution of PE reads from data, l_pac: 1342662642, n: 3345132
[0000][PE] # candidate unique pairs for (FF, FR, RF, RR): (31, 1213113, 27, 26)
[0000][PE] analyzing insert size distribution for orientation FF...
[0000][PE] (25, 50, 75) percentile: (123, 176, 290)
[0000][PE] low and high boundaries for computing mean and std.dev: (1, 624)
[0000][PE] mean and std.dev: (193.26, 141.60)
[0000][PE] low and high boundaries for proper pairs: (1, 791)
[0000][PE] analyzing insert size distribution for orientation FR...
[0000][PE] (25, 50, 75) percentile: (92, 135, 185)
[0000][PE] low and high boundaries for computing mean and std.dev: (1, 371)
[0000][PE] mean and std.dev: (143.87, 67.08)
[0000][PE] low and high boundaries for proper pairs: (1, 464)
[0000][PE] analyzing insert size distribution for orientation RF...
[0000][PE] (25, 50, 75) percentile: (168, 308, 595)
[0000][PE] low and high boundaries for computing mean and std.dev: (1, 1449)
[0000][PE] mean and std.dev: (384.85, 286.64)
[0000][PE] low and high boundaries for proper pairs: (1, 1876)
[0000][PE] analyzing insert size distribution for orientation RR...
[0000][PE] (25, 50, 75) percentile: (79, 172, 264)
[0000][PE] low and high boundaries for computing mean and std.dev: (1, 634)
[0000][PE] mean and std.dev: (154.95, 90.18)
[0000][PE] low and high boundaries for proper pairs: (1, 819)
[0000][PE] skip orientation FF
[0000][PE] skip orientation RF
[0000][PE] skip orientation RR
[0000] 3. Calling kt_for - worker_sam
	[0000][ M::mem_process_seqs] Processed 3345132 reads in 391.655 CPU sec, 10.619 real sec
[0000] read_chunk: 400000000, work_chunk_size: 400000100, nseq: 3339044
	[0000][ M::kt_pipeline] read 3339044 sequences (400000100 bp)...
[0000] Calling mem_process_seqs.., task: 2
[0000] 1. Calling kt_for - worker_bwt
[0000] 2. Calling kt_for - worker_aln
[0000] Inferring insert size distribution of PE reads from data, l_pac: 1342662642, n: 3339044
[0000][PE] # candidate unique pairs for (FF, FR, RF, RR): (31, 1204026, 34, 38)
[0000][PE] analyzing insert size distribution for orientation FF...
[0000][PE] (25, 50, 75) percentile: (106, 154, 276)
[0000][PE] low and high boundaries for computing mean and std.dev: (1, 616)
[0000][PE] mean and std.dev: (190.93, 139.52)
[0000][PE] low and high boundaries for proper pairs: (1, 786)
[0000][PE] analyzing insert size distribution for orientation FR...
[0000][PE] (25, 50, 75) percentile: (93, 135, 185)
[0000][PE] low and high boundaries for computing mean and std.dev: (1, 369)
[0000][PE] mean and std.dev: (143.85, 66.90)
[0000][PE] low and high boundaries for proper pairs: (1, 461)
[0000][PE] analyzing insert size distribution for orientation RF...
[0000][PE] (25, 50, 75) percentile: (108, 274, 585)
[0000][PE] low and high boundaries for computing mean and std.dev: (1, 1539)
[0000][PE] mean and std.dev: (297.40, 290.71)
[0000][PE] low and high boundaries for proper pairs: (1, 2016)
[0000][PE] analyzing insert size distribution for orientation RR...
[0000][PE] (25, 50, 75) percentile: (96, 136, 169)
[0000][PE] low and high boundaries for computing mean and std.dev: (1, 315)
[0000][PE] mean and std.dev: (115.58, 43.98)
[0000][PE] low and high boundaries for proper pairs: (1, 388)
[0000][PE] skip orientation FF
[0000][PE] skip orientation RF
[0000][PE] skip orientation RR
[0000] 3. Calling kt_for - worker_sam
	[0000][ M::mem_process_seqs] Processed 3339044 reads in 416.751 CPU sec, 11.379 real sec
[0000] read_chunk: 400000000, work_chunk_size: 400000230, nseq: 3344564
	[0000][ M::kt_pipeline] read 3344564 sequences (400000230 bp)...
[0000] Calling mem_process_seqs.., task: 3
[0000] 1. Calling kt_for - worker_bwt
[0000] 2. Calling kt_for - worker_aln
[0000] Inferring insert size distribution of PE reads from data, l_pac: 1342662642, n: 3344564
[0000][PE] # candidate unique pairs for (FF, FR, RF, RR): (39, 1215410, 19, 41)
[0000][PE] analyzing insert size distribution for orientation FF...
[0000][PE] (25, 50, 75) percentile: (110, 190, 354)
[0000][PE] low and high boundaries for computing mean and std.dev: (1, 842)
[0000][PE] mean and std.dev: (214.14, 152.13)
[0000][PE] low and high boundaries for proper pairs: (1, 1086)
[0000][PE] analyzing insert size distribution for orientation FR...
[0000][PE] (25, 50, 75) percentile: (93, 135, 185)
[0000][PE] low and high boundaries for computing mean and std.dev: (1, 369)
[0000][PE] mean and std.dev: (143.79, 66.88)
[0000][PE] low and high boundaries for proper pairs: (1, 461)
[0000][PE] analyzing insert size distribution for orientation RF...
[0000][PE] (25, 50, 75) percentile: (159, 244, 1118)
[0000][PE] low and high boundaries for computing mean and std.dev: (1, 3036)
[0000][PE] mean and std.dev: (539.39, 560.12)
[0000][PE] low and high boundaries for proper pairs: (1, 3995)
[0000][PE] analyzing insert size distribution for orientation RR...
[0000][PE] (25, 50, 75) percentile: (97, 158, 311)
[0000][PE] low and high boundaries for computing mean and std.dev: (1, 739)
[0000][PE] mean and std.dev: (211.76, 188.55)
[0000][PE] low and high boundaries for proper pairs: (1, 966)
[0000][PE] skip orientation FF
[0000][PE] skip orientation RF
[0000][PE] skip orientation RR
[0000] 3. Calling kt_for - worker_sam
	[0000][ M::mem_process_seqs] Processed 3344564 reads in 397.634 CPU sec, 10.962 real sec
[0000] read_chunk: 400000000, work_chunk_size: 325367670, nseq: 2719960
	[0000][ M::kt_pipeline] read 2719960 sequences (325367670 bp)...
[0000] Calling mem_process_seqs.., task: 4
[0000] 1. Calling kt_for - worker_bwt
[0000] 2. Calling kt_for - worker_aln
[0000] read_chunk: 400000000, work_chunk_size: 0, nseq: 0
[0000] Inferring insert size distribution of PE reads from data, l_pac: 1342662642, n: 2719960
[0000][PE] # candidate unique pairs for (FF, FR, RF, RR): (29, 986745, 22, 25)
[0000][PE] analyzing insert size distribution for orientation FF...
[0000][PE] (25, 50, 75) percentile: (82, 154, 217)
[0000][PE] low and high boundaries for computing mean and std.dev: (1, 487)
[0000][PE] mean and std.dev: (154.82, 99.75)
[0000][PE] low and high boundaries for proper pairs: (1, 622)
[0000][PE] analyzing insert size distribution for orientation FR...
[0000][PE] (25, 50, 75) percentile: (93, 135, 186)
[0000][PE] low and high boundaries for computing mean and std.dev: (1, 372)
[0000][PE] mean and std.dev: (144.08, 67.23)
[0000][PE] low and high boundaries for proper pairs: (1, 465)
[0000][PE] analyzing insert size distribution for orientation RF...
[0000][PE] (25, 50, 75) percentile: (86, 224, 514)
[0000][PE] low and high boundaries for computing mean and std.dev: (1, 1370)
[0000][PE] mean and std.dev: (263.90, 246.04)
[0000][PE] low and high boundaries for proper pairs: (1, 1798)
[0000][PE] analyzing insert size distribution for orientation RR...
[0000][PE] (25, 50, 75) percentile: (93, 128, 321)
[0000][PE] low and high boundaries for computing mean and std.dev: (1, 777)
[0000][PE] mean and std.dev: (195.38, 172.36)
[0000][PE] low and high boundaries for proper pairs: (1, 1005)
[0000][PE] skip orientation FF
[0000][PE] skip orientation RF
[0000][PE] skip orientation RR
[0000] 3. Calling kt_for - worker_sam
	[0000][ M::mem_process_seqs] Processed 2719960 reads in 317.127 CPU sec, 8.948 real sec
[0000] read_chunk: 400000000, work_chunk_size: 0, nseq: 0
[0000] Computation ends..
No. of OMP threads: 40
Processor is running @2394.697438 MHz
Runtime profile:

	Time taken for main_mem function: 138.21 sec

	IO times (sec) :
	Reading IO time (reads) avg: 50.25, (50.25, 50.25)
	Writing IO time (SAM) avg: 14.75, (14.75, 14.75)
	Reading IO time (Reference Genome) avg: 2.11, (2.11, 2.11)
	Index read time avg: 0.28, (0.28, 0.28)

	Overall time (sec) (Excluding Index reading time):
	PROCESS() (Total compute time + (read + SAM) IO time) : 135.79
	MEM_PROCESS_SEQ() (Total compute time (Kernel + SAM)), avg: 52.42, (52.42, 52.42)

	 SAM Processing time (sec):
	--WORKER_SAM avg: 14.04, (14.04, 14.04)

	Kernels' compute time (sec):
	Total kernel (smem+sal+bsw) time avg: 36.67, (36.67, 36.67)
		MEM_ALN_CHAIN_FLT avg: 0.00, (0.00, 0.00)
		MEM_ALN_CHAIN_SEED avg: 0.00, (0.00, 0.00)
		ERT_SEED_CHAIN avg: 0.00, (0.00, 0.00)
	LEARNED_SEED_CHAIN avg: 15.87, (16.04, 15.78)
		SMEM compute avg: 0.00, (0.00, 0.00)
		SAL compute avg: 0.00, (0.00, 0.00)
				MEM_SA avg: 0.00, (0.00, 0.00)

		BSW time, avg: 18.87, (19.19, 18.60)

Important parameter settings: 
	BATCH_SIZE: 512
	MAX_SEQ_LEN_REF: 256
	MAX_SEQ_LEN_QER: 128
	MAX_SEQ_LEN8: 128
	SEEDS_PER_READ: 500
	SIMD_WIDTH8 X: 64
	SIMD_WIDTH16 X: 32
	AVG_SEEDS_PER_READ: 64
