Looking to launch executable "/opt/conda/bin/bwa-meme_mode3.avx512bw", simd = _mode3.avx512bw
Launching executable "/opt/conda/bin/bwa-meme_mode3.avx512bw"
-----------------------------
Executing in AVX512 mode!!
-----------------------------
* SA compression enabled with xfactor: 8
* Ref file: reference.genbank.Sor.fasta
* Entering FMI_search
Reading other elements of the index from files reference.genbank.Sor.fasta
* Index prefix: reference.genbank.Sor.fasta
* Read 0 ALT contigs
* Reading reference genome..
* Binary seq file = reference.genbank.Sor.fasta.0123
* Reference genome size: 2685325284 bp
* Done reading reference genome !!

------------------------------------------
1. Memory pre-allocation for Chaining: 5679.4903 MB
2. Memory pre-allocation for BSW: 9584.6810 MB
[M::memoryAllocLearned::MEME] Reading Learned-index models into memory
[Learned-Config] MODE:3 SEARCH_METHOD: 1 MEM_TRADEOFF:1 EXPONENTIAL_SMEMSEARCH: 1 DEBUG_MODE:0 Num 2nd Models:268435456 PWL Bits Used:28
[M::memoryAllocLearned::MEME] Loading RMI model and Pac reference file took 15.915 sec
[M::memoryAllocLearned::MEME] Reading suffix array into memory
[M::memoryAllocLearned::MEME] Loading pos_packed file took 25.959 sec
[M::memoryAllocLearned::MEME] Generating SA, 64-bit Suffix and ISA in memory
[M::memoryAllocLearned::MEME] Runtime-build-index took 29.844 sec
3. Memory pre-allocation for BWT: 14070.0171 MB
------------------------------------------
* Threads used (compute): 40
* No. of pipeline threads: 2

[0000] read_chunk: 400000000, work_chunk_size: 400000123, nseq: 3683900
	[0000][ M::kt_pipeline] read 3683900 sequences (400000123 bp)...
[0000] Reallocating initial memory allocations!!
[0000] Calling mem_process_seqs.., task: 0
[0000] 1. Calling kt_for - worker_bwt
[0000] 2. Calling kt_for - worker_aln
[0000] Inferring insert size distribution of PE reads from data, l_pac: 1342662642, n: 3683900
[0000][PE] # candidate unique pairs for (FF, FR, RF, RR): (51, 1329468, 15, 45)
[0000][PE] analyzing insert size distribution for orientation FF...
[0000][PE] (25, 50, 75) percentile: (54, 95, 134)
[0000][PE] low and high boundaries for computing mean and std.dev: (1, 294)
[0000][PE] mean and std.dev: (88.98, 53.54)
[0000][PE] low and high boundaries for proper pairs: (1, 374)
[0000][PE] analyzing insert size distribution for orientation FR...
[0000][PE] (25, 50, 75) percentile: (80, 110, 150)
[0000][PE] low and high boundaries for computing mean and std.dev: (1, 290)
[0000][PE] mean and std.dev: (118.34, 51.00)
[0000][PE] low and high boundaries for proper pairs: (1, 360)
[0000][PE] analyzing insert size distribution for orientation RF...
[0000][PE] (25, 50, 75) percentile: (126, 430, 806)
[0000][PE] low and high boundaries for computing mean and std.dev: (1, 2166)
[0000][PE] mean and std.dev: (552.60, 530.86)
[0000][PE] low and high boundaries for proper pairs: (1, 2846)
[0000][PE] analyzing insert size distribution for orientation RR...
[0000][PE] (25, 50, 75) percentile: (51, 76, 124)
[0000][PE] low and high boundaries for computing mean and std.dev: (1, 270)
[0000][PE] mean and std.dev: (86.98, 58.10)
[0000][PE] low and high boundaries for proper pairs: (1, 343)
[0000][PE] skip orientation FF
[0000][PE] skip orientation RF
[0000][PE] skip orientation RR
[0000] 3. Calling kt_for - worker_sam
[0000] read_chunk: 400000000, work_chunk_size: 400000114, nseq: 3680168
	[0000][ M::kt_pipeline] read 3680168 sequences (400000114 bp)...
	[0000][ M::mem_process_seqs] Processed 3683900 reads in 381.914 CPU sec, 10.260 real sec
[0000] Calling mem_process_seqs.., task: 1
[0000] 1. Calling kt_for - worker_bwt
[0000] 2. Calling kt_for - worker_aln
[0000] Inferring insert size distribution of PE reads from data, l_pac: 1342662642, n: 3680168
[0000][PE] # candidate unique pairs for (FF, FR, RF, RR): (47, 1328359, 15, 36)
[0000][PE] analyzing insert size distribution for orientation FF...
[0000][PE] (25, 50, 75) percentile: (55, 87, 132)
[0000][PE] low and high boundaries for computing mean and std.dev: (1, 286)
[0000][PE] mean and std.dev: (88.27, 43.89)
[0000][PE] low and high boundaries for proper pairs: (1, 363)
[0000][PE] analyzing insert size distribution for orientation FR...
[0000][PE] (25, 50, 75) percentile: (80, 110, 151)
[0000][PE] low and high boundaries for computing mean and std.dev: (1, 293)
[0000][PE] mean and std.dev: (118.60, 51.26)
[0000][PE] low and high boundaries for proper pairs: (1, 364)
[0000][PE] analyzing insert size distribution for orientation RF...
[0000][PE] (25, 50, 75) percentile: (98, 335, 900)
[0000][PE] low and high boundaries for computing mean and std.dev: (1, 2504)
[0000][PE] mean and std.dev: (570.14, 731.01)
[0000][PE] low and high boundaries for proper pairs: (1, 3494)
[0000][PE] analyzing insert size distribution for orientation RR...
[0000][PE] (25, 50, 75) percentile: (71, 113, 148)
[0000][PE] low and high boundaries for computing mean and std.dev: (1, 302)
[0000][PE] mean and std.dev: (100.52, 47.49)
[0000][PE] low and high boundaries for proper pairs: (1, 379)
[0000][PE] skip orientation FF
[0000][PE] skip orientation RF
[0000][PE] skip orientation RR
[0000] 3. Calling kt_for - worker_sam
[0000] read_chunk: 400000000, work_chunk_size: 125397144, nseq: 1154938
	[0000][ M::kt_pipeline] read 1154938 sequences (125397144 bp)...
	[0000][ M::mem_process_seqs] Processed 3680168 reads in 394.022 CPU sec, 10.831 real sec
[0000] Calling mem_process_seqs.., task: 2
[0000] 1. Calling kt_for - worker_bwt
[0000] 2. Calling kt_for - worker_aln
[0000] Inferring insert size distribution of PE reads from data, l_pac: 1342662642, n: 1154938
[0000][PE] # candidate unique pairs for (FF, FR, RF, RR): (8, 417306, 8, 7)
[0000][PE] skip orientation FF as there are not enough pairs
[0000][PE] analyzing insert size distribution for orientation FR...
[0000][PE] (25, 50, 75) percentile: (80, 110, 151)
[0000][PE] low and high boundaries for computing mean and std.dev: (1, 293)
[0000][PE] mean and std.dev: (118.58, 51.26)
[0000][PE] low and high boundaries for proper pairs: (1, 364)
[0000][PE] skip orientation RF as there are not enough pairs
[0000][PE] skip orientation RR as there are not enough pairs
[0000] 3. Calling kt_for - worker_sam
	[0000][ M::mem_process_seqs] Processed 1154938 reads in 124.347 CPU sec, 3.985 real sec
[0000] read_chunk: 400000000, work_chunk_size: 0, nseq: 0
[0000] read_chunk: 400000000, work_chunk_size: 0, nseq: 0
[0000] Computation ends..
No. of OMP threads: 40
Processor is running @2394.729818 MHz
Runtime profile:

	Time taken for main_mem function: 105.21 sec

	IO times (sec) :
	Reading IO time (reads) avg: 25.10, (25.10, 25.10)
	Writing IO time (SAM) avg: 10.59, (10.59, 10.59)
	Reading IO time (Reference Genome) avg: 2.04, (2.04, 2.04)
	Index read time avg: 0.28, (0.28, 0.28)

	Overall time (sec) (Excluding Index reading time):
	PROCESS() (Total compute time + (read + SAM) IO time) : 102.87
	MEM_PROCESS_SEQ() (Total compute time (Kernel + SAM)), avg: 25.07, (25.07, 25.07)

	 SAM Processing time (sec):
	--WORKER_SAM avg: 6.18, (6.18, 6.18)

	Kernels' compute time (sec):
	Total kernel (smem+sal+bsw) time avg: 17.98, (17.98, 17.98)
		MEM_ALN_CHAIN_FLT avg: 0.00, (0.00, 0.00)
		MEM_ALN_CHAIN_SEED avg: 0.00, (0.00, 0.00)
		ERT_SEED_CHAIN avg: 0.00, (0.00, 0.00)
	LEARNED_SEED_CHAIN avg: 7.96, (8.11, 7.92)
		SMEM compute avg: 0.00, (0.00, 0.00)
		SAL compute avg: 0.00, (0.00, 0.00)
				MEM_SA avg: 0.00, (0.00, 0.00)

		BSW time, avg: 9.06, (9.18, 8.92)

Important parameter settings: 
	BATCH_SIZE: 512
	MAX_SEQ_LEN_REF: 256
	MAX_SEQ_LEN_QER: 128
	MAX_SEQ_LEN8: 128
	SEEDS_PER_READ: 500
	SIMD_WIDTH8 X: 64
	SIMD_WIDTH16 X: 32
	AVG_SEEDS_PER_READ: 64
