Looking to launch executable "/opt/conda/bin/bwa-meme_mode3.avx512bw", simd = _mode3.avx512bw
Launching executable "/opt/conda/bin/bwa-meme_mode3.avx512bw"
-----------------------------
Executing in AVX512 mode!!
-----------------------------
* SA compression enabled with xfactor: 8
* Ref file: reference.genbank.Sor.fasta
* Entering FMI_search
Reading other elements of the index from files reference.genbank.Sor.fasta
* Index prefix: reference.genbank.Sor.fasta
* Read 0 ALT contigs
* Reading reference genome..
* Binary seq file = reference.genbank.Sor.fasta.0123
* Reference genome size: 2685325284 bp
* Done reading reference genome !!

------------------------------------------
1. Memory pre-allocation for Chaining: 5679.4903 MB
2. Memory pre-allocation for BSW: 9584.6810 MB
[M::memoryAllocLearned::MEME] Reading Learned-index models into memory
[Learned-Config] MODE:3 SEARCH_METHOD: 1 MEM_TRADEOFF:1 EXPONENTIAL_SMEMSEARCH: 1 DEBUG_MODE:0 Num 2nd Models:268435456 PWL Bits Used:28
[M::memoryAllocLearned::MEME] Loading RMI model and Pac reference file took 19.387 sec
[M::memoryAllocLearned::MEME] Reading suffix array into memory
[M::memoryAllocLearned::MEME] Loading pos_packed file took 30.301 sec
[M::memoryAllocLearned::MEME] Generating SA, 64-bit Suffix and ISA in memory
[M::memoryAllocLearned::MEME] Runtime-build-index took 28.625 sec
3. Memory pre-allocation for BWT: 14070.0171 MB
------------------------------------------
* Threads used (compute): 40
* No. of pipeline threads: 2

[0000] read_chunk: 400000000, work_chunk_size: 400000190, nseq: 3549824
	[0000][ M::kt_pipeline] read 3549824 sequences (400000190 bp)...
[0000] Reallocating initial memory allocations!!
[0000] Calling mem_process_seqs.., task: 0
[0000] 1. Calling kt_for - worker_bwt
[0000] 2. Calling kt_for - worker_aln
[0000] Inferring insert size distribution of PE reads from data, l_pac: 1342662642, n: 3549824
[0000][PE] # candidate unique pairs for (FF, FR, RF, RR): (26, 1277991, 22, 30)
[0000][PE] analyzing insert size distribution for orientation FF...
[0000][PE] (25, 50, 75) percentile: (62, 100, 192)
[0000][PE] low and high boundaries for computing mean and std.dev: (1, 452)
[0000][PE] mean and std.dev: (130.04, 99.90)
[0000][PE] low and high boundaries for proper pairs: (1, 582)
[0000][PE] analyzing insert size distribution for orientation FR...
[0000][PE] (25, 50, 75) percentile: (79, 125, 183)
[0000][PE] low and high boundaries for computing mean and std.dev: (1, 391)
[0000][PE] mean and std.dev: (137.77, 73.83)
[0000][PE] low and high boundaries for proper pairs: (1, 495)
[0000][PE] analyzing insert size distribution for orientation RF...
[0000][PE] (25, 50, 75) percentile: (102, 274, 609)
[0000][PE] low and high boundaries for computing mean and std.dev: (1, 1623)
[0000][PE] mean and std.dev: (232.78, 185.06)
[0000][PE] low and high boundaries for proper pairs: (1, 2130)
[0000][PE] analyzing insert size distribution for orientation RR...
[0000][PE] (25, 50, 75) percentile: (89, 153, 214)
[0000][PE] low and high boundaries for computing mean and std.dev: (1, 464)
[0000][PE] mean and std.dev: (140.04, 82.37)
[0000][PE] low and high boundaries for proper pairs: (1, 589)
[0000][PE] skip orientation FF
[0000][PE] skip orientation RF
[0000][PE] skip orientation RR
[0000] 3. Calling kt_for - worker_sam
[0000] read_chunk: 400000000, work_chunk_size: 400000200, nseq: 3547462
	[0000][ M::kt_pipeline] read 3547462 sequences (400000200 bp)...
	[0000][ M::mem_process_seqs] Processed 3549824 reads in 394.439 CPU sec, 10.548 real sec
[0000] Calling mem_process_seqs.., task: 1
[0000] 1. Calling kt_for - worker_bwt
[0000] 2. Calling kt_for - worker_aln
[0000] Inferring insert size distribution of PE reads from data, l_pac: 1342662642, n: 3547462
[0000][PE] # candidate unique pairs for (FF, FR, RF, RR): (25, 1275950, 27, 36)
[0000][PE] analyzing insert size distribution for orientation FF...
[0000][PE] (25, 50, 75) percentile: (78, 117, 226)
[0000][PE] low and high boundaries for computing mean and std.dev: (1, 522)
[0000][PE] mean and std.dev: (122.17, 74.18)
[0000][PE] low and high boundaries for proper pairs: (1, 670)
[0000][PE] analyzing insert size distribution for orientation FR...
[0000][PE] (25, 50, 75) percentile: (79, 125, 183)
[0000][PE] low and high boundaries for computing mean and std.dev: (1, 391)
[0000][PE] mean and std.dev: (137.81, 73.93)
[0000][PE] low and high boundaries for proper pairs: (1, 495)
[0000][PE] analyzing insert size distribution for orientation RF...
[0000][PE] (25, 50, 75) percentile: (139, 512, 1654)
[0000][PE] low and high boundaries for computing mean and std.dev: (1, 4684)
[0000][PE] mean and std.dev: (953.85, 1175.67)
[0000][PE] low and high boundaries for proper pairs: (1, 6199)
[0000][PE] analyzing insert size distribution for orientation RR...
[0000][PE] (25, 50, 75) percentile: (71, 112, 178)
[0000][PE] low and high boundaries for computing mean and std.dev: (1, 392)
[0000][PE] mean and std.dev: (110.97, 72.14)
[0000][PE] low and high boundaries for proper pairs: (1, 499)
[0000][PE] skip orientation FF
[0000][PE] skip orientation RF
[0000][PE] skip orientation RR
[0000] 3. Calling kt_for - worker_sam
	[0000][ M::mem_process_seqs] Processed 3547462 reads in 407.570 CPU sec, 11.277 real sec
[0000] read_chunk: 400000000, work_chunk_size: 400000268, nseq: 3543128
	[0000][ M::kt_pipeline] read 3543128 sequences (400000268 bp)...
[0000] Calling mem_process_seqs.., task: 2
[0000] 1. Calling kt_for - worker_bwt
[0000] 2. Calling kt_for - worker_aln
[0000] Inferring insert size distribution of PE reads from data, l_pac: 1342662642, n: 3543128
[0000][PE] # candidate unique pairs for (FF, FR, RF, RR): (25, 1269977, 31, 27)
[0000][PE] analyzing insert size distribution for orientation FF...
[0000][PE] (25, 50, 75) percentile: (69, 108, 200)
[0000][PE] low and high boundaries for computing mean and std.dev: (1, 462)
[0000][PE] mean and std.dev: (128.58, 81.98)
[0000][PE] low and high boundaries for proper pairs: (1, 593)
[0000][PE] analyzing insert size distribution for orientation FR...
[0000][PE] (25, 50, 75) percentile: (79, 125, 183)
[0000][PE] low and high boundaries for computing mean and std.dev: (1, 391)
[0000][PE] mean and std.dev: (137.83, 73.81)
[0000][PE] low and high boundaries for proper pairs: (1, 495)
[0000][PE] analyzing insert size distribution for orientation RF...
[0000][PE] (25, 50, 75) percentile: (185, 371, 736)
[0000][PE] low and high boundaries for computing mean and std.dev: (1, 1838)
[0000][PE] mean and std.dev: (454.21, 426.15)
[0000][PE] low and high boundaries for proper pairs: (1, 2389)
[0000][PE] analyzing insert size distribution for orientation RR...
[0000][PE] (25, 50, 75) percentile: (67, 110, 157)
[0000][PE] low and high boundaries for computing mean and std.dev: (1, 337)
[0000][PE] mean and std.dev: (96.68, 56.19)
[0000][PE] low and high boundaries for proper pairs: (1, 427)
[0000][PE] skip orientation FF
[0000][PE] skip orientation RF
[0000][PE] skip orientation RR
[0000] 3. Calling kt_for - worker_sam
[0000] read_chunk: 400000000, work_chunk_size: 400000173, nseq: 3549992
	[0000][ M::kt_pipeline] read 3549992 sequences (400000173 bp)...
	[0000][ M::mem_process_seqs] Processed 3543128 reads in 422.988 CPU sec, 11.530 real sec
[0000] Reallocating initial memory allocations!!
[0000] Calling mem_process_seqs.., task: 3
[0000] 1. Calling kt_for - worker_bwt
[0000] read_chunk: 400000000, work_chunk_size: 54962395, nseq: 487000
	[0000][ M::kt_pipeline] read 487000 sequences (54962395 bp)...
[0000] 2. Calling kt_for - worker_aln
[0000] Inferring insert size distribution of PE reads from data, l_pac: 1342662642, n: 3549992
[0000][PE] # candidate unique pairs for (FF, FR, RF, RR): (32, 1280361, 17, 27)
[0000][PE] analyzing insert size distribution for orientation FF...
[0000][PE] (25, 50, 75) percentile: (72, 120, 274)
[0000][PE] low and high boundaries for computing mean and std.dev: (1, 678)
[0000][PE] mean and std.dev: (160.61, 135.80)
[0000][PE] low and high boundaries for proper pairs: (1, 880)
[0000][PE] analyzing insert size distribution for orientation FR...
[0000][PE] (25, 50, 75) percentile: (79, 125, 183)
[0000][PE] low and high boundaries for computing mean and std.dev: (1, 391)
[0000][PE] mean and std.dev: (137.84, 73.92)
[0000][PE] low and high boundaries for proper pairs: (1, 495)
[0000][PE] analyzing insert size distribution for orientation RF...
[0000][PE] (25, 50, 75) percentile: (169, 208, 851)
[0000][PE] low and high boundaries for computing mean and std.dev: (1, 2215)
[0000][PE] mean and std.dev: (353.56, 300.06)
[0000][PE] low and high boundaries for proper pairs: (1, 2897)
[0000][PE] analyzing insert size distribution for orientation RR...
[0000][PE] (25, 50, 75) percentile: (92, 141, 258)
[0000][PE] low and high boundaries for computing mean and std.dev: (1, 590)
[0000][PE] mean and std.dev: (156.36, 102.34)
[0000][PE] low and high boundaries for proper pairs: (1, 756)
[0000][PE] skip orientation FF
[0000][PE] skip orientation RF
[0000][PE] skip orientation RR
[0000] 3. Calling kt_for - worker_sam
	[0000][ M::mem_process_seqs] Processed 3549992 reads in 397.003 CPU sec, 11.008 real sec
[0000] Calling mem_process_seqs.., task: 4
[0000] 1. Calling kt_for - worker_bwt
[0000] 2. Calling kt_for - worker_aln
[0000] Inferring insert size distribution of PE reads from data, l_pac: 1342662642, n: 487000
[0000][PE] # candidate unique pairs for (FF, FR, RF, RR): (4, 174569, 3, 2)
[0000][PE] skip orientation FF as there are not enough pairs
[0000][PE] analyzing insert size distribution for orientation FR...
[0000][PE] (25, 50, 75) percentile: (79, 125, 183)
[0000][PE] low and high boundaries for computing mean and std.dev: (1, 391)
[0000][PE] mean and std.dev: (137.95, 73.96)
[0000][PE] low and high boundaries for proper pairs: (1, 495)
[0000][PE] skip orientation RF as there are not enough pairs
[0000][PE] skip orientation RR as there are not enough pairs
[0000] 3. Calling kt_for - worker_sam
	[0000][ M::mem_process_seqs] Processed 487000 reads in 60.363 CPU sec, 2.235 real sec
[0000] read_chunk: 400000000, work_chunk_size: 0, nseq: 0
[0000] read_chunk: 400000000, work_chunk_size: 0, nseq: 0
[0000] Computation ends..
No. of OMP threads: 40
Processor is running @2394.710378 MHz
Runtime profile:

	Time taken for main_mem function: 131.69 sec

	IO times (sec) :
	Reading IO time (reads) avg: 43.41, (43.41, 43.41)
	Writing IO time (SAM) avg: 13.34, (13.34, 13.34)
	Reading IO time (Reference Genome) avg: 1.79, (1.79, 1.79)
	Index read time avg: 0.28, (0.28, 0.28)

	Overall time (sec) (Excluding Index reading time):
	PROCESS() (Total compute time + (read + SAM) IO time) : 129.62
	MEM_PROCESS_SEQ() (Total compute time (Kernel + SAM)), avg: 46.59, (46.59, 46.59)

	 SAM Processing time (sec):
	--WORKER_SAM avg: 13.15, (13.15, 13.15)

	Kernels' compute time (sec):
	Total kernel (smem+sal+bsw) time avg: 31.92, (31.92, 31.92)
		MEM_ALN_CHAIN_FLT avg: 0.00, (0.00, 0.00)
		MEM_ALN_CHAIN_SEED avg: 0.00, (0.00, 0.00)
		ERT_SEED_CHAIN avg: 0.00, (0.00, 0.00)
	LEARNED_SEED_CHAIN avg: 13.56, (13.70, 13.48)
		SMEM compute avg: 0.00, (0.00, 0.00)
		SAL compute avg: 0.00, (0.00, 0.00)
				MEM_SA avg: 0.00, (0.00, 0.00)

		BSW time, avg: 16.64, (16.90, 16.43)

Important parameter settings: 
	BATCH_SIZE: 512
	MAX_SEQ_LEN_REF: 256
	MAX_SEQ_LEN_QER: 128
	MAX_SEQ_LEN8: 128
	SEEDS_PER_READ: 500
	SIMD_WIDTH8 X: 64
	SIMD_WIDTH16 X: 32
	AVG_SEEDS_PER_READ: 64
