Looking to launch executable "/opt/conda/bin/bwa-meme_mode3.avx512bw", simd = _mode3.avx512bw
Launching executable "/opt/conda/bin/bwa-meme_mode3.avx512bw"
-----------------------------
Executing in AVX512 mode!!
-----------------------------
* SA compression enabled with xfactor: 8
* Ref file: reference.genbank.Sor.fasta
* Entering FMI_search
Reading other elements of the index from files reference.genbank.Sor.fasta
* Index prefix: reference.genbank.Sor.fasta
* Read 0 ALT contigs
* Reading reference genome..
* Binary seq file = reference.genbank.Sor.fasta.0123
* Reference genome size: 2685325284 bp
* Done reading reference genome !!

------------------------------------------
1. Memory pre-allocation for Chaining: 5679.4903 MB
2. Memory pre-allocation for BSW: 9584.6810 MB
[M::memoryAllocLearned::MEME] Reading Learned-index models into memory
[Learned-Config] MODE:3 SEARCH_METHOD: 1 MEM_TRADEOFF:1 EXPONENTIAL_SMEMSEARCH: 1 DEBUG_MODE:0 Num 2nd Models:268435456 PWL Bits Used:28
[M::memoryAllocLearned::MEME] Loading RMI model and Pac reference file took 19.275 sec
[M::memoryAllocLearned::MEME] Reading suffix array into memory
[M::memoryAllocLearned::MEME] Loading pos_packed file took 30.149 sec
[M::memoryAllocLearned::MEME] Generating SA, 64-bit Suffix and ISA in memory
[M::memoryAllocLearned::MEME] Runtime-build-index took 28.571 sec
3. Memory pre-allocation for BWT: 14070.0171 MB
------------------------------------------
* Threads used (compute): 40
* No. of pipeline threads: 2

[0000] read_chunk: 400000000, work_chunk_size: 400000091, nseq: 3322904
	[0000][ M::kt_pipeline] read 3322904 sequences (400000091 bp)...
[0000] Reallocating initial memory allocations!!
[0000] Calling mem_process_seqs.., task: 0
[0000] 1. Calling kt_for - worker_bwt
[0000] 2. Calling kt_for - worker_aln
[0000] Inferring insert size distribution of PE reads from data, l_pac: 1342662642, n: 3322904
[0000][PE] # candidate unique pairs for (FF, FR, RF, RR): (37, 1188635, 50, 41)
[0000][PE] analyzing insert size distribution for orientation FF...
[0000][PE] (25, 50, 75) percentile: (126, 153, 234)
[0000][PE] low and high boundaries for computing mean and std.dev: (1, 450)
[0000][PE] mean and std.dev: (164.27, 77.65)
[0000][PE] low and high boundaries for proper pairs: (1, 558)
[0000][PE] analyzing insert size distribution for orientation FR...
[0000][PE] (25, 50, 75) percentile: (93, 144, 201)
[0000][PE] low and high boundaries for computing mean and std.dev: (1, 417)
[0000][PE] mean and std.dev: (154.11, 78.25)
[0000][PE] low and high boundaries for proper pairs: (1, 525)
[0000][PE] analyzing insert size distribution for orientation RF...
[0000][PE] (25, 50, 75) percentile: (141, 393, 619)
[0000][PE] low and high boundaries for computing mean and std.dev: (1, 1575)
[0000][PE] mean and std.dev: (351.91, 276.47)
[0000][PE] low and high boundaries for proper pairs: (1, 2053)
[0000][PE] analyzing insert size distribution for orientation RR...
[0000][PE] (25, 50, 75) percentile: (113, 177, 380)
[0000][PE] low and high boundaries for computing mean and std.dev: (1, 914)
[0000][PE] mean and std.dev: (242.74, 201.25)
[0000][PE] low and high boundaries for proper pairs: (1, 1181)
[0000][PE] skip orientation FF
[0000][PE] skip orientation RF
[0000][PE] skip orientation RR
[0000] 3. Calling kt_for - worker_sam
[0000] read_chunk: 400000000, work_chunk_size: 400000169, nseq: 3317726
	[0000][ M::kt_pipeline] read 3317726 sequences (400000169 bp)...
	[0000][ M::mem_process_seqs] Processed 3322904 reads in 402.882 CPU sec, 10.808 real sec
[0000] Calling mem_process_seqs.., task: 1
[0000] 1. Calling kt_for - worker_bwt
[0000] 2. Calling kt_for - worker_aln
[0000] Inferring insert size distribution of PE reads from data, l_pac: 1342662642, n: 3317726
[0000][PE] # candidate unique pairs for (FF, FR, RF, RR): (42, 1180634, 38, 32)
[0000][PE] analyzing insert size distribution for orientation FF...
[0000][PE] (25, 50, 75) percentile: (98, 139, 279)
[0000][PE] low and high boundaries for computing mean and std.dev: (1, 641)
[0000][PE] mean and std.dev: (163.95, 117.25)
[0000][PE] low and high boundaries for proper pairs: (1, 822)
[0000][PE] analyzing insert size distribution for orientation FR...
[0000][PE] (25, 50, 75) percentile: (94, 144, 201)
[0000][PE] low and high boundaries for computing mean and std.dev: (1, 415)
[0000][PE] mean and std.dev: (154.03, 78.09)
[0000][PE] low and high boundaries for proper pairs: (1, 522)
[0000][PE] analyzing insert size distribution for orientation RF...
[0000][PE] (25, 50, 75) percentile: (88, 298, 706)
[0000][PE] low and high boundaries for computing mean and std.dev: (1, 1942)
[0000][PE] mean and std.dev: (371.84, 312.68)
[0000][PE] low and high boundaries for proper pairs: (1, 2560)
[0000][PE] analyzing insert size distribution for orientation RR...
[0000][PE] (25, 50, 75) percentile: (103, 196, 361)
[0000][PE] low and high boundaries for computing mean and std.dev: (1, 877)
[0000][PE] mean and std.dev: (224.13, 162.17)
[0000][PE] low and high boundaries for proper pairs: (1, 1135)
[0000][PE] skip orientation FF
[0000][PE] skip orientation RF
[0000][PE] skip orientation RR
[0000] 3. Calling kt_for - worker_sam
	[0000][ M::mem_process_seqs] Processed 3317726 reads in 425.172 CPU sec, 12.052 real sec
[0000] read_chunk: 400000000, work_chunk_size: 323105054, nseq: 2682918
	[0000][ M::kt_pipeline] read 2682918 sequences (323105054 bp)...
[0000] Calling mem_process_seqs.., task: 2
[0000] 1. Calling kt_for - worker_bwt
[0000] read_chunk: 400000000, work_chunk_size: 0, nseq: 0
[0000] 2. Calling kt_for - worker_aln
[0000] Inferring insert size distribution of PE reads from data, l_pac: 1342662642, n: 2682918
[0000][PE] # candidate unique pairs for (FF, FR, RF, RR): (39, 959733, 32, 31)
[0000][PE] analyzing insert size distribution for orientation FF...
[0000][PE] (25, 50, 75) percentile: (110, 159, 490)
[0000][PE] low and high boundaries for computing mean and std.dev: (1, 1250)
[0000][PE] mean and std.dev: (226.43, 207.54)
[0000][PE] low and high boundaries for proper pairs: (1, 1630)
[0000][PE] analyzing insert size distribution for orientation FR...
[0000][PE] (25, 50, 75) percentile: (94, 144, 201)
[0000][PE] low and high boundaries for computing mean and std.dev: (1, 415)
[0000][PE] mean and std.dev: (154.11, 78.06)
[0000][PE] low and high boundaries for proper pairs: (1, 522)
[0000][PE] analyzing insert size distribution for orientation RF...
[0000][PE] (25, 50, 75) percentile: (110, 281, 901)
[0000][PE] low and high boundaries for computing mean and std.dev: (1, 2483)
[0000][PE] mean and std.dev: (312.41, 295.93)
[0000][PE] low and high boundaries for proper pairs: (1, 3274)
[0000][PE] analyzing insert size distribution for orientation RR...
[0000][PE] (25, 50, 75) percentile: (102, 120, 209)
[0000][PE] low and high boundaries for computing mean and std.dev: (1, 423)
[0000][PE] mean and std.dev: (152.45, 82.51)
[0000][PE] low and high boundaries for proper pairs: (1, 530)
[0000][PE] skip orientation FF
[0000][PE] skip orientation RF
[0000][PE] skip orientation RR
[0000] 3. Calling kt_for - worker_sam
	[0000][ M::mem_process_seqs] Processed 2682918 reads in 327.075 CPU sec, 9.654 real sec
[0000] read_chunk: 400000000, work_chunk_size: 0, nseq: 0
[0000] Computation ends..
No. of OMP threads: 40
Processor is running @2394.730236 MHz
Runtime profile:

	Time taken for main_mem function: 113.57 sec

	IO times (sec) :
	Reading IO time (reads) avg: 28.91, (28.91, 28.91)
	Writing IO time (SAM) avg: 8.35, (8.35, 8.35)
	Reading IO time (Reference Genome) avg: 1.78, (1.78, 1.78)
	Index read time avg: 0.26, (0.26, 0.26)

	Overall time (sec) (Excluding Index reading time):
	PROCESS() (Total compute time + (read + SAM) IO time) : 111.52
	MEM_PROCESS_SEQ() (Total compute time (Kernel + SAM)), avg: 32.51, (32.51, 32.51)

	 SAM Processing time (sec):
	--WORKER_SAM avg: 9.57, (9.57, 9.57)

	Kernels' compute time (sec):
	Total kernel (smem+sal+bsw) time avg: 21.97, (21.97, 21.97)
		MEM_ALN_CHAIN_FLT avg: 0.00, (0.00, 0.00)
		MEM_ALN_CHAIN_SEED avg: 0.00, (0.00, 0.00)
		ERT_SEED_CHAIN avg: 0.00, (0.00, 0.00)
	LEARNED_SEED_CHAIN avg: 9.06, (9.24, 8.99)
		SMEM compute avg: 0.00, (0.00, 0.00)
		SAL compute avg: 0.00, (0.00, 0.00)
				MEM_SA avg: 0.00, (0.00, 0.00)

		BSW time, avg: 11.37, (11.56, 11.20)

Important parameter settings: 
	BATCH_SIZE: 512
	MAX_SEQ_LEN_REF: 256
	MAX_SEQ_LEN_QER: 128
	MAX_SEQ_LEN8: 128
	SEEDS_PER_READ: 500
	SIMD_WIDTH8 X: 64
	SIMD_WIDTH16 X: 32
	AVG_SEEDS_PER_READ: 64
