Looking to launch executable "/opt/conda/bin/bwa-meme_mode3.avx512bw", simd = _mode3.avx512bw
Launching executable "/opt/conda/bin/bwa-meme_mode3.avx512bw"
-----------------------------
Executing in AVX512 mode!!
-----------------------------
* SA compression enabled with xfactor: 8
* Ref file: reference.genbank.Sor.fasta
* Entering FMI_search
Reading other elements of the index from files reference.genbank.Sor.fasta
* Index prefix: reference.genbank.Sor.fasta
* Read 0 ALT contigs
* Reading reference genome..
* Binary seq file = reference.genbank.Sor.fasta.0123
* Reference genome size: 2685325284 bp
* Done reading reference genome !!

------------------------------------------
1. Memory pre-allocation for Chaining: 5679.4903 MB
2. Memory pre-allocation for BSW: 9584.6810 MB
[M::memoryAllocLearned::MEME] Reading Learned-index models into memory
[Learned-Config] MODE:3 SEARCH_METHOD: 1 MEM_TRADEOFF:1 EXPONENTIAL_SMEMSEARCH: 1 DEBUG_MODE:0 Num 2nd Models:268435456 PWL Bits Used:28
[M::memoryAllocLearned::MEME] Loading RMI model and Pac reference file took 19.513 sec
[M::memoryAllocLearned::MEME] Reading suffix array into memory
[M::memoryAllocLearned::MEME] Loading pos_packed file took 30.300 sec
[M::memoryAllocLearned::MEME] Generating SA, 64-bit Suffix and ISA in memory
[M::memoryAllocLearned::MEME] Runtime-build-index took 28.703 sec
3. Memory pre-allocation for BWT: 14070.0171 MB
------------------------------------------
* Threads used (compute): 40
* No. of pipeline threads: 2

[0000] read_chunk: 400000000, work_chunk_size: 400000113, nseq: 3879904
	[0000][ M::kt_pipeline] read 3879904 sequences (400000113 bp)...
[0000] Reallocating initial memory allocations!!
[0000] Calling mem_process_seqs.., task: 0
[0000] 1. Calling kt_for - worker_bwt
[0000] 2. Calling kt_for - worker_aln
[0000] Inferring insert size distribution of PE reads from data, l_pac: 1342662642, n: 3879904
[0000][PE] # candidate unique pairs for (FF, FR, RF, RR): (24, 1381646, 18, 25)
[0000][PE] analyzing insert size distribution for orientation FF...
[0000][PE] (25, 50, 75) percentile: (35, 95, 175)
[0000][PE] low and high boundaries for computing mean and std.dev: (1, 455)
[0000][PE] mean and std.dev: (83.50, 55.20)
[0000][PE] low and high boundaries for proper pairs: (1, 595)
[0000][PE] analyzing insert size distribution for orientation FR...
[0000][PE] (25, 50, 75) percentile: (70, 102, 148)
[0000][PE] low and high boundaries for computing mean and std.dev: (1, 304)
[0000][PE] mean and std.dev: (113.38, 55.55)
[0000][PE] low and high boundaries for proper pairs: (1, 382)
[0000][PE] analyzing insert size distribution for orientation RF...
[0000][PE] (25, 50, 75) percentile: (120, 378, 571)
[0000][PE] low and high boundaries for computing mean and std.dev: (1, 1473)
[0000][PE] mean and std.dev: (369.56, 316.88)
[0000][PE] low and high boundaries for proper pairs: (1, 1924)
[0000][PE] analyzing insert size distribution for orientation RR...
[0000][PE] (25, 50, 75) percentile: (37, 105, 164)
[0000][PE] low and high boundaries for computing mean and std.dev: (1, 418)
[0000][PE] mean and std.dev: (109.67, 98.89)
[0000][PE] low and high boundaries for proper pairs: (1, 545)
[0000][PE] skip orientation FF
[0000][PE] skip orientation RF
[0000][PE] skip orientation RR
[0000] 3. Calling kt_for - worker_sam
[0000] read_chunk: 400000000, work_chunk_size: 400000118, nseq: 3873014
	[0000][ M::kt_pipeline] read 3873014 sequences (400000118 bp)...
	[0000][ M::mem_process_seqs] Processed 3879904 reads in 404.586 CPU sec, 10.799 real sec
[0000] Calling mem_process_seqs.., task: 1
[0000] 1. Calling kt_for - worker_bwt
[0000] 2. Calling kt_for - worker_aln
[0000] Inferring insert size distribution of PE reads from data, l_pac: 1342662642, n: 3873014
[0000][PE] # candidate unique pairs for (FF, FR, RF, RR): (27, 1376836, 15, 22)
[0000][PE] analyzing insert size distribution for orientation FF...
[0000][PE] (25, 50, 75) percentile: (77, 115, 141)
[0000][PE] low and high boundaries for computing mean and std.dev: (1, 269)
[0000][PE] mean and std.dev: (107.04, 52.49)
[0000][PE] low and high boundaries for proper pairs: (1, 333)
[0000][PE] analyzing insert size distribution for orientation FR...
[0000][PE] (25, 50, 75) percentile: (70, 102, 149)
[0000][PE] low and high boundaries for computing mean and std.dev: (1, 307)
[0000][PE] mean and std.dev: (113.65, 55.85)
[0000][PE] low and high boundaries for proper pairs: (1, 386)
[0000][PE] analyzing insert size distribution for orientation RF...
[0000][PE] (25, 50, 75) percentile: (111, 208, 508)
[0000][PE] low and high boundaries for computing mean and std.dev: (1, 1302)
[0000][PE] mean and std.dev: (299.36, 319.59)
[0000][PE] low and high boundaries for proper pairs: (1, 1699)
[0000][PE] analyzing insert size distribution for orientation RR...
[0000][PE] (25, 50, 75) percentile: (65, 96, 130)
[0000][PE] low and high boundaries for computing mean and std.dev: (1, 260)
[0000][PE] mean and std.dev: (84.22, 47.94)
[0000][PE] low and high boundaries for proper pairs: (1, 325)
[0000][PE] skip orientation FF
[0000][PE] skip orientation RF
[0000][PE] skip orientation RR
[0000] 3. Calling kt_for - worker_sam
[0000] read_chunk: 400000000, work_chunk_size: 225739480, nseq: 2188006
	[0000][ M::kt_pipeline] read 2188006 sequences (225739480 bp)...
	[0000][ M::mem_process_seqs] Processed 3873014 reads in 423.287 CPU sec, 11.897 real sec
[0000] Calling mem_process_seqs.., task: 2
[0000] 1. Calling kt_for - worker_bwt
[0000] 2. Calling kt_for - worker_aln
[0000] read_chunk: 400000000, work_chunk_size: 0, nseq: 0
[0000] Inferring insert size distribution of PE reads from data, l_pac: 1342662642, n: 2188006
[0000][PE] # candidate unique pairs for (FF, FR, RF, RR): (10, 779727, 8, 15)
[0000][PE] analyzing insert size distribution for orientation FF...
[0000][PE] (25, 50, 75) percentile: (35, 61, 141)
[0000][PE] low and high boundaries for computing mean and std.dev: (1, 353)
[0000][PE] mean and std.dev: (86.78, 74.52)
[0000][PE] low and high boundaries for proper pairs: (1, 459)
[0000][PE] analyzing insert size distribution for orientation FR...
[0000][PE] (25, 50, 75) percentile: (70, 102, 148)
[0000][PE] low and high boundaries for computing mean and std.dev: (1, 304)
[0000][PE] mean and std.dev: (113.49, 55.57)
[0000][PE] low and high boundaries for proper pairs: (1, 382)
[0000][PE] skip orientation RF as there are not enough pairs
[0000][PE] analyzing insert size distribution for orientation RR...
[0000][PE] (25, 50, 75) percentile: (64, 82, 549)
[0000][PE] low and high boundaries for computing mean and std.dev: (1, 1519)
[0000][PE] mean and std.dev: (125.33, 141.01)
[0000][PE] low and high boundaries for proper pairs: (1, 2004)
[0000][PE] skip orientation FF
[0000][PE] skip orientation RR
[0000] 3. Calling kt_for - worker_sam
	[0000][ M::mem_process_seqs] Processed 2188006 reads in 232.048 CPU sec, 7.219 real sec
[0000] read_chunk: 400000000, work_chunk_size: 0, nseq: 0
[0000] Computation ends..
No. of OMP threads: 40
Processor is running @2394.718212 MHz
Runtime profile:

	Time taken for main_mem function: 110.19 sec

	IO times (sec) :
	Reading IO time (reads) avg: 26.13, (26.13, 26.13)
	Writing IO time (SAM) avg: 11.08, (11.08, 11.08)
	Reading IO time (Reference Genome) avg: 1.81, (1.81, 1.81)
	Index read time avg: 0.27, (0.27, 0.27)

	Overall time (sec) (Excluding Index reading time):
	PROCESS() (Total compute time + (read + SAM) IO time) : 108.09
	MEM_PROCESS_SEQ() (Total compute time (Kernel + SAM)), avg: 29.91, (29.91, 29.91)

	 SAM Processing time (sec):
	--WORKER_SAM avg: 7.64, (7.64, 7.64)

	Kernels' compute time (sec):
	Total kernel (smem+sal+bsw) time avg: 21.24, (21.24, 21.24)
		MEM_ALN_CHAIN_FLT avg: 0.00, (0.00, 0.00)
		MEM_ALN_CHAIN_SEED avg: 0.00, (0.00, 0.00)
		ERT_SEED_CHAIN avg: 0.00, (0.00, 0.00)
	LEARNED_SEED_CHAIN avg: 8.80, (8.92, 8.77)
		SMEM compute avg: 0.00, (0.00, 0.00)
		SAL compute avg: 0.00, (0.00, 0.00)
				MEM_SA avg: 0.00, (0.00, 0.00)

		BSW time, avg: 10.81, (11.01, 10.65)

Important parameter settings: 
	BATCH_SIZE: 512
	MAX_SEQ_LEN_REF: 256
	MAX_SEQ_LEN_QER: 128
	MAX_SEQ_LEN8: 128
	SEEDS_PER_READ: 500
	SIMD_WIDTH8 X: 64
	SIMD_WIDTH16 X: 32
	AVG_SEEDS_PER_READ: 64
