Looking to launch executable "/opt/conda/bin/bwa-meme_mode3.avx512bw", simd = _mode3.avx512bw
Launching executable "/opt/conda/bin/bwa-meme_mode3.avx512bw"
-----------------------------
Executing in AVX512 mode!!
-----------------------------
* SA compression enabled with xfactor: 8
* Ref file: reference.genbank.Sor.fasta
* Entering FMI_search
Reading other elements of the index from files reference.genbank.Sor.fasta
* Index prefix: reference.genbank.Sor.fasta
* Read 0 ALT contigs
* Reading reference genome..
* Binary seq file = reference.genbank.Sor.fasta.0123
* Reference genome size: 2685325284 bp
* Done reading reference genome !!

------------------------------------------
1. Memory pre-allocation for Chaining: 5679.4903 MB
2. Memory pre-allocation for BSW: 9584.6810 MB
[M::memoryAllocLearned::MEME] Reading Learned-index models into memory
[Learned-Config] MODE:3 SEARCH_METHOD: 1 MEM_TRADEOFF:1 EXPONENTIAL_SMEMSEARCH: 1 DEBUG_MODE:0 Num 2nd Models:268435456 PWL Bits Used:28
[M::memoryAllocLearned::MEME] Loading RMI model and Pac reference file took 19.239 sec
[M::memoryAllocLearned::MEME] Reading suffix array into memory
[M::memoryAllocLearned::MEME] Loading pos_packed file took 30.170 sec
[M::memoryAllocLearned::MEME] Generating SA, 64-bit Suffix and ISA in memory
[M::memoryAllocLearned::MEME] Runtime-build-index took 29.182 sec
3. Memory pre-allocation for BWT: 14070.0171 MB
------------------------------------------
* Threads used (compute): 40
* No. of pipeline threads: 2

[0000] read_chunk: 400000000, work_chunk_size: 400000280, nseq: 2797650
	[0000][ M::kt_pipeline] read 2797650 sequences (400000280 bp)...
[0000] Reallocating initial memory allocations!!
[0000] Calling mem_process_seqs.., task: 0
[0000] 1. Calling kt_for - worker_bwt
[0000] 2. Calling kt_for - worker_aln
[0000] Inferring insert size distribution of PE reads from data, l_pac: 1342662642, n: 2797650
[0000][PE] # candidate unique pairs for (FF, FR, RF, RR): (47, 1019654, 67, 32)
[0000][PE] analyzing insert size distribution for orientation FF...
[0000][PE] (25, 50, 75) percentile: (110, 182, 271)
[0000][PE] low and high boundaries for computing mean and std.dev: (1, 593)
[0000][PE] mean and std.dev: (192.00, 88.65)
[0000][PE] low and high boundaries for proper pairs: (1, 754)
[0000][PE] analyzing insert size distribution for orientation FR...
[0000][PE] (25, 50, 75) percentile: (163, 217, 292)
[0000][PE] low and high boundaries for computing mean and std.dev: (1, 550)
[0000][PE] mean and std.dev: (231.82, 91.65)
[0000][PE] low and high boundaries for proper pairs: (1, 679)
[0000][PE] analyzing insert size distribution for orientation RF...
[0000][PE] (25, 50, 75) percentile: (175, 375, 577)
[0000][PE] low and high boundaries for computing mean and std.dev: (1, 1381)
[0000][PE] mean and std.dev: (383.19, 277.10)
[0000][PE] low and high boundaries for proper pairs: (1, 1783)
[0000][PE] analyzing insert size distribution for orientation RR...
[0000][PE] (25, 50, 75) percentile: (130, 186, 286)
[0000][PE] low and high boundaries for computing mean and std.dev: (1, 598)
[0000][PE] mean and std.dev: (179.96, 83.32)
[0000][PE] low and high boundaries for proper pairs: (1, 754)
[0000][PE] skip orientation FF
[0000][PE] skip orientation RF
[0000][PE] skip orientation RR
[0000] 3. Calling kt_for - worker_sam
[0000] read_chunk: 400000000, work_chunk_size: 400000225, nseq: 2798076
	[0000][ M::kt_pipeline] read 2798076 sequences (400000225 bp)...
	[0000][ M::mem_process_seqs] Processed 2797650 reads in 393.431 CPU sec, 10.536 real sec
[0000] Reallocating initial memory allocations!!
[0000] Calling mem_process_seqs.., task: 1
[0000] 1. Calling kt_for - worker_bwt
[0000] 2. Calling kt_for - worker_aln
[0000] read_chunk: 400000000, work_chunk_size: 400000034, nseq: 2797214
	[0000][ M::kt_pipeline] read 2797214 sequences (400000034 bp)...
[0000] Inferring insert size distribution of PE reads from data, l_pac: 1342662642, n: 2798076
[0000][PE] # candidate unique pairs for (FF, FR, RF, RR): (36, 1020734, 48, 33)
[0000][PE] analyzing insert size distribution for orientation FF...
[0000][PE] (25, 50, 75) percentile: (124, 195, 270)
[0000][PE] low and high boundaries for computing mean and std.dev: (1, 562)
[0000][PE] mean and std.dev: (180.00, 89.32)
[0000][PE] low and high boundaries for proper pairs: (1, 708)
[0000][PE] analyzing insert size distribution for orientation FR...
[0000][PE] (25, 50, 75) percentile: (163, 217, 292)
[0000][PE] low and high boundaries for computing mean and std.dev: (1, 550)
[0000][PE] mean and std.dev: (231.72, 91.70)
[0000][PE] low and high boundaries for proper pairs: (1, 679)
[0000][PE] analyzing insert size distribution for orientation RF...
[0000][PE] (25, 50, 75) percentile: (129, 363, 1158)
[0000][PE] low and high boundaries for computing mean and std.dev: (1, 3216)
[0000][PE] mean and std.dev: (490.18, 486.95)
[0000][PE] low and high boundaries for proper pairs: (1, 4245)
[0000][PE] analyzing insert size distribution for orientation RR...
[0000][PE] (25, 50, 75) percentile: (107, 164, 254)
[0000][PE] low and high boundaries for computing mean and std.dev: (1, 548)
[0000][PE] mean and std.dev: (170.72, 84.66)
[0000][PE] low and high boundaries for proper pairs: (1, 695)
[0000][PE] skip orientation FF
[0000][PE] skip orientation RF
[0000][PE] skip orientation RR
[0000] 3. Calling kt_for - worker_sam
	[0000][ M::mem_process_seqs] Processed 2798076 reads in 402.676 CPU sec, 10.789 real sec
[0000] Calling mem_process_seqs.., task: 2
[0000] 1. Calling kt_for - worker_bwt
[0000] 2. Calling kt_for - worker_aln
[0000] Inferring insert size distribution of PE reads from data, l_pac: 1342662642, n: 2797214
[0000][PE] # candidate unique pairs for (FF, FR, RF, RR): (37, 1015340, 49, 32)
[0000][PE] analyzing insert size distribution for orientation FF...
[0000][PE] (25, 50, 75) percentile: (108, 152, 263)
[0000][PE] low and high boundaries for computing mean and std.dev: (1, 573)
[0000][PE] mean and std.dev: (180.77, 104.41)
[0000][PE] low and high boundaries for proper pairs: (1, 728)
[0000][PE] analyzing insert size distribution for orientation FR...
[0000][PE] (25, 50, 75) percentile: (163, 217, 292)
[0000][PE] low and high boundaries for computing mean and std.dev: (1, 550)
[0000][PE] mean and std.dev: (231.83, 91.67)
[0000][PE] low and high boundaries for proper pairs: (1, 679)
[0000][PE] analyzing insert size distribution for orientation RF...
[0000][PE] (25, 50, 75) percentile: (118, 248, 720)
[0000][PE] low and high boundaries for computing mean and std.dev: (1, 1924)
[0000][PE] mean and std.dev: (375.93, 400.59)
[0000][PE] low and high boundaries for proper pairs: (1, 2526)
[0000][PE] analyzing insert size distribution for orientation RR...
[0000][PE] (25, 50, 75) percentile: (90, 168, 275)
[0000][PE] low and high boundaries for computing mean and std.dev: (1, 645)
[0000][PE] mean and std.dev: (189.77, 121.73)
[0000][PE] low and high boundaries for proper pairs: (1, 830)
[0000][PE] skip orientation FF
[0000][PE] skip orientation RF
[0000][PE] skip orientation RR
[0000] 3. Calling kt_for - worker_sam
	[0000][ M::mem_process_seqs] Processed 2797214 reads in 416.870 CPU sec, 11.371 real sec
[0000] read_chunk: 400000000, work_chunk_size: 400000123, nseq: 2797346
	[0000][ M::kt_pipeline] read 2797346 sequences (400000123 bp)...
[0000] Calling mem_process_seqs.., task: 3
[0000] 1. Calling kt_for - worker_bwt
[0000] 2. Calling kt_for - worker_aln
[0000] Inferring insert size distribution of PE reads from data, l_pac: 1342662642, n: 2797346
[0000][PE] # candidate unique pairs for (FF, FR, RF, RR): (39, 1018250, 58, 43)
[0000][PE] analyzing insert size distribution for orientation FF...
[0000][PE] (25, 50, 75) percentile: (98, 150, 214)
[0000][PE] low and high boundaries for computing mean and std.dev: (1, 446)
[0000][PE] mean and std.dev: (151.05, 69.82)
[0000][PE] low and high boundaries for proper pairs: (1, 562)
[0000][PE] analyzing insert size distribution for orientation FR...
[0000][PE] (25, 50, 75) percentile: (162, 217, 292)
[0000][PE] low and high boundaries for computing mean and std.dev: (1, 552)
[0000][PE] mean and std.dev: (231.71, 91.64)
[0000][PE] low and high boundaries for proper pairs: (1, 682)
[0000][PE] analyzing insert size distribution for orientation RF...
[0000][PE] (25, 50, 75) percentile: (106, 296, 717)
[0000][PE] low and high boundaries for computing mean and std.dev: (1, 1939)
[0000][PE] mean and std.dev: (431.77, 436.32)
[0000][PE] low and high boundaries for proper pairs: (1, 2550)
[0000][PE] analyzing insert size distribution for orientation RR...
[0000][PE] (25, 50, 75) percentile: (107, 155, 244)
[0000][PE] low and high boundaries for computing mean and std.dev: (1, 518)
[0000][PE] mean and std.dev: (182.00, 86.41)
[0000][PE] low and high boundaries for proper pairs: (1, 655)
[0000][PE] skip orientation FF
[0000][PE] skip orientation RF
[0000][PE] skip orientation RR
[0000] 3. Calling kt_for - worker_sam
[0000] read_chunk: 400000000, work_chunk_size: 400000115, nseq: 2796478
	[0000][ M::kt_pipeline] read 2796478 sequences (400000115 bp)...
	[0000][ M::mem_process_seqs] Processed 2797346 reads in 412.016 CPU sec, 11.215 real sec
[0000] Calling mem_process_seqs.., task: 4
[0000] 1. Calling kt_for - worker_bwt
[0000] 2. Calling kt_for - worker_aln
[0000] Inferring insert size distribution of PE reads from data, l_pac: 1342662642, n: 2796478
[0000][PE] # candidate unique pairs for (FF, FR, RF, RR): (54, 1006423, 45, 37)
[0000][PE] analyzing insert size distribution for orientation FF...
[0000][PE] (25, 50, 75) percentile: (104, 159, 219)
[0000][PE] low and high boundaries for computing mean and std.dev: (1, 449)
[0000][PE] mean and std.dev: (164.37, 76.56)
[0000][PE] low and high boundaries for proper pairs: (1, 564)
[0000][PE] analyzing insert size distribution for orientation FR...
[0000][PE] (25, 50, 75) percentile: (163, 217, 292)
[0000][PE] low and high boundaries for computing mean and std.dev: (1, 550)
[0000][PE] mean and std.dev: (231.75, 91.65)
[0000][PE] low and high boundaries for proper pairs: (1, 679)
[0000][PE] analyzing insert size distribution for orientation RF...
[0000][PE] (25, 50, 75) percentile: (226, 499, 995)
[0000][PE] low and high boundaries for computing mean and std.dev: (1, 2533)
[0000][PE] mean and std.dev: (594.88, 543.22)
[0000][PE] low and high boundaries for proper pairs: (1, 3302)
[0000][PE] analyzing insert size distribution for orientation RR...
[0000][PE] (25, 50, 75) percentile: (109, 165, 255)
[0000][PE] low and high boundaries for computing mean and std.dev: (1, 547)
[0000][PE] mean and std.dev: (180.31, 107.13)
[0000][PE] low and high boundaries for proper pairs: (1, 693)
[0000][PE] skip orientation FF
[0000][PE] skip orientation RF
[0000][PE] skip orientation RR
[0000] 3. Calling kt_for - worker_sam
	[0000][ M::mem_process_seqs] Processed 2796478 reads in 451.869 CPU sec, 12.005 real sec
[0000] read_chunk: 400000000, work_chunk_size: 400000045, nseq: 2798418
	[0000][ M::kt_pipeline] read 2798418 sequences (400000045 bp)...
[0000] Reallocating initial memory allocations!!
[0000] Calling mem_process_seqs.., task: 5
[0000] 1. Calling kt_for - worker_bwt
[0000] 2. Calling kt_for - worker_aln
[0000] read_chunk: 400000000, work_chunk_size: 400000112, nseq: 2797722
	[0000][ M::kt_pipeline] read 2797722 sequences (400000112 bp)...
[0000] Inferring insert size distribution of PE reads from data, l_pac: 1342662642, n: 2798418
[0000][PE] # candidate unique pairs for (FF, FR, RF, RR): (41, 1020407, 53, 43)
[0000][PE] analyzing insert size distribution for orientation FF...
[0000][PE] (25, 50, 75) percentile: (103, 153, 245)
[0000][PE] low and high boundaries for computing mean and std.dev: (1, 529)
[0000][PE] mean and std.dev: (181.12, 88.13)
[0000][PE] low and high boundaries for proper pairs: (1, 671)
[0000][PE] analyzing insert size distribution for orientation FR...
[0000][PE] (25, 50, 75) percentile: (162, 217, 293)
[0000][PE] low and high boundaries for computing mean and std.dev: (1, 555)
[0000][PE] mean and std.dev: (231.95, 91.87)
[0000][PE] low and high boundaries for proper pairs: (1, 686)
[0000][PE] analyzing insert size distribution for orientation RF...
[0000][PE] (25, 50, 75) percentile: (132, 350, 681)
[0000][PE] low and high boundaries for computing mean and std.dev: (1, 1779)
[0000][PE] mean and std.dev: (385.62, 342.06)
[0000][PE] low and high boundaries for proper pairs: (1, 2328)
[0000][PE] analyzing insert size distribution for orientation RR...
[0000][PE] (25, 50, 75) percentile: (126, 190, 294)
[0000][PE] low and high boundaries for computing mean and std.dev: (1, 630)
[0000][PE] mean and std.dev: (191.15, 98.78)
[0000][PE] low and high boundaries for proper pairs: (1, 798)
[0000][PE] skip orientation FF
[0000][PE] skip orientation RF
[0000][PE] skip orientation RR
[0000] 3. Calling kt_for - worker_sam
	[0000][ M::mem_process_seqs] Processed 2798418 reads in 409.501 CPU sec, 11.280 real sec
[0000] Calling mem_process_seqs.., task: 6
[0000] 1. Calling kt_for - worker_bwt
[0000] 2. Calling kt_for - worker_aln
[0017] Re-allocating (doubling) seqBufRefs in mem_chain2aln_across_reads_V2 (right)
[0000] Inferring insert size distribution of PE reads from data, l_pac: 1342662642, n: 2797722
[0000][PE] # candidate unique pairs for (FF, FR, RF, RR): (43, 1023358, 73, 32)
[0000][PE] analyzing insert size distribution for orientation FF...
[0000][PE] (25, 50, 75) percentile: (87, 132, 182)
[0000][PE] low and high boundaries for computing mean and std.dev: (1, 372)
[0000][PE] mean and std.dev: (140.23, 71.51)
[0000][PE] low and high boundaries for proper pairs: (1, 467)
[0000][PE] analyzing insert size distribution for orientation FR...
[0000][PE] (25, 50, 75) percentile: (163, 217, 292)
[0000][PE] low and high boundaries for computing mean and std.dev: (1, 550)
[0000][PE] mean and std.dev: (231.78, 91.71)
[0000][PE] low and high boundaries for proper pairs: (1, 679)
[0000][PE] analyzing insert size distribution for orientation RF...
[0000][PE] (25, 50, 75) percentile: (111, 279, 787)
[0000][PE] low and high boundaries for computing mean and std.dev: (1, 2139)
[0000][PE] mean and std.dev: (402.30, 406.95)
[0000][PE] low and high boundaries for proper pairs: (1, 2815)
[0000][PE] analyzing insert size distribution for orientation RR...
[0000][PE] (25, 50, 75) percentile: (104, 166, 250)
[0000][PE] low and high boundaries for computing mean and std.dev: (1, 542)
[0000][PE] mean and std.dev: (165.00, 84.07)
[0000][PE] low and high boundaries for proper pairs: (1, 688)
[0000][PE] skip orientation FF
[0000][PE] skip orientation RF
[0000][PE] skip orientation RR
[0000] 3. Calling kt_for - worker_sam
	[0000][ M::mem_process_seqs] Processed 2797722 reads in 412.854 CPU sec, 11.719 real sec
[0000] read_chunk: 400000000, work_chunk_size: 400000107, nseq: 2798094
	[0000][ M::kt_pipeline] read 2798094 sequences (400000107 bp)...
[0000] Calling mem_process_seqs.., task: 7
[0000] 1. Calling kt_for - worker_bwt
[0000] 2. Calling kt_for - worker_aln
[0000] read_chunk: 400000000, work_chunk_size: 186486312, nseq: 1304216
[0000] Inferring insert size distribution of PE reads from data, l_pac: 1342662642, n: 2798094
	[0000][ M::kt_pipeline] read 1304216 sequences (186486312 bp)...
[0000][PE] # candidate unique pairs for (FF, FR, RF, RR): (58, 1022197, 72, 38)
[0000][PE] analyzing insert size distribution for orientation FF...
[0000][PE] (25, 50, 75) percentile: (98, 154, 224)
[0000][PE] low and high boundaries for computing mean and std.dev: (1, 476)
[0000][PE] mean and std.dev: (158.67, 75.94)
[0000][PE] low and high boundaries for proper pairs: (1, 602)
[0000][PE] analyzing insert size distribution for orientation FR...
[0000][PE] (25, 50, 75) percentile: (163, 217, 292)
[0000][PE] low and high boundaries for computing mean and std.dev: (1, 550)
[0000][PE] mean and std.dev: (231.68, 91.58)
[0000][PE] low and high boundaries for proper pairs: (1, 679)
[0000][PE] analyzing insert size distribution for orientation RF...
[0000][PE] (25, 50, 75) percentile: (124, 259, 538)
[0000][PE] low and high boundaries for computing mean and std.dev: (1, 1366)
[0000][PE] mean and std.dev: (281.32, 232.39)
[0000][PE] low and high boundaries for proper pairs: (1, 1780)
[0000][PE] analyzing insert size distribution for orientation RR...
[0000][PE] (25, 50, 75) percentile: (103, 156, 213)
[0000][PE] low and high boundaries for computing mean and std.dev: (1, 433)
[0000][PE] mean and std.dev: (168.42, 79.87)
[0000][PE] low and high boundaries for proper pairs: (1, 543)
[0000][PE] skip orientation FF
[0000][PE] skip orientation RF
[0000][PE] skip orientation RR
[0000] 3. Calling kt_for - worker_sam
	[0000][ M::mem_process_seqs] Processed 2798094 reads in 397.450 CPU sec, 10.751 real sec
[0000] Calling mem_process_seqs.., task: 8
[0000] 1. Calling kt_for - worker_bwt
[0000] 2. Calling kt_for - worker_aln
[0000] Inferring insert size distribution of PE reads from data, l_pac: 1342662642, n: 1304216
[0000] read_chunk: 400000000, work_chunk_size: 0, nseq: 0
[0000][PE] # candidate unique pairs for (FF, FR, RF, RR): (18, 474300, 32, 16)
[0000][PE] analyzing insert size distribution for orientation FF...
[0000][PE] (25, 50, 75) percentile: (106, 180, 214)
[0000][PE] low and high boundaries for computing mean and std.dev: (1, 430)
[0000][PE] mean and std.dev: (179.83, 101.44)
[0000][PE] low and high boundaries for proper pairs: (1, 586)
[0000][PE] analyzing insert size distribution for orientation FR...
[0000][PE] (25, 50, 75) percentile: (163, 217, 292)
[0000][PE] low and high boundaries for computing mean and std.dev: (1, 550)
[0000][PE] mean and std.dev: (231.77, 91.67)
[0000][PE] low and high boundaries for proper pairs: (1, 679)
[0000][PE] analyzing insert size distribution for orientation RF...
[0000][PE] (25, 50, 75) percentile: (122, 577, 1548)
[0000][PE] low and high boundaries for computing mean and std.dev: (1, 4400)
[0000][PE] mean and std.dev: (860.43, 1069.60)
[0000][PE] low and high boundaries for proper pairs: (1, 5826)
[0000][PE] analyzing insert size distribution for orientation RR...
[0000][PE] (25, 50, 75) percentile: (129, 182, 277)
[0000][PE] low and high boundaries for computing mean and std.dev: (1, 573)
[0000][PE] mean and std.dev: (189.38, 83.15)
[0000][PE] low and high boundaries for proper pairs: (1, 721)
[0000][PE] skip orientation FF
[0000][PE] skip orientation RF
[0000][PE] skip orientation RR
[0000] 3. Calling kt_for - worker_sam
	[0000][ M::mem_process_seqs] Processed 1304216 reads in 197.010 CPU sec, 5.774 real sec
[0000] read_chunk: 400000000, work_chunk_size: 0, nseq: 0
[0000] Computation ends..
No. of OMP threads: 40
Processor is running @2394.706858 MHz
Runtime profile:

	Time taken for main_mem function: 190.95 sec

	IO times (sec) :
	Reading IO time (reads) avg: 81.14, (81.14, 81.14)
	Writing IO time (SAM) avg: 25.63, (25.63, 25.63)
	Reading IO time (Reference Genome) avg: 1.74, (1.74, 1.74)
	Index read time avg: 0.27, (0.27, 0.27)

	Overall time (sec) (Excluding Index reading time):
	PROCESS() (Total compute time + (read + SAM) IO time) : 188.93
	MEM_PROCESS_SEQ() (Total compute time (Kernel + SAM)), avg: 95.43, (95.43, 95.43)

	 SAM Processing time (sec):
	--WORKER_SAM avg: 30.63, (30.63, 30.63)

	Kernels' compute time (sec):
	Total kernel (smem+sal+bsw) time avg: 62.33, (62.33, 62.33)
		MEM_ALN_CHAIN_FLT avg: 0.00, (0.00, 0.00)
		MEM_ALN_CHAIN_SEED avg: 0.00, (0.00, 0.00)
		ERT_SEED_CHAIN avg: 0.00, (0.00, 0.00)
	LEARNED_SEED_CHAIN avg: 25.18, (25.49, 25.01)
		SMEM compute avg: 0.00, (0.00, 0.00)
		SAL compute avg: 0.00, (0.00, 0.00)
				MEM_SA avg: 0.00, (0.00, 0.00)

		BSW time, avg: 34.12, (34.70, 33.72)

Important parameter settings: 
	BATCH_SIZE: 512
	MAX_SEQ_LEN_REF: 256
	MAX_SEQ_LEN_QER: 128
	MAX_SEQ_LEN8: 128
	SEEDS_PER_READ: 500
	SIMD_WIDTH8 X: 64
	SIMD_WIDTH16 X: 32
	AVG_SEEDS_PER_READ: 64
