Looking to launch executable "/opt/conda/bin/bwa-meme_mode3.avx512bw", simd = _mode3.avx512bw
Launching executable "/opt/conda/bin/bwa-meme_mode3.avx512bw"
-----------------------------
Executing in AVX512 mode!!
-----------------------------
* SA compression enabled with xfactor: 8
* Ref file: reference.genbank.Sor.fasta
* Entering FMI_search
Reading other elements of the index from files reference.genbank.Sor.fasta
* Index prefix: reference.genbank.Sor.fasta
* Read 0 ALT contigs
* Reading reference genome..
* Binary seq file = reference.genbank.Sor.fasta.0123
* Reference genome size: 2685325284 bp
* Done reading reference genome !!

------------------------------------------
1. Memory pre-allocation for Chaining: 5679.4903 MB
2. Memory pre-allocation for BSW: 9584.6810 MB
[M::memoryAllocLearned::MEME] Reading Learned-index models into memory
[Learned-Config] MODE:3 SEARCH_METHOD: 1 MEM_TRADEOFF:1 EXPONENTIAL_SMEMSEARCH: 1 DEBUG_MODE:0 Num 2nd Models:268435456 PWL Bits Used:28
[M::memoryAllocLearned::MEME] Loading RMI model and Pac reference file took 20.067 sec
[M::memoryAllocLearned::MEME] Reading suffix array into memory
[M::memoryAllocLearned::MEME] Loading pos_packed file took 31.122 sec
[M::memoryAllocLearned::MEME] Generating SA, 64-bit Suffix and ISA in memory
[M::memoryAllocLearned::MEME] Runtime-build-index took 29.335 sec
3. Memory pre-allocation for BWT: 14070.0171 MB
------------------------------------------
* Threads used (compute): 40
* No. of pipeline threads: 2

[0000] read_chunk: 400000000, work_chunk_size: 400000168, nseq: 3160582
	[0000][ M::kt_pipeline] read 3160582 sequences (400000168 bp)...
[0000] Reallocating initial memory allocations!!
[0000] Calling mem_process_seqs.., task: 0
[0000] 1. Calling kt_for - worker_bwt
[0000] 2. Calling kt_for - worker_aln
[0000] Inferring insert size distribution of PE reads from data, l_pac: 1342662642, n: 3160582
[0000][PE] # candidate unique pairs for (FF, FR, RF, RR): (26, 1157912, 26, 28)
[0000][PE] analyzing insert size distribution for orientation FF...
[0000][PE] (25, 50, 75) percentile: (103, 125, 222)
[0000][PE] low and high boundaries for computing mean and std.dev: (1, 460)
[0000][PE] mean and std.dev: (142.00, 87.73)
[0000][PE] low and high boundaries for proper pairs: (1, 579)
[0000][PE] analyzing insert size distribution for orientation FR...
[0000][PE] (25, 50, 75) percentile: (108, 149, 197)
[0000][PE] low and high boundaries for computing mean and std.dev: (1, 375)
[0000][PE] mean and std.dev: (156.16, 66.75)
[0000][PE] low and high boundaries for proper pairs: (1, 464)
[0000][PE] analyzing insert size distribution for orientation RF...
[0000][PE] (25, 50, 75) percentile: (131, 296, 539)
[0000][PE] low and high boundaries for computing mean and std.dev: (1, 1355)
[0000][PE] mean and std.dev: (363.64, 277.29)
[0000][PE] low and high boundaries for proper pairs: (1, 1763)
[0000][PE] analyzing insert size distribution for orientation RR...
[0000][PE] (25, 50, 75) percentile: (80, 114, 189)
[0000][PE] low and high boundaries for computing mean and std.dev: (1, 407)
[0000][PE] mean and std.dev: (118.24, 69.62)
[0000][PE] low and high boundaries for proper pairs: (1, 516)
[0000][PE] skip orientation FF
[0000][PE] skip orientation RF
[0000][PE] skip orientation RR
[0000] 3. Calling kt_for - worker_sam
[0000] read_chunk: 400000000, work_chunk_size: 400000099, nseq: 3157116
	[0000][ M::kt_pipeline] read 3157116 sequences (400000099 bp)...
	[0000][ M::mem_process_seqs] Processed 3160582 reads in 377.952 CPU sec, 10.121 real sec
[0000] Calling mem_process_seqs.., task: 1
[0000] 1. Calling kt_for - worker_bwt
[0000] 2. Calling kt_for - worker_aln
[0000] Inferring insert size distribution of PE reads from data, l_pac: 1342662642, n: 3157116
[0000][PE] # candidate unique pairs for (FF, FR, RF, RR): (33, 1151223, 30, 28)
[0000][PE] analyzing insert size distribution for orientation FF...
[0000][PE] (25, 50, 75) percentile: (86, 105, 337)
[0000][PE] low and high boundaries for computing mean and std.dev: (1, 839)
[0000][PE] mean and std.dev: (184.34, 155.14)
[0000][PE] low and high boundaries for proper pairs: (1, 1090)
[0000][PE] analyzing insert size distribution for orientation FR...
[0000][PE] (25, 50, 75) percentile: (108, 149, 197)
[0000][PE] low and high boundaries for computing mean and std.dev: (1, 375)
[0000][PE] mean and std.dev: (156.24, 66.79)
[0000][PE] low and high boundaries for proper pairs: (1, 464)
[0000][PE] analyzing insert size distribution for orientation RF...
[0000][PE] (25, 50, 75) percentile: (124, 367, 778)
[0000][PE] low and high boundaries for computing mean and std.dev: (1, 2086)
[0000][PE] mean and std.dev: (434.11, 446.15)
[0000][PE] low and high boundaries for proper pairs: (1, 2740)
[0000][PE] analyzing insert size distribution for orientation RR...
[0000][PE] (25, 50, 75) percentile: (62, 111, 154)
[0000][PE] low and high boundaries for computing mean and std.dev: (1, 338)
[0000][PE] mean and std.dev: (105.16, 59.25)
[0000][PE] low and high boundaries for proper pairs: (1, 430)
[0000][PE] skip orientation FF
[0000][PE] skip orientation RF
[0000][PE] skip orientation RR
[0000] 3. Calling kt_for - worker_sam
	[0000][ M::mem_process_seqs] Processed 3157116 reads in 398.960 CPU sec, 11.377 real sec
[0000] read_chunk: 400000000, work_chunk_size: 324062124, nseq: 2560524
	[0000][ M::kt_pipeline] read 2560524 sequences (324062124 bp)...
[0000] Calling mem_process_seqs.., task: 2
[0000] 1. Calling kt_for - worker_bwt
[0000] read_chunk: 400000000, work_chunk_size: 0, nseq: 0
[0000] 2. Calling kt_for - worker_aln
[0000] Inferring insert size distribution of PE reads from data, l_pac: 1342662642, n: 2560524
[0000][PE] # candidate unique pairs for (FF, FR, RF, RR): (27, 939775, 20, 21)
[0000][PE] analyzing insert size distribution for orientation FF...
[0000][PE] (25, 50, 75) percentile: (103, 165, 205)
[0000][PE] low and high boundaries for computing mean and std.dev: (1, 409)
[0000][PE] mean and std.dev: (157.15, 66.74)
[0000][PE] low and high boundaries for proper pairs: (1, 511)
[0000][PE] analyzing insert size distribution for orientation FR...
[0000][PE] (25, 50, 75) percentile: (108, 148, 197)
[0000][PE] low and high boundaries for computing mean and std.dev: (1, 375)
[0000][PE] mean and std.dev: (156.07, 66.72)
[0000][PE] low and high boundaries for proper pairs: (1, 464)
[0000][PE] analyzing insert size distribution for orientation RF...
[0000][PE] (25, 50, 75) percentile: (295, 413, 852)
[0000][PE] low and high boundaries for computing mean and std.dev: (1, 1966)
[0000][PE] mean and std.dev: (449.00, 323.89)
[0000][PE] low and high boundaries for proper pairs: (1, 2523)
[0000][PE] analyzing insert size distribution for orientation RR...
[0000][PE] (25, 50, 75) percentile: (73, 117, 197)
[0000][PE] low and high boundaries for computing mean and std.dev: (1, 445)
[0000][PE] mean and std.dev: (109.79, 66.26)
[0000][PE] low and high boundaries for proper pairs: (1, 569)
[0000][PE] skip orientation FF
[0000][PE] skip orientation RF
[0000][PE] skip orientation RR
[0000] 3. Calling kt_for - worker_sam
	[0000][ M::mem_process_seqs] Processed 2560524 reads in 307.499 CPU sec, 8.496 real sec
[0000] read_chunk: 400000000, work_chunk_size: 0, nseq: 0
[0000] Computation ends..
No. of OMP threads: 40
Processor is running @2394.739790 MHz
Runtime profile:

	Time taken for main_mem function: 111.74 sec

	IO times (sec) :
	Reading IO time (reads) avg: 27.26, (27.26, 27.26)
	Writing IO time (SAM) avg: 8.63, (8.63, 8.63)
	Reading IO time (Reference Genome) avg: 1.80, (1.80, 1.80)
	Index read time avg: 0.27, (0.27, 0.27)

	Overall time (sec) (Excluding Index reading time):
	PROCESS() (Total compute time + (read + SAM) IO time) : 109.65
	MEM_PROCESS_SEQ() (Total compute time (Kernel + SAM)), avg: 29.99, (29.99, 29.99)

	 SAM Processing time (sec):
	--WORKER_SAM avg: 8.03, (8.03, 8.03)

	Kernels' compute time (sec):
	Total kernel (smem+sal+bsw) time avg: 21.05, (21.05, 21.05)
		MEM_ALN_CHAIN_FLT avg: 0.00, (0.00, 0.00)
		MEM_ALN_CHAIN_SEED avg: 0.00, (0.00, 0.00)
		ERT_SEED_CHAIN avg: 0.00, (0.00, 0.00)
	LEARNED_SEED_CHAIN avg: 8.89, (9.20, 8.83)
		SMEM compute avg: 0.00, (0.00, 0.00)
		SAL compute avg: 0.00, (0.00, 0.00)
				MEM_SA avg: 0.00, (0.00, 0.00)

		BSW time, avg: 11.03, (11.18, 10.81)

Important parameter settings: 
	BATCH_SIZE: 512
	MAX_SEQ_LEN_REF: 256
	MAX_SEQ_LEN_QER: 128
	MAX_SEQ_LEN8: 128
	SEEDS_PER_READ: 500
	SIMD_WIDTH8 X: 64
	SIMD_WIDTH16 X: 32
	AVG_SEEDS_PER_READ: 64
