Looking to launch executable "/opt/conda/bin/bwa-meme_mode3.avx512bw", simd = _mode3.avx512bw
Launching executable "/opt/conda/bin/bwa-meme_mode3.avx512bw"
-----------------------------
Executing in AVX512 mode!!
-----------------------------
* SA compression enabled with xfactor: 8
* Ref file: reference.genbank.Sor.fasta
* Entering FMI_search
Reading other elements of the index from files reference.genbank.Sor.fasta
* Index prefix: reference.genbank.Sor.fasta
* Read 0 ALT contigs
* Reading reference genome..
* Binary seq file = reference.genbank.Sor.fasta.0123
* Reference genome size: 2685325284 bp
* Done reading reference genome !!

------------------------------------------
1. Memory pre-allocation for Chaining: 5679.4903 MB
2. Memory pre-allocation for BSW: 9584.6810 MB
[M::memoryAllocLearned::MEME] Reading Learned-index models into memory
[Learned-Config] MODE:3 SEARCH_METHOD: 1 MEM_TRADEOFF:1 EXPONENTIAL_SMEMSEARCH: 1 DEBUG_MODE:0 Num 2nd Models:268435456 PWL Bits Used:28
[M::memoryAllocLearned::MEME] Loading RMI model and Pac reference file took 20.137 sec
[M::memoryAllocLearned::MEME] Reading suffix array into memory
[M::memoryAllocLearned::MEME] Loading pos_packed file took 31.213 sec
[M::memoryAllocLearned::MEME] Generating SA, 64-bit Suffix and ISA in memory
[M::memoryAllocLearned::MEME] Runtime-build-index took 29.801 sec
3. Memory pre-allocation for BWT: 14070.0171 MB
------------------------------------------
* Threads used (compute): 40
* No. of pipeline threads: 2

[0000] read_chunk: 400000000, work_chunk_size: 400000191, nseq: 3838122
	[0000][ M::kt_pipeline] read 3838122 sequences (400000191 bp)...
[0000] Reallocating initial memory allocations!!
[0000] Calling mem_process_seqs.., task: 0
[0000] 1. Calling kt_for - worker_bwt
[0000] 2. Calling kt_for - worker_aln
[0000] Inferring insert size distribution of PE reads from data, l_pac: 1342662642, n: 3838122
[0000][PE] # candidate unique pairs for (FF, FR, RF, RR): (15, 1369574, 16, 17)
[0000][PE] analyzing insert size distribution for orientation FF...
[0000][PE] (25, 50, 75) percentile: (63, 127, 446)
[0000][PE] low and high boundaries for computing mean and std.dev: (1, 1212)
[0000][PE] mean and std.dev: (171.36, 172.03)
[0000][PE] low and high boundaries for proper pairs: (1, 1595)
[0000][PE] analyzing insert size distribution for orientation FR...
[0000][PE] (25, 50, 75) percentile: (69, 106, 158)
[0000][PE] low and high boundaries for computing mean and std.dev: (1, 336)
[0000][PE] mean and std.dev: (118.74, 62.35)
[0000][PE] low and high boundaries for proper pairs: (1, 425)
[0000][PE] analyzing insert size distribution for orientation RF...
[0000][PE] (25, 50, 75) percentile: (219, 491, 1170)
[0000][PE] low and high boundaries for computing mean and std.dev: (1, 3072)
[0000][PE] mean and std.dev: (520.21, 446.79)
[0000][PE] low and high boundaries for proper pairs: (1, 4023)
[0000][PE] analyzing insert size distribution for orientation RR...
[0000][PE] (25, 50, 75) percentile: (55, 89, 135)
[0000][PE] low and high boundaries for computing mean and std.dev: (1, 295)
[0000][PE] mean and std.dev: (102.94, 64.07)
[0000][PE] low and high boundaries for proper pairs: (1, 375)
[0000][PE] skip orientation FF
[0000][PE] skip orientation RF
[0000][PE] skip orientation RR
[0000] 3. Calling kt_for - worker_sam
[0000] read_chunk: 400000000, work_chunk_size: 400000076, nseq: 3835914
	[0000][ M::kt_pipeline] read 3835914 sequences (400000076 bp)...
	[0000][ M::mem_process_seqs] Processed 3838122 reads in 426.380 CPU sec, 11.375 real sec
[0000] Calling mem_process_seqs.., task: 1
[0000] 1. Calling kt_for - worker_bwt
[0000] 2. Calling kt_for - worker_aln
[0000] read_chunk: 400000000, work_chunk_size: 37829731, nseq: 362350
	[0000][ M::kt_pipeline] read 362350 sequences (37829731 bp)...
[0000] Inferring insert size distribution of PE reads from data, l_pac: 1342662642, n: 3835914
[0000][PE] # candidate unique pairs for (FF, FR, RF, RR): (16, 1368303, 18, 18)
[0000][PE] analyzing insert size distribution for orientation FF...
[0000][PE] (25, 50, 75) percentile: (41, 114, 208)
[0000][PE] low and high boundaries for computing mean and std.dev: (1, 542)
[0000][PE] mean and std.dev: (129.12, 129.88)
[0000][PE] low and high boundaries for proper pairs: (1, 709)
[0000][PE] analyzing insert size distribution for orientation FR...
[0000][PE] (25, 50, 75) percentile: (70, 106, 158)
[0000][PE] low and high boundaries for computing mean and std.dev: (1, 334)
[0000][PE] mean and std.dev: (118.63, 62.12)
[0000][PE] low and high boundaries for proper pairs: (1, 422)
[0000][PE] analyzing insert size distribution for orientation RF...
[0000][PE] (25, 50, 75) percentile: (87, 228, 349)
[0000][PE] low and high boundaries for computing mean and std.dev: (1, 873)
[0000][PE] mean and std.dev: (220.94, 172.28)
[0000][PE] low and high boundaries for proper pairs: (1, 1135)
[0000][PE] analyzing insert size distribution for orientation RR...
[0000][PE] (25, 50, 75) percentile: (70, 101, 117)
[0000][PE] low and high boundaries for computing mean and std.dev: (1, 211)
[0000][PE] mean and std.dev: (88.59, 34.58)
[0000][PE] low and high boundaries for proper pairs: (1, 258)
[0000][PE] skip orientation FF
[0000][PE] skip orientation RF
[0000][PE] skip orientation RR
[0000] 3. Calling kt_for - worker_sam
	[0000][ M::mem_process_seqs] Processed 3835914 reads in 431.726 CPU sec, 11.930 real sec
[0000] Calling mem_process_seqs.., task: 2
[0000] 1. Calling kt_for - worker_bwt
[0000] 2. Calling kt_for - worker_aln
[0000] Inferring insert size distribution of PE reads from data, l_pac: 1342662642, n: 362350
[0000][PE] # candidate unique pairs for (FF, FR, RF, RR): (1, 129032, 2, 4)
[0000][PE] skip orientation FF as there are not enough pairs
[0000][PE] analyzing insert size distribution for orientation FR...
[0000][PE] (25, 50, 75) percentile: (70, 107, 158)
[0000][PE] low and high boundaries for computing mean and std.dev: (1, 334)
[0000][PE] mean and std.dev: (118.80, 62.01)
[0000][PE] low and high boundaries for proper pairs: (1, 422)
[0000][PE] skip orientation RF as there are not enough pairs
[0000][PE] skip orientation RR as there are not enough pairs
[0000] 3. Calling kt_for - worker_sam
	[0000][ M::mem_process_seqs] Processed 362350 reads in 44.447 CPU sec, 1.829 real sec
[0000] read_chunk: 400000000, work_chunk_size: 0, nseq: 0
[0000] read_chunk: 400000000, work_chunk_size: 0, nseq: 0
[0000] Computation ends..
No. of OMP threads: 40
Processor is running @2394.711384 MHz
Runtime profile:

	Time taken for main_mem function: 107.05 sec

	IO times (sec) :
	Reading IO time (reads) avg: 22.15, (22.15, 22.15)
	Writing IO time (SAM) avg: 8.19, (8.19, 8.19)
	Reading IO time (Reference Genome) avg: 1.84, (1.84, 1.84)
	Index read time avg: 0.29, (0.29, 0.29)

	Overall time (sec) (Excluding Index reading time):
	PROCESS() (Total compute time + (read + SAM) IO time) : 104.91
	MEM_PROCESS_SEQ() (Total compute time (Kernel + SAM)), avg: 25.13, (25.13, 25.13)

	 SAM Processing time (sec):
	--WORKER_SAM avg: 6.52, (6.52, 6.52)

	Kernels' compute time (sec):
	Total kernel (smem+sal+bsw) time avg: 17.79, (17.79, 17.79)
		MEM_ALN_CHAIN_FLT avg: 0.00, (0.00, 0.00)
		MEM_ALN_CHAIN_SEED avg: 0.00, (0.00, 0.00)
		ERT_SEED_CHAIN avg: 0.00, (0.00, 0.00)
	LEARNED_SEED_CHAIN avg: 7.49, (7.60, 7.44)
		SMEM compute avg: 0.00, (0.00, 0.00)
		SAL compute avg: 0.00, (0.00, 0.00)
				MEM_SA avg: 0.00, (0.00, 0.00)

		BSW time, avg: 9.04, (9.26, 8.91)

Important parameter settings: 
	BATCH_SIZE: 512
	MAX_SEQ_LEN_REF: 256
	MAX_SEQ_LEN_QER: 128
	MAX_SEQ_LEN8: 128
	SEEDS_PER_READ: 500
	SIMD_WIDTH8 X: 64
	SIMD_WIDTH16 X: 32
	AVG_SEEDS_PER_READ: 64
