Looking to launch executable "/opt/conda/bin/bwa-meme_mode3.avx512bw", simd = _mode3.avx512bw
Launching executable "/opt/conda/bin/bwa-meme_mode3.avx512bw"
-----------------------------
Executing in AVX512 mode!!
-----------------------------
* SA compression enabled with xfactor: 8
* Ref file: reference.genbank.Sor.fasta
* Entering FMI_search
Reading other elements of the index from files reference.genbank.Sor.fasta
* Index prefix: reference.genbank.Sor.fasta
* Read 0 ALT contigs
* Reading reference genome..
* Binary seq file = reference.genbank.Sor.fasta.0123
* Reference genome size: 2685325284 bp
* Done reading reference genome !!

------------------------------------------
1. Memory pre-allocation for Chaining: 5679.4903 MB
2. Memory pre-allocation for BSW: 9584.6810 MB
[M::memoryAllocLearned::MEME] Reading Learned-index models into memory
[Learned-Config] MODE:3 SEARCH_METHOD: 1 MEM_TRADEOFF:1 EXPONENTIAL_SMEMSEARCH: 1 DEBUG_MODE:0 Num 2nd Models:268435456 PWL Bits Used:28
[M::memoryAllocLearned::MEME] Loading RMI model and Pac reference file took 19.989 sec
[M::memoryAllocLearned::MEME] Reading suffix array into memory
[M::memoryAllocLearned::MEME] Loading pos_packed file took 30.882 sec
[M::memoryAllocLearned::MEME] Generating SA, 64-bit Suffix and ISA in memory
[M::memoryAllocLearned::MEME] Runtime-build-index took 29.370 sec
3. Memory pre-allocation for BWT: 14070.0171 MB
------------------------------------------
* Threads used (compute): 40
* No. of pipeline threads: 2

[0000] read_chunk: 400000000, work_chunk_size: 400000096, nseq: 3837784
	[0000][ M::kt_pipeline] read 3837784 sequences (400000096 bp)...
[0000] Reallocating initial memory allocations!!
[0000] Calling mem_process_seqs.., task: 0
[0000] 1. Calling kt_for - worker_bwt
[0000] 2. Calling kt_for - worker_aln
[0000] Inferring insert size distribution of PE reads from data, l_pac: 1342662642, n: 3837784
[0000][PE] # candidate unique pairs for (FF, FR, RF, RR): (34, 1382449, 21, 23)
[0000][PE] analyzing insert size distribution for orientation FF...
[0000][PE] (25, 50, 75) percentile: (63, 103, 171)
[0000][PE] low and high boundaries for computing mean and std.dev: (1, 387)
[0000][PE] mean and std.dev: (99.68, 51.83)
[0000][PE] low and high boundaries for proper pairs: (1, 495)
[0000][PE] analyzing insert size distribution for orientation FR...
[0000][PE] (25, 50, 75) percentile: (70, 106, 153)
[0000][PE] low and high boundaries for computing mean and std.dev: (1, 319)
[0000][PE] mean and std.dev: (116.57, 58.47)
[0000][PE] low and high boundaries for proper pairs: (1, 402)
[0000][PE] analyzing insert size distribution for orientation RF...
[0000][PE] (25, 50, 75) percentile: (186, 334, 482)
[0000][PE] low and high boundaries for computing mean and std.dev: (1, 1074)
[0000][PE] mean and std.dev: (405.05, 299.27)
[0000][PE] low and high boundaries for proper pairs: (1, 1602)
[0000][PE] analyzing insert size distribution for orientation RR...
[0000][PE] (25, 50, 75) percentile: (51, 85, 103)
[0000][PE] low and high boundaries for computing mean and std.dev: (1, 207)
[0000][PE] mean and std.dev: (76.00, 37.96)
[0000][PE] low and high boundaries for proper pairs: (1, 259)
[0000][PE] skip orientation FF
[0000][PE] skip orientation RF
[0000][PE] skip orientation RR
[0000] 3. Calling kt_for - worker_sam
[0000] read_chunk: 400000000, work_chunk_size: 400000053, nseq: 3841440
	[0000][ M::kt_pipeline] read 3841440 sequences (400000053 bp)...
	[0000][ M::mem_process_seqs] Processed 3837784 reads in 412.388 CPU sec, 11.358 real sec
[0000] Reallocating initial memory allocations!!
[0000] Calling mem_process_seqs.., task: 1
[0000] 1. Calling kt_for - worker_bwt
[0000] 2. Calling kt_for - worker_aln
[0000] Inferring insert size distribution of PE reads from data, l_pac: 1342662642, n: 3841440
[0000][PE] # candidate unique pairs for (FF, FR, RF, RR): (30, 1388065, 20, 26)
[0000][PE] analyzing insert size distribution for orientation FF...
[0000][PE] (25, 50, 75) percentile: (42, 101, 149)
[0000][PE] low and high boundaries for computing mean and std.dev: (1, 363)
[0000][PE] mean and std.dev: (101.21, 71.62)
[0000][PE] low and high boundaries for proper pairs: (1, 470)
[0000][PE] analyzing insert size distribution for orientation FR...
[0000][PE] (25, 50, 75) percentile: (70, 105, 153)
[0000][PE] low and high boundaries for computing mean and std.dev: (1, 319)
[0000][PE] mean and std.dev: (116.46, 58.41)
[0000][PE] low and high boundaries for proper pairs: (1, 402)
[0000][PE] analyzing insert size distribution for orientation RF...
[0000][PE] (25, 50, 75) percentile: (103, 204, 417)
[0000][PE] low and high boundaries for computing mean and std.dev: (1, 1045)
[0000][PE] mean and std.dev: (231.67, 225.36)
[0000][PE] low and high boundaries for proper pairs: (1, 1359)
[0000][PE] analyzing insert size distribution for orientation RR...
[0000][PE] (25, 50, 75) percentile: (66, 78, 123)
[0000][PE] low and high boundaries for computing mean and std.dev: (1, 237)
[0000][PE] mean and std.dev: (74.52, 32.85)
[0000][PE] low and high boundaries for proper pairs: (1, 294)
[0000][PE] skip orientation FF
[0000][PE] skip orientation RF
[0000][PE] skip orientation RR
[0000] 3. Calling kt_for - worker_sam
[0000] read_chunk: 400000000, work_chunk_size: 400000017, nseq: 3834488
	[0000][ M::kt_pipeline] read 3834488 sequences (400000017 bp)...
	[0000][ M::mem_process_seqs] Processed 3841440 reads in 408.616 CPU sec, 10.927 real sec
[0000] Calling mem_process_seqs.., task: 2
[0000] 1. Calling kt_for - worker_bwt
[0000] 2. Calling kt_for - worker_aln
[0000] Inferring insert size distribution of PE reads from data, l_pac: 1342662642, n: 3834488
[0000][PE] # candidate unique pairs for (FF, FR, RF, RR): (26, 1380158, 12, 31)
[0000][PE] analyzing insert size distribution for orientation FF...
[0000][PE] (25, 50, 75) percentile: (80, 132, 152)
[0000][PE] low and high boundaries for computing mean and std.dev: (1, 296)
[0000][PE] mean and std.dev: (110.17, 58.11)
[0000][PE] low and high boundaries for proper pairs: (1, 368)
[0000][PE] analyzing insert size distribution for orientation FR...
[0000][PE] (25, 50, 75) percentile: (71, 106, 153)
[0000][PE] low and high boundaries for computing mean and std.dev: (1, 317)
[0000][PE] mean and std.dev: (116.49, 58.34)
[0000][PE] low and high boundaries for proper pairs: (1, 399)
[0000][PE] analyzing insert size distribution for orientation RF...
[0000][PE] (25, 50, 75) percentile: (154, 335, 744)
[0000][PE] low and high boundaries for computing mean and std.dev: (1, 1924)
[0000][PE] mean and std.dev: (335.64, 262.04)
[0000][PE] low and high boundaries for proper pairs: (1, 2514)
[0000][PE] analyzing insert size distribution for orientation RR...
[0000][PE] (25, 50, 75) percentile: (57, 144, 216)
[0000][PE] low and high boundaries for computing mean and std.dev: (1, 534)
[0000][PE] mean and std.dev: (124.85, 81.28)
[0000][PE] low and high boundaries for proper pairs: (1, 693)
[0000][PE] skip orientation FF
[0000][PE] skip orientation RF
[0000][PE] skip orientation RR
[0000] 3. Calling kt_for - worker_sam
	[0000][ M::mem_process_seqs] Processed 3834488 reads in 432.250 CPU sec, 11.857 real sec
[0000] read_chunk: 400000000, work_chunk_size: 400000233, nseq: 3839396
	[0000][ M::kt_pipeline] read 3839396 sequences (400000233 bp)...
[0000] Calling mem_process_seqs.., task: 3
[0000] 1. Calling kt_for - worker_bwt
[0000] read_chunk: 400000000, work_chunk_size: 30140891, nseq: 288568
	[0000][ M::kt_pipeline] read 288568 sequences (30140891 bp)...
[0000] 2. Calling kt_for - worker_aln
[0000] Inferring insert size distribution of PE reads from data, l_pac: 1342662642, n: 3839396
[0000][PE] # candidate unique pairs for (FF, FR, RF, RR): (26, 1388453, 11, 26)
[0000][PE] analyzing insert size distribution for orientation FF...
[0000][PE] (25, 50, 75) percentile: (76, 119, 227)
[0000][PE] low and high boundaries for computing mean and std.dev: (1, 529)
[0000][PE] mean and std.dev: (126.83, 96.07)
[0000][PE] low and high boundaries for proper pairs: (1, 680)
[0000][PE] analyzing insert size distribution for orientation FR...
[0000][PE] (25, 50, 75) percentile: (70, 106, 153)
[0000][PE] low and high boundaries for computing mean and std.dev: (1, 319)
[0000][PE] mean and std.dev: (116.57, 58.48)
[0000][PE] low and high boundaries for proper pairs: (1, 402)
[0000][PE] analyzing insert size distribution for orientation RF...
[0000][PE] (25, 50, 75) percentile: (123, 276, 834)
[0000][PE] low and high boundaries for computing mean and std.dev: (1, 2256)
[0000][PE] mean and std.dev: (344.90, 317.09)
[0000][PE] low and high boundaries for proper pairs: (1, 2967)
[0000][PE] analyzing insert size distribution for orientation RR...
[0000][PE] (25, 50, 75) percentile: (66, 104, 145)
[0000][PE] low and high boundaries for computing mean and std.dev: (1, 303)
[0000][PE] mean and std.dev: (103.04, 49.75)
[0000][PE] low and high boundaries for proper pairs: (1, 382)
[0000][PE] skip orientation FF
[0000][PE] skip orientation RF
[0000][PE] skip orientation RR
[0000] 3. Calling kt_for - worker_sam
	[0000][ M::mem_process_seqs] Processed 3839396 reads in 410.096 CPU sec, 11.119 real sec
[0000] Calling mem_process_seqs.., task: 4
[0000] 1. Calling kt_for - worker_bwt
[0000] 2. Calling kt_for - worker_aln
[0000] Inferring insert size distribution of PE reads from data, l_pac: 1342662642, n: 288568
[0000][PE] # candidate unique pairs for (FF, FR, RF, RR): (1, 103497, 0, 1)
[0000][PE] skip orientation FF as there are not enough pairs
[0000][PE] analyzing insert size distribution for orientation FR...
[0000][PE] (25, 50, 75) percentile: (71, 106, 154)
[0000][PE] low and high boundaries for computing mean and std.dev: (1, 320)
[0000][PE] mean and std.dev: (116.90, 58.59)
[0000][PE] low and high boundaries for proper pairs: (1, 403)
[0000][PE] skip orientation RF as there are not enough pairs
[0000][PE] skip orientation RR as there are not enough pairs
[0000] 3. Calling kt_for - worker_sam
	[0000][ M::mem_process_seqs] Processed 288568 reads in 36.333 CPU sec, 1.625 real sec
[0000] read_chunk: 400000000, work_chunk_size: 0, nseq: 0
[0000] read_chunk: 400000000, work_chunk_size: 0, nseq: 0
[0000] Computation ends..
No. of OMP threads: 40
Processor is running @2394.732684 MHz
Runtime profile:

	Time taken for main_mem function: 134.91 sec

	IO times (sec) :
	Reading IO time (reads) avg: 42.55, (42.55, 42.55)
	Writing IO time (SAM) avg: 12.05, (12.05, 12.05)
	Reading IO time (Reference Genome) avg: 1.79, (1.79, 1.79)
	Index read time avg: 0.28, (0.28, 0.28)

	Overall time (sec) (Excluding Index reading time):
	PROCESS() (Total compute time + (read + SAM) IO time) : 132.83
	MEM_PROCESS_SEQ() (Total compute time (Kernel + SAM)), avg: 46.88, (46.88, 46.88)

	 SAM Processing time (sec):
	--WORKER_SAM avg: 12.08, (12.08, 12.08)

	Kernels' compute time (sec):
	Total kernel (smem+sal+bsw) time avg: 33.14, (33.14, 33.14)
		MEM_ALN_CHAIN_FLT avg: 0.00, (0.00, 0.00)
		MEM_ALN_CHAIN_SEED avg: 0.00, (0.00, 0.00)
		ERT_SEED_CHAIN avg: 0.00, (0.00, 0.00)
	LEARNED_SEED_CHAIN avg: 14.30, (14.42, 14.24)
		SMEM compute avg: 0.00, (0.00, 0.00)
		SAL compute avg: 0.00, (0.00, 0.00)
				MEM_SA avg: 0.00, (0.00, 0.00)

		BSW time, avg: 17.09, (17.25, 16.92)

Important parameter settings: 
	BATCH_SIZE: 512
	MAX_SEQ_LEN_REF: 256
	MAX_SEQ_LEN_QER: 128
	MAX_SEQ_LEN8: 128
	SEEDS_PER_READ: 500
	SIMD_WIDTH8 X: 64
	SIMD_WIDTH16 X: 32
	AVG_SEEDS_PER_READ: 64
