Looking to launch executable "/opt/conda/bin/bwa-meme_mode3.avx512bw", simd = _mode3.avx512bw
Launching executable "/opt/conda/bin/bwa-meme_mode3.avx512bw"
-----------------------------
Executing in AVX512 mode!!
-----------------------------
* SA compression enabled with xfactor: 8
* Ref file: reference.genbank.Sor.fasta
* Entering FMI_search
Reading other elements of the index from files reference.genbank.Sor.fasta
* Index prefix: reference.genbank.Sor.fasta
* Read 0 ALT contigs
* Reading reference genome..
* Binary seq file = reference.genbank.Sor.fasta.0123
* Reference genome size: 2685325284 bp
* Done reading reference genome !!

------------------------------------------
1. Memory pre-allocation for Chaining: 5679.4903 MB
2. Memory pre-allocation for BSW: 9584.6810 MB
[M::memoryAllocLearned::MEME] Reading Learned-index models into memory
[Learned-Config] MODE:3 SEARCH_METHOD: 1 MEM_TRADEOFF:1 EXPONENTIAL_SMEMSEARCH: 1 DEBUG_MODE:0 Num 2nd Models:268435456 PWL Bits Used:28
[M::memoryAllocLearned::MEME] Loading RMI model and Pac reference file took 20.125 sec
[M::memoryAllocLearned::MEME] Reading suffix array into memory
[M::memoryAllocLearned::MEME] Loading pos_packed file took 31.279 sec
[M::memoryAllocLearned::MEME] Generating SA, 64-bit Suffix and ISA in memory
[M::memoryAllocLearned::MEME] Runtime-build-index took 29.276 sec
3. Memory pre-allocation for BWT: 14070.0171 MB
------------------------------------------
* Threads used (compute): 40
* No. of pipeline threads: 2

[0000] read_chunk: 400000000, work_chunk_size: 400000042, nseq: 3628724
	[0000][ M::kt_pipeline] read 3628724 sequences (400000042 bp)...
[0000] Reallocating initial memory allocations!!
[0000] Calling mem_process_seqs.., task: 0
[0000] 1. Calling kt_for - worker_bwt
[0000] 2. Calling kt_for - worker_aln
[0000] Inferring insert size distribution of PE reads from data, l_pac: 1342662642, n: 3628724
[0000][PE] # candidate unique pairs for (FF, FR, RF, RR): (40, 1307954, 16, 49)
[0000][PE] analyzing insert size distribution for orientation FF...
[0000][PE] (25, 50, 75) percentile: (99, 136, 341)
[0000][PE] low and high boundaries for computing mean and std.dev: (1, 825)
[0000][PE] mean and std.dev: (214.51, 204.20)
[0000][PE] low and high boundaries for proper pairs: (1, 1067)
[0000][PE] analyzing insert size distribution for orientation FR...
[0000][PE] (25, 50, 75) percentile: (78, 116, 166)
[0000][PE] low and high boundaries for computing mean and std.dev: (1, 342)
[0000][PE] mean and std.dev: (126.74, 63.01)
[0000][PE] low and high boundaries for proper pairs: (1, 430)
[0000][PE] analyzing insert size distribution for orientation RF...
[0000][PE] (25, 50, 75) percentile: (205, 385, 1648)
[0000][PE] low and high boundaries for computing mean and std.dev: (1, 4534)
[0000][PE] mean and std.dev: (740.13, 885.91)
[0000][PE] low and high boundaries for proper pairs: (1, 5977)
[0000][PE] analyzing insert size distribution for orientation RR...
[0000][PE] (25, 50, 75) percentile: (95, 145, 399)
[0000][PE] low and high boundaries for computing mean and std.dev: (1, 1007)
[0000][PE] mean and std.dev: (165.05, 129.59)
[0000][PE] low and high boundaries for proper pairs: (1, 1311)
[0000][PE] skip orientation FF
[0000][PE] skip orientation RF
[0000][PE] skip orientation RR
[0000] 3. Calling kt_for - worker_sam
[0000] read_chunk: 400000000, work_chunk_size: 400000006, nseq: 3629510
	[0000][ M::kt_pipeline] read 3629510 sequences (400000006 bp)...
	[0000][ M::mem_process_seqs] Processed 3628724 reads in 391.188 CPU sec, 10.515 real sec
[0000] Reallocating initial memory allocations!!
[0000] Calling mem_process_seqs.., task: 1
[0000] 1. Calling kt_for - worker_bwt
[0000] 2. Calling kt_for - worker_aln
[0000] Inferring insert size distribution of PE reads from data, l_pac: 1342662642, n: 3629510
[0000][PE] # candidate unique pairs for (FF, FR, RF, RR): (58, 1311388, 26, 52)
[0000][PE] analyzing insert size distribution for orientation FF...
[0000][PE] (25, 50, 75) percentile: (109, 164, 303)
[0000][PE] low and high boundaries for computing mean and std.dev: (1, 691)
[0000][PE] mean and std.dev: (191.19, 135.38)
[0000][PE] low and high boundaries for proper pairs: (1, 885)
[0000][PE] analyzing insert size distribution for orientation FR...
[0000][PE] (25, 50, 75) percentile: (78, 116, 166)
[0000][PE] low and high boundaries for computing mean and std.dev: (1, 342)
[0000][PE] mean and std.dev: (126.58, 62.90)
[0000][PE] low and high boundaries for proper pairs: (1, 430)
[0000][PE] analyzing insert size distribution for orientation RF...
[0000][PE] (25, 50, 75) percentile: (63, 274, 605)
[0000][PE] low and high boundaries for computing mean and std.dev: (1, 1689)
[0000][PE] mean and std.dev: (339.08, 330.70)
[0000][PE] low and high boundaries for proper pairs: (1, 2231)
[0000][PE] analyzing insert size distribution for orientation RR...
[0000][PE] (25, 50, 75) percentile: (86, 153, 281)
[0000][PE] low and high boundaries for computing mean and std.dev: (1, 671)
[0000][PE] mean and std.dev: (164.76, 126.53)
[0000][PE] low and high boundaries for proper pairs: (1, 866)
[0000][PE] skip orientation FF
[0000][PE] skip orientation RF
[0000][PE] skip orientation RR
[0000] 3. Calling kt_for - worker_sam
[0000] read_chunk: 400000000, work_chunk_size: 400000047, nseq: 3618848
	[0000][ M::kt_pipeline] read 3618848 sequences (400000047 bp)...
	[0000][ M::mem_process_seqs] Processed 3629510 reads in 397.591 CPU sec, 10.517 real sec
[0000] Calling mem_process_seqs.., task: 2
[0000] 1. Calling kt_for - worker_bwt
[0000] 2. Calling kt_for - worker_aln
[0000] Inferring insert size distribution of PE reads from data, l_pac: 1342662642, n: 3618848
[0000][PE] # candidate unique pairs for (FF, FR, RF, RR): (42, 1297168, 21, 48)
[0000][PE] analyzing insert size distribution for orientation FF...
[0000][PE] (25, 50, 75) percentile: (103, 186, 269)
[0000][PE] low and high boundaries for computing mean and std.dev: (1, 601)
[0000][PE] mean and std.dev: (179.79, 118.22)
[0000][PE] low and high boundaries for proper pairs: (1, 767)
[0000][PE] analyzing insert size distribution for orientation FR...
[0000][PE] (25, 50, 75) percentile: (78, 116, 166)
[0000][PE] low and high boundaries for computing mean and std.dev: (1, 342)
[0000][PE] mean and std.dev: (126.74, 62.97)
[0000][PE] low and high boundaries for proper pairs: (1, 430)
[0000][PE] analyzing insert size distribution for orientation RF...
[0000][PE] (25, 50, 75) percentile: (130, 323, 887)
[0000][PE] low and high boundaries for computing mean and std.dev: (1, 2401)
[0000][PE] mean and std.dev: (457.10, 439.04)
[0000][PE] low and high boundaries for proper pairs: (1, 3158)
[0000][PE] analyzing insert size distribution for orientation RR...
[0000][PE] (25, 50, 75) percentile: (125, 214, 397)
[0000][PE] low and high boundaries for computing mean and std.dev: (1, 941)
[0000][PE] mean and std.dev: (234.65, 160.80)
[0000][PE] low and high boundaries for proper pairs: (1, 1213)
[0000][PE] skip orientation FF
[0000][PE] skip orientation RF
[0000][PE] skip orientation RR
[0000] 3. Calling kt_for - worker_sam
	[0000][ M::mem_process_seqs] Processed 3618848 reads in 424.669 CPU sec, 11.487 real sec
[0000] read_chunk: 400000000, work_chunk_size: 400000190, nseq: 3630342
	[0000][ M::kt_pipeline] read 3630342 sequences (400000190 bp)...
[0000] Reallocating initial memory allocations!!
[0000] Calling mem_process_seqs.., task: 3
[0000] 1. Calling kt_for - worker_bwt
[0000] 2. Calling kt_for - worker_aln
[0000] read_chunk: 400000000, work_chunk_size: 400000138, nseq: 3629542
	[0000][ M::kt_pipeline] read 3629542 sequences (400000138 bp)...
[0000] Inferring insert size distribution of PE reads from data, l_pac: 1342662642, n: 3630342
[0000][PE] # candidate unique pairs for (FF, FR, RF, RR): (45, 1312529, 19, 39)
[0000][PE] analyzing insert size distribution for orientation FF...
[0000][PE] (25, 50, 75) percentile: (96, 160, 369)
[0000][PE] low and high boundaries for computing mean and std.dev: (1, 915)
[0000][PE] mean and std.dev: (215.19, 195.76)
[0000][PE] low and high boundaries for proper pairs: (1, 1188)
[0000][PE] analyzing insert size distribution for orientation FR...
[0000][PE] (25, 50, 75) percentile: (78, 116, 166)
[0000][PE] low and high boundaries for computing mean and std.dev: (1, 342)
[0000][PE] mean and std.dev: (126.66, 62.95)
[0000][PE] low and high boundaries for proper pairs: (1, 430)
[0000][PE] analyzing insert size distribution for orientation RF...
[0000][PE] (25, 50, 75) percentile: (140, 349, 994)
[0000][PE] low and high boundaries for computing mean and std.dev: (1, 2702)
[0000][PE] mean and std.dev: (392.24, 348.37)
[0000][PE] low and high boundaries for proper pairs: (1, 3556)
[0000][PE] analyzing insert size distribution for orientation RR...
[0000][PE] (25, 50, 75) percentile: (97, 170, 260)
[0000][PE] low and high boundaries for computing mean and std.dev: (1, 586)
[0000][PE] mean and std.dev: (156.91, 88.61)
[0000][PE] low and high boundaries for proper pairs: (1, 749)
[0000][PE] skip orientation FF
[0000][PE] skip orientation RF
[0000][PE] skip orientation RR
[0000] 3. Calling kt_for - worker_sam
	[0000][ M::mem_process_seqs] Processed 3630342 reads in 401.864 CPU sec, 12.293 real sec
[0000] Calling mem_process_seqs.., task: 4
[0000] 1. Calling kt_for - worker_bwt
[0000] 2. Calling kt_for - worker_aln
[0000] read_chunk: 400000000, work_chunk_size: 98409596, nseq: 891628
	[0000][ M::kt_pipeline] read 891628 sequences (98409596 bp)...
[0000] Inferring insert size distribution of PE reads from data, l_pac: 1342662642, n: 3629542
[0000][PE] # candidate unique pairs for (FF, FR, RF, RR): (48, 1313032, 26, 54)
[0000][PE] analyzing insert size distribution for orientation FF...
[0000][PE] (25, 50, 75) percentile: (104, 181, 453)
[0000][PE] low and high boundaries for computing mean and std.dev: (1, 1151)
[0000][PE] mean and std.dev: (293.22, 291.89)
[0000][PE] low and high boundaries for proper pairs: (1, 1500)
[0000][PE] analyzing insert size distribution for orientation FR...
[0000][PE] (25, 50, 75) percentile: (78, 116, 166)
[0000][PE] low and high boundaries for computing mean and std.dev: (1, 342)
[0000][PE] mean and std.dev: (126.67, 62.97)
[0000][PE] low and high boundaries for proper pairs: (1, 430)
[0000][PE] analyzing insert size distribution for orientation RF...
[0000][PE] (25, 50, 75) percentile: (137, 305, 612)
[0000][PE] low and high boundaries for computing mean and std.dev: (1, 1562)
[0000][PE] mean and std.dev: (327.26, 294.54)
[0000][PE] low and high boundaries for proper pairs: (1, 2037)
[0000][PE] analyzing insert size distribution for orientation RR...
[0000][PE] (25, 50, 75) percentile: (93, 185, 257)
[0000][PE] low and high boundaries for computing mean and std.dev: (1, 585)
[0000][PE] mean and std.dev: (184.18, 129.01)
[0000][PE] low and high boundaries for proper pairs: (1, 749)
[0000][PE] skip orientation FF
[0000][PE] skip orientation RF
[0000][PE] skip orientation RR
[0000] 3. Calling kt_for - worker_sam
	[0000][ M::mem_process_seqs] Processed 3629542 reads in 400.566 CPU sec, 11.384 real sec
[0000] Calling mem_process_seqs.., task: 5
[0000] 1. Calling kt_for - worker_bwt
[0000] 2. Calling kt_for - worker_aln
[0000] Inferring insert size distribution of PE reads from data, l_pac: 1342662642, n: 891628
[0000][PE] # candidate unique pairs for (FF, FR, RF, RR): (19, 320580, 9, 8)
[0000][PE] analyzing insert size distribution for orientation FF...
[0000][PE] (25, 50, 75) percentile: (78, 94, 179)
[0000][PE] low and high boundaries for computing mean and std.dev: (1, 381)
[0000][PE] mean and std.dev: (110.47, 83.12)
[0000][PE] low and high boundaries for proper pairs: (1, 482)
[0000][PE] analyzing insert size distribution for orientation FR...
[0000][PE] (25, 50, 75) percentile: (78, 116, 166)
[0000][PE] low and high boundaries for computing mean and std.dev: (1, 342)
[0000][PE] mean and std.dev: (126.70, 62.81)
[0000][PE] low and high boundaries for proper pairs: (1, 430)
[0000][PE] skip orientation RF as there are not enough pairs
[0000][PE] skip orientation RR as there are not enough pairs
[0000][PE] skip orientation FF
[0000] 3. Calling kt_for - worker_sam
	[0000][ M::mem_process_seqs] Processed 891628 reads in 102.496 CPU sec, 3.378 real sec
[0000] read_chunk: 400000000, work_chunk_size: 0, nseq: 0
[0000] read_chunk: 400000000, work_chunk_size: 0, nseq: 0
[0000] Computation ends..
No. of OMP threads: 40
Processor is running @2394.708202 MHz
Runtime profile:

	Time taken for main_mem function: 153.24 sec

	IO times (sec) :
	Reading IO time (reads) avg: 55.25, (55.25, 55.25)
	Writing IO time (SAM) avg: 18.23, (18.23, 18.23)
	Reading IO time (Reference Genome) avg: 1.81, (1.81, 1.81)
	Index read time avg: 0.28, (0.28, 0.28)

	Overall time (sec) (Excluding Index reading time):
	PROCESS() (Total compute time + (read + SAM) IO time) : 151.14
	MEM_PROCESS_SEQ() (Total compute time (Kernel + SAM)), avg: 59.57, (59.57, 59.57)

	 SAM Processing time (sec):
	--WORKER_SAM avg: 15.45, (15.45, 15.45)

	Kernels' compute time (sec):
	Total kernel (smem+sal+bsw) time avg: 42.11, (42.11, 42.11)
		MEM_ALN_CHAIN_FLT avg: 0.00, (0.00, 0.00)
		MEM_ALN_CHAIN_SEED avg: 0.00, (0.00, 0.00)
		ERT_SEED_CHAIN avg: 0.00, (0.00, 0.00)
	LEARNED_SEED_CHAIN avg: 17.39, (17.60, 17.31)
		SMEM compute avg: 0.00, (0.00, 0.00)
		SAL compute avg: 0.00, (0.00, 0.00)
				MEM_SA avg: 0.00, (0.00, 0.00)

		BSW time, avg: 21.29, (22.67, 21.14)

Important parameter settings: 
	BATCH_SIZE: 512
	MAX_SEQ_LEN_REF: 256
	MAX_SEQ_LEN_QER: 128
	MAX_SEQ_LEN8: 128
	SEEDS_PER_READ: 500
	SIMD_WIDTH8 X: 64
	SIMD_WIDTH16 X: 32
	AVG_SEEDS_PER_READ: 64
