Looking to launch executable "/opt/conda/bin/bwa-meme_mode3.avx512bw", simd = _mode3.avx512bw
Launching executable "/opt/conda/bin/bwa-meme_mode3.avx512bw"
-----------------------------
Executing in AVX512 mode!!
-----------------------------
* SA compression enabled with xfactor: 8
* Ref file: reference.genbank.Sor.fasta
* Entering FMI_search
Reading other elements of the index from files reference.genbank.Sor.fasta
* Index prefix: reference.genbank.Sor.fasta
* Read 0 ALT contigs
* Reading reference genome..
* Binary seq file = reference.genbank.Sor.fasta.0123
* Reference genome size: 2685325284 bp
* Done reading reference genome !!

------------------------------------------
1. Memory pre-allocation for Chaining: 5679.4903 MB
2. Memory pre-allocation for BSW: 9584.6810 MB
[M::memoryAllocLearned::MEME] Reading Learned-index models into memory
[Learned-Config] MODE:3 SEARCH_METHOD: 1 MEM_TRADEOFF:1 EXPONENTIAL_SMEMSEARCH: 1 DEBUG_MODE:0 Num 2nd Models:268435456 PWL Bits Used:28
[M::memoryAllocLearned::MEME] Loading RMI model and Pac reference file took 16.081 sec
[M::memoryAllocLearned::MEME] Reading suffix array into memory
[M::memoryAllocLearned::MEME] Loading pos_packed file took 26.272 sec
[M::memoryAllocLearned::MEME] Generating SA, 64-bit Suffix and ISA in memory
[M::memoryAllocLearned::MEME] Runtime-build-index took 29.946 sec
3. Memory pre-allocation for BWT: 14070.0171 MB
------------------------------------------
* Threads used (compute): 40
* No. of pipeline threads: 2

[0000] read_chunk: 400000000, work_chunk_size: 280516833, nseq: 2330966
	[0000][ M::kt_pipeline] read 2330966 sequences (280516833 bp)...
[0000] Calling mem_process_seqs.., task: 0
[0000] 1. Calling kt_for - worker_bwt
[0000] read_chunk: 400000000, work_chunk_size: 0, nseq: 0
[0000] 2. Calling kt_for - worker_aln
[0000] Inferring insert size distribution of PE reads from data, l_pac: 1342662642, n: 2330966
[0000][PE] # candidate unique pairs for (FF, FR, RF, RR): (27, 846459, 20, 18)
[0000][PE] analyzing insert size distribution for orientation FF...
[0000][PE] (25, 50, 75) percentile: (79, 102, 161)
[0000][PE] low and high boundaries for computing mean and std.dev: (1, 325)
[0000][PE] mean and std.dev: (114.63, 59.38)
[0000][PE] low and high boundaries for proper pairs: (1, 407)
[0000][PE] analyzing insert size distribution for orientation FR...
[0000][PE] (25, 50, 75) percentile: (96, 136, 180)
[0000][PE] low and high boundaries for computing mean and std.dev: (1, 348)
[0000][PE] mean and std.dev: (141.92, 61.49)
[0000][PE] low and high boundaries for proper pairs: (1, 432)
[0000][PE] analyzing insert size distribution for orientation RF...
[0000][PE] (25, 50, 75) percentile: (133, 592, 962)
[0000][PE] low and high boundaries for computing mean and std.dev: (1, 2620)
[0000][PE] mean and std.dev: (458.94, 397.75)
[0000][PE] low and high boundaries for proper pairs: (1, 3449)
[0000][PE] analyzing insert size distribution for orientation RR...
[0000][PE] (25, 50, 75) percentile: (79, 115, 200)
[0000][PE] low and high boundaries for computing mean and std.dev: (1, 442)
[0000][PE] mean and std.dev: (129.67, 66.34)
[0000][PE] low and high boundaries for proper pairs: (1, 563)
[0000][PE] skip orientation FF
[0000][PE] skip orientation RF
[0000][PE] skip orientation RR
[0000] 3. Calling kt_for - worker_sam
	[0000][ M::mem_process_seqs] Processed 2330966 reads in 285.552 CPU sec, 7.754 real sec
[0000] read_chunk: 400000000, work_chunk_size: 0, nseq: 0
[0000] Computation ends..
No. of OMP threads: 40
Processor is running @2394.710590 MHz
Runtime profile:

	Time taken for main_mem function: 84.82 sec

	IO times (sec) :
	Reading IO time (reads) avg: 7.33, (7.33, 7.33)
	Writing IO time (SAM) avg: 1.45, (1.45, 1.45)
	Reading IO time (Reference Genome) avg: 2.06, (2.06, 2.06)
	Index read time avg: 0.27, (0.27, 0.27)

	Overall time (sec) (Excluding Index reading time):
	PROCESS() (Total compute time + (read + SAM) IO time) : 82.47
	MEM_PROCESS_SEQ() (Total compute time (Kernel + SAM)), avg: 7.75, (7.75, 7.75)

	 SAM Processing time (sec):
	--WORKER_SAM avg: 1.95, (1.95, 1.95)

	Kernels' compute time (sec):
	Total kernel (smem+sal+bsw) time avg: 5.56, (5.56, 5.56)
		MEM_ALN_CHAIN_FLT avg: 0.00, (0.00, 0.00)
		MEM_ALN_CHAIN_SEED avg: 0.00, (0.00, 0.00)
		ERT_SEED_CHAIN avg: 0.00, (0.00, 0.00)
	LEARNED_SEED_CHAIN avg: 2.40, (2.48, 2.38)
		SMEM compute avg: 0.00, (0.00, 0.00)
		SAL compute avg: 0.00, (0.00, 0.00)
				MEM_SA avg: 0.00, (0.00, 0.00)

		BSW time, avg: 2.88, (2.92, 2.81)

Important parameter settings: 
	BATCH_SIZE: 512
	MAX_SEQ_LEN_REF: 256
	MAX_SEQ_LEN_QER: 128
	MAX_SEQ_LEN8: 128
	SEEDS_PER_READ: 500
	SIMD_WIDTH8 X: 64
	SIMD_WIDTH16 X: 32
	AVG_SEEDS_PER_READ: 64
