Looking to launch executable "/opt/conda/bin/bwa-meme_mode3.avx512bw", simd = _mode3.avx512bw
Launching executable "/opt/conda/bin/bwa-meme_mode3.avx512bw"
-----------------------------
Executing in AVX512 mode!!
-----------------------------
* SA compression enabled with xfactor: 8
* Ref file: reference.genbank.Sor.fasta
* Entering FMI_search
Reading other elements of the index from files reference.genbank.Sor.fasta
* Index prefix: reference.genbank.Sor.fasta
* Read 0 ALT contigs
* Reading reference genome..
* Binary seq file = reference.genbank.Sor.fasta.0123
* Reference genome size: 2685325284 bp
* Done reading reference genome !!

------------------------------------------
1. Memory pre-allocation for Chaining: 5679.4903 MB
2. Memory pre-allocation for BSW: 9584.6810 MB
[M::memoryAllocLearned::MEME] Reading Learned-index models into memory
[Learned-Config] MODE:3 SEARCH_METHOD: 1 MEM_TRADEOFF:1 EXPONENTIAL_SMEMSEARCH: 1 DEBUG_MODE:0 Num 2nd Models:268435456 PWL Bits Used:28
[M::memoryAllocLearned::MEME] Loading RMI model and Pac reference file took 19.332 sec
[M::memoryAllocLearned::MEME] Reading suffix array into memory
[M::memoryAllocLearned::MEME] Loading pos_packed file took 30.317 sec
[M::memoryAllocLearned::MEME] Generating SA, 64-bit Suffix and ISA in memory
[M::memoryAllocLearned::MEME] Runtime-build-index took 28.553 sec
3. Memory pre-allocation for BWT: 14070.0171 MB
------------------------------------------
* Threads used (compute): 40
* No. of pipeline threads: 2

[0000] read_chunk: 400000000, work_chunk_size: 400000047, nseq: 3527920
	[0000][ M::kt_pipeline] read 3527920 sequences (400000047 bp)...
[0000] Reallocating initial memory allocations!!
[0000] Calling mem_process_seqs.., task: 0
[0000] 1. Calling kt_for - worker_bwt
[0000] 2. Calling kt_for - worker_aln
[0000] Inferring insert size distribution of PE reads from data, l_pac: 1342662642, n: 3527920
[0000][PE] # candidate unique pairs for (FF, FR, RF, RR): (11, 1272290, 27, 12)
[0000][PE] analyzing insert size distribution for orientation FF...
[0000][PE] (25, 50, 75) percentile: (69, 127, 183)
[0000][PE] low and high boundaries for computing mean and std.dev: (1, 411)
[0000][PE] mean and std.dev: (125.27, 86.21)
[0000][PE] low and high boundaries for proper pairs: (1, 525)
[0000][PE] analyzing insert size distribution for orientation FR...
[0000][PE] (25, 50, 75) percentile: (84, 120, 164)
[0000][PE] low and high boundaries for computing mean and std.dev: (1, 324)
[0000][PE] mean and std.dev: (127.99, 57.66)
[0000][PE] low and high boundaries for proper pairs: (1, 404)
[0000][PE] analyzing insert size distribution for orientation RF...
[0000][PE] (25, 50, 75) percentile: (149, 248, 496)
[0000][PE] low and high boundaries for computing mean and std.dev: (1, 1190)
[0000][PE] mean and std.dev: (256.27, 191.96)
[0000][PE] low and high boundaries for proper pairs: (1, 1537)
[0000][PE] analyzing insert size distribution for orientation RR...
[0000][PE] (25, 50, 75) percentile: (59, 97, 136)
[0000][PE] low and high boundaries for computing mean and std.dev: (1, 290)
[0000][PE] mean and std.dev: (80.00, 42.19)
[0000][PE] low and high boundaries for proper pairs: (1, 367)
[0000][PE] skip orientation FF
[0000][PE] skip orientation RF
[0000][PE] skip orientation RR
[0000] 3. Calling kt_for - worker_sam
[0000] read_chunk: 400000000, work_chunk_size: 400000031, nseq: 3528388
	[0000][ M::kt_pipeline] read 3528388 sequences (400000031 bp)...
	[0000][ M::mem_process_seqs] Processed 3527920 reads in 371.595 CPU sec, 10.008 real sec
[0000] Reallocating initial memory allocations!!
[0000] Calling mem_process_seqs.., task: 1
[0000] 1. Calling kt_for - worker_bwt
[0000] 2. Calling kt_for - worker_aln
[0000] Inferring insert size distribution of PE reads from data, l_pac: 1342662642, n: 3528388
[0000][PE] # candidate unique pairs for (FF, FR, RF, RR): (12, 1274545, 14, 12)
[0000][PE] analyzing insert size distribution for orientation FF...
[0000][PE] (25, 50, 75) percentile: (41, 110, 134)
[0000][PE] low and high boundaries for computing mean and std.dev: (1, 320)
[0000][PE] mean and std.dev: (85.27, 57.15)
[0000][PE] low and high boundaries for proper pairs: (1, 413)
[0000][PE] analyzing insert size distribution for orientation FR...
[0000][PE] (25, 50, 75) percentile: (83, 120, 164)
[0000][PE] low and high boundaries for computing mean and std.dev: (1, 326)
[0000][PE] mean and std.dev: (128.10, 57.97)
[0000][PE] low and high boundaries for proper pairs: (1, 407)
[0000][PE] analyzing insert size distribution for orientation RF...
[0000][PE] (25, 50, 75) percentile: (124, 270, 700)
[0000][PE] low and high boundaries for computing mean and std.dev: (1, 1852)
[0000][PE] mean and std.dev: (313.42, 319.28)
[0000][PE] low and high boundaries for proper pairs: (1, 2428)
[0000][PE] analyzing insert size distribution for orientation RR...
[0000][PE] (25, 50, 75) percentile: (47, 75, 150)
[0000][PE] low and high boundaries for computing mean and std.dev: (1, 356)
[0000][PE] mean and std.dev: (89.67, 60.77)
[0000][PE] low and high boundaries for proper pairs: (1, 459)
[0000][PE] skip orientation FF
[0000][PE] skip orientation RF
[0000][PE] skip orientation RR
[0000] 3. Calling kt_for - worker_sam
	[0000][ M::mem_process_seqs] Processed 3528388 reads in 377.920 CPU sec, 10.465 real sec
[0000] read_chunk: 400000000, work_chunk_size: 400000116, nseq: 3522418
	[0000][ M::kt_pipeline] read 3522418 sequences (400000116 bp)...
[0000] Calling mem_process_seqs.., task: 2
[0000] 1. Calling kt_for - worker_bwt
[0000] 2. Calling kt_for - worker_aln
[0000] Inferring insert size distribution of PE reads from data, l_pac: 1342662642, n: 3522418
[0000][PE] # candidate unique pairs for (FF, FR, RF, RR): (12, 1265542, 15, 12)
[0000][PE] analyzing insert size distribution for orientation FF...
[0000][PE] (25, 50, 75) percentile: (54, 110, 124)
[0000][PE] low and high boundaries for computing mean and std.dev: (1, 264)
[0000][PE] mean and std.dev: (77.60, 38.64)
[0000][PE] low and high boundaries for proper pairs: (1, 334)
[0000][PE] analyzing insert size distribution for orientation FR...
[0000][PE] (25, 50, 75) percentile: (84, 120, 164)
[0000][PE] low and high boundaries for computing mean and std.dev: (1, 324)
[0000][PE] mean and std.dev: (128.06, 57.73)
[0000][PE] low and high boundaries for proper pairs: (1, 404)
[0000][PE] analyzing insert size distribution for orientation RF...
[0000][PE] (25, 50, 75) percentile: (440, 561, 1035)
[0000][PE] low and high boundaries for computing mean and std.dev: (1, 2225)
[0000][PE] mean and std.dev: (724.07, 373.67)
[0000][PE] low and high boundaries for proper pairs: (1, 2820)
[0000][PE] analyzing insert size distribution for orientation RR...
[0000][PE] (25, 50, 75) percentile: (55, 82, 130)
[0000][PE] low and high boundaries for computing mean and std.dev: (1, 280)
[0000][PE] mean and std.dev: (78.73, 31.97)
[0000][PE] low and high boundaries for proper pairs: (1, 355)
[0000][PE] skip orientation FF
[0000][PE] skip orientation RF
[0000][PE] skip orientation RR
[0000] 3. Calling kt_for - worker_sam
	[0000][ M::mem_process_seqs] Processed 3522418 reads in 398.667 CPU sec, 10.897 real sec
[0000] read_chunk: 400000000, work_chunk_size: 400000027, nseq: 3529758
	[0000][ M::kt_pipeline] read 3529758 sequences (400000027 bp)...
[0000] Reallocating initial memory allocations!!
[0000] Calling mem_process_seqs.., task: 3
[0000] 1. Calling kt_for - worker_bwt
[0000] 2. Calling kt_for - worker_aln
[0000] read_chunk: 400000000, work_chunk_size: 366137429, nseq: 3228692
	[0000][ M::kt_pipeline] read 3228692 sequences (366137429 bp)...
[0000] Inferring insert size distribution of PE reads from data, l_pac: 1342662642, n: 3529758
[0000][PE] # candidate unique pairs for (FF, FR, RF, RR): (11, 1279434, 23, 10)
[0000][PE] analyzing insert size distribution for orientation FF...
[0000][PE] (25, 50, 75) percentile: (87, 89, 128)
[0000][PE] low and high boundaries for computing mean and std.dev: (5, 210)
[0000][PE] mean and std.dev: (89.50, 25.20)
[0000][PE] low and high boundaries for proper pairs: (1, 251)
[0000][PE] analyzing insert size distribution for orientation FR...
[0000][PE] (25, 50, 75) percentile: (83, 120, 164)
[0000][PE] low and high boundaries for computing mean and std.dev: (1, 326)
[0000][PE] mean and std.dev: (128.10, 57.90)
[0000][PE] low and high boundaries for proper pairs: (1, 407)
[0000][PE] analyzing insert size distribution for orientation RF...
[0000][PE] (25, 50, 75) percentile: (132, 260, 519)
[0000][PE] low and high boundaries for computing mean and std.dev: (1, 1293)
[0000][PE] mean and std.dev: (321.62, 340.04)
[0000][PE] low and high boundaries for proper pairs: (1, 1682)
[0000][PE] analyzing insert size distribution for orientation RR...
[0000][PE] (25, 50, 75) percentile: (77, 121, 152)
[0000][PE] low and high boundaries for computing mean and std.dev: (1, 302)
[0000][PE] mean and std.dev: (126.30, 70.19)
[0000][PE] low and high boundaries for proper pairs: (1, 407)
[0000][PE] skip orientation FF
[0000][PE] skip orientation RF
[0000][PE] skip orientation RR
[0000] 3. Calling kt_for - worker_sam
	[0000][ M::mem_process_seqs] Processed 3529758 reads in 372.105 CPU sec, 10.479 real sec
[0000] Calling mem_process_seqs.., task: 4
[0000] 1. Calling kt_for - worker_bwt
[0000] 2. Calling kt_for - worker_aln
[0000] read_chunk: 400000000, work_chunk_size: 0, nseq: 0
[0000] Inferring insert size distribution of PE reads from data, l_pac: 1342662642, n: 3228692
[0000][PE] # candidate unique pairs for (FF, FR, RF, RR): (7, 1165872, 28, 17)
[0000][PE] skip orientation FF as there are not enough pairs
[0000][PE] analyzing insert size distribution for orientation FR...
[0000][PE] (25, 50, 75) percentile: (83, 120, 164)
[0000][PE] low and high boundaries for computing mean and std.dev: (1, 326)
[0000][PE] mean and std.dev: (128.12, 57.93)
[0000][PE] low and high boundaries for proper pairs: (1, 407)
[0000][PE] analyzing insert size distribution for orientation RF...
[0000][PE] (25, 50, 75) percentile: (43, 176, 434)
[0000][PE] low and high boundaries for computing mean and std.dev: (1, 1216)
[0000][PE] mean and std.dev: (186.64, 177.79)
[0000][PE] low and high boundaries for proper pairs: (1, 1607)
[0000][PE] analyzing insert size distribution for orientation RR...
[0000][PE] (25, 50, 75) percentile: (40, 129, 214)
[0000][PE] low and high boundaries for computing mean and std.dev: (1, 562)
[0000][PE] mean and std.dev: (111.81, 73.53)
[0000][PE] low and high boundaries for proper pairs: (1, 736)
[0000][PE] skip orientation RF
[0000][PE] skip orientation RR
[0000] 3. Calling kt_for - worker_sam
	[0000][ M::mem_process_seqs] Processed 3228692 reads in 345.530 CPU sec, 10.093 real sec
[0000] read_chunk: 400000000, work_chunk_size: 0, nseq: 0
[0000] Computation ends..
No. of OMP threads: 40
Processor is running @2394.750546 MHz
Runtime profile:

	Time taken for main_mem function: 143.92 sec

	IO times (sec) :
	Reading IO time (reads) avg: 49.19, (49.19, 49.19)
	Writing IO time (SAM) avg: 14.87, (14.87, 14.87)
	Reading IO time (Reference Genome) avg: 1.79, (1.79, 1.79)
	Index read time avg: 0.27, (0.27, 0.27)

	Overall time (sec) (Excluding Index reading time):
	PROCESS() (Total compute time + (read + SAM) IO time) : 141.85
	MEM_PROCESS_SEQ() (Total compute time (Kernel + SAM)), avg: 51.93, (51.93, 51.93)

	 SAM Processing time (sec):
	--WORKER_SAM avg: 13.49, (13.49, 13.49)

	Kernels' compute time (sec):
	Total kernel (smem+sal+bsw) time avg: 36.67, (36.67, 36.67)
		MEM_ALN_CHAIN_FLT avg: 0.00, (0.00, 0.00)
		MEM_ALN_CHAIN_SEED avg: 0.00, (0.00, 0.00)
		ERT_SEED_CHAIN avg: 0.00, (0.00, 0.00)
	LEARNED_SEED_CHAIN avg: 15.20, (15.44, 15.11)
		SMEM compute avg: 0.00, (0.00, 0.00)
		SAL compute avg: 0.00, (0.00, 0.00)
				MEM_SA avg: 0.00, (0.00, 0.00)

		BSW time, avg: 19.19, (19.35, 18.90)

Important parameter settings: 
	BATCH_SIZE: 512
	MAX_SEQ_LEN_REF: 256
	MAX_SEQ_LEN_QER: 128
	MAX_SEQ_LEN8: 128
	SEEDS_PER_READ: 500
	SIMD_WIDTH8 X: 64
	SIMD_WIDTH16 X: 32
	AVG_SEEDS_PER_READ: 64
