Looking to launch executable "/opt/conda/bin/bwa-meme_mode3.avx512bw", simd = _mode3.avx512bw
Launching executable "/opt/conda/bin/bwa-meme_mode3.avx512bw"
-----------------------------
Executing in AVX512 mode!!
-----------------------------
* SA compression enabled with xfactor: 8
* Ref file: reference.genbank.Sor.fasta
* Entering FMI_search
Reading other elements of the index from files reference.genbank.Sor.fasta
* Index prefix: reference.genbank.Sor.fasta
* Read 0 ALT contigs
* Reading reference genome..
* Binary seq file = reference.genbank.Sor.fasta.0123
* Reference genome size: 2685325284 bp
* Done reading reference genome !!

------------------------------------------
1. Memory pre-allocation for Chaining: 5679.4903 MB
2. Memory pre-allocation for BSW: 9584.6810 MB
[M::memoryAllocLearned::MEME] Reading Learned-index models into memory
[Learned-Config] MODE:3 SEARCH_METHOD: 1 MEM_TRADEOFF:1 EXPONENTIAL_SMEMSEARCH: 1 DEBUG_MODE:0 Num 2nd Models:268435456 PWL Bits Used:28
[M::memoryAllocLearned::MEME] Loading RMI model and Pac reference file took 19.986 sec
[M::memoryAllocLearned::MEME] Reading suffix array into memory
[M::memoryAllocLearned::MEME] Loading pos_packed file took 30.935 sec
[M::memoryAllocLearned::MEME] Generating SA, 64-bit Suffix and ISA in memory
[M::memoryAllocLearned::MEME] Runtime-build-index took 29.319 sec
3. Memory pre-allocation for BWT: 14070.0171 MB
------------------------------------------
* Threads used (compute): 40
* No. of pipeline threads: 2

[0000] read_chunk: 400000000, work_chunk_size: 400000194, nseq: 3533274
	[0000][ M::kt_pipeline] read 3533274 sequences (400000194 bp)...
[0000] Reallocating initial memory allocations!!
[0000] Calling mem_process_seqs.., task: 0
[0000] 1. Calling kt_for - worker_bwt
[0000] 2. Calling kt_for - worker_aln
[0000] Inferring insert size distribution of PE reads from data, l_pac: 1342662642, n: 3533274
[0000][PE] # candidate unique pairs for (FF, FR, RF, RR): (38, 1292270, 17, 33)
[0000][PE] analyzing insert size distribution for orientation FF...
[0000][PE] (25, 50, 75) percentile: (53, 80, 198)
[0000][PE] low and high boundaries for computing mean and std.dev: (1, 488)
[0000][PE] mean and std.dev: (114.57, 92.37)
[0000][PE] low and high boundaries for proper pairs: (1, 633)
[0000][PE] analyzing insert size distribution for orientation FR...
[0000][PE] (25, 50, 75) percentile: (82, 121, 171)
[0000][PE] low and high boundaries for computing mean and std.dev: (1, 349)
[0000][PE] mean and std.dev: (131.37, 63.21)
[0000][PE] low and high boundaries for proper pairs: (1, 438)
[0000][PE] analyzing insert size distribution for orientation RF...
[0000][PE] (25, 50, 75) percentile: (305, 532, 1649)
[0000][PE] low and high boundaries for computing mean and std.dev: (1, 4337)
[0000][PE] mean and std.dev: (968.56, 1114.68)
[0000][PE] low and high boundaries for proper pairs: (1, 5681)
[0000][PE] analyzing insert size distribution for orientation RR...
[0000][PE] (25, 50, 75) percentile: (65, 87, 147)
[0000][PE] low and high boundaries for computing mean and std.dev: (1, 311)
[0000][PE] mean and std.dev: (106.75, 51.05)
[0000][PE] low and high boundaries for proper pairs: (1, 393)
[0000][PE] skip orientation FF
[0000][PE] skip orientation RF
[0000][PE] skip orientation RR
[0000] 3. Calling kt_for - worker_sam
[0000] read_chunk: 400000000, work_chunk_size: 400000225, nseq: 3533172
	[0000][ M::kt_pipeline] read 3533172 sequences (400000225 bp)...
	[0000][ M::mem_process_seqs] Processed 3533274 reads in 372.352 CPU sec, 10.031 real sec
[0000] Calling mem_process_seqs.., task: 1
[0000] 1. Calling kt_for - worker_bwt
[0000] 2. Calling kt_for - worker_aln
[0000] Inferring insert size distribution of PE reads from data, l_pac: 1342662642, n: 3533172
[0000][PE] # candidate unique pairs for (FF, FR, RF, RR): (30, 1292588, 20, 21)
[0000][PE] analyzing insert size distribution for orientation FF...
[0000][PE] (25, 50, 75) percentile: (52, 102, 158)
[0000][PE] low and high boundaries for computing mean and std.dev: (1, 370)
[0000][PE] mean and std.dev: (104.97, 69.52)
[0000][PE] low and high boundaries for proper pairs: (1, 476)
[0000][PE] analyzing insert size distribution for orientation FR...
[0000][PE] (25, 50, 75) percentile: (82, 121, 171)
[0000][PE] low and high boundaries for computing mean and std.dev: (1, 349)
[0000][PE] mean and std.dev: (131.30, 63.17)
[0000][PE] low and high boundaries for proper pairs: (1, 438)
[0000][PE] analyzing insert size distribution for orientation RF...
[0000][PE] (25, 50, 75) percentile: (58, 212, 1100)
[0000][PE] low and high boundaries for computing mean and std.dev: (1, 3184)
[0000][PE] mean and std.dev: (468.47, 635.36)
[0000][PE] low and high boundaries for proper pairs: (1, 4226)
[0000][PE] analyzing insert size distribution for orientation RR...
[0000][PE] (25, 50, 75) percentile: (53, 89, 143)
[0000][PE] low and high boundaries for computing mean and std.dev: (1, 323)
[0000][PE] mean and std.dev: (101.95, 66.58)
[0000][PE] low and high boundaries for proper pairs: (1, 413)
[0000][PE] skip orientation FF
[0000][PE] skip orientation RF
[0000][PE] skip orientation RR
[0000] 3. Calling kt_for - worker_sam
	[0000][ M::mem_process_seqs] Processed 3533172 reads in 376.096 CPU sec, 10.307 real sec
[0000] read_chunk: 400000000, work_chunk_size: 400000078, nseq: 3527532
	[0000][ M::kt_pipeline] read 3527532 sequences (400000078 bp)...
[0000] Calling mem_process_seqs.., task: 2
[0000] 1. Calling kt_for - worker_bwt
[0000] 2. Calling kt_for - worker_aln
[0000] Inferring insert size distribution of PE reads from data, l_pac: 1342662642, n: 3527532
[0000][PE] # candidate unique pairs for (FF, FR, RF, RR): (32, 1285666, 25, 24)
[0000][PE] analyzing insert size distribution for orientation FF...
[0000][PE] (25, 50, 75) percentile: (46, 104, 248)
[0000][PE] low and high boundaries for computing mean and std.dev: (1, 652)
[0000][PE] mean and std.dev: (140.10, 129.90)
[0000][PE] low and high boundaries for proper pairs: (1, 854)
[0000][PE] analyzing insert size distribution for orientation FR...
[0000][PE] (25, 50, 75) percentile: (82, 121, 171)
[0000][PE] low and high boundaries for computing mean and std.dev: (1, 349)
[0000][PE] mean and std.dev: (131.43, 63.19)
[0000][PE] low and high boundaries for proper pairs: (1, 438)
[0000][PE] analyzing insert size distribution for orientation RF...
[0000][PE] (25, 50, 75) percentile: (100, 261, 432)
[0000][PE] low and high boundaries for computing mean and std.dev: (1, 1096)
[0000][PE] mean and std.dev: (295.44, 240.96)
[0000][PE] low and high boundaries for proper pairs: (1, 1428)
[0000][PE] analyzing insert size distribution for orientation RR...
[0000][PE] (25, 50, 75) percentile: (39, 87, 179)
[0000][PE] low and high boundaries for computing mean and std.dev: (1, 459)
[0000][PE] mean and std.dev: (96.09, 68.01)
[0000][PE] low and high boundaries for proper pairs: (1, 599)
[0000][PE] skip orientation FF
[0000][PE] skip orientation RF
[0000][PE] skip orientation RR
[0000] 3. Calling kt_for - worker_sam
[0000] read_chunk: 400000000, work_chunk_size: 400000144, nseq: 3531374
	[0000][ M::kt_pipeline] read 3531374 sequences (400000144 bp)...
	[0000][ M::mem_process_seqs] Processed 3527532 reads in 398.756 CPU sec, 10.594 real sec
[0000] Calling mem_process_seqs.., task: 3
[0000] 1. Calling kt_for - worker_bwt
[0000] 2. Calling kt_for - worker_aln
[0000] Inferring insert size distribution of PE reads from data, l_pac: 1342662642, n: 3531374
[0000][PE] # candidate unique pairs for (FF, FR, RF, RR): (26, 1291641, 21, 31)
[0000][PE] analyzing insert size distribution for orientation FF...
[0000][PE] (25, 50, 75) percentile: (41, 113, 191)
[0000][PE] low and high boundaries for computing mean and std.dev: (1, 491)
[0000][PE] mean and std.dev: (118.83, 105.50)
[0000][PE] low and high boundaries for proper pairs: (1, 641)
[0000][PE] analyzing insert size distribution for orientation FR...
[0000][PE] (25, 50, 75) percentile: (83, 122, 171)
[0000][PE] low and high boundaries for computing mean and std.dev: (1, 347)
[0000][PE] mean and std.dev: (131.37, 63.05)
[0000][PE] low and high boundaries for proper pairs: (1, 435)
[0000][PE] analyzing insert size distribution for orientation RF...
[0000][PE] (25, 50, 75) percentile: (92, 274, 1360)
[0000][PE] low and high boundaries for computing mean and std.dev: (1, 3896)
[0000][PE] mean and std.dev: (482.75, 541.18)
[0000][PE] low and high boundaries for proper pairs: (1, 5164)
[0000][PE] analyzing insert size distribution for orientation RR...
[0000][PE] (25, 50, 75) percentile: (44, 79, 153)
[0000][PE] low and high boundaries for computing mean and std.dev: (1, 371)
[0000][PE] mean and std.dev: (92.36, 80.22)
[0000][PE] low and high boundaries for proper pairs: (1, 480)
[0000][PE] skip orientation FF
[0000][PE] skip orientation RF
[0000][PE] skip orientation RR
[0000] 3. Calling kt_for - worker_sam
[0000] read_chunk: 400000000, work_chunk_size: 231304783, nseq: 2043426
	[0000][ M::kt_pipeline] read 2043426 sequences (231304783 bp)...
	[0000][ M::mem_process_seqs] Processed 3531374 reads in 385.692 CPU sec, 10.549 real sec
[0000] Calling mem_process_seqs.., task: 4
[0000] 1. Calling kt_for - worker_bwt
[0000] 2. Calling kt_for - worker_aln
[0000] read_chunk: 400000000, work_chunk_size: 0, nseq: 0
[0000] Inferring insert size distribution of PE reads from data, l_pac: 1342662642, n: 2043426
[0000][PE] # candidate unique pairs for (FF, FR, RF, RR): (17, 749062, 13, 13)
[0000][PE] analyzing insert size distribution for orientation FF...
[0000][PE] (25, 50, 75) percentile: (86, 90, 128)
[0000][PE] low and high boundaries for computing mean and std.dev: (2, 212)
[0000][PE] mean and std.dev: (94.71, 25.38)
[0000][PE] low and high boundaries for proper pairs: (1, 254)
[0000][PE] analyzing insert size distribution for orientation FR...
[0000][PE] (25, 50, 75) percentile: (82, 121, 171)
[0000][PE] low and high boundaries for computing mean and std.dev: (1, 349)
[0000][PE] mean and std.dev: (131.47, 63.34)
[0000][PE] low and high boundaries for proper pairs: (1, 438)
[0000][PE] analyzing insert size distribution for orientation RF...
[0000][PE] (25, 50, 75) percentile: (47, 111, 546)
[0000][PE] low and high boundaries for computing mean and std.dev: (1, 1544)
[0000][PE] mean and std.dev: (197.18, 199.82)
[0000][PE] low and high boundaries for proper pairs: (1, 2043)
[0000][PE] analyzing insert size distribution for orientation RR...
[0000][PE] (25, 50, 75) percentile: (51, 78, 142)
[0000][PE] low and high boundaries for computing mean and std.dev: (1, 324)
[0000][PE] mean and std.dev: (84.75, 44.85)
[0000][PE] low and high boundaries for proper pairs: (1, 415)
[0000][PE] skip orientation FF
[0000][PE] skip orientation RF
[0000][PE] skip orientation RR
[0000] 3. Calling kt_for - worker_sam
	[0000][ M::mem_process_seqs] Processed 2043426 reads in 221.200 CPU sec, 6.351 real sec
[0000] read_chunk: 400000000, work_chunk_size: 0, nseq: 0
[0000] Computation ends..
No. of OMP threads: 40
Processor is running @2394.714030 MHz
Runtime profile:

	Time taken for main_mem function: 133.22 sec

	IO times (sec) :
	Reading IO time (reads) avg: 45.42, (45.42, 45.42)
	Writing IO time (SAM) avg: 16.45, (16.45, 16.45)
	Reading IO time (Reference Genome) avg: 1.76, (1.76, 1.76)
	Index read time avg: 0.27, (0.27, 0.27)

	Overall time (sec) (Excluding Index reading time):
	PROCESS() (Total compute time + (read + SAM) IO time) : 131.18
	MEM_PROCESS_SEQ() (Total compute time (Kernel + SAM)), avg: 47.83, (47.83, 47.83)

	 SAM Processing time (sec):
	--WORKER_SAM avg: 12.44, (12.44, 12.44)

	Kernels' compute time (sec):
	Total kernel (smem+sal+bsw) time avg: 33.74, (33.74, 33.74)
		MEM_ALN_CHAIN_FLT avg: 0.00, (0.00, 0.00)
		MEM_ALN_CHAIN_SEED avg: 0.00, (0.00, 0.00)
		ERT_SEED_CHAIN avg: 0.00, (0.00, 0.00)
	LEARNED_SEED_CHAIN avg: 14.55, (14.65, 14.51)
		SMEM compute avg: 0.00, (0.00, 0.00)
		SAL compute avg: 0.00, (0.00, 0.00)
				MEM_SA avg: 0.00, (0.00, 0.00)

		BSW time, avg: 17.74, (17.91, 17.49)

Important parameter settings: 
	BATCH_SIZE: 512
	MAX_SEQ_LEN_REF: 256
	MAX_SEQ_LEN_QER: 128
	MAX_SEQ_LEN8: 128
	SEEDS_PER_READ: 500
	SIMD_WIDTH8 X: 64
	SIMD_WIDTH16 X: 32
	AVG_SEEDS_PER_READ: 64
