[2025-07-02 19:46:42,401] multiqc                                            [DEBUG  ]  This is MultiQC v1.13
[2025-07-02 19:46:42,404] multiqc                                            [DEBUG  ]  Found command line config: {'max_table_rows': 3000}
[2025-07-02 19:46:42,404] multiqc                                            [DEBUG  ]  New config: {'max_table_rows': 3000}
[2025-07-02 19:46:42,404] multiqc                                            [DEBUG  ]  Command used: /opt/conda/bin/multiqc -v -p -ip -f --data-dir --data-format tsv --cl-config max_table_rows: 3000 --filename fastq_screen_report --outdir fq_fp1_clmp_fp2_fqscrn fq_fp1_clmp_fp2_fqscrn
[2025-07-02 19:46:42,842] multiqc                                            [WARNING]  MultiQC Version v1.29 now available!
[2025-07-02 19:46:42,842] multiqc                                            [DEBUG  ]  Working dir : /archive/carpenterlab/pire/pire_sphaeramia_orbicularis_lcwgs/3rd_sequencing_run
[2025-07-02 19:46:42,842] multiqc                                            [DEBUG  ]  Template    : default
[2025-07-02 19:46:42,842] multiqc                                            [DEBUG  ]  Running Python 3.9.12 (main, Aug 29 2022, 00:54:58)  [GCC 11.2.0]
[2025-07-02 19:46:42,843] multiqc                                            [DEBUG  ]  Analysing modules: custom_content, ccs, ngsderive, purple, conpair, lima, peddy, somalier, methylQA, mosdepth, phantompeakqualtools, qualimap, preseq, quast, qorts, rna_seqc, rockhopper, rsem, rseqc, busco, bustools, goleft_indexcov, gffcompare, disambiguate, supernova, deeptools, sargasso, verifybamid, mirtrace, happy, mirtop, sambamba, homer, hops, macs2, theta2, snpeff, gatk, htseq, bcftools, featureCounts, fgbio, dragen, dedup, pbmarkdup, damageprofiler, biobambam2, jcvi, mtnucratio, picard, vep, sentieon, prokka, qc3C, nanostat, samblaster, samtools, sexdeterrmine, eigenstratdatabasetools, bamtools, jellyfish, vcftools, longranger, stacks, varscan2, snippy, bbmap, bismark, biscuit, hicexplorer, hicup, hicpro, salmon, kallisto, slamdunk, star, hisat2, tophat, bowtie2, bowtie1, snpsplit, odgi, pangolin, kat, leehom, adapterRemoval, clipandmerge, cutadapt, flexbar, kaiju, kraken, malt, trimmomatic, sickle, skewer, sortmerna, biobloomtools, fastq_screen, afterqc, fastp, fastqc, pychopper, pycoqc, minionqc, multivcfanalyzer, clusterflow, checkqc, bcl2fastq, bclconvert, interop, ivar, flash, seqyclean, optitype, whatshap
[2025-07-02 19:46:42,843] multiqc                                            [DEBUG  ]  Using temporary directory for creating report: /tmp/tmpmafu5icq
[2025-07-02 19:46:43,072] multiqc                                            [INFO   ]  Search path : /archive/carpenterlab/pire/pire_sphaeramia_orbicularis_lcwgs/3rd_sequencing_run/fq_fp1_clmp_fp2_fqscrn
[2025-07-02 19:47:41,776] multiqc                                            [DEBUG  ]  Summary of files that were skipped by the search: [skipped_module_specific_max_filesize: 1254] // [skipped_no_match: 385] // [skipped_ignore_pattern: 192]
[2025-07-02 19:47:43,266] multiqc.plots.bargraph                             [DEBUG  ]  Using matplotlib version 3.1.2
[2025-07-02 19:47:43,267] multiqc.plots.linegraph                            [DEBUG  ]  Using matplotlib version 3.1.2
[2025-07-02 19:47:43,270] multiqc                                            [DEBUG  ]  No samples found: custom_content
[2025-07-02 19:47:44,377] multiqc.modules.fastq_screen.fastq_screen          [INFO   ]  Found 96 reports
[2025-07-02 19:48:05,738] multiqc                                            [INFO   ]  Compressing plot data
[2025-07-02 19:48:05,768] multiqc                                            [INFO   ]  Report      : fq_fp1_clmp_fp2_fqscrn/fastq_screen_report.html
[2025-07-02 19:48:05,768] multiqc                                            [INFO   ]  Data        : fq_fp1_clmp_fp2_fqscrn/fastq_screen_report_data
[2025-07-02 19:48:05,768] multiqc                                            [DEBUG  ]  Moving data file from '/tmp/tmpmafu5icq/multiqc_data' to 'fq_fp1_clmp_fp2_fqscrn/fastq_screen_report_data'
[2025-07-02 19:48:05,795] multiqc                                            [INFO   ]  Plots       : fq_fp1_clmp_fp2_fqscrn/fastq_screen_report_plots
[2025-07-02 19:48:05,795] multiqc                                            [DEBUG  ]  Moving plots directory from '/tmp/tmpmafu5icq/multiqc_plots' to 'fq_fp1_clmp_fp2_fqscrn/fastq_screen_report_plots'
[2025-07-02 19:48:06,034] multiqc                                            [INFO   ]  MultiQC complete
