[2025-06-08 19:37:29,964] multiqc                                            [DEBUG  ]  No MultiQC config found: /opt/conda/lib/python3.7/site-packages/multiqc_config.yaml
[2025-06-08 19:37:29,966] multiqc                                            [DEBUG  ]  No MultiQC config found: /home/hpc-0373/.multiqc_config.yaml
[2025-06-08 19:37:29,967] multiqc                                            [DEBUG  ]  No MultiQC config found: multiqc_config.yaml
[2025-06-08 19:37:29,968] multiqc                                            [DEBUG  ]  Found command line config: {'max_table_rows': 3000}
[2025-06-08 19:37:29,969] multiqc                                            [DEBUG  ]  New config 'max_table_rows': 3000
[2025-06-08 19:37:29,970] multiqc                                            [DEBUG  ]  Command used: /opt/conda/bin/multiqc -v -p -ip -f --data-dir --data-format tsv --cl-config max_table_rows: 3000 --filename fqc_raw_report --outdir fq_raw fq_raw
[2025-06-08 19:37:30,217] multiqc                                            [DEBUG  ]  Could not connect to multiqc.info for version check: <urlopen error [SSL: CERTIFICATE_VERIFY_FAILED] certificate verify failed: unable to get local issuer certificate (_ssl.c:1076)>
[2025-06-08 19:37:30,219] multiqc                                            [INFO   ]  This is MultiQC v1.9
[2025-06-08 19:37:30,220] multiqc                                            [DEBUG  ]  Command     : /opt/conda/bin/multiqc -v -p -ip -f --data-dir --data-format tsv --cl-config max_table_rows: 3000 --filename fqc_raw_report --outdir fq_raw fq_raw
[2025-06-08 19:37:30,220] multiqc                                            [DEBUG  ]  Working dir : /archive/carpenterlab/pire/pire_sphaeramia_orbicularis_lcwgs/3rd_sequencing_run
[2025-06-08 19:37:30,220] multiqc                                            [INFO   ]  Template    : default
[2025-06-08 19:37:30,221] multiqc                                            [DEBUG  ]  Running Python 3.7.7 (default, Jun 26 2020, 05:10:03)  [GCC 7.3.0]
[2025-06-08 19:37:30,221] multiqc                                            [INFO   ]  Searching   : /archive/carpenterlab/pire/pire_sphaeramia_orbicularis_lcwgs/3rd_sequencing_run/fq_raw
[2025-06-08 19:37:30,223] multiqc                                            [DEBUG  ]  Analysing modules: custom_content, conpair, peddy, somalier, methylQA, mosdepth, phantompeakqualtools, qualimap, preseq, quast, qorts, rna_seqc, rockhopper, rsem, rseqc, busco, goleft_indexcov, disambiguate, supernova, deeptools, sargasso, verifybamid, mirtrace, happy, mirtop, homer, macs2, theta2, snpeff, gatk, htseq, bcftools, featureCounts, fgbio, dragen, dedup, damageprofiler, biobambam2, mtnucratio, picard, prokka, samblaster, samtools, sexdeterrmine, bamtools, jellyfish, vcftools, longranger, stacks, varscan2, bbmap, bismark, biscuit, hicexplorer, hicup, hicpro, salmon, kallisto, slamdunk, star, hisat2, tophat, bowtie2, bowtie1, snpsplit, kat, leehom, adapterRemoval, clipandmerge, cutadapt, flexbar, kaiju, kraken, malt, trimmomatic, sickle, skewer, sortmerna, biobloomtools, fastq_screen, afterqc, fastp, fastqc, pycoqc, minionqc, multivcfanalyzer, clusterflow, bcl2fastq, interop, ivar, flash, seqyclean
[2025-06-08 19:37:30,223] multiqc                                            [DEBUG  ]  Using temporary directory for creating report: /tmp/tmpz2cibgxb
[2025-06-08 19:37:30,467] multiqc                                            [DEBUG  ]  Ignoring file as matched an ignore pattern: Sor-CPnd_037-Ex1-6C-lcwgs-1-3.1.fq.gz
[2025-06-08 19:37:30,478] multiqc                                            [DEBUG  ]  Ignoring file as matched an ignore pattern: Sor-CPnd_052-Ex1-6D-lcwgs-1-3.2.fq.gz
[2025-06-08 19:37:30,550] multiqc                                            [DEBUG  ]  File ignored by hicexplorer because it exceeded search pattern filesize limit: Sor-CPnd_049-Ex1-3B-lcwgs-1-3.2_fastqc.html
[2025-06-08 19:37:30,568] multiqc                                            [DEBUG  ]  File ignored by longranger/invocation because it exceeded search pattern filesize limit: Sor-CPnd_049-Ex1-3B-lcwgs-1-3.2_fastqc.html
[2025-06-08 19:37:30,679] multiqc                                            [DEBUG  ]  Ignoring file as matched an ignore pattern: Sor-CPnd_001-Ex1-3E-lcwgs-1-3.2.fq.gz
[2025-06-08 19:37:30,714] multiqc                                            [DEBUG  ]  File ignored by hicexplorer because it exceeded search pattern filesize limit: Sor-CPnd_069-Ex1-6B-lcwgs-1-3.2_fastqc.html
[2025-06-08 19:37:30,731] multiqc                                            [DEBUG  ]  File ignored by longranger/invocation because it exceeded search pattern filesize limit: Sor-CPnd_069-Ex1-6B-lcwgs-1-3.2_fastqc.html
[2025-06-08 19:37:30,858] multiqc                                            [DEBUG  ]  File ignored by hicexplorer because it exceeded search pattern filesize limit: Sor-CPnd_045-Ex1-7B-lcwgs-1-3.2_fastqc.html
[2025-06-08 19:37:30,870] multiqc                                            [DEBUG  ]  File ignored by longranger/invocation because it exceeded search pattern filesize limit: Sor-CPnd_045-Ex1-7B-lcwgs-1-3.2_fastqc.html
[2025-06-08 19:37:30,991] multiqc                                            [DEBUG  ]  File ignored by hicexplorer because it exceeded search pattern filesize limit: Sor-CPnd_016-Ex1-1B-lcwgs-1-3.1_fastqc.html
[2025-06-08 19:37:31,008] multiqc                                            [DEBUG  ]  File ignored by longranger/invocation because it exceeded search pattern filesize limit: Sor-CPnd_016-Ex1-1B-lcwgs-1-3.1_fastqc.html
[2025-06-08 19:37:31,144] multiqc                                            [DEBUG  ]  File ignored by hicexplorer because it exceeded search pattern filesize limit: Sor-CPnd_030-Ex1-2H-lcwgs-1-3.1_fastqc.html
[2025-06-08 19:37:31,159] multiqc                                            [DEBUG  ]  File ignored by longranger/invocation because it exceeded search pattern filesize limit: Sor-CPnd_030-Ex1-2H-lcwgs-1-3.1_fastqc.html
[2025-06-08 19:37:31,239] multiqc                                            [DEBUG  ]  Ignoring file as matched an ignore pattern: Sor-CPnd_005-Ex1-3D-lcwgs-1-3.1.fq.gz
[2025-06-08 19:37:31,290] multiqc                                            [DEBUG  ]  File ignored by hicexplorer because it exceeded search pattern filesize limit: Sor-CPnd_019-Ex1-6G-lcwgs-1-3.1_fastqc.html
[2025-06-08 19:37:31,302] multiqc                                            [DEBUG  ]  File ignored by longranger/invocation because it exceeded search pattern filesize limit: Sor-CPnd_019-Ex1-6G-lcwgs-1-3.1_fastqc.html
[2025-06-08 19:37:31,377] multiqc                                            [DEBUG  ]  Ignoring file as matched an ignore pattern: Sor-CPnd_045-Ex1-7B-lcwgs-1-3.1.fq.gz
[2025-06-08 19:37:31,428] multiqc                                            [DEBUG  ]  File ignored by hicexplorer because it exceeded search pattern filesize limit: Sor-CPnd_027-Ex1-3C-lcwgs-1-3.2_fastqc.html
[2025-06-08 19:37:31,441] multiqc                                            [DEBUG  ]  File ignored by longranger/invocation because it exceeded search pattern filesize limit: Sor-CPnd_027-Ex1-3C-lcwgs-1-3.2_fastqc.html
[2025-06-08 19:37:31,520] multiqc                                            [DEBUG  ]  Ignoring file as matched an ignore pattern: Sor-CPnd_055-Ex1-7G-lcwgs-1-3.2.fq.gz
[2025-06-08 19:37:31,521] multiqc                                            [DEBUG  ]  Ignoring file as matched an ignore pattern: Sor-CPnd_020-Ex1-2E-lcwgs-1-3.1.fq.gz
[2025-06-08 19:37:31,522] multiqc                                            [DEBUG  ]  Ignoring file as matched an ignore pattern: Sor-CPnd_019-Ex1-6G-lcwgs-1-3.2.fq.gz
[2025-06-08 19:37:31,574] multiqc                                            [DEBUG  ]  File ignored by hicexplorer because it exceeded search pattern filesize limit: Sor-CPnd_066-Ex1-8B-lcwgs-1-3.1_fastqc.html
[2025-06-08 19:37:31,588] multiqc                                            [DEBUG  ]  File ignored by longranger/invocation because it exceeded search pattern filesize limit: Sor-CPnd_066-Ex1-8B-lcwgs-1-3.1_fastqc.html
[2025-06-08 19:37:31,753] multiqc                                            [DEBUG  ]  File ignored by hicexplorer because it exceeded search pattern filesize limit: Sor-CPnd_001-Ex1-3E-lcwgs-1-3.2_fastqc.html
[2025-06-08 19:37:31,769] multiqc                                            [DEBUG  ]  File ignored by longranger/invocation because it exceeded search pattern filesize limit: Sor-CPnd_001-Ex1-3E-lcwgs-1-3.2_fastqc.html
[2025-06-08 19:37:31,882] multiqc                                            [DEBUG  ]  Ignoring file as matched an ignore pattern: Sor-CPnd_014-Ex1-1F-lcwgs-1-3.2.fq.gz
[2025-06-08 19:37:31,940] multiqc                                            [DEBUG  ]  File ignored by hicexplorer because it exceeded search pattern filesize limit: Sor-CPnd_026-Ex1-3H-lcwgs-1-3.2_fastqc.html
[2025-06-08 19:37:31,957] multiqc                                            [DEBUG  ]  File ignored by longranger/invocation because it exceeded search pattern filesize limit: Sor-CPnd_026-Ex1-3H-lcwgs-1-3.2_fastqc.html
[2025-06-08 19:37:32,124] multiqc                                            [DEBUG  ]  File ignored by hicexplorer because it exceeded search pattern filesize limit: Sor-CPnd_009-Ex1-6A-lcwgs-1-3.2_fastqc.html
[2025-06-08 19:37:32,141] multiqc                                            [DEBUG  ]  File ignored by longranger/invocation because it exceeded search pattern filesize limit: Sor-CPnd_009-Ex1-6A-lcwgs-1-3.2_fastqc.html
[2025-06-08 19:37:32,260] multiqc                                            [DEBUG  ]  Ignoring file as matched an ignore pattern: Sor-CPnd_066-Ex1-8B-lcwgs-1-3.1.fq.gz
[2025-06-08 19:37:32,284] multiqc                                            [DEBUG  ]  File ignored by hicexplorer because it exceeded search pattern filesize limit: old_new_filenames.log
[2025-06-08 19:37:32,294] multiqc                                            [DEBUG  ]  File ignored by longranger/invocation because it exceeded search pattern filesize limit: old_new_filenames.log
[2025-06-08 19:37:32,325] multiqc                                            [DEBUG  ]  Ignoring file as matched an ignore pattern: Sor-CPnd_044-Ex1-8G-lcwgs-1-3.2.fq.gz
[2025-06-08 19:37:32,379] multiqc                                            [DEBUG  ]  File ignored by hicexplorer because it exceeded search pattern filesize limit: Sor-CPnd_017-Ex1-3G-lcwgs-1-3.2_fastqc.html
[2025-06-08 19:37:32,392] multiqc                                            [DEBUG  ]  File ignored by longranger/invocation because it exceeded search pattern filesize limit: Sor-CPnd_017-Ex1-3G-lcwgs-1-3.2_fastqc.html
[2025-06-08 19:37:32,473] multiqc                                            [DEBUG  ]  Ignoring file as matched an ignore pattern: Sor-CPnd_058-Ex1-2G-lcwgs-1-3.2.fq.gz
[2025-06-08 19:37:32,525] multiqc                                            [DEBUG  ]  File ignored by hicexplorer because it exceeded search pattern filesize limit: Sor-CPnd_054-Ex1-8F-lcwgs-1-3.2_fastqc.html
[2025-06-08 19:37:32,541] multiqc                                            [DEBUG  ]  File ignored by longranger/invocation because it exceeded search pattern filesize limit: Sor-CPnd_054-Ex1-8F-lcwgs-1-3.2_fastqc.html
[2025-06-08 19:37:32,624] multiqc                                            [DEBUG  ]  Ignoring file as matched an ignore pattern: Sor-CPnd_012-Ex1-5B-lcwgs-1-3.2.fq.gz
[2025-06-08 19:37:32,651] multiqc                                            [DEBUG  ]  File ignored by hicexplorer because it exceeded search pattern filesize limit: Sor-CPnd_043-Ex1-1D-lcwgs-1-3.2_fastqc.html
[2025-06-08 19:37:32,664] multiqc                                            [DEBUG  ]  File ignored by longranger/invocation because it exceeded search pattern filesize limit: Sor-CPnd_043-Ex1-1D-lcwgs-1-3.2_fastqc.html
[2025-06-08 19:37:32,787] multiqc                                            [DEBUG  ]  File ignored by hicexplorer because it exceeded search pattern filesize limit: Sor-CPnd_046-Ex1-5A-lcwgs-1-3.1_fastqc.html
[2025-06-08 19:37:32,798] multiqc                                            [DEBUG  ]  File ignored by longranger/invocation because it exceeded search pattern filesize limit: Sor-CPnd_046-Ex1-5A-lcwgs-1-3.1_fastqc.html
[2025-06-08 19:37:32,871] multiqc                                            [DEBUG  ]  Ignoring file as matched an ignore pattern: Sor-CPnd_022-Ex1-7C-lcwgs-1-3.2.fq.gz
[2025-06-08 19:37:32,920] multiqc                                            [DEBUG  ]  File ignored by hicexplorer because it exceeded search pattern filesize limit: Sor-CPnd_007-Ex1-1C-lcwgs-1-3.2_fastqc.html
[2025-06-08 19:37:32,934] multiqc                                            [DEBUG  ]  File ignored by longranger/invocation because it exceeded search pattern filesize limit: Sor-CPnd_007-Ex1-1C-lcwgs-1-3.2_fastqc.html
[2025-06-08 19:37:33,071] multiqc                                            [DEBUG  ]  File ignored by hicexplorer because it exceeded search pattern filesize limit: Sor-CPnd_012-Ex1-5B-lcwgs-1-3.1_fastqc.html
[2025-06-08 19:37:33,086] multiqc                                            [DEBUG  ]  File ignored by longranger/invocation because it exceeded search pattern filesize limit: Sor-CPnd_012-Ex1-5B-lcwgs-1-3.1_fastqc.html
[2025-06-08 19:37:33,184] multiqc                                            [DEBUG  ]  Ignoring file as matched an ignore pattern: Sor-CPnd_028-Ex1-3A-lcwgs-1-3.1.fq.gz
[2025-06-08 19:37:33,242] multiqc                                            [DEBUG  ]  File ignored by hicexplorer because it exceeded search pattern filesize limit: Sor-CPnd_037-Ex1-6C-lcwgs-1-3.2_fastqc.html
[2025-06-08 19:37:33,259] multiqc                                            [DEBUG  ]  File ignored by longranger/invocation because it exceeded search pattern filesize limit: Sor-CPnd_037-Ex1-6C-lcwgs-1-3.2_fastqc.html
[2025-06-08 19:37:33,430] multiqc                                            [DEBUG  ]  File ignored by hicexplorer because it exceeded search pattern filesize limit: Sor-CPnd_006-Ex1-2D-lcwgs-1-3.2_fastqc.html
[2025-06-08 19:37:33,446] multiqc                                            [DEBUG  ]  File ignored by longranger/invocation because it exceeded search pattern filesize limit: Sor-CPnd_006-Ex1-2D-lcwgs-1-3.2_fastqc.html
[2025-06-08 19:37:33,526] multiqc                                            [DEBUG  ]  Ignoring file as matched an ignore pattern: Sor-CPnd_069-Ex1-6B-lcwgs-1-3.1.fq.gz
[2025-06-08 19:37:33,526] multiqc                                            [DEBUG  ]  Ignoring file as matched an ignore pattern: Sor-CPnd_007-Ex1-1C-lcwgs-1-3.1.fq.gz
[2025-06-08 19:37:33,527] multiqc                                            [DEBUG  ]  Ignoring file as matched an ignore pattern: Sor-CPnd_017-Ex1-3G-lcwgs-1-3.2.fq.gz
[2025-06-08 19:37:33,528] multiqc                                            [DEBUG  ]  Ignoring file as matched an ignore pattern: Sor-CPnd_033-Ex1-2F-lcwgs-1-3.2.fq.gz
[2025-06-08 19:37:33,558] multiqc                                            [DEBUG  ]  File ignored by hicexplorer because it exceeded search pattern filesize limit: Sor-CPnd_058-Ex1-2G-lcwgs-1-3.1_fastqc.html
[2025-06-08 19:37:33,571] multiqc                                            [DEBUG  ]  File ignored by longranger/invocation because it exceeded search pattern filesize limit: Sor-CPnd_058-Ex1-2G-lcwgs-1-3.1_fastqc.html
[2025-06-08 19:37:33,687] multiqc                                            [DEBUG  ]  File ignored by hicexplorer because it exceeded search pattern filesize limit: Sor-CPnd_063-Ex1-7D-lcwgs-1-3.2_fastqc.html
[2025-06-08 19:37:33,699] multiqc                                            [DEBUG  ]  File ignored by longranger/invocation because it exceeded search pattern filesize limit: Sor-CPnd_063-Ex1-7D-lcwgs-1-3.2_fastqc.html
[2025-06-08 19:37:33,832] multiqc                                            [DEBUG  ]  File ignored by hicexplorer because it exceeded search pattern filesize limit: Sor-CPnd_014-Ex1-1F-lcwgs-1-3.2_fastqc.html
[2025-06-08 19:37:33,845] multiqc                                            [DEBUG  ]  File ignored by longranger/invocation because it exceeded search pattern filesize limit: Sor-CPnd_014-Ex1-1F-lcwgs-1-3.2_fastqc.html
[2025-06-08 19:37:34,001] multiqc                                            [DEBUG  ]  File ignored by hicexplorer because it exceeded search pattern filesize limit: Sor-CPnd_010-Ex1-1H-lcwgs-1-3.1_fastqc.html
[2025-06-08 19:37:34,019] multiqc                                            [DEBUG  ]  File ignored by longranger/invocation because it exceeded search pattern filesize limit: Sor-CPnd_010-Ex1-1H-lcwgs-1-3.1_fastqc.html
[2025-06-08 19:37:34,139] multiqc                                            [DEBUG  ]  Ignoring file as matched an ignore pattern: Sor-CPnd_038-Ex1-2A-lcwgs-1-3.2.fq.gz
[2025-06-08 19:37:34,172] multiqc                                            [DEBUG  ]  File ignored by hicexplorer because it exceeded search pattern filesize limit: Sor-CPnd_036-Ex1-5C-lcwgs-1-3.2_fastqc.html
[2025-06-08 19:37:34,187] multiqc                                            [DEBUG  ]  File ignored by longranger/invocation because it exceeded search pattern filesize limit: Sor-CPnd_036-Ex1-5C-lcwgs-1-3.2_fastqc.html
[2025-06-08 19:37:34,268] multiqc                                            [DEBUG  ]  Ignoring file as matched an ignore pattern: Sor-CPnd_044-Ex1-8G-lcwgs-1-3.1.fq.gz
[2025-06-08 19:37:34,270] multiqc                                            [DEBUG  ]  Ignoring file as matched an ignore pattern: Sor-CPnd_066-Ex1-8B-lcwgs-1-3.2.fq.gz
[2025-06-08 19:37:34,271] multiqc                                            [DEBUG  ]  Ignoring file as matched an ignore pattern: Sor-CPnd_014-Ex1-1F-lcwgs-1-3.1.fq.gz
[2025-06-08 19:37:34,324] multiqc                                            [DEBUG  ]  File ignored by hicexplorer because it exceeded search pattern filesize limit: Sor-CPnd_028-Ex1-3A-lcwgs-1-3.2_fastqc.html
[2025-06-08 19:37:34,337] multiqc                                            [DEBUG  ]  File ignored by longranger/invocation because it exceeded search pattern filesize limit: Sor-CPnd_028-Ex1-3A-lcwgs-1-3.2_fastqc.html
[2025-06-08 19:37:34,466] multiqc                                            [DEBUG  ]  File ignored by hicexplorer because it exceeded search pattern filesize limit: Sor-CPnd_029-Ex1-8E-lcwgs-1-3.2_fastqc.html
[2025-06-08 19:37:34,480] multiqc                                            [DEBUG  ]  File ignored by longranger/invocation because it exceeded search pattern filesize limit: Sor-CPnd_029-Ex1-8E-lcwgs-1-3.2_fastqc.html
[2025-06-08 19:37:34,590] multiqc                                            [DEBUG  ]  Ignoring file as matched an ignore pattern: Sor-CPnd_012-Ex1-5B-lcwgs-1-3.1.fq.gz
[2025-06-08 19:37:34,622] multiqc                                            [DEBUG  ]  File ignored by hicexplorer because it exceeded search pattern filesize limit: Sor-CPnd_050-Ex1-3F-lcwgs-1-3.2_fastqc.html
[2025-06-08 19:37:34,638] multiqc                                            [DEBUG  ]  File ignored by longranger/invocation because it exceeded search pattern filesize limit: Sor-CPnd_050-Ex1-3F-lcwgs-1-3.2_fastqc.html
[2025-06-08 19:37:34,735] multiqc                                            [DEBUG  ]  Ignoring file as matched an ignore pattern: Sor-CPnd_058-Ex1-2G-lcwgs-1-3.1.fq.gz
[2025-06-08 19:37:34,763] multiqc                                            [DEBUG  ]  File ignored by hicexplorer because it exceeded search pattern filesize limit: Sor-CPnd_055-Ex1-7G-lcwgs-1-3.1_fastqc.html
[2025-06-08 19:37:34,775] multiqc                                            [DEBUG  ]  File ignored by longranger/invocation because it exceeded search pattern filesize limit: Sor-CPnd_055-Ex1-7G-lcwgs-1-3.1_fastqc.html
[2025-06-08 19:37:34,898] multiqc                                            [DEBUG  ]  File ignored by hicexplorer because it exceeded search pattern filesize limit: Sor-CPnd_053-Ex1-2C-lcwgs-1-3.2_fastqc.html
[2025-06-08 19:37:34,914] multiqc                                            [DEBUG  ]  File ignored by longranger/invocation because it exceeded search pattern filesize limit: Sor-CPnd_053-Ex1-2C-lcwgs-1-3.2_fastqc.html
[2025-06-08 19:37:35,067] multiqc                                            [DEBUG  ]  File ignored by hicexplorer because it exceeded search pattern filesize limit: Sor-CPnd_038-Ex1-2A-lcwgs-1-3.2_fastqc.html
[2025-06-08 19:37:35,085] multiqc                                            [DEBUG  ]  File ignored by longranger/invocation because it exceeded search pattern filesize limit: Sor-CPnd_038-Ex1-2A-lcwgs-1-3.2_fastqc.html
[2025-06-08 19:37:35,233] multiqc                                            [DEBUG  ]  File ignored by hicexplorer because it exceeded search pattern filesize limit: Sor-CPnd_013-Ex1-7F-lcwgs-1-3.1_fastqc.html
[2025-06-08 19:37:35,251] multiqc                                            [DEBUG  ]  File ignored by longranger/invocation because it exceeded search pattern filesize limit: Sor-CPnd_013-Ex1-7F-lcwgs-1-3.1_fastqc.html
[2025-06-08 19:37:35,424] multiqc                                            [DEBUG  ]  File ignored by hicexplorer because it exceeded search pattern filesize limit: Sor-CPnd_022-Ex1-7C-lcwgs-1-3.2_fastqc.html
[2025-06-08 19:37:35,440] multiqc                                            [DEBUG  ]  File ignored by longranger/invocation because it exceeded search pattern filesize limit: Sor-CPnd_022-Ex1-7C-lcwgs-1-3.2_fastqc.html
[2025-06-08 19:37:35,521] multiqc                                            [DEBUG  ]  Ignoring file as matched an ignore pattern: Sor-CPnd_028-Ex1-3A-lcwgs-1-3.2.fq.gz
[2025-06-08 19:37:35,522] multiqc                                            [DEBUG  ]  Ignoring file as matched an ignore pattern: Sor-CPnd_022-Ex1-7C-lcwgs-1-3.1.fq.gz
[2025-06-08 19:37:35,582] multiqc                                            [DEBUG  ]  File ignored by hicexplorer because it exceeded search pattern filesize limit: Sor-CPnd_033-Ex1-2F-lcwgs-1-3.1_fastqc.html
[2025-06-08 19:37:35,599] multiqc                                            [DEBUG  ]  File ignored by longranger/invocation because it exceeded search pattern filesize limit: Sor-CPnd_033-Ex1-2F-lcwgs-1-3.1_fastqc.html
[2025-06-08 19:37:35,761] multiqc                                            [DEBUG  ]  Ignoring file as matched an ignore pattern: Sor-CPnd_038-Ex1-2A-lcwgs-1-3.1.fq.gz
[2025-06-08 19:37:35,763] multiqc                                            [DEBUG  ]  Ignoring file as matched an ignore pattern: Sor-CPnd_033-Ex1-2F-lcwgs-1-3.1.fq.gz
[2025-06-08 19:37:35,763] multiqc                                            [DEBUG  ]  Ignoring file as matched an ignore pattern: Sor-CPnd_017-Ex1-3G-lcwgs-1-3.1.fq.gz
[2025-06-08 19:37:35,821] multiqc                                            [DEBUG  ]  File ignored by hicexplorer because it exceeded search pattern filesize limit: Sor-CPnd_002-Ex1-5E-lcwgs-1-3.1_fastqc.html
[2025-06-08 19:37:35,840] multiqc                                            [DEBUG  ]  File ignored by longranger/invocation because it exceeded search pattern filesize limit: Sor-CPnd_002-Ex1-5E-lcwgs-1-3.1_fastqc.html
[2025-06-08 19:37:35,953] multiqc                                            [DEBUG  ]  Ignoring file as matched an ignore pattern: Sor-CPnd_069-Ex1-6B-lcwgs-1-3.2.fq.gz
[2025-06-08 19:37:35,955] multiqc                                            [DEBUG  ]  Ignoring file as matched an ignore pattern: Sor-CPnd_007-Ex1-1C-lcwgs-1-3.2.fq.gz
[2025-06-08 19:37:36,008] multiqc                                            [DEBUG  ]  File ignored by hicexplorer because it exceeded search pattern filesize limit: Sor-CPnd_008-Ex1-1A-lcwgs-1-3.2_fastqc.html
[2025-06-08 19:37:36,025] multiqc                                            [DEBUG  ]  File ignored by longranger/invocation because it exceeded search pattern filesize limit: Sor-CPnd_008-Ex1-1A-lcwgs-1-3.2_fastqc.html
[2025-06-08 19:37:36,196] multiqc                                            [DEBUG  ]  File ignored by hicexplorer because it exceeded search pattern filesize limit: Sor-CPnd_018-Ex1-1E-lcwgs-1-3.2_fastqc.html
[2025-06-08 19:37:36,210] multiqc                                            [DEBUG  ]  File ignored by longranger/invocation because it exceeded search pattern filesize limit: Sor-CPnd_018-Ex1-1E-lcwgs-1-3.2_fastqc.html
[2025-06-08 19:37:36,295] multiqc                                            [DEBUG  ]  Ignoring file as matched an ignore pattern: Sor-CPnd_052-Ex1-6D-lcwgs-1-3.1.fq.gz
[2025-06-08 19:37:36,296] multiqc                                            [DEBUG  ]  Ignoring file as matched an ignore pattern: Sor-CPnd_037-Ex1-6C-lcwgs-1-3.2.fq.gz
[2025-06-08 19:37:36,353] multiqc                                            [DEBUG  ]  File ignored by hicexplorer because it exceeded search pattern filesize limit: Sor-CPnd_034-Ex1-4G-lcwgs-1-3.1_fastqc.html
[2025-06-08 19:37:36,371] multiqc                                            [DEBUG  ]  File ignored by longranger/invocation because it exceeded search pattern filesize limit: Sor-CPnd_034-Ex1-4G-lcwgs-1-3.1_fastqc.html
[2025-06-08 19:37:36,515] multiqc                                            [DEBUG  ]  File ignored by hicexplorer because it exceeded search pattern filesize limit: Sor-CPnd_003-Ex1-2B-lcwgs-1-3.1_fastqc.html
[2025-06-08 19:37:36,532] multiqc                                            [DEBUG  ]  File ignored by longranger/invocation because it exceeded search pattern filesize limit: Sor-CPnd_003-Ex1-2B-lcwgs-1-3.1_fastqc.html
[2025-06-08 19:37:36,702] multiqc                                            [DEBUG  ]  File ignored by hicexplorer because it exceeded search pattern filesize limit: Sor-CPnd_015-Ex1-5F-lcwgs-1-3.2_fastqc.html
[2025-06-08 19:37:36,718] multiqc                                            [DEBUG  ]  File ignored by longranger/invocation because it exceeded search pattern filesize limit: Sor-CPnd_015-Ex1-5F-lcwgs-1-3.2_fastqc.html
[2025-06-08 19:37:36,857] multiqc                                            [DEBUG  ]  File ignored by hicexplorer because it exceeded search pattern filesize limit: Sor-CPnd_044-Ex1-8G-lcwgs-1-3.1_fastqc.html
[2025-06-08 19:37:36,870] multiqc                                            [DEBUG  ]  File ignored by longranger/invocation because it exceeded search pattern filesize limit: Sor-CPnd_044-Ex1-8G-lcwgs-1-3.1_fastqc.html
[2025-06-08 19:37:36,973] multiqc                                            [DEBUG  ]  Ignoring file as matched an ignore pattern: Sor-CPnd_001-Ex1-3E-lcwgs-1-3.1.fq.gz
[2025-06-08 19:37:37,025] multiqc                                            [DEBUG  ]  File ignored by hicexplorer because it exceeded search pattern filesize limit: Sor-CPnd_005-Ex1-3D-lcwgs-1-3.1_fastqc.html
[2025-06-08 19:37:37,041] multiqc                                            [DEBUG  ]  File ignored by longranger/invocation because it exceeded search pattern filesize limit: Sor-CPnd_005-Ex1-3D-lcwgs-1-3.1_fastqc.html
[2025-06-08 19:37:37,186] multiqc                                            [DEBUG  ]  File ignored by hicexplorer because it exceeded search pattern filesize limit: Sor-CPnd_020-Ex1-2E-lcwgs-1-3.2_fastqc.html
[2025-06-08 19:37:37,200] multiqc                                            [DEBUG  ]  File ignored by longranger/invocation because it exceeded search pattern filesize limit: Sor-CPnd_020-Ex1-2E-lcwgs-1-3.2_fastqc.html
[2025-06-08 19:37:37,310] multiqc                                            [DEBUG  ]  Ignoring file as matched an ignore pattern: Sor-CPnd_045-Ex1-7B-lcwgs-1-3.2.fq.gz
[2025-06-08 19:37:37,339] multiqc                                            [DEBUG  ]  File ignored by hicexplorer because it exceeded search pattern filesize limit: Sor-CPnd_041-Ex1-7A-lcwgs-1-3.2_fastqc.html
[2025-06-08 19:37:37,352] multiqc                                            [DEBUG  ]  File ignored by longranger/invocation because it exceeded search pattern filesize limit: Sor-CPnd_041-Ex1-7A-lcwgs-1-3.2_fastqc.html
[2025-06-08 19:37:37,466] multiqc                                            [DEBUG  ]  File ignored by hicexplorer because it exceeded search pattern filesize limit: Sor-CPnd_072-Ex1-8C-lcwgs-1-3.2_fastqc.html
[2025-06-08 19:37:37,479] multiqc                                            [DEBUG  ]  File ignored by longranger/invocation because it exceeded search pattern filesize limit: Sor-CPnd_072-Ex1-8C-lcwgs-1-3.2_fastqc.html
[2025-06-08 19:37:37,561] multiqc                                            [DEBUG  ]  Ignoring file as matched an ignore pattern: Sor-CPnd_005-Ex1-3D-lcwgs-1-3.2.fq.gz
[2025-06-08 19:37:37,607] multiqc                                            [DEBUG  ]  File ignored by hicexplorer because it exceeded search pattern filesize limit: Sor-CPnd_024-Ex1-5G-lcwgs-1-3.1_fastqc.html
[2025-06-08 19:37:37,619] multiqc                                            [DEBUG  ]  File ignored by longranger/invocation because it exceeded search pattern filesize limit: Sor-CPnd_024-Ex1-5G-lcwgs-1-3.1_fastqc.html
[2025-06-08 19:37:37,735] multiqc                                            [DEBUG  ]  File ignored by hicexplorer because it exceeded search pattern filesize limit: Sor-CPnd_031-Ex1-5D-lcwgs-1-3.1_fastqc.html
[2025-06-08 19:37:37,746] multiqc                                            [DEBUG  ]  File ignored by longranger/invocation because it exceeded search pattern filesize limit: Sor-CPnd_031-Ex1-5D-lcwgs-1-3.1_fastqc.html
[2025-06-08 19:37:37,843] multiqc                                            [DEBUG  ]  File ignored by hicexplorer because it exceeded search pattern filesize limit: Sor-CPnd_052-Ex1-6D-lcwgs-1-3.2_fastqc.html
[2025-06-08 19:37:37,858] multiqc                                            [DEBUG  ]  File ignored by longranger/invocation because it exceeded search pattern filesize limit: Sor-CPnd_052-Ex1-6D-lcwgs-1-3.2_fastqc.html
[2025-06-08 19:37:37,956] multiqc                                            [DEBUG  ]  Ignoring file as matched an ignore pattern: Sor-CPnd_019-Ex1-6G-lcwgs-1-3.1.fq.gz
[2025-06-08 19:37:38,005] multiqc                                            [DEBUG  ]  File ignored by hicexplorer because it exceeded search pattern filesize limit: Sor-CPnd_004-Ex1-1G-lcwgs-1-3.1_fastqc.html
[2025-06-08 19:37:38,018] multiqc                                            [DEBUG  ]  File ignored by longranger/invocation because it exceeded search pattern filesize limit: Sor-CPnd_004-Ex1-1G-lcwgs-1-3.1_fastqc.html
[2025-06-08 19:37:38,108] multiqc                                            [DEBUG  ]  Ignoring file as matched an ignore pattern: Sor-CPnd_020-Ex1-2E-lcwgs-1-3.2.fq.gz
[2025-06-08 19:37:38,110] multiqc                                            [DEBUG  ]  Ignoring file as matched an ignore pattern: Sor-CPnd_055-Ex1-7G-lcwgs-1-3.1.fq.gz
[2025-06-08 19:37:38,111] multiqc                                            [DEBUG  ]  Ignoring file as matched an ignore pattern: Sor-CPnd_008-Ex1-1A-lcwgs-1-3.2.fq.gz
[2025-06-08 19:37:38,166] multiqc                                            [DEBUG  ]  File ignored by hicexplorer because it exceeded search pattern filesize limit: Sor-CPnd_024-Ex1-5G-lcwgs-1-3.2_fastqc.html
[2025-06-08 19:37:38,181] multiqc                                            [DEBUG  ]  File ignored by longranger/invocation because it exceeded search pattern filesize limit: Sor-CPnd_024-Ex1-5G-lcwgs-1-3.2_fastqc.html
[2025-06-08 19:37:38,322] multiqc                                            [DEBUG  ]  File ignored by hicexplorer because it exceeded search pattern filesize limit: Sor-CPnd_031-Ex1-5D-lcwgs-1-3.2_fastqc.html
[2025-06-08 19:37:38,336] multiqc                                            [DEBUG  ]  File ignored by longranger/invocation because it exceeded search pattern filesize limit: Sor-CPnd_031-Ex1-5D-lcwgs-1-3.2_fastqc.html
[2025-06-08 19:37:38,479] multiqc                                            [DEBUG  ]  File ignored by hicexplorer because it exceeded search pattern filesize limit: Sor-CPnd_052-Ex1-6D-lcwgs-1-3.1_fastqc.html
[2025-06-08 19:37:38,494] multiqc                                            [DEBUG  ]  File ignored by longranger/invocation because it exceeded search pattern filesize limit: Sor-CPnd_052-Ex1-6D-lcwgs-1-3.1_fastqc.html
[2025-06-08 19:37:38,647] multiqc                                            [DEBUG  ]  File ignored by hicexplorer because it exceeded search pattern filesize limit: Sor-CPnd_020-Ex1-2E-lcwgs-1-3.1_fastqc.html
[2025-06-08 19:37:38,661] multiqc                                            [DEBUG  ]  File ignored by longranger/invocation because it exceeded search pattern filesize limit: Sor-CPnd_020-Ex1-2E-lcwgs-1-3.1_fastqc.html
[2025-06-08 19:37:38,786] multiqc                                            [DEBUG  ]  File ignored by hicexplorer because it exceeded search pattern filesize limit: Sor-CPnd_041-Ex1-7A-lcwgs-1-3.1_fastqc.html
[2025-06-08 19:37:38,797] multiqc                                            [DEBUG  ]  File ignored by longranger/invocation because it exceeded search pattern filesize limit: Sor-CPnd_041-Ex1-7A-lcwgs-1-3.1_fastqc.html
[2025-06-08 19:37:38,886] multiqc                                            [DEBUG  ]  File ignored by hicexplorer because it exceeded search pattern filesize limit: Sor-CPnd_072-Ex1-8C-lcwgs-1-3.1_fastqc.html
[2025-06-08 19:37:38,900] multiqc                                            [DEBUG  ]  File ignored by longranger/invocation because it exceeded search pattern filesize limit: Sor-CPnd_072-Ex1-8C-lcwgs-1-3.1_fastqc.html
[2025-06-08 19:37:38,972] multiqc                                            [DEBUG  ]  Ignoring file as matched an ignore pattern: Sor-CPnd_006-Ex1-2D-lcwgs-1-3.2.fq.gz
[2025-06-08 19:37:38,972] multiqc                                            [DEBUG  ]  Ignoring file as matched an ignore pattern: Sor-CPnd_003-Ex1-2B-lcwgs-1-3.2.fq.gz
[2025-06-08 19:37:38,974] multiqc                                            [DEBUG  ]  Ignoring file as matched an ignore pattern: Sor-CPnd_050-Ex1-3F-lcwgs-1-3.1.fq.gz
[2025-06-08 19:37:38,975] multiqc                                            [DEBUG  ]  Ignoring file as matched an ignore pattern: Sor-CPnd_027-Ex1-3C-lcwgs-1-3.2.fq.gz
[2025-06-08 19:37:38,976] multiqc                                            [DEBUG  ]  Ignoring file as matched an ignore pattern: Sor-CPnd_004-Ex1-1G-lcwgs-1-3.1.fq.gz
[2025-06-08 19:37:38,977] multiqc                                            [DEBUG  ]  Ignoring file as matched an ignore pattern: Sor-CPnd_026-Ex1-3H-lcwgs-1-3.2.fq.gz
[2025-06-08 19:37:39,023] multiqc                                            [DEBUG  ]  File ignored by hicexplorer because it exceeded search pattern filesize limit: Sor-CPnd_004-Ex1-1G-lcwgs-1-3.2_fastqc.html
[2025-06-08 19:37:39,035] multiqc                                            [DEBUG  ]  File ignored by longranger/invocation because it exceeded search pattern filesize limit: Sor-CPnd_004-Ex1-1G-lcwgs-1-3.2_fastqc.html
[2025-06-08 19:37:39,127] multiqc                                            [DEBUG  ]  Ignoring file as matched an ignore pattern: Sor-CPnd_054-Ex1-8F-lcwgs-1-3.1.fq.gz
[2025-06-08 19:37:39,177] multiqc                                            [DEBUG  ]  File ignored by hicexplorer because it exceeded search pattern filesize limit: Sor-CPnd_034-Ex1-4G-lcwgs-1-3.2_fastqc.html
[2025-06-08 19:37:39,189] multiqc                                            [DEBUG  ]  File ignored by longranger/invocation because it exceeded search pattern filesize limit: Sor-CPnd_034-Ex1-4G-lcwgs-1-3.2_fastqc.html
[2025-06-08 19:37:39,321] multiqc                                            [DEBUG  ]  File ignored by hicexplorer because it exceeded search pattern filesize limit: Sor-CPnd_008-Ex1-1A-lcwgs-1-3.1_fastqc.html
[2025-06-08 19:37:39,338] multiqc                                            [DEBUG  ]  File ignored by longranger/invocation because it exceeded search pattern filesize limit: Sor-CPnd_008-Ex1-1A-lcwgs-1-3.1_fastqc.html
[2025-06-08 19:37:39,431] multiqc                                            [DEBUG  ]  Ignoring file as matched an ignore pattern: Sor-CPnd_031-Ex1-5D-lcwgs-1-3.2.fq.gz
[2025-06-08 19:37:39,489] multiqc                                            [DEBUG  ]  File ignored by hicexplorer because it exceeded search pattern filesize limit: Sor-CPnd_018-Ex1-1E-lcwgs-1-3.1_fastqc.html
[2025-06-08 19:37:39,504] multiqc                                            [DEBUG  ]  File ignored by longranger/invocation because it exceeded search pattern filesize limit: Sor-CPnd_018-Ex1-1E-lcwgs-1-3.1_fastqc.html
[2025-06-08 19:37:39,601] multiqc                                            [DEBUG  ]  Ignoring file as matched an ignore pattern: Sor-CPnd_063-Ex1-7D-lcwgs-1-3.1.fq.gz
[2025-06-08 19:37:39,601] multiqc                                            [DEBUG  ]  Ignoring file as matched an ignore pattern: Sor-CPnd_010-Ex1-1H-lcwgs-1-3.1.fq.gz
[2025-06-08 19:37:39,602] multiqc                                            [DEBUG  ]  Ignoring file as matched an ignore pattern: Sor-CPnd_046-Ex1-5A-lcwgs-1-3.1.fq.gz
[2025-06-08 19:37:39,603] multiqc                                            [DEBUG  ]  Ignoring file as matched an ignore pattern: Sor-CPnd_041-Ex1-7A-lcwgs-1-3.2.fq.gz
[2025-06-08 19:37:39,603] multiqc                                            [DEBUG  ]  Ignoring file as matched an ignore pattern: Sor-CPnd_034-Ex1-4G-lcwgs-1-3.2.fq.gz
[2025-06-08 19:37:39,606] multiqc                                            [DEBUG  ]  Ignoring file as matched an ignore pattern: Sor-CPnd_024-Ex1-5G-lcwgs-1-3.1.fq.gz
[2025-06-08 19:37:39,657] multiqc                                            [DEBUG  ]  File ignored by hicexplorer because it exceeded search pattern filesize limit: Sor-CPnd_005-Ex1-3D-lcwgs-1-3.2_fastqc.html
[2025-06-08 19:37:39,671] multiqc                                            [DEBUG  ]  File ignored by longranger/invocation because it exceeded search pattern filesize limit: Sor-CPnd_005-Ex1-3D-lcwgs-1-3.2_fastqc.html
[2025-06-08 19:37:39,768] multiqc                                            [DEBUG  ]  Ignoring file as matched an ignore pattern: Sor-CPnd_016-Ex1-1B-lcwgs-1-3.2.fq.gz
[2025-06-08 19:37:39,822] multiqc                                            [DEBUG  ]  File ignored by hicexplorer because it exceeded search pattern filesize limit: Sor-CPnd_003-Ex1-2B-lcwgs-1-3.2_fastqc.html
[2025-06-08 19:37:39,835] multiqc                                            [DEBUG  ]  File ignored by longranger/invocation because it exceeded search pattern filesize limit: Sor-CPnd_003-Ex1-2B-lcwgs-1-3.2_fastqc.html
[2025-06-08 19:37:39,913] multiqc                                            [DEBUG  ]  Ignoring file as matched an ignore pattern: Sor-CPnd_053-Ex1-2C-lcwgs-1-3.1.fq.gz
[2025-06-08 19:37:39,940] multiqc                                            [DEBUG  ]  File ignored by hicexplorer because it exceeded search pattern filesize limit: Sor-CPnd_044-Ex1-8G-lcwgs-1-3.2_fastqc.html
[2025-06-08 19:37:39,951] multiqc                                            [DEBUG  ]  File ignored by longranger/invocation because it exceeded search pattern filesize limit: Sor-CPnd_044-Ex1-8G-lcwgs-1-3.2_fastqc.html
[2025-06-08 19:37:40,072] multiqc                                            [DEBUG  ]  File ignored by hicexplorer because it exceeded search pattern filesize limit: Sor-CPnd_015-Ex1-5F-lcwgs-1-3.1_fastqc.html
[2025-06-08 19:37:40,086] multiqc                                            [DEBUG  ]  File ignored by longranger/invocation because it exceeded search pattern filesize limit: Sor-CPnd_015-Ex1-5F-lcwgs-1-3.1_fastqc.html
[2025-06-08 19:37:40,194] multiqc                                            [DEBUG  ]  File ignored by hicexplorer because it exceeded search pattern filesize limit: Sor-CPnd_053-Ex1-2C-lcwgs-1-3.1_fastqc.html
[2025-06-08 19:37:40,207] multiqc                                            [DEBUG  ]  File ignored by longranger/invocation because it exceeded search pattern filesize limit: Sor-CPnd_053-Ex1-2C-lcwgs-1-3.1_fastqc.html
[2025-06-08 19:37:40,284] multiqc                                            [DEBUG  ]  Ignoring file as matched an ignore pattern: Sor-CPnd_009-Ex1-6A-lcwgs-1-3.2.fq.gz
[2025-06-08 19:37:40,314] multiqc                                            [DEBUG  ]  File ignored by hicexplorer because it exceeded search pattern filesize limit: Sor-CPnd_038-Ex1-2A-lcwgs-1-3.1_fastqc.html
[2025-06-08 19:37:40,328] multiqc                                            [DEBUG  ]  File ignored by longranger/invocation because it exceeded search pattern filesize limit: Sor-CPnd_038-Ex1-2A-lcwgs-1-3.1_fastqc.html
[2025-06-08 19:37:40,453] multiqc                                            [DEBUG  ]  File ignored by hicexplorer because it exceeded search pattern filesize limit: Sor-CPnd_013-Ex1-7F-lcwgs-1-3.2_fastqc.html
[2025-06-08 19:37:40,468] multiqc                                            [DEBUG  ]  File ignored by longranger/invocation because it exceeded search pattern filesize limit: Sor-CPnd_013-Ex1-7F-lcwgs-1-3.2_fastqc.html
[2025-06-08 19:37:40,597] multiqc                                            [DEBUG  ]  File ignored by hicexplorer because it exceeded search pattern filesize limit: Sor-CPnd_022-Ex1-7C-lcwgs-1-3.1_fastqc.html
[2025-06-08 19:37:40,608] multiqc                                            [DEBUG  ]  File ignored by longranger/invocation because it exceeded search pattern filesize limit: Sor-CPnd_022-Ex1-7C-lcwgs-1-3.1_fastqc.html
[2025-06-08 19:37:40,677] multiqc                                            [DEBUG  ]  Ignoring file as matched an ignore pattern: Sor-CPnd_043-Ex1-1D-lcwgs-1-3.2.fq.gz
[2025-06-08 19:37:40,725] multiqc                                            [DEBUG  ]  File ignored by hicexplorer because it exceeded search pattern filesize limit: Sor-CPnd_033-Ex1-2F-lcwgs-1-3.2_fastqc.html
[2025-06-08 19:37:40,738] multiqc                                            [DEBUG  ]  File ignored by longranger/invocation because it exceeded search pattern filesize limit: Sor-CPnd_033-Ex1-2F-lcwgs-1-3.2_fastqc.html
[2025-06-08 19:37:40,816] multiqc                                            [DEBUG  ]  Ignoring file as matched an ignore pattern: Sor-CPnd_013-Ex1-7F-lcwgs-1-3.1.fq.gz
[2025-06-08 19:37:40,818] multiqc                                            [DEBUG  ]  Ignoring file as matched an ignore pattern: Sor-CPnd_018-Ex1-1E-lcwgs-1-3.2.fq.gz
[2025-06-08 19:37:40,843] multiqc                                            [DEBUG  ]  File ignored by hicexplorer because it exceeded search pattern filesize limit: Sor-CPnd_055-Ex1-7G-lcwgs-1-3.2_fastqc.html
[2025-06-08 19:37:40,853] multiqc                                            [DEBUG  ]  File ignored by longranger/invocation because it exceeded search pattern filesize limit: Sor-CPnd_055-Ex1-7G-lcwgs-1-3.2_fastqc.html
[2025-06-08 19:37:40,918] multiqc                                            [DEBUG  ]  Ignoring file as matched an ignore pattern: Sor-CPnd_049-Ex1-3B-lcwgs-1-3.2.fq.gz
[2025-06-08 19:37:40,919] multiqc                                            [DEBUG  ]  Ignoring file as matched an ignore pattern: Sor-CPnd_036-Ex1-5C-lcwgs-1-3.1.fq.gz
[2025-06-08 19:37:40,919] multiqc                                            [DEBUG  ]  Ignoring file as matched an ignore pattern: Sor-CPnd_015-Ex1-5F-lcwgs-1-3.2.fq.gz
[2025-06-08 19:37:40,920] multiqc                                            [DEBUG  ]  Ignoring file as matched an ignore pattern: Sor-CPnd_030-Ex1-2H-lcwgs-1-3.1.fq.gz
[2025-06-08 19:37:40,967] multiqc                                            [DEBUG  ]  File ignored by hicexplorer because it exceeded search pattern filesize limit: Sor-CPnd_002-Ex1-5E-lcwgs-1-3.2_fastqc.html
[2025-06-08 19:37:40,980] multiqc                                            [DEBUG  ]  File ignored by longranger/invocation because it exceeded search pattern filesize limit: Sor-CPnd_002-Ex1-5E-lcwgs-1-3.2_fastqc.html
[2025-06-08 19:37:41,059] multiqc                                            [DEBUG  ]  Ignoring file as matched an ignore pattern: Sor-CPnd_029-Ex1-8E-lcwgs-1-3.1.fq.gz
[2025-06-08 19:37:41,104] multiqc                                            [DEBUG  ]  File ignored by hicexplorer because it exceeded search pattern filesize limit: Sor-CPnd_028-Ex1-3A-lcwgs-1-3.1_fastqc.html
[2025-06-08 19:37:41,118] multiqc                                            [DEBUG  ]  File ignored by longranger/invocation because it exceeded search pattern filesize limit: Sor-CPnd_028-Ex1-3A-lcwgs-1-3.1_fastqc.html
[2025-06-08 19:37:41,219] multiqc                                            [DEBUG  ]  File ignored by hicexplorer because it exceeded search pattern filesize limit: Sor-CPnd_036-Ex1-5C-lcwgs-1-3.1_fastqc.html
[2025-06-08 19:37:41,230] multiqc                                            [DEBUG  ]  File ignored by longranger/invocation because it exceeded search pattern filesize limit: Sor-CPnd_036-Ex1-5C-lcwgs-1-3.1_fastqc.html
[2025-06-08 19:37:41,352] multiqc                                            [DEBUG  ]  File ignored by hicexplorer because it exceeded search pattern filesize limit: Sor-CPnd_029-Ex1-8E-lcwgs-1-3.1_fastqc.html
[2025-06-08 19:37:41,363] multiqc                                            [DEBUG  ]  File ignored by longranger/invocation because it exceeded search pattern filesize limit: Sor-CPnd_029-Ex1-8E-lcwgs-1-3.1_fastqc.html
[2025-06-08 19:37:41,475] multiqc                                            [DEBUG  ]  File ignored by hicexplorer because it exceeded search pattern filesize limit: Sor-CPnd_050-Ex1-3F-lcwgs-1-3.1_fastqc.html
[2025-06-08 19:37:41,490] multiqc                                            [DEBUG  ]  File ignored by longranger/invocation because it exceeded search pattern filesize limit: Sor-CPnd_050-Ex1-3F-lcwgs-1-3.1_fastqc.html
[2025-06-08 19:37:41,567] multiqc                                            [DEBUG  ]  Ignoring file as matched an ignore pattern: Sor-CPnd_072-Ex1-8C-lcwgs-1-3.2.fq.gz
[2025-06-08 19:37:41,567] multiqc                                            [DEBUG  ]  Ignoring file as matched an ignore pattern: Sor-CPnd_002-Ex1-5E-lcwgs-1-3.1.fq.gz
[2025-06-08 19:37:41,619] multiqc                                            [DEBUG  ]  File ignored by hicexplorer because it exceeded search pattern filesize limit: Sor-CPnd_037-Ex1-6C-lcwgs-1-3.1_fastqc.html
[2025-06-08 19:37:41,632] multiqc                                            [DEBUG  ]  File ignored by longranger/invocation because it exceeded search pattern filesize limit: Sor-CPnd_037-Ex1-6C-lcwgs-1-3.1_fastqc.html
[2025-06-08 19:37:41,709] multiqc                                            [DEBUG  ]  Ignoring file as matched an ignore pattern: Sor-CPnd_036-Ex1-5C-lcwgs-1-3.2.fq.gz
[2025-06-08 19:37:41,710] multiqc                                            [DEBUG  ]  Ignoring file as matched an ignore pattern: Sor-CPnd_049-Ex1-3B-lcwgs-1-3.1.fq.gz
[2025-06-08 19:37:41,710] multiqc                                            [DEBUG  ]  Ignoring file as matched an ignore pattern: Sor-CPnd_018-Ex1-1E-lcwgs-1-3.1.fq.gz
[2025-06-08 19:37:41,751] multiqc                                            [DEBUG  ]  File ignored by hicexplorer because it exceeded search pattern filesize limit: Sor-CPnd_006-Ex1-2D-lcwgs-1-3.1_fastqc.html
[2025-06-08 19:37:41,761] multiqc                                            [DEBUG  ]  File ignored by longranger/invocation because it exceeded search pattern filesize limit: Sor-CPnd_006-Ex1-2D-lcwgs-1-3.1_fastqc.html
[2025-06-08 19:37:41,825] multiqc                                            [DEBUG  ]  Ignoring file as matched an ignore pattern: Sor-CPnd_013-Ex1-7F-lcwgs-1-3.2.fq.gz
[2025-06-08 19:37:41,881] multiqc                                            [DEBUG  ]  File ignored by hicexplorer because it exceeded search pattern filesize limit: Sor-CPnd_007-Ex1-1C-lcwgs-1-3.1_fastqc.html
[2025-06-08 19:37:41,896] multiqc                                            [DEBUG  ]  File ignored by longranger/invocation because it exceeded search pattern filesize limit: Sor-CPnd_007-Ex1-1C-lcwgs-1-3.1_fastqc.html
[2025-06-08 19:37:42,046] multiqc                                            [DEBUG  ]  File ignored by hicexplorer because it exceeded search pattern filesize limit: Sor-CPnd_012-Ex1-5B-lcwgs-1-3.2_fastqc.html
[2025-06-08 19:37:42,057] multiqc                                            [DEBUG  ]  File ignored by longranger/invocation because it exceeded search pattern filesize limit: Sor-CPnd_012-Ex1-5B-lcwgs-1-3.2_fastqc.html
[2025-06-08 19:37:42,134] multiqc                                            [DEBUG  ]  Ignoring file as matched an ignore pattern: Sor-CPnd_043-Ex1-1D-lcwgs-1-3.1.fq.gz
[2025-06-08 19:37:42,134] multiqc                                            [DEBUG  ]  Ignoring file as matched an ignore pattern: Sor-CPnd_009-Ex1-6A-lcwgs-1-3.1.fq.gz
[2025-06-08 19:37:42,136] multiqc                                            [DEBUG  ]  Ignoring file as matched an ignore pattern: Sor-CPnd_029-Ex1-8E-lcwgs-1-3.2.fq.gz
[2025-06-08 19:37:42,189] multiqc                                            [DEBUG  ]  File ignored by hicexplorer because it exceeded search pattern filesize limit: Sor-CPnd_058-Ex1-2G-lcwgs-1-3.2_fastqc.html
[2025-06-08 19:37:42,204] multiqc                                            [DEBUG  ]  File ignored by longranger/invocation because it exceeded search pattern filesize limit: Sor-CPnd_058-Ex1-2G-lcwgs-1-3.2_fastqc.html
[2025-06-08 19:37:42,347] multiqc                                            [DEBUG  ]  File ignored by hicexplorer because it exceeded search pattern filesize limit: Sor-CPnd_063-Ex1-7D-lcwgs-1-3.1_fastqc.html
[2025-06-08 19:37:42,362] multiqc                                            [DEBUG  ]  File ignored by longranger/invocation because it exceeded search pattern filesize limit: Sor-CPnd_063-Ex1-7D-lcwgs-1-3.1_fastqc.html
[2025-06-08 19:37:42,522] multiqc                                            [DEBUG  ]  File ignored by hicexplorer because it exceeded search pattern filesize limit: Sor-CPnd_014-Ex1-1F-lcwgs-1-3.1_fastqc.html
[2025-06-08 19:37:42,538] multiqc                                            [DEBUG  ]  File ignored by longranger/invocation because it exceeded search pattern filesize limit: Sor-CPnd_014-Ex1-1F-lcwgs-1-3.1_fastqc.html
[2025-06-08 19:37:42,618] multiqc                                            [DEBUG  ]  Ignoring file as matched an ignore pattern: Sor-CPnd_015-Ex1-5F-lcwgs-1-3.1.fq.gz
[2025-06-08 19:37:42,619] multiqc                                            [DEBUG  ]  Ignoring file as matched an ignore pattern: Sor-CPnd_030-Ex1-2H-lcwgs-1-3.2.fq.gz
[2025-06-08 19:37:42,678] multiqc                                            [DEBUG  ]  File ignored by hicexplorer because it exceeded search pattern filesize limit: Sor-CPnd_010-Ex1-1H-lcwgs-1-3.2_fastqc.html
[2025-06-08 19:37:42,693] multiqc                                            [DEBUG  ]  File ignored by longranger/invocation because it exceeded search pattern filesize limit: Sor-CPnd_010-Ex1-1H-lcwgs-1-3.2_fastqc.html
[2025-06-08 19:37:42,821] multiqc                                            [DEBUG  ]  File ignored by hicexplorer because it exceeded search pattern filesize limit: Sor-CPnd_026-Ex1-3H-lcwgs-1-3.1_fastqc.html
[2025-06-08 19:37:42,833] multiqc                                            [DEBUG  ]  File ignored by longranger/invocation because it exceeded search pattern filesize limit: Sor-CPnd_026-Ex1-3H-lcwgs-1-3.1_fastqc.html
[2025-06-08 19:37:42,959] multiqc                                            [DEBUG  ]  File ignored by hicexplorer because it exceeded search pattern filesize limit: Sor-CPnd_009-Ex1-6A-lcwgs-1-3.1_fastqc.html
[2025-06-08 19:37:42,974] multiqc                                            [DEBUG  ]  File ignored by longranger/invocation because it exceeded search pattern filesize limit: Sor-CPnd_009-Ex1-6A-lcwgs-1-3.1_fastqc.html
[2025-06-08 19:37:43,125] multiqc                                            [DEBUG  ]  File ignored by hicexplorer because it exceeded search pattern filesize limit: Sor-CPnd_066-Ex1-8B-lcwgs-1-3.2_fastqc.html
[2025-06-08 19:37:43,142] multiqc                                            [DEBUG  ]  File ignored by longranger/invocation because it exceeded search pattern filesize limit: Sor-CPnd_066-Ex1-8B-lcwgs-1-3.2_fastqc.html
[2025-06-08 19:37:43,302] multiqc                                            [DEBUG  ]  File ignored by hicexplorer because it exceeded search pattern filesize limit: Sor-CPnd_001-Ex1-3E-lcwgs-1-3.1_fastqc.html
[2025-06-08 19:37:43,318] multiqc                                            [DEBUG  ]  File ignored by longranger/invocation because it exceeded search pattern filesize limit: Sor-CPnd_001-Ex1-3E-lcwgs-1-3.1_fastqc.html
[2025-06-08 19:37:43,448] multiqc                                            [DEBUG  ]  File ignored by hicexplorer because it exceeded search pattern filesize limit: Sor-CPnd_043-Ex1-1D-lcwgs-1-3.1_fastqc.html
[2025-06-08 19:37:43,462] multiqc                                            [DEBUG  ]  File ignored by longranger/invocation because it exceeded search pattern filesize limit: Sor-CPnd_043-Ex1-1D-lcwgs-1-3.1_fastqc.html
[2025-06-08 19:37:43,561] multiqc                                            [DEBUG  ]  Ignoring file as matched an ignore pattern: Sor-CPnd_002-Ex1-5E-lcwgs-1-3.2.fq.gz
[2025-06-08 19:37:43,562] multiqc                                            [DEBUG  ]  Ignoring file as matched an ignore pattern: Sor-CPnd_072-Ex1-8C-lcwgs-1-3.1.fq.gz
[2025-06-08 19:37:43,609] multiqc                                            [DEBUG  ]  File ignored by hicexplorer because it exceeded search pattern filesize limit: Sor-CPnd_046-Ex1-5A-lcwgs-1-3.2_fastqc.html
[2025-06-08 19:37:43,622] multiqc                                            [DEBUG  ]  File ignored by longranger/invocation because it exceeded search pattern filesize limit: Sor-CPnd_046-Ex1-5A-lcwgs-1-3.2_fastqc.html
[2025-06-08 19:37:43,780] multiqc                                            [DEBUG  ]  File ignored by hicexplorer because it exceeded search pattern filesize limit: Sor-CPnd_017-Ex1-3G-lcwgs-1-3.1_fastqc.html
[2025-06-08 19:37:43,795] multiqc                                            [DEBUG  ]  File ignored by longranger/invocation because it exceeded search pattern filesize limit: Sor-CPnd_017-Ex1-3G-lcwgs-1-3.1_fastqc.html
[2025-06-08 19:37:43,967] multiqc                                            [DEBUG  ]  File ignored by longranger/invocation because it exceeded search pattern filesize limit: decode_sedlist.txt
[2025-06-08 19:37:44,052] multiqc                                            [DEBUG  ]  File ignored by hicexplorer because it exceeded search pattern filesize limit: Sor-CPnd_054-Ex1-8F-lcwgs-1-3.1_fastqc.html
[2025-06-08 19:37:44,066] multiqc                                            [DEBUG  ]  File ignored by longranger/invocation because it exceeded search pattern filesize limit: Sor-CPnd_054-Ex1-8F-lcwgs-1-3.1_fastqc.html
[2025-06-08 19:37:44,209] multiqc                                            [DEBUG  ]  File ignored by hicexplorer because it exceeded search pattern filesize limit: Sor-CPnd_019-Ex1-6G-lcwgs-1-3.2_fastqc.html
[2025-06-08 19:37:44,224] multiqc                                            [DEBUG  ]  File ignored by longranger/invocation because it exceeded search pattern filesize limit: Sor-CPnd_019-Ex1-6G-lcwgs-1-3.2_fastqc.html
[2025-06-08 19:37:44,390] multiqc                                            [DEBUG  ]  File ignored by hicexplorer because it exceeded search pattern filesize limit: Sor-CPnd_027-Ex1-3C-lcwgs-1-3.1_fastqc.html
[2025-06-08 19:37:44,406] multiqc                                            [DEBUG  ]  File ignored by longranger/invocation because it exceeded search pattern filesize limit: Sor-CPnd_027-Ex1-3C-lcwgs-1-3.1_fastqc.html
[2025-06-08 19:37:44,585] multiqc                                            [DEBUG  ]  File ignored by hicexplorer because it exceeded search pattern filesize limit: Sor-CPnd_016-Ex1-1B-lcwgs-1-3.2_fastqc.html
[2025-06-08 19:37:44,603] multiqc                                            [DEBUG  ]  File ignored by longranger/invocation because it exceeded search pattern filesize limit: Sor-CPnd_016-Ex1-1B-lcwgs-1-3.2_fastqc.html
[2025-06-08 19:37:44,769] multiqc                                            [DEBUG  ]  File ignored by hicexplorer because it exceeded search pattern filesize limit: Sor-CPnd_030-Ex1-2H-lcwgs-1-3.2_fastqc.html
[2025-06-08 19:37:44,785] multiqc                                            [DEBUG  ]  File ignored by longranger/invocation because it exceeded search pattern filesize limit: Sor-CPnd_030-Ex1-2H-lcwgs-1-3.2_fastqc.html
[2025-06-08 19:37:44,872] multiqc                                            [DEBUG  ]  Ignoring file as matched an ignore pattern: Sor-CPnd_008-Ex1-1A-lcwgs-1-3.1.fq.gz
[2025-06-08 19:37:44,937] multiqc                                            [DEBUG  ]  Ignoring file as matched an ignore pattern: Sor-CPnd_054-Ex1-8F-lcwgs-1-3.2.fq.gz
[2025-06-08 19:37:44,939] multiqc                                            [DEBUG  ]  Ignoring file as matched an ignore pattern: Sor-CPnd_026-Ex1-3H-lcwgs-1-3.1.fq.gz
[2025-06-08 19:37:44,940] multiqc                                            [DEBUG  ]  Ignoring file as matched an ignore pattern: Sor-CPnd_004-Ex1-1G-lcwgs-1-3.2.fq.gz
[2025-06-08 19:37:44,941] multiqc                                            [DEBUG  ]  Ignoring file as matched an ignore pattern: Sor-CPnd_027-Ex1-3C-lcwgs-1-3.1.fq.gz
[2025-06-08 19:37:44,941] multiqc                                            [DEBUG  ]  Ignoring file as matched an ignore pattern: Sor-CPnd_003-Ex1-2B-lcwgs-1-3.1.fq.gz
[2025-06-08 19:37:44,943] multiqc                                            [DEBUG  ]  Ignoring file as matched an ignore pattern: Sor-CPnd_050-Ex1-3F-lcwgs-1-3.2.fq.gz
[2025-06-08 19:37:44,943] multiqc                                            [DEBUG  ]  Ignoring file as matched an ignore pattern: Sor-CPnd_006-Ex1-2D-lcwgs-1-3.1.fq.gz
[2025-06-08 19:37:44,944] multiqc                                            [DEBUG  ]  Ignoring file as matched an ignore pattern: Sor-CPnd_046-Ex1-5A-lcwgs-1-3.2.fq.gz
[2025-06-08 19:37:44,944] multiqc                                            [DEBUG  ]  Ignoring file as matched an ignore pattern: Sor-CPnd_034-Ex1-4G-lcwgs-1-3.1.fq.gz
[2025-06-08 19:37:44,945] multiqc                                            [DEBUG  ]  Ignoring file as matched an ignore pattern: Sor-CPnd_041-Ex1-7A-lcwgs-1-3.1.fq.gz
[2025-06-08 19:37:44,946] multiqc                                            [DEBUG  ]  Ignoring file as matched an ignore pattern: Sor-CPnd_010-Ex1-1H-lcwgs-1-3.2.fq.gz
[2025-06-08 19:37:44,946] multiqc                                            [DEBUG  ]  Ignoring file as matched an ignore pattern: Sor-CPnd_031-Ex1-5D-lcwgs-1-3.1.fq.gz
[2025-06-08 19:37:44,948] multiqc                                            [DEBUG  ]  Ignoring file as matched an ignore pattern: Sor-CPnd_063-Ex1-7D-lcwgs-1-3.2.fq.gz
[2025-06-08 19:37:44,949] multiqc                                            [DEBUG  ]  Ignoring file as matched an ignore pattern: Sor-CPnd_053-Ex1-2C-lcwgs-1-3.2.fq.gz
[2025-06-08 19:37:44,988] multiqc                                            [DEBUG  ]  File ignored by longranger/invocation because it exceeded search pattern filesize limit: origFileNames.txt
[2025-06-08 19:37:45,048] multiqc                                            [DEBUG  ]  File ignored by hicexplorer because it exceeded search pattern filesize limit: Sor-CPnd_045-Ex1-7B-lcwgs-1-3.1_fastqc.html
[2025-06-08 19:37:45,064] multiqc                                            [DEBUG  ]  File ignored by longranger/invocation because it exceeded search pattern filesize limit: Sor-CPnd_045-Ex1-7B-lcwgs-1-3.1_fastqc.html
[2025-06-08 19:37:45,139] multiqc                                            [DEBUG  ]  Ignoring file as matched an ignore pattern: Sor-CPnd_016-Ex1-1B-lcwgs-1-3.1.fq.gz
[2025-06-08 19:37:45,189] multiqc                                            [DEBUG  ]  File ignored by hicexplorer because it exceeded search pattern filesize limit: Sor-CPnd_049-Ex1-3B-lcwgs-1-3.1_fastqc.html
[2025-06-08 19:37:45,201] multiqc                                            [DEBUG  ]  File ignored by longranger/invocation because it exceeded search pattern filesize limit: Sor-CPnd_049-Ex1-3B-lcwgs-1-3.1_fastqc.html
[2025-06-08 19:37:45,274] multiqc                                            [DEBUG  ]  Ignoring file as matched an ignore pattern: Sor-CPnd_024-Ex1-5G-lcwgs-1-3.2.fq.gz
[2025-06-08 19:37:45,305] multiqc                                            [DEBUG  ]  File ignored by hicexplorer because it exceeded search pattern filesize limit: Sor-CPnd_069-Ex1-6B-lcwgs-1-3.1_fastqc.html
[2025-06-08 19:37:45,320] multiqc                                            [DEBUG  ]  File ignored by longranger/invocation because it exceeded search pattern filesize limit: Sor-CPnd_069-Ex1-6B-lcwgs-1-3.1_fastqc.html
[2025-06-08 19:37:46,732] multiqc.plots.bargraph                             [DEBUG  ]  Using matplotlib version 3.1.2
[2025-06-08 19:37:46,735] multiqc.plots.linegraph                            [DEBUG  ]  Using matplotlib version 3.1.2
[2025-06-08 19:37:46,738] multiqc                                            [DEBUG  ]  No samples found: custom_content
[2025-06-08 19:37:46,755] multiqc                                            [DEBUG  ]  No samples found: conpair
[2025-06-08 19:37:46,782] multiqc                                            [DEBUG  ]  No samples found: peddy
[2025-06-08 19:37:46,799] multiqc                                            [DEBUG  ]  No samples found: somalier
[2025-06-08 19:37:46,815] multiqc                                            [DEBUG  ]  No samples found: methylQA
[2025-06-08 19:37:46,853] multiqc                                            [DEBUG  ]  No samples found: mosdepth
[2025-06-08 19:37:46,869] multiqc                                            [DEBUG  ]  No samples found: phantompeakqualtools
[2025-06-08 19:37:46,876] multiqc                                            [DEBUG  ]  No samples found: qualimap
[2025-06-08 19:37:46,891] multiqc                                            [DEBUG  ]  No samples found: preseq
[2025-06-08 19:37:46,906] multiqc                                            [DEBUG  ]  No samples found: quast
[2025-06-08 19:37:46,919] multiqc                                            [DEBUG  ]  No samples found: qorts
[2025-06-08 19:37:46,935] multiqc                                            [DEBUG  ]  No samples found: rna_seqc
[2025-06-08 19:37:46,949] multiqc                                            [DEBUG  ]  No samples found: rockhopper
[2025-06-08 19:37:46,960] multiqc                                            [DEBUG  ]  No samples found: rsem
[2025-06-08 19:37:46,990] multiqc                                            [DEBUG  ]  No samples found: rseqc
[2025-06-08 19:37:47,008] multiqc                                            [DEBUG  ]  No samples found: busco
[2025-06-08 19:37:47,030] multiqc                                            [DEBUG  ]  No samples found: goleft_indexcov
[2025-06-08 19:37:47,054] multiqc                                            [DEBUG  ]  No samples found: disambiguate
[2025-06-08 19:37:47,071] multiqc                                            [DEBUG  ]  No samples found: supernova
[2025-06-08 19:37:47,117] multiqc                                            [DEBUG  ]  No samples found: deeptools
[2025-06-08 19:37:47,134] multiqc                                            [DEBUG  ]  No samples found: sargasso
[2025-06-08 19:37:47,152] multiqc                                            [DEBUG  ]  No samples found: verifybamid
[2025-06-08 19:37:47,169] multiqc                                            [DEBUG  ]  No samples found: mirtrace
[2025-06-08 19:37:47,189] multiqc                                            [DEBUG  ]  No samples found: happy
[2025-06-08 19:37:47,207] multiqc                                            [DEBUG  ]  No samples found: mirtop
[2025-06-08 19:37:47,222] multiqc                                            [DEBUG  ]  No samples found: homer
[2025-06-08 19:37:47,235] multiqc                                            [DEBUG  ]  No samples found: macs2
[2025-06-08 19:37:47,252] multiqc                                            [DEBUG  ]  No samples found: theta2
[2025-06-08 19:37:47,269] multiqc                                            [DEBUG  ]  No samples found: snpeff
[2025-06-08 19:37:47,291] multiqc                                            [DEBUG  ]  No samples found: gatk
[2025-06-08 19:37:47,307] multiqc                                            [DEBUG  ]  No samples found: htseq
[2025-06-08 19:37:47,341] multiqc                                            [DEBUG  ]  No samples found: bcftools
[2025-06-08 19:37:47,359] multiqc                                            [DEBUG  ]  No samples found: featureCounts
[2025-06-08 19:37:47,379] multiqc                                            [DEBUG  ]  No samples found: fgbio
[2025-06-08 19:37:47,409] multiqc                                            [DEBUG  ]  No samples found: dragen
[2025-06-08 19:37:47,421] multiqc                                            [DEBUG  ]  No samples found: dedup
[2025-06-08 19:37:47,436] multiqc                                            [DEBUG  ]  No samples found: damageprofiler
[2025-06-08 19:37:47,506] multiqc                                            [DEBUG  ]  No samples found: biobambam2
[2025-06-08 19:37:47,522] multiqc                                            [DEBUG  ]  No samples found: mtnucratio
[2025-06-08 19:37:47,529] multiqc                                            [DEBUG  ]  No samples found: picard
[2025-06-08 19:37:47,542] multiqc                                            [DEBUG  ]  No samples found: prokka
[2025-06-08 19:37:47,554] multiqc                                            [DEBUG  ]  No samples found: samblaster
[2025-06-08 19:37:47,575] multiqc                                            [DEBUG  ]  No samples found: samtools
[2025-06-08 19:37:47,585] multiqc                                            [DEBUG  ]  No samples found: sexdeterrmine
[2025-06-08 19:37:47,605] multiqc                                            [DEBUG  ]  No samples found: bamtools
[2025-06-08 19:37:47,620] multiqc                                            [DEBUG  ]  No samples found: jellyfish
[2025-06-08 19:37:47,646] multiqc                                            [DEBUG  ]  No samples found: vcftools
[2025-06-08 19:37:47,663] multiqc                                            [DEBUG  ]  No samples found: longranger
[2025-06-08 19:37:47,677] multiqc                                            [DEBUG  ]  No samples found: stacks
[2025-06-08 19:37:47,690] multiqc                                            [DEBUG  ]  No samples found: varscan2
[2025-06-08 19:37:47,734] multiqc                                            [DEBUG  ]  No samples found: bbmap
[2025-06-08 19:37:47,752] multiqc                                            [DEBUG  ]  No samples found: bismark
[2025-06-08 19:37:47,770] multiqc                                            [DEBUG  ]  No samples found: biscuit
[2025-06-08 19:37:47,785] multiqc                                            [DEBUG  ]  No samples found: hicexplorer
[2025-06-08 19:37:47,800] multiqc                                            [DEBUG  ]  No samples found: hicup
[2025-06-08 19:37:47,815] multiqc                                            [DEBUG  ]  No samples found: hicpro
[2025-06-08 19:37:47,831] multiqc                                            [DEBUG  ]  No samples found: salmon
[2025-06-08 19:37:47,847] multiqc                                            [DEBUG  ]  No samples found: kallisto
[2025-06-08 19:37:47,859] multiqc                                            [DEBUG  ]  No samples found: slamdunk
[2025-06-08 19:37:47,873] multiqc                                            [DEBUG  ]  No samples found: star
[2025-06-08 19:37:47,888] multiqc                                            [DEBUG  ]  No samples found: hisat2
[2025-06-08 19:37:47,903] multiqc                                            [DEBUG  ]  No samples found: tophat
[2025-06-08 19:37:47,914] multiqc                                            [DEBUG  ]  No samples found: bowtie2
[2025-06-08 19:37:47,925] multiqc                                            [DEBUG  ]  No samples found: bowtie1
[2025-06-08 19:37:47,938] multiqc                                            [DEBUG  ]  No samples found: snpsplit
[2025-06-08 19:37:47,949] multiqc                                            [DEBUG  ]  No samples found: kat
[2025-06-08 19:37:47,963] multiqc                                            [DEBUG  ]  No samples found: leehom
[2025-06-08 19:37:47,979] multiqc                                            [DEBUG  ]  No samples found: adapterRemoval
[2025-06-08 19:37:47,993] multiqc                                            [DEBUG  ]  No samples found: clipandmerge
[2025-06-08 19:37:48,012] multiqc                                            [DEBUG  ]  No samples found: cutadapt
[2025-06-08 19:37:48,029] multiqc                                            [DEBUG  ]  No samples found: flexbar
[2025-06-08 19:37:48,044] multiqc                                            [DEBUG  ]  No samples found: kaiju
[2025-06-08 19:37:48,059] multiqc                                            [DEBUG  ]  No samples found: kraken
[2025-06-08 19:37:48,075] multiqc                                            [DEBUG  ]  No samples found: malt
[2025-06-08 19:37:48,089] multiqc                                            [DEBUG  ]  No samples found: trimmomatic
[2025-06-08 19:37:48,103] multiqc                                            [DEBUG  ]  No samples found: sickle
[2025-06-08 19:37:48,117] multiqc                                            [DEBUG  ]  No samples found: skewer
[2025-06-08 19:37:48,131] multiqc                                            [DEBUG  ]  No samples found: sortmerna
[2025-06-08 19:37:48,146] multiqc                                            [DEBUG  ]  No samples found: biobloomtools
[2025-06-08 19:37:48,162] multiqc                                            [DEBUG  ]  No samples found: fastq_screen
[2025-06-08 19:37:48,177] multiqc                                            [DEBUG  ]  No samples found: afterqc
[2025-06-08 19:37:48,194] multiqc                                            [DEBUG  ]  No samples found: fastp
[2025-06-08 19:38:05,761] multiqc.modules.fastqc.fastqc                      [INFO   ]  Found 96 reports
[2025-06-08 19:38:41,048] multiqc                                            [DEBUG  ]  No samples found: pycoqc
[2025-06-08 19:38:41,057] multiqc                                            [DEBUG  ]  No samples found: minionqc
[2025-06-08 19:38:41,067] multiqc                                            [DEBUG  ]  No samples found: multivcfanalyzer
[2025-06-08 19:38:41,079] multiqc                                            [DEBUG  ]  No samples found: clusterflow
[2025-06-08 19:38:41,088] multiqc                                            [DEBUG  ]  No samples found: bcl2fastq
[2025-06-08 19:38:41,099] multiqc                                            [DEBUG  ]  No samples found: interop
[2025-06-08 19:38:41,108] multiqc                                            [DEBUG  ]  No samples found: ivar
[2025-06-08 19:38:41,117] multiqc                                            [DEBUG  ]  No samples found: flash
[2025-06-08 19:38:41,126] multiqc                                            [DEBUG  ]  No samples found: seqyclean
[2025-06-08 19:38:41,265] multiqc                                            [INFO   ]  Compressing plot data
[2025-06-08 19:38:43,185] multiqc                                            [INFO   ]  Report      : fq_raw/fqc_raw_report.html
[2025-06-08 19:38:43,186] multiqc                                            [INFO   ]  Data        : fq_raw/fqc_raw_report_data
[2025-06-08 19:38:43,186] multiqc                                            [DEBUG  ]  Moving data file from '/tmp/tmpz2cibgxb/multiqc_data' to 'fq_raw/fqc_raw_report_data'
[2025-06-08 19:38:44,769] multiqc                                            [INFO   ]  Plots       : fq_raw/fqc_raw_report_plots
[2025-06-08 19:38:44,770] multiqc                                            [DEBUG  ]  Moving plots directory from '/tmp/tmpz2cibgxb/multiqc_plots' to 'fq_raw/fqc_raw_report_plots'
[2025-06-08 19:38:45,583] multiqc                                            [INFO   ]  MultiQC complete
