[2025-06-09 22:23:31,066] multiqc                                            [DEBUG  ]  This is MultiQC v1.13
[2025-06-09 22:23:31,069] multiqc                                            [DEBUG  ]  Found command line config: {'max_table_rows': 3000}
[2025-06-09 22:23:31,069] multiqc                                            [DEBUG  ]  New config: {'max_table_rows': 3000}
[2025-06-09 22:23:31,069] multiqc                                            [DEBUG  ]  Command used: /opt/conda/bin/multiqc -v -p -ip -f --data-dir --data-format tsv --cl-config max_table_rows: 3000 --filename 1st_fastp_report --outdir fq_fp1 fq_fp1
[2025-06-09 22:23:31,770] multiqc                                            [WARNING]  MultiQC Version v1.29 now available!
[2025-06-09 22:23:31,771] multiqc                                            [DEBUG  ]  Working dir : /archive/carpenterlab/pire/pire_sphaeramia_orbicularis_lcwgs/3rd_sequencing_run
[2025-06-09 22:23:31,771] multiqc                                            [DEBUG  ]  Template    : default
[2025-06-09 22:23:31,771] multiqc                                            [DEBUG  ]  Running Python 3.9.12 (main, Aug 29 2022, 00:54:58)  [GCC 11.2.0]
[2025-06-09 22:23:31,772] multiqc                                            [DEBUG  ]  Analysing modules: custom_content, ccs, ngsderive, purple, conpair, lima, peddy, somalier, methylQA, mosdepth, phantompeakqualtools, qualimap, preseq, quast, qorts, rna_seqc, rockhopper, rsem, rseqc, busco, bustools, goleft_indexcov, gffcompare, disambiguate, supernova, deeptools, sargasso, verifybamid, mirtrace, happy, mirtop, sambamba, homer, hops, macs2, theta2, snpeff, gatk, htseq, bcftools, featureCounts, fgbio, dragen, dedup, pbmarkdup, damageprofiler, biobambam2, jcvi, mtnucratio, picard, vep, sentieon, prokka, qc3C, nanostat, samblaster, samtools, sexdeterrmine, eigenstratdatabasetools, bamtools, jellyfish, vcftools, longranger, stacks, varscan2, snippy, bbmap, bismark, biscuit, hicexplorer, hicup, hicpro, salmon, kallisto, slamdunk, star, hisat2, tophat, bowtie2, bowtie1, snpsplit, odgi, pangolin, kat, leehom, adapterRemoval, clipandmerge, cutadapt, flexbar, kaiju, kraken, malt, trimmomatic, sickle, skewer, sortmerna, biobloomtools, fastq_screen, afterqc, fastp, fastqc, pychopper, pycoqc, minionqc, multivcfanalyzer, clusterflow, checkqc, bcl2fastq, bclconvert, interop, ivar, flash, seqyclean, optitype, whatshap
[2025-06-09 22:23:31,772] multiqc                                            [DEBUG  ]  Using temporary directory for creating report: /tmp/tmpm6w62szo
[2025-06-09 22:23:32,001] multiqc                                            [INFO   ]  Search path : /archive/carpenterlab/pire/pire_sphaeramia_orbicularis_lcwgs/3rd_sequencing_run/fq_fp1
[2025-06-09 22:23:44,231] multiqc                                            [DEBUG  ]  Summary of files that were skipped by the search: [skipped_module_specific_max_filesize: 288] // [skipped_no_match: 240] // [skipped_ignore_pattern: 192]
[2025-06-09 22:23:45,754] multiqc.plots.bargraph                             [DEBUG  ]  Using matplotlib version 3.1.2
[2025-06-09 22:23:45,755] multiqc.plots.linegraph                            [DEBUG  ]  Using matplotlib version 3.1.2
[2025-06-09 22:23:45,757] multiqc                                            [DEBUG  ]  No samples found: custom_content
[2025-06-09 22:23:47,024] multiqc.modules.fastp.fastp                        [INFO   ]  Found 48 reports
[2025-06-09 22:24:14,335] multiqc                                            [INFO   ]  Compressing plot data
[2025-06-09 22:24:18,320] multiqc                                            [INFO   ]  Report      : fq_fp1/1st_fastp_report.html
[2025-06-09 22:24:18,320] multiqc                                            [INFO   ]  Data        : fq_fp1/1st_fastp_report_data
[2025-06-09 22:24:18,320] multiqc                                            [DEBUG  ]  Moving data file from '/tmp/tmpm6w62szo/multiqc_data' to 'fq_fp1/1st_fastp_report_data'
[2025-06-09 22:24:18,983] multiqc                                            [INFO   ]  Plots       : fq_fp1/1st_fastp_report_plots
[2025-06-09 22:24:18,984] multiqc                                            [DEBUG  ]  Moving plots directory from '/tmp/tmpm6w62szo/multiqc_plots' to 'fq_fp1/1st_fastp_report_plots'
[2025-06-09 22:24:20,287] multiqc                                            [INFO   ]  MultiQC complete
