Looking to launch executable "/opt/conda/bin/bwa-meme_mode3.avx512bw", simd = _mode3.avx512bw
Launching executable "/opt/conda/bin/bwa-meme_mode3.avx512bw"
-----------------------------
Executing in AVX512 mode!!
-----------------------------
* SA compression enabled with xfactor: 8
* Ref file: reference.genbank.Sor.fasta
* Entering FMI_search
Reading other elements of the index from files reference.genbank.Sor.fasta
* Index prefix: reference.genbank.Sor.fasta
* Read 0 ALT contigs
* Reading reference genome..
* Binary seq file = reference.genbank.Sor.fasta.0123
* Reference genome size: 2685325284 bp
* Done reading reference genome !!

------------------------------------------
1. Memory pre-allocation for Chaining: 5679.4903 MB
2. Memory pre-allocation for BSW: 9584.6810 MB
[M::memoryAllocLearned::MEME] Reading Learned-index models into memory
[Learned-Config] MODE:3 SEARCH_METHOD: 1 MEM_TRADEOFF:1 EXPONENTIAL_SMEMSEARCH: 1 DEBUG_MODE:0 Num 2nd Models:268435456 PWL Bits Used:28
[M::memoryAllocLearned::MEME] Loading RMI model and Pac reference file took 18.442 sec
[M::memoryAllocLearned::MEME] Reading suffix array into memory
[M::memoryAllocLearned::MEME] Loading pos_packed file took 25.171 sec
[M::memoryAllocLearned::MEME] Generating SA, 64-bit Suffix and ISA in memory
[M::memoryAllocLearned::MEME] Runtime-build-index took 31.655 sec
3. Memory pre-allocation for BWT: 14070.0171 MB
------------------------------------------
* Threads used (compute): 40
* No. of pipeline threads: 2

[0000] read_chunk: 400000000, work_chunk_size: 400000081, nseq: 4156126
	[0000][ M::kt_pipeline] read 4156126 sequences (400000081 bp)...
[0000] Reallocating initial memory allocations!!
[0000] Calling mem_process_seqs.., task: 0
[0000] 1. Calling kt_for - worker_bwt
[0000] 2. Calling kt_for - worker_aln
[0000] read_chunk: 400000000, work_chunk_size: 400000073, nseq: 4165626
	[0000][ M::kt_pipeline] read 4165626 sequences (400000073 bp)...
[0000] Inferring insert size distribution of PE reads from data, l_pac: 1342662642, n: 4156126
[0000][PE] # candidate unique pairs for (FF, FR, RF, RR): (1097, 692537, 3, 1101)
[0000][PE] analyzing insert size distribution for orientation FF...
[0000][PE] (25, 50, 75) percentile: (30, 41, 57)
[0000][PE] low and high boundaries for computing mean and std.dev: (1, 111)
[0000][PE] mean and std.dev: (44.02, 20.62)
[0000][PE] low and high boundaries for proper pairs: (1, 138)
[0000][PE] analyzing insert size distribution for orientation FR...
[0000][PE] (25, 50, 75) percentile: (62, 76, 94)
[0000][PE] low and high boundaries for computing mean and std.dev: (1, 158)
[0000][PE] mean and std.dev: (79.58, 23.49)
[0000][PE] low and high boundaries for proper pairs: (1, 190)
[0000][PE] skip orientation RF as there are not enough pairs
[0000][PE] analyzing insert size distribution for orientation RR...
[0000][PE] (25, 50, 75) percentile: (31, 42, 59)
[0000][PE] low and high boundaries for computing mean and std.dev: (1, 115)
[0000][PE] mean and std.dev: (45.35, 20.32)
[0000][PE] low and high boundaries for proper pairs: (1, 143)
[0000][PE] skip orientation FF
[0000][PE] skip orientation RR
[0000] 3. Calling kt_for - worker_sam
	[0000][ M::mem_process_seqs] Processed 4156126 reads in 1031.719 CPU sec, 26.640 real sec
[0000] Reallocating initial memory allocations!!
[0000] Calling mem_process_seqs.., task: 1
[0000] 1. Calling kt_for - worker_bwt
[0000] 2. Calling kt_for - worker_aln
[0000] read_chunk: 400000000, work_chunk_size: 400000108, nseq: 4166354
	[0000][ M::kt_pipeline] read 4166354 sequences (400000108 bp)...
[0000] Inferring insert size distribution of PE reads from data, l_pac: 1342662642, n: 4165626
[0000][PE] # candidate unique pairs for (FF, FR, RF, RR): (1091, 705212, 1, 1133)
[0000][PE] analyzing insert size distribution for orientation FF...
[0000][PE] (25, 50, 75) percentile: (29, 41, 56)
[0000][PE] low and high boundaries for computing mean and std.dev: (1, 110)
[0000][PE] mean and std.dev: (43.38, 20.31)
[0000][PE] low and high boundaries for proper pairs: (1, 137)
[0000][PE] analyzing insert size distribution for orientation FR...
[0000][PE] (25, 50, 75) percentile: (62, 76, 94)
[0000][PE] low and high boundaries for computing mean and std.dev: (1, 158)
[0000][PE] mean and std.dev: (79.50, 23.46)
[0000][PE] low and high boundaries for proper pairs: (1, 190)
[0000][PE] skip orientation RF as there are not enough pairs
[0000][PE] analyzing insert size distribution for orientation RR...
[0000][PE] (25, 50, 75) percentile: (31, 40, 57)
[0000][PE] low and high boundaries for computing mean and std.dev: (1, 109)
[0000][PE] mean and std.dev: (44.57, 20.70)
[0000][PE] low and high boundaries for proper pairs: (1, 135)
[0000][PE] skip orientation FF
[0000][PE] skip orientation RR
[0000] 3. Calling kt_for - worker_sam
	[0000][ M::mem_process_seqs] Processed 4165626 reads in 1019.014 CPU sec, 26.359 real sec
[0000] Reallocating initial memory allocations!!
[0000] Calling mem_process_seqs.., task: 2
[0000] 1. Calling kt_for - worker_bwt
[0000] 2. Calling kt_for - worker_aln
[0000] read_chunk: 400000000, work_chunk_size: 400000177, nseq: 4148428
	[0000][ M::kt_pipeline] read 4148428 sequences (400000177 bp)...
[0000] Inferring insert size distribution of PE reads from data, l_pac: 1342662642, n: 4166354
[0000][PE] # candidate unique pairs for (FF, FR, RF, RR): (1137, 719682, 1, 1131)
[0000][PE] analyzing insert size distribution for orientation FF...
[0000][PE] (25, 50, 75) percentile: (27, 39, 52)
[0000][PE] low and high boundaries for computing mean and std.dev: (1, 102)
[0000][PE] mean and std.dev: (40.94, 19.64)
[0000][PE] low and high boundaries for proper pairs: (1, 127)
[0000][PE] analyzing insert size distribution for orientation FR...
[0000][PE] (25, 50, 75) percentile: (62, 76, 94)
[0000][PE] low and high boundaries for computing mean and std.dev: (1, 158)
[0000][PE] mean and std.dev: (79.31, 23.35)
[0000][PE] low and high boundaries for proper pairs: (1, 190)
[0000][PE] skip orientation RF as there are not enough pairs
[0000][PE] analyzing insert size distribution for orientation RR...
[0000][PE] (25, 50, 75) percentile: (31, 43, 61)
[0000][PE] low and high boundaries for computing mean and std.dev: (1, 121)
[0000][PE] mean and std.dev: (46.63, 22.20)
[0000][PE] low and high boundaries for proper pairs: (1, 151)
[0000][PE] skip orientation FF
[0000][PE] skip orientation RR
[0000] 3. Calling kt_for - worker_sam
	[0000][ M::mem_process_seqs] Processed 4166354 reads in 1001.560 CPU sec, 26.231 real sec
[0000] Calling mem_process_seqs.., task: 3
[0000] 1. Calling kt_for - worker_bwt
[0000] 2. Calling kt_for - worker_aln
[0000] read_chunk: 400000000, work_chunk_size: 400000244, nseq: 4148170
	[0000][ M::kt_pipeline] read 4148170 sequences (400000244 bp)...
[0000] Inferring insert size distribution of PE reads from data, l_pac: 1342662642, n: 4148428
[0000][PE] # candidate unique pairs for (FF, FR, RF, RR): (1038, 682266, 0, 1085)
[0000][PE] analyzing insert size distribution for orientation FF...
[0000][PE] (25, 50, 75) percentile: (30, 42, 58)
[0000][PE] low and high boundaries for computing mean and std.dev: (1, 114)
[0000][PE] mean and std.dev: (44.52, 22.01)
[0000][PE] low and high boundaries for proper pairs: (1, 142)
[0000][PE] analyzing insert size distribution for orientation FR...
[0000][PE] (25, 50, 75) percentile: (62, 76, 94)
[0000][PE] low and high boundaries for computing mean and std.dev: (1, 158)
[0000][PE] mean and std.dev: (79.49, 23.44)
[0000][PE] low and high boundaries for proper pairs: (1, 190)
[0000][PE] skip orientation RF as there are not enough pairs
[0000][PE] analyzing insert size distribution for orientation RR...
[0000][PE] (25, 50, 75) percentile: (30, 41, 59)
[0000][PE] low and high boundaries for computing mean and std.dev: (1, 117)
[0000][PE] mean and std.dev: (45.48, 22.18)
[0000][PE] low and high boundaries for proper pairs: (1, 146)
[0000][PE] skip orientation FF
[0000][PE] skip orientation RR
[0000] 3. Calling kt_for - worker_sam
	[0000][ M::mem_process_seqs] Processed 4148428 reads in 1120.192 CPU sec, 29.628 real sec
[0000] Calling mem_process_seqs.., task: 4
[0000] 1. Calling kt_for - worker_bwt
[0000] 2. Calling kt_for - worker_aln
[0000] Inferring insert size distribution of PE reads from data, l_pac: 1342662642, n: 4148170
[0000][PE] # candidate unique pairs for (FF, FR, RF, RR): (1090, 700829, 1, 1116)
[0000][PE] analyzing insert size distribution for orientation FF...
[0000][PE] (25, 50, 75) percentile: (30, 41, 56)
[0000][PE] low and high boundaries for computing mean and std.dev: (1, 108)
[0000][PE] mean and std.dev: (43.32, 20.03)
[0000][PE] low and high boundaries for proper pairs: (1, 134)
[0000][PE] analyzing insert size distribution for orientation FR...
[0000][PE] (25, 50, 75) percentile: (62, 76, 94)
[0000][PE] low and high boundaries for computing mean and std.dev: (1, 158)
[0000][PE] mean and std.dev: (79.35, 23.36)
[0000][PE] low and high boundaries for proper pairs: (1, 190)
[0000][PE] skip orientation RF as there are not enough pairs
[0000][PE] analyzing insert size distribution for orientation RR...
[0000][PE] (25, 50, 75) percentile: (29, 40, 58)
[0000][PE] low and high boundaries for computing mean and std.dev: (1, 116)
[0000][PE] mean and std.dev: (44.43, 21.73)
[0000][PE] low and high boundaries for proper pairs: (1, 145)
[0000][PE] skip orientation FF
[0000][PE] skip orientation RR
[0000] 3. Calling kt_for - worker_sam
[0000] read_chunk: 400000000, work_chunk_size: 400000152, nseq: 4144212
	[0000][ M::kt_pipeline] read 4144212 sequences (400000152 bp)...
	[0000][ M::mem_process_seqs] Processed 4148170 reads in 995.788 CPU sec, 26.599 real sec
[0000] Calling mem_process_seqs.., task: 5
[0000] 1. Calling kt_for - worker_bwt
[0000] 2. Calling kt_for - worker_aln
[0000] Inferring insert size distribution of PE reads from data, l_pac: 1342662642, n: 4144212
[0000] read_chunk: 400000000, work_chunk_size: 400000110, nseq: 4103500
[0000][PE] # candidate unique pairs for (FF, FR, RF, RR): (1097, 698894, 1, 1117)
[0000][PE] analyzing insert size distribution for orientation FF...
[0000][PE] (25, 50, 75) percentile: (29, 42, 56)
[0000][PE] low and high boundaries for computing mean and std.dev: (1, 110)
[0000][PE] mean and std.dev: (43.70, 20.98)
[0000][PE] low and high boundaries for proper pairs: (1, 137)
[0000][PE] analyzing insert size distribution for orientation FR...
[0000][PE] (25, 50, 75) percentile: (62, 76, 94)
[0000][PE] low and high boundaries for computing mean and std.dev: (1, 158)
[0000][PE] mean and std.dev: (79.48, 23.49)
[0000][PE] low and high boundaries for proper pairs: (1, 190)
[0000][PE] skip orientation RF as there are not enough pairs
[0000][PE] analyzing insert size distribution for orientation RR...
[0000][PE] (25, 50, 75) percentile: (31, 44, 60)
[0000][PE] low and high boundaries for computing mean and std.dev: (1, 118)
[0000][PE] mean and std.dev: (46.26, 21.93)
[0000][PE] low and high boundaries for proper pairs: (1, 147)
[0000][PE] skip orientation FF
[0000][PE] skip orientation RR
[0000] 3. Calling kt_for - worker_sam
	[0000][ M::kt_pipeline] read 4103500 sequences (400000110 bp)...
	[0000][ M::mem_process_seqs] Processed 4144212 reads in 1015.034 CPU sec, 27.122 real sec
[0000] Calling mem_process_seqs.., task: 6
[0000] 1. Calling kt_for - worker_bwt
[0000] 2. Calling kt_for - worker_aln
[0000] read_chunk: 400000000, work_chunk_size: 400000075, nseq: 4159914
	[0000][ M::kt_pipeline] read 4159914 sequences (400000075 bp)...
[0000] Inferring insert size distribution of PE reads from data, l_pac: 1342662642, n: 4103500
[0000][PE] # candidate unique pairs for (FF, FR, RF, RR): (1004, 651824, 1, 945)
[0000][PE] analyzing insert size distribution for orientation FF...
[0000][PE] (25, 50, 75) percentile: (29, 42, 56)
[0000][PE] low and high boundaries for computing mean and std.dev: (1, 110)
[0000][PE] mean and std.dev: (43.56, 20.41)
[0000][PE] low and high boundaries for proper pairs: (1, 137)
[0000][PE] analyzing insert size distribution for orientation FR...
[0000][PE] (25, 50, 75) percentile: (62, 76, 94)
[0000][PE] low and high boundaries for computing mean and std.dev: (1, 158)
[0000][PE] mean and std.dev: (79.43, 23.43)
[0000][PE] low and high boundaries for proper pairs: (1, 190)
[0000][PE] skip orientation RF as there are not enough pairs
[0000][PE] analyzing insert size distribution for orientation RR...
[0000][PE] (25, 50, 75) percentile: (31, 41, 56)
[0000][PE] low and high boundaries for computing mean and std.dev: (1, 106)
[0000][PE] mean and std.dev: (43.90, 19.83)
[0000][PE] low and high boundaries for proper pairs: (1, 131)
[0000][PE] skip orientation FF
[0000][PE] skip orientation RR
[0000] 3. Calling kt_for - worker_sam
	[0000][ M::mem_process_seqs] Processed 4103500 reads in 1209.965 CPU sec, 32.282 real sec
[0000] Calling mem_process_seqs.., task: 7
[0000] 1. Calling kt_for - worker_bwt
[0000] 2. Calling kt_for - worker_aln
[0000] Inferring insert size distribution of PE reads from data, l_pac: 1342662642, n: 4159914
[0000] read_chunk: 400000000, work_chunk_size: 400000193, nseq: 4154782
	[0000][ M::kt_pipeline] read 4154782 sequences (400000193 bp)...
[0000][PE] # candidate unique pairs for (FF, FR, RF, RR): (1063, 682703, 0, 1092)
[0000][PE] analyzing insert size distribution for orientation FF...
[0000][PE] (25, 50, 75) percentile: (29, 41, 58)
[0000][PE] low and high boundaries for computing mean and std.dev: (1, 116)
[0000][PE] mean and std.dev: (44.89, 21.79)
[0000][PE] low and high boundaries for proper pairs: (1, 145)
[0000][PE] analyzing insert size distribution for orientation FR...
[0000][PE] (25, 50, 75) percentile: (62, 76, 94)
[0000][PE] low and high boundaries for computing mean and std.dev: (1, 158)
[0000][PE] mean and std.dev: (79.64, 23.50)
[0000][PE] low and high boundaries for proper pairs: (1, 190)
[0000][PE] skip orientation RF as there are not enough pairs
[0000][PE] analyzing insert size distribution for orientation RR...
[0000][PE] (25, 50, 75) percentile: (31, 41, 58)
[0000][PE] low and high boundaries for computing mean and std.dev: (1, 112)
[0000][PE] mean and std.dev: (44.83, 20.72)
[0000][PE] low and high boundaries for proper pairs: (1, 139)
[0000][PE] skip orientation FF
[0000][PE] skip orientation RR
[0000] 3. Calling kt_for - worker_sam
	[0000][ M::mem_process_seqs] Processed 4159914 reads in 1060.627 CPU sec, 28.669 real sec
[0000] Calling mem_process_seqs.., task: 8
[0000] 1. Calling kt_for - worker_bwt
[0000] 2. Calling kt_for - worker_aln
[0000] Inferring insert size distribution of PE reads from data, l_pac: 1342662642, n: 4154782
[0000][PE] # candidate unique pairs for (FF, FR, RF, RR): (1156, 714075, 7, 1111)
[0000][PE] analyzing insert size distribution for orientation FF...
[0000][PE] (25, 50, 75) percentile: (29, 40, 55)
[0000][PE] low and high boundaries for computing mean and std.dev: (1, 107)
[0000][PE] mean and std.dev: (42.81, 19.98)
[0000][PE] low and high boundaries for proper pairs: (1, 133)
[0000][PE] analyzing insert size distribution for orientation FR...
[0000][PE] (25, 50, 75) percentile: (62, 76, 94)
[0000][PE] low and high boundaries for computing mean and std.dev: (1, 158)
[0000][PE] mean and std.dev: (79.35, 23.38)
[0000][PE] low and high boundaries for proper pairs: (1, 190)
[0000][PE] skip orientation RF as there are not enough pairs
[0000][PE] analyzing insert size distribution for orientation RR...
[0000][PE] (25, 50, 75) percentile: (30, 42, 59)
[0000][PE] low and high boundaries for computing mean and std.dev: (1, 117)
[0000][PE] mean and std.dev: (45.24, 21.51)
[0000][PE] low and high boundaries for proper pairs: (1, 146)
[0000][PE] skip orientation FF
[0000][PE] skip orientation RR
[0000] 3. Calling kt_for - worker_sam
[0000] read_chunk: 400000000, work_chunk_size: 400000134, nseq: 4152774
	[0000][ M::kt_pipeline] read 4152774 sequences (400000134 bp)...
	[0000][ M::mem_process_seqs] Processed 4154782 reads in 994.216 CPU sec, 27.131 real sec
[0000] Calling mem_process_seqs.., task: 9
[0000] 1. Calling kt_for - worker_bwt
[0000] 2. Calling kt_for - worker_aln
[0009] Re-allocating (doubling) seqBufRefs in mem_chain2aln_across_reads_V2 (right)
[0009] Re-allocating (doubling) seqBufRefs in mem_chain2aln_across_reads_V2 (right)
[0000] Inferring insert size distribution of PE reads from data, l_pac: 1342662642, n: 4152774
[0000][PE] # candidate unique pairs for (FF, FR, RF, RR): (1119, 699508, 1, 1132)
[0000][PE] analyzing insert size distribution for orientation FF...
[0000][PE] (25, 50, 75) percentile: (29, 39, 55)
[0000][PE] low and high boundaries for computing mean and std.dev: (1, 107)
[0000][PE] mean and std.dev: (42.29, 19.26)
[0000][PE] low and high boundaries for proper pairs: (1, 133)
[0000][PE] analyzing insert size distribution for orientation FR...
[0000][PE] (25, 50, 75) percentile: (62, 76, 94)
[0000][PE] low and high boundaries for computing mean and std.dev: (1, 158)
[0000][PE] mean and std.dev: (79.45, 23.40)
[0000][PE] low and high boundaries for proper pairs: (1, 190)
[0000][PE] skip orientation RF as there are not enough pairs
[0000][PE] analyzing insert size distribution for orientation RR...
[0000][PE] (25, 50, 75) percentile: (31, 41, 59)
[0000][PE] low and high boundaries for computing mean and std.dev: (1, 115)
[0000][PE] mean and std.dev: (46.20, 22.10)
[0000][PE] low and high boundaries for proper pairs: (1, 143)
[0000][PE] skip orientation FF
[0000][PE] skip orientation RR
[0000] 3. Calling kt_for - worker_sam
[0000] read_chunk: 400000000, work_chunk_size: 400000065, nseq: 4147414
	[0000][ M::kt_pipeline] read 4147414 sequences (400000065 bp)...
	[0000][ M::mem_process_seqs] Processed 4152774 reads in 1078.592 CPU sec, 35.933 real sec
[0000] Calling mem_process_seqs.., task: 10
[0000] 1. Calling kt_for - worker_bwt
[0000] 2. Calling kt_for - worker_aln
[0000] read_chunk: 400000000, work_chunk_size: 400000089, nseq: 4154504
	[0000][ M::kt_pipeline] read 4154504 sequences (400000089 bp)...
[0000] Inferring insert size distribution of PE reads from data, l_pac: 1342662642, n: 4147414
[0000][PE] # candidate unique pairs for (FF, FR, RF, RR): (1150, 707146, 1, 1066)
[0000][PE] analyzing insert size distribution for orientation FF...
[0000][PE] (25, 50, 75) percentile: (29, 41, 55)
[0000][PE] low and high boundaries for computing mean and std.dev: (1, 107)
[0000][PE] mean and std.dev: (42.65, 19.54)
[0000][PE] low and high boundaries for proper pairs: (1, 133)
[0000][PE] analyzing insert size distribution for orientation FR...
[0000][PE] (25, 50, 75) percentile: (62, 76, 94)
[0000][PE] low and high boundaries for computing mean and std.dev: (1, 158)
[0000][PE] mean and std.dev: (79.37, 23.41)
[0000][PE] low and high boundaries for proper pairs: (1, 190)
[0000][PE] skip orientation RF as there are not enough pairs
[0000][PE] analyzing insert size distribution for orientation RR...
[0000][PE] (25, 50, 75) percentile: (31, 43, 59)
[0000][PE] low and high boundaries for computing mean and std.dev: (1, 115)
[0000][PE] mean and std.dev: (46.05, 21.20)
[0000][PE] low and high boundaries for proper pairs: (1, 143)
[0000][PE] skip orientation FF
[0000][PE] skip orientation RR
[0000] 3. Calling kt_for - worker_sam
	[0000][ M::mem_process_seqs] Processed 4147414 reads in 1027.128 CPU sec, 27.931 real sec
[0000] Calling mem_process_seqs.., task: 11
[0000] 1. Calling kt_for - worker_bwt
[0000] 2. Calling kt_for - worker_aln
[0000] read_chunk: 400000000, work_chunk_size: 385648871, nseq: 3999240
	[0000][ M::kt_pipeline] read 3999240 sequences (385648871 bp)...
[0000] Inferring insert size distribution of PE reads from data, l_pac: 1342662642, n: 4154504
[0000][PE] # candidate unique pairs for (FF, FR, RF, RR): (1074, 695220, 1, 1087)
[0000][PE] analyzing insert size distribution for orientation FF...
[0000][PE] (25, 50, 75) percentile: (30, 40, 56)
[0000][PE] low and high boundaries for computing mean and std.dev: (1, 108)
[0000][PE] mean and std.dev: (43.69, 20.09)
[0000][PE] low and high boundaries for proper pairs: (1, 134)
[0000][PE] analyzing insert size distribution for orientation FR...
[0000][PE] (25, 50, 75) percentile: (62, 76, 94)
[0000][PE] low and high boundaries for computing mean and std.dev: (1, 158)
[0000][PE] mean and std.dev: (79.35, 23.45)
[0000][PE] low and high boundaries for proper pairs: (1, 190)
[0000][PE] skip orientation RF as there are not enough pairs
[0000][PE] analyzing insert size distribution for orientation RR...
[0000][PE] (25, 50, 75) percentile: (30, 43, 58)
[0000][PE] low and high boundaries for computing mean and std.dev: (1, 114)
[0000][PE] mean and std.dev: (45.60, 21.03)
[0000][PE] low and high boundaries for proper pairs: (1, 142)
[0000][PE] skip orientation FF
[0000][PE] skip orientation RR
[0000] 3. Calling kt_for - worker_sam
	[0000][ M::mem_process_seqs] Processed 4154504 reads in 1072.529 CPU sec, 28.887 real sec
[0000] Calling mem_process_seqs.., task: 12
[0000] 1. Calling kt_for - worker_bwt
[0000] 2. Calling kt_for - worker_aln
[0000] read_chunk: 400000000, work_chunk_size: 0, nseq: 0
[0000] Inferring insert size distribution of PE reads from data, l_pac: 1342662642, n: 3999240
[0000][PE] # candidate unique pairs for (FF, FR, RF, RR): (1088, 666950, 1, 1060)
[0000][PE] analyzing insert size distribution for orientation FF...
[0000][PE] (25, 50, 75) percentile: (30, 41, 56)
[0000][PE] low and high boundaries for computing mean and std.dev: (1, 108)
[0000][PE] mean and std.dev: (43.79, 20.67)
[0000][PE] low and high boundaries for proper pairs: (1, 134)
[0000][PE] analyzing insert size distribution for orientation FR...
[0000][PE] (25, 50, 75) percentile: (62, 76, 94)
[0000][PE] low and high boundaries for computing mean and std.dev: (1, 158)
[0000][PE] mean and std.dev: (79.51, 23.47)
[0000][PE] low and high boundaries for proper pairs: (1, 190)
[0000][PE] skip orientation RF as there are not enough pairs
[0000][PE] analyzing insert size distribution for orientation RR...
[0000][PE] (25, 50, 75) percentile: (31, 42, 60)
[0000][PE] low and high boundaries for computing mean and std.dev: (1, 118)
[0000][PE] mean and std.dev: (45.73, 21.34)
[0000][PE] low and high boundaries for proper pairs: (1, 147)
[0000][PE] skip orientation FF
[0000][PE] skip orientation RR
[0000] 3. Calling kt_for - worker_sam
	[0000][ M::mem_process_seqs] Processed 3999240 reads in 1053.349 CPU sec, 28.382 real sec
[0000] read_chunk: 400000000, work_chunk_size: 0, nseq: 0
[0000] Computation ends..
No. of OMP threads: 40
Processor is running @2394.718254 MHz
Runtime profile:

	Time taken for main_mem function: 454.42 sec

	IO times (sec) :
	Reading IO time (reads) avg: 146.58, (146.58, 146.58)
	Writing IO time (SAM) avg: 107.47, (107.47, 107.47)
	Reading IO time (Reference Genome) avg: 1.76, (1.76, 1.76)
	Index read time avg: 0.27, (0.27, 0.27)

	Overall time (sec) (Excluding Index reading time):
	PROCESS() (Total compute time + (read + SAM) IO time) : 452.37
	MEM_PROCESS_SEQ() (Total compute time (Kernel + SAM)), avg: 371.74, (371.74, 371.74)

	 SAM Processing time (sec):
	--WORKER_SAM avg: 102.85, (102.85, 102.85)

	Kernels' compute time (sec):
	Total kernel (smem+sal+bsw) time avg: 264.73, (264.73, 264.73)
		MEM_ALN_CHAIN_FLT avg: 0.00, (0.00, 0.00)
		MEM_ALN_CHAIN_SEED avg: 0.00, (0.00, 0.00)
		ERT_SEED_CHAIN avg: 0.00, (0.00, 0.00)
	LEARNED_SEED_CHAIN avg: 103.84, (104.38, 103.42)
		SMEM compute avg: 0.00, (0.00, 0.00)
		SAL compute avg: 0.00, (0.00, 0.00)
				MEM_SA avg: 0.00, (0.00, 0.00)

		BSW time, avg: 145.19, (147.73, 144.36)

Important parameter settings: 
	BATCH_SIZE: 512
	MAX_SEQ_LEN_REF: 256
	MAX_SEQ_LEN_QER: 128
	MAX_SEQ_LEN8: 128
	SEEDS_PER_READ: 500
	SIMD_WIDTH8 X: 64
	SIMD_WIDTH16 X: 32
	AVG_SEEDS_PER_READ: 64
