Looking to launch executable "/opt/conda/bin/bwa-meme_mode3.avx512bw", simd = _mode3.avx512bw
Launching executable "/opt/conda/bin/bwa-meme_mode3.avx512bw"
-----------------------------
Executing in AVX512 mode!!
-----------------------------
* SA compression enabled with xfactor: 8
* Ref file: reference.genbank.Sor.fasta
* Entering FMI_search
Reading other elements of the index from files reference.genbank.Sor.fasta
* Index prefix: reference.genbank.Sor.fasta
* Read 0 ALT contigs
* Reading reference genome..
* Binary seq file = reference.genbank.Sor.fasta.0123
* Reference genome size: 2685325284 bp
* Done reading reference genome !!

------------------------------------------
1. Memory pre-allocation for Chaining: 5679.4903 MB
2. Memory pre-allocation for BSW: 9584.6810 MB
[M::memoryAllocLearned::MEME] Reading Learned-index models into memory
[Learned-Config] MODE:3 SEARCH_METHOD: 1 MEM_TRADEOFF:1 EXPONENTIAL_SMEMSEARCH: 1 DEBUG_MODE:0 Num 2nd Models:268435456 PWL Bits Used:28
[M::memoryAllocLearned::MEME] Loading RMI model and Pac reference file took 18.321 sec
[M::memoryAllocLearned::MEME] Reading suffix array into memory
[M::memoryAllocLearned::MEME] Loading pos_packed file took 28.040 sec
[M::memoryAllocLearned::MEME] Generating SA, 64-bit Suffix and ISA in memory
[M::memoryAllocLearned::MEME] Runtime-build-index took 29.038 sec
3. Memory pre-allocation for BWT: 14070.0171 MB
------------------------------------------
* Threads used (compute): 40
* No. of pipeline threads: 2

[0000] read_chunk: 400000000, work_chunk_size: 400000130, nseq: 4244010
	[0000][ M::kt_pipeline] read 4244010 sequences (400000130 bp)...
[0000] Reallocating initial memory allocations!!
[0000] Calling mem_process_seqs.., task: 0
[0000] 1. Calling kt_for - worker_bwt
[0000] 2. Calling kt_for - worker_aln
[0000] read_chunk: 400000000, work_chunk_size: 305254490, nseq: 3238752
	[0000][ M::kt_pipeline] read 3238752 sequences (305254490 bp)...
[0000] Inferring insert size distribution of PE reads from data, l_pac: 1342662642, n: 4244010
[0000][PE] # candidate unique pairs for (FF, FR, RF, RR): (51, 903320, 0, 49)
[0000][PE] analyzing insert size distribution for orientation FF...
[0000][PE] (25, 50, 75) percentile: (27, 43, 69)
[0000][PE] low and high boundaries for computing mean and std.dev: (1, 153)
[0000][PE] mean and std.dev: (49.82, 27.93)
[0000][PE] low and high boundaries for proper pairs: (1, 195)
[0000][PE] analyzing insert size distribution for orientation FR...
[0000][PE] (25, 50, 75) percentile: (65, 79, 96)
[0000][PE] low and high boundaries for computing mean and std.dev: (3, 158)
[0000][PE] mean and std.dev: (81.69, 22.92)
[0000][PE] low and high boundaries for proper pairs: (1, 189)
[0000][PE] skip orientation RF as there are not enough pairs
[0000][PE] analyzing insert size distribution for orientation RR...
[0000][PE] (25, 50, 75) percentile: (27, 38, 59)
[0000][PE] low and high boundaries for computing mean and std.dev: (1, 123)
[0000][PE] mean and std.dev: (43.04, 24.13)
[0000][PE] low and high boundaries for proper pairs: (1, 155)
[0000][PE] skip orientation FF
[0000][PE] skip orientation RR
[0000] 3. Calling kt_for - worker_sam
	[0000][ M::mem_process_seqs] Processed 4244010 reads in 391.756 CPU sec, 10.319 real sec
[0000] Calling mem_process_seqs.., task: 1
[0000] 1. Calling kt_for - worker_bwt
[0000] 2. Calling kt_for - worker_aln
[0000] read_chunk: 400000000, work_chunk_size: 0, nseq: 0
[0000] Inferring insert size distribution of PE reads from data, l_pac: 1342662642, n: 3238752
[0000][PE] # candidate unique pairs for (FF, FR, RF, RR): (31, 689774, 0, 53)
[0000][PE] analyzing insert size distribution for orientation FF...
[0000][PE] (25, 50, 75) percentile: (31, 51, 73)
[0000][PE] low and high boundaries for computing mean and std.dev: (1, 157)
[0000][PE] mean and std.dev: (55.94, 29.47)
[0000][PE] low and high boundaries for proper pairs: (1, 199)
[0000][PE] analyzing insert size distribution for orientation FR...
[0000][PE] (25, 50, 75) percentile: (65, 79, 96)
[0000][PE] low and high boundaries for computing mean and std.dev: (3, 158)
[0000][PE] mean and std.dev: (81.66, 22.92)
[0000][PE] low and high boundaries for proper pairs: (1, 189)
[0000][PE] skip orientation RF as there are not enough pairs
[0000][PE] analyzing insert size distribution for orientation RR...
[0000][PE] (25, 50, 75) percentile: (33, 40, 64)
[0000][PE] low and high boundaries for computing mean and std.dev: (1, 126)
[0000][PE] mean and std.dev: (45.24, 18.67)
[0000][PE] low and high boundaries for proper pairs: (1, 157)
[0000][PE] skip orientation FF
[0000][PE] skip orientation RR
[0000] 3. Calling kt_for - worker_sam
	[0000][ M::mem_process_seqs] Processed 3238752 reads in 298.326 CPU sec, 8.322 real sec
[0000] read_chunk: 400000000, work_chunk_size: 0, nseq: 0
[0000] Computation ends..
No. of OMP threads: 40
Processor is running @2394.713444 MHz
Runtime profile:

	Time taken for main_mem function: 97.68 sec

	IO times (sec) :
	Reading IO time (reads) avg: 18.19, (18.19, 18.19)
	Writing IO time (SAM) avg: 6.94, (6.94, 6.94)
	Reading IO time (Reference Genome) avg: 1.79, (1.79, 1.79)
	Index read time avg: 0.26, (0.26, 0.26)

	Overall time (sec) (Excluding Index reading time):
	PROCESS() (Total compute time + (read + SAM) IO time) : 95.62
	MEM_PROCESS_SEQ() (Total compute time (Kernel + SAM)), avg: 18.64, (18.64, 18.64)

	 SAM Processing time (sec):
	--WORKER_SAM avg: 3.61, (3.61, 3.61)

	Kernels' compute time (sec):
	Total kernel (smem+sal+bsw) time avg: 14.50, (14.50, 14.50)
		MEM_ALN_CHAIN_FLT avg: 0.00, (0.00, 0.00)
		MEM_ALN_CHAIN_SEED avg: 0.00, (0.00, 0.00)
		ERT_SEED_CHAIN avg: 0.00, (0.00, 0.00)
	LEARNED_SEED_CHAIN avg: 8.16, (8.24, 8.12)
		SMEM compute avg: 0.00, (0.00, 0.00)
		SAL compute avg: 0.00, (0.00, 0.00)
				MEM_SA avg: 0.00, (0.00, 0.00)

		BSW time, avg: 5.68, (5.81, 5.54)

Important parameter settings: 
	BATCH_SIZE: 512
	MAX_SEQ_LEN_REF: 256
	MAX_SEQ_LEN_QER: 128
	MAX_SEQ_LEN8: 128
	SEEDS_PER_READ: 500
	SIMD_WIDTH8 X: 64
	SIMD_WIDTH16 X: 32
	AVG_SEEDS_PER_READ: 64
