Looking to launch executable "/opt/conda/bin/bwa-meme_mode3.avx512bw", simd = _mode3.avx512bw
Launching executable "/opt/conda/bin/bwa-meme_mode3.avx512bw"
-----------------------------
Executing in AVX512 mode!!
-----------------------------
* SA compression enabled with xfactor: 8
* Ref file: reference.genbank.Sor.fasta
* Entering FMI_search
Reading other elements of the index from files reference.genbank.Sor.fasta
* Index prefix: reference.genbank.Sor.fasta
* Read 0 ALT contigs
* Reading reference genome..
* Binary seq file = reference.genbank.Sor.fasta.0123
* Reference genome size: 2685325284 bp
* Done reading reference genome !!

------------------------------------------
1. Memory pre-allocation for Chaining: 5679.4903 MB
2. Memory pre-allocation for BSW: 9584.6810 MB
[M::memoryAllocLearned::MEME] Reading Learned-index models into memory
[Learned-Config] MODE:3 SEARCH_METHOD: 1 MEM_TRADEOFF:1 EXPONENTIAL_SMEMSEARCH: 1 DEBUG_MODE:0 Num 2nd Models:268435456 PWL Bits Used:28
[M::memoryAllocLearned::MEME] Loading RMI model and Pac reference file took 18.512 sec
[M::memoryAllocLearned::MEME] Reading suffix array into memory
[M::memoryAllocLearned::MEME] Loading pos_packed file took 25.331 sec
[M::memoryAllocLearned::MEME] Generating SA, 64-bit Suffix and ISA in memory
[M::memoryAllocLearned::MEME] Runtime-build-index took 31.779 sec
3. Memory pre-allocation for BWT: 14070.0171 MB
------------------------------------------
* Threads used (compute): 40
* No. of pipeline threads: 2

[0000] read_chunk: 400000000, work_chunk_size: 400000194, nseq: 4461910
	[0000][ M::kt_pipeline] read 4461910 sequences (400000194 bp)...
[0000] Reallocating initial memory allocations!!
[0000] Calling mem_process_seqs.., task: 0
[0000] 1. Calling kt_for - worker_bwt
[0000] 2. Calling kt_for - worker_aln
[0000] read_chunk: 400000000, work_chunk_size: 400000069, nseq: 4481362
	[0000][ M::kt_pipeline] read 4481362 sequences (400000069 bp)...
[0000] Inferring insert size distribution of PE reads from data, l_pac: 1342662642, n: 4461910
[0000][PE] # candidate unique pairs for (FF, FR, RF, RR): (143, 1312163, 2, 147)
[0000][PE] analyzing insert size distribution for orientation FF...
[0000][PE] (25, 50, 75) percentile: (29, 40, 53)
[0000][PE] low and high boundaries for computing mean and std.dev: (1, 101)
[0000][PE] mean and std.dev: (41.14, 19.74)
[0000][PE] low and high boundaries for proper pairs: (1, 125)
[0000][PE] analyzing insert size distribution for orientation FR...
[0000][PE] (25, 50, 75) percentile: (69, 83, 101)
[0000][PE] low and high boundaries for computing mean and std.dev: (5, 165)
[0000][PE] mean and std.dev: (86.11, 23.89)
[0000][PE] low and high boundaries for proper pairs: (1, 197)
[0000][PE] skip orientation RF as there are not enough pairs
[0000][PE] analyzing insert size distribution for orientation RR...
[0000][PE] (25, 50, 75) percentile: (29, 37, 56)
[0000][PE] low and high boundaries for computing mean and std.dev: (1, 110)
[0000][PE] mean and std.dev: (42.35, 22.00)
[0000][PE] low and high boundaries for proper pairs: (1, 137)
[0000][PE] skip orientation FF
[0000][PE] skip orientation RR
[0000] 3. Calling kt_for - worker_sam
	[0000][ M::mem_process_seqs] Processed 4461910 reads in 720.812 CPU sec, 18.958 real sec
[0000] Reallocating initial memory allocations!!
[0000] Calling mem_process_seqs.., task: 1
[0000] 1. Calling kt_for - worker_bwt
[0000] 2. Calling kt_for - worker_aln
[0000] read_chunk: 400000000, work_chunk_size: 400000030, nseq: 4453838
	[0000][ M::kt_pipeline] read 4453838 sequences (400000030 bp)...
[0000] Inferring insert size distribution of PE reads from data, l_pac: 1342662642, n: 4481362
[0000][PE] # candidate unique pairs for (FF, FR, RF, RR): (156, 1351704, 3, 186)
[0000][PE] analyzing insert size distribution for orientation FF...
[0000][PE] (25, 50, 75) percentile: (26, 37, 55)
[0000][PE] low and high boundaries for computing mean and std.dev: (1, 113)
[0000][PE] mean and std.dev: (41.59, 21.02)
[0000][PE] low and high boundaries for proper pairs: (1, 142)
[0000][PE] analyzing insert size distribution for orientation FR...
[0000][PE] (25, 50, 75) percentile: (68, 83, 101)
[0000][PE] low and high boundaries for computing mean and std.dev: (2, 167)
[0000][PE] mean and std.dev: (86.04, 23.97)
[0000][PE] low and high boundaries for proper pairs: (1, 200)
[0000][PE] skip orientation RF as there are not enough pairs
[0000][PE] analyzing insert size distribution for orientation RR...
[0000][PE] (25, 50, 75) percentile: (30, 42, 63)
[0000][PE] low and high boundaries for computing mean and std.dev: (1, 129)
[0000][PE] mean and std.dev: (47.39, 25.04)
[0000][PE] low and high boundaries for proper pairs: (1, 162)
[0000][PE] skip orientation FF
[0000][PE] skip orientation RR
[0000] 3. Calling kt_for - worker_sam
	[0000][ M::mem_process_seqs] Processed 4481362 reads in 700.951 CPU sec, 18.719 real sec
[0000] Calling mem_process_seqs.., task: 2
[0000] 1. Calling kt_for - worker_bwt
[0000] 2. Calling kt_for - worker_aln
[0000] Inferring insert size distribution of PE reads from data, l_pac: 1342662642, n: 4453838
[0000][PE] # candidate unique pairs for (FF, FR, RF, RR): (160, 1302008, 1, 160)
[0000][PE] analyzing insert size distribution for orientation FF...
[0000][PE] (25, 50, 75) percentile: (25, 34, 56)
[0000][PE] low and high boundaries for computing mean and std.dev: (1, 118)
[0000][PE] mean and std.dev: (39.44, 21.24)
[0000][PE] low and high boundaries for proper pairs: (1, 149)
[0000][PE] analyzing insert size distribution for orientation FR...
[0000][PE] (25, 50, 75) percentile: (69, 83, 101)
[0000][PE] low and high boundaries for computing mean and std.dev: (5, 165)
[0000][PE] mean and std.dev: (86.06, 23.90)
[0000][PE] low and high boundaries for proper pairs: (1, 197)
[0000][PE] skip orientation RF as there are not enough pairs
[0000][PE] analyzing insert size distribution for orientation RR...
[0000][PE] (25, 50, 75) percentile: (26, 42, 60)
[0000][PE] low and high boundaries for computing mean and std.dev: (1, 128)
[0000][PE] mean and std.dev: (44.80, 24.57)
[0000][PE] low and high boundaries for proper pairs: (1, 162)
[0000][PE] skip orientation FF
[0000][PE] skip orientation RR
[0000] 3. Calling kt_for - worker_sam
[0000] read_chunk: 400000000, work_chunk_size: 400000153, nseq: 4465600
	[0000][ M::kt_pipeline] read 4465600 sequences (400000153 bp)...
	[0000][ M::mem_process_seqs] Processed 4453838 reads in 767.260 CPU sec, 20.700 real sec
[0000] Calling mem_process_seqs.., task: 3
[0000] 1. Calling kt_for - worker_bwt
[0000] 2. Calling kt_for - worker_aln
[0000] Inferring insert size distribution of PE reads from data, l_pac: 1342662642, n: 4465600
[0000][PE] # candidate unique pairs for (FF, FR, RF, RR): (179, 1340359, 2, 165)
[0000][PE] analyzing insert size distribution for orientation FF...
[0000][PE] (25, 50, 75) percentile: (29, 38, 56)
[0000][PE] low and high boundaries for computing mean and std.dev: (1, 110)
[0000][PE] mean and std.dev: (42.42, 20.36)
[0000][PE] low and high boundaries for proper pairs: (1, 137)
[0000][PE] analyzing insert size distribution for orientation FR...
[0000][PE] (25, 50, 75) percentile: (69, 83, 101)
[0000][PE] low and high boundaries for computing mean and std.dev: (5, 165)
[0000][PE] mean and std.dev: (86.03, 23.87)
[0000][PE] low and high boundaries for proper pairs: (1, 197)
[0000][PE] skip orientation RF as there are not enough pairs
[0000][PE] analyzing insert size distribution for orientation RR...
[0000][PE] (25, 50, 75) percentile: (30, 38, 53)
[0000][PE] low and high boundaries for computing mean and std.dev: (1, 99)
[0000][PE] mean and std.dev: (41.59, 18.92)
[0000][PE] low and high boundaries for proper pairs: (1, 122)
[0000][PE] skip orientation FF
[0000][PE] skip orientation RR
[0000] 3. Calling kt_for - worker_sam
[0000] read_chunk: 400000000, work_chunk_size: 400000019, nseq: 4425490
	[0000][ M::kt_pipeline] read 4425490 sequences (400000019 bp)...
	[0000][ M::mem_process_seqs] Processed 4465600 reads in 701.003 CPU sec, 19.055 real sec
[0000] Calling mem_process_seqs.., task: 4
[0000] 1. Calling kt_for - worker_bwt
[0000] 2. Calling kt_for - worker_aln
[0000] Inferring insert size distribution of PE reads from data, l_pac: 1342662642, n: 4425490
[0000][PE] # candidate unique pairs for (FF, FR, RF, RR): (138, 1282364, 2, 151)
[0000][PE] analyzing insert size distribution for orientation FF...
[0000][PE] (25, 50, 75) percentile: (28, 38, 53)
[0000][PE] low and high boundaries for computing mean and std.dev: (1, 103)
[0000][PE] mean and std.dev: (42.30, 20.41)
[0000][PE] low and high boundaries for proper pairs: (1, 128)
[0000][PE] analyzing insert size distribution for orientation FR...
[0000][PE] (25, 50, 75) percentile: (69, 83, 101)
[0000][PE] low and high boundaries for computing mean and std.dev: (5, 165)
[0000][PE] mean and std.dev: (86.02, 23.90)
[0000][PE] low and high boundaries for proper pairs: (1, 197)
[0000][PE] skip orientation RF as there are not enough pairs
[0000][PE] analyzing insert size distribution for orientation RR...
[0000][PE] (25, 50, 75) percentile: (29, 42, 61)
[0000][PE] low and high boundaries for computing mean and std.dev: (1, 125)
[0000][PE] mean and std.dev: (44.77, 22.77)
[0000][PE] low and high boundaries for proper pairs: (1, 157)
[0000][PE] skip orientation FF
[0000][PE] skip orientation RR
[0000] 3. Calling kt_for - worker_sam
[0000] read_chunk: 400000000, work_chunk_size: 400000007, nseq: 4476084
	[0000][ M::kt_pipeline] read 4476084 sequences (400000007 bp)...
	[0000][ M::mem_process_seqs] Processed 4425490 reads in 799.232 CPU sec, 21.463 real sec
[0000] Calling mem_process_seqs.., task: 5
[0000] 1. Calling kt_for - worker_bwt
[0000] 2. Calling kt_for - worker_aln
[0000] Inferring insert size distribution of PE reads from data, l_pac: 1342662642, n: 4476084
[0000][PE] # candidate unique pairs for (FF, FR, RF, RR): (144, 1334926, 1, 157)
[0000][PE] analyzing insert size distribution for orientation FF...
[0000][PE] (25, 50, 75) percentile: (30, 39, 53)
[0000][PE] low and high boundaries for computing mean and std.dev: (1, 99)
[0000][PE] mean and std.dev: (41.24, 19.94)
[0000][PE] low and high boundaries for proper pairs: (1, 122)
[0000][PE] analyzing insert size distribution for orientation FR...
[0000][PE] (25, 50, 75) percentile: (68, 83, 101)
[0000][PE] low and high boundaries for computing mean and std.dev: (2, 167)
[0000][PE] mean and std.dev: (86.04, 24.01)
[0000][PE] low and high boundaries for proper pairs: (1, 200)
[0000][PE] skip orientation RF as there are not enough pairs
[0000][PE] analyzing insert size distribution for orientation RR...
[0000][PE] (25, 50, 75) percentile: (27, 41, 58)
[0000][PE] low and high boundaries for computing mean and std.dev: (1, 120)
[0000][PE] mean and std.dev: (43.82, 22.74)
[0000][PE] low and high boundaries for proper pairs: (1, 151)
[0000][PE] skip orientation FF
[0000][PE] skip orientation RR
[0000] 3. Calling kt_for - worker_sam
[0000] read_chunk: 400000000, work_chunk_size: 400000112, nseq: 4465064
	[0000][ M::kt_pipeline] read 4465064 sequences (400000112 bp)...
	[0000][ M::mem_process_seqs] Processed 4476084 reads in 718.770 CPU sec, 19.644 real sec
[0000] Calling mem_process_seqs.., task: 6
[0000] 1. Calling kt_for - worker_bwt
[0000] 2. Calling kt_for - worker_aln
[0000] Inferring insert size distribution of PE reads from data, l_pac: 1342662642, n: 4465064
[0000][PE] # candidate unique pairs for (FF, FR, RF, RR): (179, 1327263, 2, 155)
[0000][PE] analyzing insert size distribution for orientation FF...
[0000][PE] (25, 50, 75) percentile: (27, 39, 53)
[0000][PE] low and high boundaries for computing mean and std.dev: (1, 105)
[0000][PE] mean and std.dev: (39.84, 19.69)
[0000][PE] low and high boundaries for proper pairs: (1, 131)
[0000][PE] analyzing insert size distribution for orientation FR...
[0000][PE] (25, 50, 75) percentile: (69, 83, 101)
[0000][PE] low and high boundaries for computing mean and std.dev: (5, 165)
[0000][PE] mean and std.dev: (86.06, 23.87)
[0000][PE] low and high boundaries for proper pairs: (1, 197)
[0000][PE] skip orientation RF as there are not enough pairs
[0000][PE] analyzing insert size distribution for orientation RR...
[0000][PE] (25, 50, 75) percentile: (31, 45, 62)
[0000][PE] low and high boundaries for computing mean and std.dev: (1, 124)
[0000][PE] mean and std.dev: (48.24, 23.33)
[0000][PE] low and high boundaries for proper pairs: (1, 155)
[0000][PE] skip orientation FF
[0000][PE] skip orientation RR
[0000] 3. Calling kt_for - worker_sam
[0000] read_chunk: 400000000, work_chunk_size: 400000164, nseq: 4471990
	[0000][ M::kt_pipeline] read 4471990 sequences (400000164 bp)...
	[0000][ M::mem_process_seqs] Processed 4465064 reads in 740.188 CPU sec, 20.376 real sec
[0000] Calling mem_process_seqs.., task: 7
[0000] 1. Calling kt_for - worker_bwt
[0000] 2. Calling kt_for - worker_aln
[0000] Inferring insert size distribution of PE reads from data, l_pac: 1342662642, n: 4471990
[0000][PE] # candidate unique pairs for (FF, FR, RF, RR): (152, 1344235, 0, 155)
[0000][PE] analyzing insert size distribution for orientation FF...
[0000][PE] (25, 50, 75) percentile: (28, 40, 59)
[0000][PE] low and high boundaries for computing mean and std.dev: (1, 121)
[0000][PE] mean and std.dev: (43.23, 20.62)
[0000][PE] low and high boundaries for proper pairs: (1, 152)
[0000][PE] analyzing insert size distribution for orientation FR...
[0000][PE] (25, 50, 75) percentile: (68, 83, 101)
[0000][PE] low and high boundaries for computing mean and std.dev: (2, 167)
[0000][PE] mean and std.dev: (86.04, 23.96)
[0000][PE] low and high boundaries for proper pairs: (1, 200)
[0000][PE] skip orientation RF as there are not enough pairs
[0000][PE] analyzing insert size distribution for orientation RR...
[0000][PE] (25, 50, 75) percentile: (28, 41, 55)
[0000][PE] low and high boundaries for computing mean and std.dev: (1, 109)
[0000][PE] mean and std.dev: (41.97, 19.10)
[0000][PE] low and high boundaries for proper pairs: (1, 136)
[0000][PE] skip orientation FF
[0000][PE] skip orientation RR
[0000] 3. Calling kt_for - worker_sam
[0000] read_chunk: 400000000, work_chunk_size: 400000130, nseq: 4465766
	[0000][ M::kt_pipeline] read 4465766 sequences (400000130 bp)...
	[0000][ M::mem_process_seqs] Processed 4471990 reads in 718.081 CPU sec, 19.685 real sec
[0000] Calling mem_process_seqs.., task: 8
[0000] 1. Calling kt_for - worker_bwt
[0000] 2. Calling kt_for - worker_aln
[0000] read_chunk: 400000000, work_chunk_size: 83815863, nseq: 929644
	[0000][ M::kt_pipeline] read 929644 sequences (83815863 bp)...
[0000] Inferring insert size distribution of PE reads from data, l_pac: 1342662642, n: 4465766
[0000][PE] # candidate unique pairs for (FF, FR, RF, RR): (163, 1331906, 1, 178)
[0000][PE] analyzing insert size distribution for orientation FF...
[0000][PE] (25, 50, 75) percentile: (30, 40, 58)
[0000][PE] low and high boundaries for computing mean and std.dev: (1, 114)
[0000][PE] mean and std.dev: (44.35, 22.81)
[0000][PE] low and high boundaries for proper pairs: (1, 142)
[0000][PE] analyzing insert size distribution for orientation FR...
[0000][PE] (25, 50, 75) percentile: (68, 83, 101)
[0000][PE] low and high boundaries for computing mean and std.dev: (2, 167)
[0000][PE] mean and std.dev: (86.07, 24.01)
[0000][PE] low and high boundaries for proper pairs: (1, 200)
[0000][PE] skip orientation RF as there are not enough pairs
[0000][PE] analyzing insert size distribution for orientation RR...
[0000][PE] (25, 50, 75) percentile: (32, 42, 59)
[0000][PE] low and high boundaries for computing mean and std.dev: (1, 113)
[0000][PE] mean and std.dev: (45.34, 20.24)
[0000][PE] low and high boundaries for proper pairs: (1, 140)
[0000][PE] skip orientation FF
[0000][PE] skip orientation RR
[0000] 3. Calling kt_for - worker_sam
	[0000][ M::mem_process_seqs] Processed 4465766 reads in 740.039 CPU sec, 20.122 real sec
[0000] Calling mem_process_seqs.., task: 9
[0000] 1. Calling kt_for - worker_bwt
[0000] 2. Calling kt_for - worker_aln
[0000] Inferring insert size distribution of PE reads from data, l_pac: 1342662642, n: 929644
[0000][PE] # candidate unique pairs for (FF, FR, RF, RR): (27, 264153, 0, 28)
[0000][PE] analyzing insert size distribution for orientation FF...
[0000][PE] (25, 50, 75) percentile: (32, 34, 43)
[0000][PE] low and high boundaries for computing mean and std.dev: (10, 65)
[0000][PE] mean and std.dev: (35.04, 7.86)
[0000][PE] low and high boundaries for proper pairs: (1, 76)
[0000][PE] analyzing insert size distribution for orientation FR...
[0000][PE] (25, 50, 75) percentile: (69, 83, 101)
[0000][PE] low and high boundaries for computing mean and std.dev: (5, 165)
[0000][PE] mean and std.dev: (86.14, 23.97)
[0000][PE] low and high boundaries for proper pairs: (1, 197)
[0000][PE] skip orientation RF as there are not enough pairs
[0000][PE] analyzing insert size distribution for orientation RR...
[0000][PE] (25, 50, 75) percentile: (26, 37, 47)
[0000][PE] low and high boundaries for computing mean and std.dev: (1, 89)
[0000][PE] mean and std.dev: (38.04, 19.03)
[0000][PE] low and high boundaries for proper pairs: (1, 114)
[0000][PE] skip orientation FF
[0000][PE] skip orientation RR
[0000] 3. Calling kt_for - worker_sam
[0000] read_chunk: 400000000, work_chunk_size: 0, nseq: 0
	[0000][ M::mem_process_seqs] Processed 929644 reads in 189.726 CPU sec, 6.292 real sec
[0000] read_chunk: 400000000, work_chunk_size: 0, nseq: 0
[0000] Computation ends..
No. of OMP threads: 40
Processor is running @2394.714864 MHz
Runtime profile:

	Time taken for main_mem function: 268.18 sec

	IO times (sec) :
	Reading IO time (reads) avg: 104.15, (104.15, 104.15)
	Writing IO time (SAM) avg: 54.22, (54.22, 54.22)
	Reading IO time (Reference Genome) avg: 1.80, (1.80, 1.80)
	Index read time avg: 0.28, (0.28, 0.28)

	Overall time (sec) (Excluding Index reading time):
	PROCESS() (Total compute time + (read + SAM) IO time) : 266.09
	MEM_PROCESS_SEQ() (Total compute time (Kernel + SAM)), avg: 184.99, (184.99, 184.99)

	 SAM Processing time (sec):
	--WORKER_SAM avg: 43.38, (43.38, 43.38)

	Kernels' compute time (sec):
	Total kernel (smem+sal+bsw) time avg: 137.63, (137.63, 137.63)
		MEM_ALN_CHAIN_FLT avg: 0.00, (0.00, 0.00)
		MEM_ALN_CHAIN_SEED avg: 0.00, (0.00, 0.00)
		ERT_SEED_CHAIN avg: 0.00, (0.00, 0.00)
	LEARNED_SEED_CHAIN avg: 53.77, (54.13, 53.48)
		SMEM compute avg: 0.00, (0.00, 0.00)
		SAL compute avg: 0.00, (0.00, 0.00)
				MEM_SA avg: 0.00, (0.00, 0.00)

		BSW time, avg: 76.23, (76.59, 75.78)

Important parameter settings: 
	BATCH_SIZE: 512
	MAX_SEQ_LEN_REF: 256
	MAX_SEQ_LEN_QER: 128
	MAX_SEQ_LEN8: 128
	SEEDS_PER_READ: 500
	SIMD_WIDTH8 X: 64
	SIMD_WIDTH16 X: 32
	AVG_SEEDS_PER_READ: 64
