Looking to launch executable "/opt/conda/bin/bwa-meme_mode3.avx512bw", simd = _mode3.avx512bw
Launching executable "/opt/conda/bin/bwa-meme_mode3.avx512bw"
-----------------------------
Executing in AVX512 mode!!
-----------------------------
* SA compression enabled with xfactor: 8
* Ref file: reference.genbank.Sor.fasta
* Entering FMI_search
Reading other elements of the index from files reference.genbank.Sor.fasta
* Index prefix: reference.genbank.Sor.fasta
* Read 0 ALT contigs
* Reading reference genome..
* Binary seq file = reference.genbank.Sor.fasta.0123
* Reference genome size: 2685325284 bp
* Done reading reference genome !!

------------------------------------------
1. Memory pre-allocation for Chaining: 5679.4903 MB
2. Memory pre-allocation for BSW: 9584.6810 MB
[M::memoryAllocLearned::MEME] Reading Learned-index models into memory
[Learned-Config] MODE:3 SEARCH_METHOD: 1 MEM_TRADEOFF:1 EXPONENTIAL_SMEMSEARCH: 1 DEBUG_MODE:0 Num 2nd Models:268435456 PWL Bits Used:28
[M::memoryAllocLearned::MEME] Loading RMI model and Pac reference file took 18.428 sec
[M::memoryAllocLearned::MEME] Reading suffix array into memory
[M::memoryAllocLearned::MEME] Loading pos_packed file took 24.859 sec
[M::memoryAllocLearned::MEME] Generating SA, 64-bit Suffix and ISA in memory
[M::memoryAllocLearned::MEME] Runtime-build-index took 31.767 sec
3. Memory pre-allocation for BWT: 14070.0171 MB
------------------------------------------
* Threads used (compute): 40
* No. of pipeline threads: 2

[0000] read_chunk: 400000000, work_chunk_size: 400000019, nseq: 4467260
	[0000][ M::kt_pipeline] read 4467260 sequences (400000019 bp)...
[0000] Reallocating initial memory allocations!!
[0000] Calling mem_process_seqs.., task: 0
[0000] 1. Calling kt_for - worker_bwt
[0000] 2. Calling kt_for - worker_aln
[0000] read_chunk: 400000000, work_chunk_size: 400000006, nseq: 4449070
	[0000][ M::kt_pipeline] read 4449070 sequences (400000006 bp)...
[0000] Inferring insert size distribution of PE reads from data, l_pac: 1342662642, n: 4467260
[0000][PE] # candidate unique pairs for (FF, FR, RF, RR): (165, 1272660, 2, 147)
[0000][PE] analyzing insert size distribution for orientation FF...
[0000][PE] (25, 50, 75) percentile: (28, 40, 63)
[0000][PE] low and high boundaries for computing mean and std.dev: (1, 133)
[0000][PE] mean and std.dev: (43.91, 22.77)
[0000][PE] low and high boundaries for proper pairs: (1, 168)
[0000][PE] analyzing insert size distribution for orientation FR...
[0000][PE] (25, 50, 75) percentile: (69, 84, 101)
[0000][PE] low and high boundaries for computing mean and std.dev: (5, 165)
[0000][PE] mean and std.dev: (86.29, 23.56)
[0000][PE] low and high boundaries for proper pairs: (1, 197)
[0000][PE] skip orientation RF as there are not enough pairs
[0000][PE] analyzing insert size distribution for orientation RR...
[0000][PE] (25, 50, 75) percentile: (28, 40, 55)
[0000][PE] low and high boundaries for computing mean and std.dev: (1, 109)
[0000][PE] mean and std.dev: (42.33, 19.65)
[0000][PE] low and high boundaries for proper pairs: (1, 136)
[0000][PE] skip orientation FF
[0000][PE] skip orientation RR
[0000] 3. Calling kt_for - worker_sam
	[0000][ M::mem_process_seqs] Processed 4467260 reads in 802.930 CPU sec, 21.019 real sec
[0000] Calling mem_process_seqs.., task: 1
[0000] 1. Calling kt_for - worker_bwt
[0000] 2. Calling kt_for - worker_aln
[0000] Inferring insert size distribution of PE reads from data, l_pac: 1342662642, n: 4449070
[0000][PE] # candidate unique pairs for (FF, FR, RF, RR): (147, 1251220, 0, 143)
[0000][PE] analyzing insert size distribution for orientation FF...
[0000][PE] (25, 50, 75) percentile: (27, 42, 57)
[0000][PE] low and high boundaries for computing mean and std.dev: (1, 117)
[0000][PE] mean and std.dev: (42.92, 21.19)
[0000][PE] low and high boundaries for proper pairs: (1, 147)
[0000][PE] analyzing insert size distribution for orientation FR...
[0000][PE] (25, 50, 75) percentile: (69, 84, 101)
[0000][PE] low and high boundaries for computing mean and std.dev: (5, 165)
[0000][PE] mean and std.dev: (86.30, 23.57)
[0000][PE] low and high boundaries for proper pairs: (1, 197)
[0000][PE] skip orientation RF as there are not enough pairs
[0000][PE] analyzing insert size distribution for orientation RR...
[0000][PE] (25, 50, 75) percentile: (27, 38, 57)
[0000][PE] low and high boundaries for computing mean and std.dev: (1, 117)
[0000][PE] mean and std.dev: (42.57, 23.35)
[0000][PE] low and high boundaries for proper pairs: (1, 147)
[0000][PE] skip orientation FF
[0000][PE] skip orientation RR
[0000] 3. Calling kt_for - worker_sam
[0000] read_chunk: 400000000, work_chunk_size: 400000161, nseq: 4466462
	[0000][ M::kt_pipeline] read 4466462 sequences (400000161 bp)...
	[0000][ M::mem_process_seqs] Processed 4449070 reads in 827.668 CPU sec, 22.741 real sec
[0000] Calling mem_process_seqs.., task: 2
[0000] 1. Calling kt_for - worker_bwt
[0000] 2. Calling kt_for - worker_aln
[0000] read_chunk: 400000000, work_chunk_size: 115912037, nseq: 1293558
	[0000][ M::kt_pipeline] read 1293558 sequences (115912037 bp)...
[0000] Inferring insert size distribution of PE reads from data, l_pac: 1342662642, n: 4466462
[0000][PE] # candidate unique pairs for (FF, FR, RF, RR): (120, 1281921, 3, 153)
[0000][PE] analyzing insert size distribution for orientation FF...
[0000][PE] (25, 50, 75) percentile: (24, 38, 57)
[0000][PE] low and high boundaries for computing mean and std.dev: (1, 123)
[0000][PE] mean and std.dev: (41.07, 22.36)
[0000][PE] low and high boundaries for proper pairs: (1, 156)
[0000][PE] analyzing insert size distribution for orientation FR...
[0000][PE] (25, 50, 75) percentile: (69, 84, 101)
[0000][PE] low and high boundaries for computing mean and std.dev: (5, 165)
[0000][PE] mean and std.dev: (86.26, 23.55)
[0000][PE] low and high boundaries for proper pairs: (1, 197)
[0000][PE] skip orientation RF as there are not enough pairs
[0000][PE] analyzing insert size distribution for orientation RR...
[0000][PE] (25, 50, 75) percentile: (28, 46, 62)
[0000][PE] low and high boundaries for computing mean and std.dev: (1, 130)
[0000][PE] mean and std.dev: (45.85, 24.36)
[0000][PE] low and high boundaries for proper pairs: (1, 164)
[0000][PE] skip orientation FF
[0000][PE] skip orientation RR
[0000] 3. Calling kt_for - worker_sam
	[0000][ M::mem_process_seqs] Processed 4466462 reads in 800.129 CPU sec, 21.653 real sec
[0000] Calling mem_process_seqs.., task: 3
[0000] 1. Calling kt_for - worker_bwt
[0000] 2. Calling kt_for - worker_aln
[0000] read_chunk: 400000000, work_chunk_size: 0, nseq: 0
[0000] Inferring insert size distribution of PE reads from data, l_pac: 1342662642, n: 1293558
[0000][PE] # candidate unique pairs for (FF, FR, RF, RR): (46, 368858, 0, 41)
[0000][PE] analyzing insert size distribution for orientation FF...
[0000][PE] (25, 50, 75) percentile: (27, 36, 57)
[0000][PE] low and high boundaries for computing mean and std.dev: (1, 117)
[0000][PE] mean and std.dev: (42.93, 19.58)
[0000][PE] low and high boundaries for proper pairs: (1, 147)
[0000][PE] analyzing insert size distribution for orientation FR...
[0000][PE] (25, 50, 75) percentile: (69, 84, 101)
[0000][PE] low and high boundaries for computing mean and std.dev: (5, 165)
[0000][PE] mean and std.dev: (86.26, 23.58)
[0000][PE] low and high boundaries for proper pairs: (1, 197)
[0000][PE] skip orientation RF as there are not enough pairs
[0000][PE] analyzing insert size distribution for orientation RR...
[0000][PE] (25, 50, 75) percentile: (28, 50, 69)
[0000][PE] low and high boundaries for computing mean and std.dev: (1, 151)
[0000][PE] mean and std.dev: (49.39, 25.46)
[0000][PE] low and high boundaries for proper pairs: (1, 192)
[0000][PE] skip orientation FF
[0000][PE] skip orientation RR
[0000] 3. Calling kt_for - worker_sam
	[0000][ M::mem_process_seqs] Processed 1293558 reads in 244.974 CPU sec, 7.567 real sec
[0000] read_chunk: 400000000, work_chunk_size: 0, nseq: 0
[0000] Computation ends..
No. of OMP threads: 40
Processor is running @2394.719918 MHz
Runtime profile:

	Time taken for main_mem function: 147.69 sec

	IO times (sec) :
	Reading IO time (reads) avg: 37.26, (37.26, 37.26)
	Writing IO time (SAM) avg: 19.55, (19.55, 19.55)
	Reading IO time (Reference Genome) avg: 2.08, (2.08, 2.08)
	Index read time avg: 0.28, (0.28, 0.28)

	Overall time (sec) (Excluding Index reading time):
	PROCESS() (Total compute time + (read + SAM) IO time) : 145.32
	MEM_PROCESS_SEQ() (Total compute time (Kernel + SAM)), avg: 72.97, (72.97, 72.97)

	 SAM Processing time (sec):
	--WORKER_SAM avg: 17.05, (17.05, 17.05)

	Kernels' compute time (sec):
	Total kernel (smem+sal+bsw) time avg: 54.51, (54.51, 54.51)
		MEM_ALN_CHAIN_FLT avg: 0.00, (0.00, 0.00)
		MEM_ALN_CHAIN_SEED avg: 0.00, (0.00, 0.00)
		ERT_SEED_CHAIN avg: 0.00, (0.00, 0.00)
	LEARNED_SEED_CHAIN avg: 21.59, (21.89, 21.40)
		SMEM compute avg: 0.00, (0.00, 0.00)
		SAL compute avg: 0.00, (0.00, 0.00)
				MEM_SA avg: 0.00, (0.00, 0.00)

		BSW time, avg: 29.48, (29.83, 29.30)

Important parameter settings: 
	BATCH_SIZE: 512
	MAX_SEQ_LEN_REF: 256
	MAX_SEQ_LEN_QER: 128
	MAX_SEQ_LEN8: 128
	SEEDS_PER_READ: 500
	SIMD_WIDTH8 X: 64
	SIMD_WIDTH16 X: 32
	AVG_SEEDS_PER_READ: 64
