Looking to launch executable "/opt/conda/bin/bwa-meme_mode3.avx512bw", simd = _mode3.avx512bw
Launching executable "/opt/conda/bin/bwa-meme_mode3.avx512bw"
-----------------------------
Executing in AVX512 mode!!
-----------------------------
* SA compression enabled with xfactor: 8
* Ref file: reference.genbank.Sor.fasta
* Entering FMI_search
Reading other elements of the index from files reference.genbank.Sor.fasta
* Index prefix: reference.genbank.Sor.fasta
* Read 0 ALT contigs
* Reading reference genome..
* Binary seq file = reference.genbank.Sor.fasta.0123
* Reference genome size: 2685325284 bp
* Done reading reference genome !!

------------------------------------------
1. Memory pre-allocation for Chaining: 5679.4903 MB
2. Memory pre-allocation for BSW: 9584.6810 MB
[M::memoryAllocLearned::MEME] Reading Learned-index models into memory
[Learned-Config] MODE:3 SEARCH_METHOD: 1 MEM_TRADEOFF:1 EXPONENTIAL_SMEMSEARCH: 1 DEBUG_MODE:0 Num 2nd Models:268435456 PWL Bits Used:28
[M::memoryAllocLearned::MEME] Loading RMI model and Pac reference file took 18.488 sec
[M::memoryAllocLearned::MEME] Reading suffix array into memory
[M::memoryAllocLearned::MEME] Loading pos_packed file took 25.145 sec
[M::memoryAllocLearned::MEME] Generating SA, 64-bit Suffix and ISA in memory
[M::memoryAllocLearned::MEME] Runtime-build-index took 31.804 sec
3. Memory pre-allocation for BWT: 14070.0171 MB
------------------------------------------
* Threads used (compute): 40
* No. of pipeline threads: 2

[0000] read_chunk: 400000000, work_chunk_size: 400000143, nseq: 4923486
	[0000][ M::kt_pipeline] read 4923486 sequences (400000143 bp)...
[0000] Reallocating initial memory allocations!!
[0000] Calling mem_process_seqs.., task: 0
[0000] 1. Calling kt_for - worker_bwt
[0000] 2. Calling kt_for - worker_aln
[0000] read_chunk: 400000000, work_chunk_size: 400000157, nseq: 4924328
	[0000][ M::kt_pipeline] read 4924328 sequences (400000157 bp)...
[0000] Inferring insert size distribution of PE reads from data, l_pac: 1342662642, n: 4923486
[0000][PE] # candidate unique pairs for (FF, FR, RF, RR): (9, 1721734, 3, 11)
[0000][PE] skip orientation FF as there are not enough pairs
[0000][PE] analyzing insert size distribution for orientation FR...
[0000][PE] (25, 50, 75) percentile: (63, 78, 95)
[0000][PE] low and high boundaries for computing mean and std.dev: (1, 159)
[0000][PE] mean and std.dev: (80.35, 23.25)
[0000][PE] low and high boundaries for proper pairs: (1, 191)
[0000][PE] skip orientation RF as there are not enough pairs
[0000][PE] analyzing insert size distribution for orientation RR...
[0000][PE] (25, 50, 75) percentile: (23, 27, 44)
[0000][PE] low and high boundaries for computing mean and std.dev: (1, 86)
[0000][PE] mean and std.dev: (32.64, 15.52)
[0000][PE] low and high boundaries for proper pairs: (1, 107)
[0000][PE] skip orientation RR
[0000] 3. Calling kt_for - worker_sam
	[0000][ M::mem_process_seqs] Processed 4923486 reads in 419.145 CPU sec, 11.382 real sec
[0000] Reallocating initial memory allocations!!
[0000] read_chunk: 400000000, work_chunk_size: 31975164, nseq: 393026
	[0000][ M::kt_pipeline] read 393026 sequences (31975164 bp)...
[0000] Calling mem_process_seqs.., task: 1
[0000] 1. Calling kt_for - worker_bwt
[0000] 2. Calling kt_for - worker_aln
[0000] Inferring insert size distribution of PE reads from data, l_pac: 1342662642, n: 4924328
[0000][PE] # candidate unique pairs for (FF, FR, RF, RR): (7, 1724232, 1, 19)
[0000][PE] skip orientation FF as there are not enough pairs
[0000][PE] analyzing insert size distribution for orientation FR...
[0000][PE] (25, 50, 75) percentile: (63, 78, 95)
[0000][PE] low and high boundaries for computing mean and std.dev: (1, 159)
[0000][PE] mean and std.dev: (80.33, 23.26)
[0000][PE] low and high boundaries for proper pairs: (1, 191)
[0000][PE] skip orientation RF as there are not enough pairs
[0000][PE] analyzing insert size distribution for orientation RR...
[0000][PE] (25, 50, 75) percentile: (20, 31, 40)
[0000][PE] low and high boundaries for computing mean and std.dev: (1, 80)
[0000][PE] mean and std.dev: (31.21, 15.53)
[0000][PE] low and high boundaries for proper pairs: (1, 100)
[0000][PE] skip orientation RR
[0000] 3. Calling kt_for - worker_sam
	[0000][ M::mem_process_seqs] Processed 4924328 reads in 414.769 CPU sec, 11.290 real sec
[0000] Calling mem_process_seqs.., task: 2
[0000] 1. Calling kt_for - worker_bwt
[0000] 2. Calling kt_for - worker_aln
[0000] Inferring insert size distribution of PE reads from data, l_pac: 1342662642, n: 393026
[0000][PE] # candidate unique pairs for (FF, FR, RF, RR): (0, 137001, 0, 2)
[0000][PE] skip orientation FF as there are not enough pairs
[0000][PE] analyzing insert size distribution for orientation FR...
[0000][PE] (25, 50, 75) percentile: (63, 78, 95)
[0000][PE] low and high boundaries for computing mean and std.dev: (1, 159)
[0000][PE] mean and std.dev: (80.40, 23.30)
[0000][PE] low and high boundaries for proper pairs: (1, 191)
[0000][PE] skip orientation RF as there are not enough pairs
[0000][PE] skip orientation RR as there are not enough pairs
[0000] 3. Calling kt_for - worker_sam
	[0000][ M::mem_process_seqs] Processed 393026 reads in 36.928 CPU sec, 1.471 real sec
[0000] read_chunk: 400000000, work_chunk_size: 0, nseq: 0
[0000] read_chunk: 400000000, work_chunk_size: 0, nseq: 0
[0000] Computation ends..
No. of OMP threads: 40
Processor is running @2394.833072 MHz
Runtime profile:

	Time taken for main_mem function: 107.31 sec

	IO times (sec) :
	Reading IO time (reads) avg: 23.11, (23.11, 23.11)
	Writing IO time (SAM) avg: 5.28, (5.28, 5.28)
	Reading IO time (Reference Genome) avg: 1.75, (1.75, 1.75)
	Index read time avg: 0.27, (0.27, 0.27)

	Overall time (sec) (Excluding Index reading time):
	PROCESS() (Total compute time + (read + SAM) IO time) : 105.27
	MEM_PROCESS_SEQ() (Total compute time (Kernel + SAM)), avg: 24.14, (24.14, 24.14)

	 SAM Processing time (sec):
	--WORKER_SAM avg: 5.09, (5.09, 5.09)

	Kernels' compute time (sec):
	Total kernel (smem+sal+bsw) time avg: 18.02, (18.02, 18.02)
		MEM_ALN_CHAIN_FLT avg: 0.00, (0.00, 0.00)
		MEM_ALN_CHAIN_SEED avg: 0.00, (0.00, 0.00)
		ERT_SEED_CHAIN avg: 0.00, (0.00, 0.00)
	LEARNED_SEED_CHAIN avg: 7.87, (7.96, 7.84)
		SMEM compute avg: 0.00, (0.00, 0.00)
		SAL compute avg: 0.00, (0.00, 0.00)
				MEM_SA avg: 0.00, (0.00, 0.00)

		BSW time, avg: 9.12, (9.22, 8.97)

Important parameter settings: 
	BATCH_SIZE: 512
	MAX_SEQ_LEN_REF: 256
	MAX_SEQ_LEN_QER: 128
	MAX_SEQ_LEN8: 128
	SEEDS_PER_READ: 500
	SIMD_WIDTH8 X: 64
	SIMD_WIDTH16 X: 32
	AVG_SEEDS_PER_READ: 64
