Looking to launch executable "/opt/conda/bin/bwa-meme_mode3.avx512bw", simd = _mode3.avx512bw
Launching executable "/opt/conda/bin/bwa-meme_mode3.avx512bw"
-----------------------------
Executing in AVX512 mode!!
-----------------------------
* SA compression enabled with xfactor: 8
* Ref file: reference.genbank.Sor.fasta
* Entering FMI_search
Reading other elements of the index from files reference.genbank.Sor.fasta
* Index prefix: reference.genbank.Sor.fasta
* Read 0 ALT contigs
* Reading reference genome..
* Binary seq file = reference.genbank.Sor.fasta.0123
* Reference genome size: 2685325284 bp
* Done reading reference genome !!

------------------------------------------
1. Memory pre-allocation for Chaining: 5679.4903 MB
2. Memory pre-allocation for BSW: 9584.6810 MB
[M::memoryAllocLearned::MEME] Reading Learned-index models into memory
[Learned-Config] MODE:3 SEARCH_METHOD: 1 MEM_TRADEOFF:1 EXPONENTIAL_SMEMSEARCH: 1 DEBUG_MODE:0 Num 2nd Models:268435456 PWL Bits Used:28
[M::memoryAllocLearned::MEME] Loading RMI model and Pac reference file took 18.584 sec
[M::memoryAllocLearned::MEME] Reading suffix array into memory
[M::memoryAllocLearned::MEME] Loading pos_packed file took 25.540 sec
[M::memoryAllocLearned::MEME] Generating SA, 64-bit Suffix and ISA in memory
[M::memoryAllocLearned::MEME] Runtime-build-index took 31.595 sec
3. Memory pre-allocation for BWT: 14070.0171 MB
------------------------------------------
* Threads used (compute): 40
* No. of pipeline threads: 2

[0000] read_chunk: 400000000, work_chunk_size: 400000050, nseq: 4920712
	[0000][ M::kt_pipeline] read 4920712 sequences (400000050 bp)...
[0000] Reallocating initial memory allocations!!
[0000] Calling mem_process_seqs.., task: 0
[0000] 1. Calling kt_for - worker_bwt
[0000] 2. Calling kt_for - worker_aln
[0000] Inferring insert size distribution of PE reads from data, l_pac: 1342662642, n: 4920712
[0000][PE] # candidate unique pairs for (FF, FR, RF, RR): (24, 1744050, 0, 17)
[0000][PE] analyzing insert size distribution for orientation FF...
[0000][PE] (25, 50, 75) percentile: (28, 37, 61)
[0000][PE] low and high boundaries for computing mean and std.dev: (1, 127)
[0000][PE] mean and std.dev: (42.88, 25.25)
[0000][PE] low and high boundaries for proper pairs: (1, 160)
[0000][PE] analyzing insert size distribution for orientation FR...
[0000][PE] (25, 50, 75) percentile: (62, 78, 96)
[0000][PE] low and high boundaries for computing mean and std.dev: (1, 164)
[0000][PE] mean and std.dev: (80.31, 24.24)
[0000][PE] low and high boundaries for proper pairs: (1, 198)
[0000][PE] skip orientation RF as there are not enough pairs
[0000][PE] analyzing insert size distribution for orientation RR...
[0000][PE] (25, 50, 75) percentile: (27, 34, 67)
[0000][PE] low and high boundaries for computing mean and std.dev: (1, 147)
[0000][PE] mean and std.dev: (42.35, 24.13)
[0000][PE] low and high boundaries for proper pairs: (1, 187)
[0000][PE] skip orientation FF
[0000][PE] skip orientation RR
[0000] 3. Calling kt_for - worker_sam
[0000] read_chunk: 400000000, work_chunk_size: 400000249, nseq: 4930200
	[0000][ M::kt_pipeline] read 4930200 sequences (400000249 bp)...
	[0000][ M::mem_process_seqs] Processed 4920712 reads in 410.490 CPU sec, 11.025 real sec
[0000] Reallocating initial memory allocations!!
[0000] Calling mem_process_seqs.., task: 1
[0000] 1. Calling kt_for - worker_bwt
[0000] 2. Calling kt_for - worker_aln
[0000] Inferring insert size distribution of PE reads from data, l_pac: 1342662642, n: 4930200
[0000][PE] # candidate unique pairs for (FF, FR, RF, RR): (22, 1756689, 1, 18)
[0000][PE] analyzing insert size distribution for orientation FF...
[0000][PE] (25, 50, 75) percentile: (21, 33, 53)
[0000][PE] low and high boundaries for computing mean and std.dev: (1, 117)
[0000][PE] mean and std.dev: (35.62, 20.39)
[0000][PE] low and high boundaries for proper pairs: (1, 149)
[0000][PE] analyzing insert size distribution for orientation FR...
[0000][PE] (25, 50, 75) percentile: (62, 78, 96)
[0000][PE] low and high boundaries for computing mean and std.dev: (1, 164)
[0000][PE] mean and std.dev: (80.20, 24.17)
[0000][PE] low and high boundaries for proper pairs: (1, 198)
[0000][PE] skip orientation RF as there are not enough pairs
[0000][PE] analyzing insert size distribution for orientation RR...
[0000][PE] (25, 50, 75) percentile: (14, 31, 47)
[0000][PE] low and high boundaries for computing mean and std.dev: (1, 113)
[0000][PE] mean and std.dev: (32.61, 20.14)
[0000][PE] low and high boundaries for proper pairs: (1, 146)
[0000][PE] skip orientation FF
[0000][PE] skip orientation RR
[0000] 3. Calling kt_for - worker_sam
	[0000][ M::mem_process_seqs] Processed 4930200 reads in 416.919 CPU sec, 11.442 real sec
[0000] read_chunk: 400000000, work_chunk_size: 400000081, nseq: 4927432
	[0000][ M::kt_pipeline] read 4927432 sequences (400000081 bp)...
[0000] Calling mem_process_seqs.., task: 2
[0000] 1. Calling kt_for - worker_bwt
[0000] 2. Calling kt_for - worker_aln
[0000] Inferring insert size distribution of PE reads from data, l_pac: 1342662642, n: 4927432
[0000][PE] # candidate unique pairs for (FF, FR, RF, RR): (15, 1755035, 3, 18)
[0000][PE] analyzing insert size distribution for orientation FF...
[0000][PE] (25, 50, 75) percentile: (32, 48, 58)
[0000][PE] low and high boundaries for computing mean and std.dev: (1, 110)
[0000][PE] mean and std.dev: (45.07, 19.26)
[0000][PE] low and high boundaries for proper pairs: (1, 136)
[0000][PE] analyzing insert size distribution for orientation FR...
[0000][PE] (25, 50, 75) percentile: (62, 78, 96)
[0000][PE] low and high boundaries for computing mean and std.dev: (1, 164)
[0000][PE] mean and std.dev: (80.23, 24.20)
[0000][PE] low and high boundaries for proper pairs: (1, 198)
[0000][PE] skip orientation RF as there are not enough pairs
[0000][PE] analyzing insert size distribution for orientation RR...
[0000][PE] (25, 50, 75) percentile: (18, 32, 37)
[0000][PE] low and high boundaries for computing mean and std.dev: (1, 75)
[0000][PE] mean and std.dev: (29.89, 16.71)
[0000][PE] low and high boundaries for proper pairs: (1, 97)
[0000][PE] skip orientation FF
[0000][PE] skip orientation RR
[0000] 3. Calling kt_for - worker_sam
	[0000][ M::mem_process_seqs] Processed 4927432 reads in 430.328 CPU sec, 12.152 real sec
[0000] read_chunk: 400000000, work_chunk_size: 400000114, nseq: 4928612
	[0000][ M::kt_pipeline] read 4928612 sequences (400000114 bp)...
[0000] Calling mem_process_seqs.., task: 3
[0000] 1. Calling kt_for - worker_bwt
[0000] 2. Calling kt_for - worker_aln
[0000] Inferring insert size distribution of PE reads from data, l_pac: 1342662642, n: 4928612
[0000][PE] # candidate unique pairs for (FF, FR, RF, RR): (13, 1754288, 0, 15)
[0000][PE] analyzing insert size distribution for orientation FF...
[0000][PE] (25, 50, 75) percentile: (17, 29, 56)
[0000][PE] low and high boundaries for computing mean and std.dev: (1, 134)
[0000][PE] mean and std.dev: (36.08, 21.04)
[0000][PE] low and high boundaries for proper pairs: (1, 173)
[0000][PE] analyzing insert size distribution for orientation FR...
[0000][PE] (25, 50, 75) percentile: (62, 78, 96)
[0000][PE] low and high boundaries for computing mean and std.dev: (1, 164)
[0000][PE] mean and std.dev: (80.25, 24.20)
[0000][PE] low and high boundaries for proper pairs: (1, 198)
[0000][PE] skip orientation RF as there are not enough pairs
[0000][PE] analyzing insert size distribution for orientation RR...
[0000][PE] (25, 50, 75) percentile: (31, 37, 39)
[0000][PE] low and high boundaries for computing mean and std.dev: (15, 55)
[0000][PE] mean and std.dev: (32.25, 8.02)
[0000][PE] low and high boundaries for proper pairs: (1, 64)
[0000][PE] skip orientation FF
[0000][PE] skip orientation RR
[0000] 3. Calling kt_for - worker_sam
	[0000][ M::mem_process_seqs] Processed 4928612 reads in 415.915 CPU sec, 11.408 real sec
[0000] read_chunk: 400000000, work_chunk_size: 400000143, nseq: 4921570
	[0000][ M::kt_pipeline] read 4921570 sequences (400000143 bp)...
[0000] Calling mem_process_seqs.., task: 4
[0000] 1. Calling kt_for - worker_bwt
[0000] 2. Calling kt_for - worker_aln
[0000] Inferring insert size distribution of PE reads from data, l_pac: 1342662642, n: 4921570
[0000][PE] # candidate unique pairs for (FF, FR, RF, RR): (22, 1750009, 2, 8)
[0000][PE] analyzing insert size distribution for orientation FF...
[0000][PE] (25, 50, 75) percentile: (16, 28, 42)
[0000][PE] low and high boundaries for computing mean and std.dev: (1, 94)
[0000][PE] mean and std.dev: (30.45, 19.07)
[0000][PE] low and high boundaries for proper pairs: (1, 120)
[0000][PE] analyzing insert size distribution for orientation FR...
[0000][PE] (25, 50, 75) percentile: (62, 78, 96)
[0000][PE] low and high boundaries for computing mean and std.dev: (1, 164)
[0000][PE] mean and std.dev: (80.25, 24.22)
[0000][PE] low and high boundaries for proper pairs: (1, 198)
[0000][PE] skip orientation RF as there are not enough pairs
[0000][PE] skip orientation RR as there are not enough pairs
[0000][PE] skip orientation FF
[0000] 3. Calling kt_for - worker_sam
	[0000][ M::mem_process_seqs] Processed 4921570 reads in 420.367 CPU sec, 11.709 real sec
[0000] read_chunk: 400000000, work_chunk_size: 400000097, nseq: 4920068
	[0000][ M::kt_pipeline] read 4920068 sequences (400000097 bp)...
[0000] Calling mem_process_seqs.., task: 5
[0000] 1. Calling kt_for - worker_bwt
[0000] 2. Calling kt_for - worker_aln
[0000] Inferring insert size distribution of PE reads from data, l_pac: 1342662642, n: 4920068
[0000][PE] # candidate unique pairs for (FF, FR, RF, RR): (26, 1746165, 0, 15)
[0000][PE] analyzing insert size distribution for orientation FF...
[0000][PE] (25, 50, 75) percentile: (19, 28, 43)
[0000][PE] low and high boundaries for computing mean and std.dev: (1, 91)
[0000][PE] mean and std.dev: (30.24, 16.31)
[0000][PE] low and high boundaries for proper pairs: (1, 115)
[0000][PE] analyzing insert size distribution for orientation FR...
[0000][PE] (25, 50, 75) percentile: (62, 78, 96)
[0000][PE] low and high boundaries for computing mean and std.dev: (1, 164)
[0000][PE] mean and std.dev: (80.22, 24.18)
[0000][PE] low and high boundaries for proper pairs: (1, 198)
[0000][PE] skip orientation RF as there are not enough pairs
[0000][PE] analyzing insert size distribution for orientation RR...
[0000][PE] (25, 50, 75) percentile: (14, 27, 29)
[0000][PE] low and high boundaries for computing mean and std.dev: (1, 59)
[0000][PE] mean and std.dev: (23.60, 11.28)
[0000][PE] low and high boundaries for proper pairs: (1, 74)
[0000][PE] skip orientation FF
[0000][PE] skip orientation RR
[0000] 3. Calling kt_for - worker_sam
[0000] read_chunk: 400000000, work_chunk_size: 400000125, nseq: 4918732
	[0000][ M::mem_process_seqs] Processed 4920068 reads in 430.507 CPU sec, 11.889 real sec
	[0000][ M::kt_pipeline] read 4918732 sequences (400000125 bp)...
[0000] Calling mem_process_seqs.., task: 6
[0000] 1. Calling kt_for - worker_bwt
[0000] 2. Calling kt_for - worker_aln
[0000] Inferring insert size distribution of PE reads from data, l_pac: 1342662642, n: 4918732
[0000][PE] # candidate unique pairs for (FF, FR, RF, RR): (25, 1742443, 0, 19)
[0000][PE] analyzing insert size distribution for orientation FF...
[0000][PE] (25, 50, 75) percentile: (18, 33, 53)
[0000][PE] low and high boundaries for computing mean and std.dev: (1, 123)
[0000][PE] mean and std.dev: (32.43, 16.55)
[0000][PE] low and high boundaries for proper pairs: (1, 158)
[0000][PE] analyzing insert size distribution for orientation FR...
[0000][PE] (25, 50, 75) percentile: (62, 78, 96)
[0000][PE] low and high boundaries for computing mean and std.dev: (1, 164)
[0000][PE] mean and std.dev: (80.36, 24.25)
[0000][PE] low and high boundaries for proper pairs: (1, 198)
[0000][PE] skip orientation RF as there are not enough pairs
[0000][PE] analyzing insert size distribution for orientation RR...
[0000][PE] (25, 50, 75) percentile: (20, 35, 59)
[0000][PE] low and high boundaries for computing mean and std.dev: (1, 137)
[0000][PE] mean and std.dev: (39.94, 22.30)
[0000][PE] low and high boundaries for proper pairs: (1, 176)
[0000][PE] skip orientation FF
[0000][PE] skip orientation RR
[0000] 3. Calling kt_for - worker_sam
	[0000][ M::mem_process_seqs] Processed 4918732 reads in 420.543 CPU sec, 11.895 real sec
[0000] read_chunk: 400000000, work_chunk_size: 400000018, nseq: 4928348
	[0000][ M::kt_pipeline] read 4928348 sequences (400000018 bp)...
[0000] Calling mem_process_seqs.., task: 7
[0000] 1. Calling kt_for - worker_bwt
[0000] 2. Calling kt_for - worker_aln
[0000] Inferring insert size distribution of PE reads from data, l_pac: 1342662642, n: 4928348
[0000][PE] # candidate unique pairs for (FF, FR, RF, RR): (19, 1754712, 1, 20)
[0000][PE] analyzing insert size distribution for orientation FF...
[0000][PE] (25, 50, 75) percentile: (22, 37, 64)
[0000][PE] low and high boundaries for computing mean and std.dev: (1, 148)
[0000][PE] mean and std.dev: (38.42, 27.68)
[0000][PE] low and high boundaries for proper pairs: (1, 190)
[0000][PE] analyzing insert size distribution for orientation FR...
[0000][PE] (25, 50, 75) percentile: (62, 78, 96)
[0000][PE] low and high boundaries for computing mean and std.dev: (1, 164)
[0000][PE] mean and std.dev: (80.25, 24.18)
[0000][PE] low and high boundaries for proper pairs: (1, 198)
[0000][PE] skip orientation RF as there are not enough pairs
[0000][PE] analyzing insert size distribution for orientation RR...
[0000][PE] (25, 50, 75) percentile: (21, 31, 53)
[0000][PE] low and high boundaries for computing mean and std.dev: (1, 117)
[0000][PE] mean and std.dev: (36.20, 22.43)
[0000][PE] low and high boundaries for proper pairs: (1, 149)
[0000][PE] skip orientation FF
[0000][PE] skip orientation RR
[0000] 3. Calling kt_for - worker_sam
	[0000][ M::mem_process_seqs] Processed 4928348 reads in 423.764 CPU sec, 11.722 real sec
[0000] read_chunk: 400000000, work_chunk_size: 400000032, nseq: 4931078
	[0000][ M::kt_pipeline] read 4931078 sequences (400000032 bp)...
[0000] Reallocating initial memory allocations!!
[0000] Calling mem_process_seqs.., task: 8
[0000] 1. Calling kt_for - worker_bwt
[0000] 2. Calling kt_for - worker_aln
[0000] Inferring insert size distribution of PE reads from data, l_pac: 1342662642, n: 4931078
[0000][PE] # candidate unique pairs for (FF, FR, RF, RR): (19, 1759244, 0, 15)
[0000][PE] analyzing insert size distribution for orientation FF...
[0000][PE] (25, 50, 75) percentile: (20, 27, 38)
[0000][PE] low and high boundaries for computing mean and std.dev: (1, 74)
[0000][PE] mean and std.dev: (27.95, 12.10)
[0000][PE] low and high boundaries for proper pairs: (1, 92)
[0000][PE] analyzing insert size distribution for orientation FR...
[0000][PE] (25, 50, 75) percentile: (62, 78, 96)
[0000][PE] low and high boundaries for computing mean and std.dev: (1, 164)
[0000][PE] mean and std.dev: (80.20, 24.17)
[0000][PE] low and high boundaries for proper pairs: (1, 198)
[0000][PE] skip orientation RF as there are not enough pairs
[0000][PE] analyzing insert size distribution for orientation RR...
[0000][PE] (25, 50, 75) percentile: (28, 39, 70)
[0000][PE] low and high boundaries for computing mean and std.dev: (1, 154)
[0000][PE] mean and std.dev: (41.64, 22.79)
[0000][PE] low and high boundaries for proper pairs: (1, 196)
[0000][PE] skip orientation FF
[0000][PE] skip orientation RR
[0000] 3. Calling kt_for - worker_sam
	[0000][ M::mem_process_seqs] Processed 4931078 reads in 412.299 CPU sec, 11.401 real sec
[0000] read_chunk: 400000000, work_chunk_size: 400000095, nseq: 4929774
	[0000][ M::kt_pipeline] read 4929774 sequences (400000095 bp)...
[0000] Calling mem_process_seqs.., task: 9
[0000] 1. Calling kt_for - worker_bwt
[0000] 2. Calling kt_for - worker_aln
[0000] Inferring insert size distribution of PE reads from data, l_pac: 1342662642, n: 4929774
[0000][PE] # candidate unique pairs for (FF, FR, RF, RR): (15, 1758594, 2, 22)
[0000][PE] analyzing insert size distribution for orientation FF...
[0000][PE] (25, 50, 75) percentile: (24, 33, 46)
[0000][PE] low and high boundaries for computing mean and std.dev: (1, 90)
[0000][PE] mean and std.dev: (29.85, 14.05)
[0000][PE] low and high boundaries for proper pairs: (1, 112)
[0000][PE] analyzing insert size distribution for orientation FR...
[0000][PE] (25, 50, 75) percentile: (62, 78, 96)
[0000][PE] low and high boundaries for computing mean and std.dev: (1, 164)
[0000][PE] mean and std.dev: (80.22, 24.20)
[0000][PE] low and high boundaries for proper pairs: (1, 198)
[0000][PE] skip orientation RF as there are not enough pairs
[0000][PE] analyzing insert size distribution for orientation RR...
[0000][PE] (25, 50, 75) percentile: (16, 28, 34)
[0000][PE] low and high boundaries for computing mean and std.dev: (1, 70)
[0000][PE] mean and std.dev: (25.82, 11.51)
[0000][PE] low and high boundaries for proper pairs: (1, 88)
[0000][PE] skip orientation FF
[0000][PE] skip orientation RR
[0000] 3. Calling kt_for - worker_sam
[0000] read_chunk: 400000000, work_chunk_size: 203820644, nseq: 2509098
	[0000][ M::kt_pipeline] read 2509098 sequences (203820644 bp)...
	[0000][ M::mem_process_seqs] Processed 4929774 reads in 415.211 CPU sec, 12.137 real sec
[0000] Calling mem_process_seqs.., task: 10
[0000] 1. Calling kt_for - worker_bwt
[0000] 2. Calling kt_for - worker_aln
[0000] read_chunk: 400000000, work_chunk_size: 0, nseq: 0
[0000] Inferring insert size distribution of PE reads from data, l_pac: 1342662642, n: 2509098
[0000][PE] # candidate unique pairs for (FF, FR, RF, RR): (12, 891551, 0, 12)
[0000][PE] analyzing insert size distribution for orientation FF...
[0000][PE] (25, 50, 75) percentile: (16, 28, 46)
[0000][PE] low and high boundaries for computing mean and std.dev: (1, 106)
[0000][PE] mean and std.dev: (31.67, 23.26)
[0000][PE] low and high boundaries for proper pairs: (1, 136)
[0000][PE] analyzing insert size distribution for orientation FR...
[0000][PE] (25, 50, 75) percentile: (62, 78, 96)
[0000][PE] low and high boundaries for computing mean and std.dev: (1, 164)
[0000][PE] mean and std.dev: (80.24, 24.21)
[0000][PE] low and high boundaries for proper pairs: (1, 198)
[0000][PE] skip orientation RF as there are not enough pairs
[0000][PE] analyzing insert size distribution for orientation RR...
[0000][PE] (25, 50, 75) percentile: (28, 38, 90)
[0000][PE] low and high boundaries for computing mean and std.dev: (1, 214)
[0000][PE] mean and std.dev: (49.17, 31.62)
[0000][PE] low and high boundaries for proper pairs: (1, 276)
[0000][PE] skip orientation FF
[0000][PE] skip orientation RR
[0000] 3. Calling kt_for - worker_sam
	[0000][ M::mem_process_seqs] Processed 2509098 reads in 214.366 CPU sec, 6.697 real sec
[0000] read_chunk: 400000000, work_chunk_size: 0, nseq: 0
[0000] Computation ends..
No. of OMP threads: 40
Processor is running @2394.717612 MHz
Runtime profile:

	Time taken for main_mem function: 221.09 sec

	IO times (sec) :
	Reading IO time (reads) avg: 126.08, (126.08, 126.08)
	Writing IO time (SAM) avg: 37.84, (37.84, 37.84)
	Reading IO time (Reference Genome) avg: 1.78, (1.78, 1.78)
	Index read time avg: 0.28, (0.28, 0.28)

	Overall time (sec) (Excluding Index reading time):
	PROCESS() (Total compute time + (read + SAM) IO time) : 219.02
	MEM_PROCESS_SEQ() (Total compute time (Kernel + SAM)), avg: 123.46, (123.46, 123.46)

	 SAM Processing time (sec):
	--WORKER_SAM avg: 24.85, (24.85, 24.85)

	Kernels' compute time (sec):
	Total kernel (smem+sal+bsw) time avg: 93.24, (93.24, 93.24)
		MEM_ALN_CHAIN_FLT avg: 0.00, (0.00, 0.00)
		MEM_ALN_CHAIN_SEED avg: 0.00, (0.00, 0.00)
		ERT_SEED_CHAIN avg: 0.00, (0.00, 0.00)
	LEARNED_SEED_CHAIN avg: 40.19, (40.54, 39.98)
		SMEM compute avg: 0.00, (0.00, 0.00)
		SAL compute avg: 0.00, (0.00, 0.00)
				MEM_SA avg: 0.00, (0.00, 0.00)

		BSW time, avg: 47.65, (47.98, 47.18)

Important parameter settings: 
	BATCH_SIZE: 512
	MAX_SEQ_LEN_REF: 256
	MAX_SEQ_LEN_QER: 128
	MAX_SEQ_LEN8: 128
	SEEDS_PER_READ: 500
	SIMD_WIDTH8 X: 64
	SIMD_WIDTH16 X: 32
	AVG_SEEDS_PER_READ: 64
