Looking to launch executable "/opt/conda/bin/bwa-meme_mode3.avx512bw", simd = _mode3.avx512bw
Launching executable "/opt/conda/bin/bwa-meme_mode3.avx512bw"
-----------------------------
Executing in AVX512 mode!!
-----------------------------
* SA compression enabled with xfactor: 8
* Ref file: reference.genbank.Sor.fasta
* Entering FMI_search
Reading other elements of the index from files reference.genbank.Sor.fasta
* Index prefix: reference.genbank.Sor.fasta
* Read 0 ALT contigs
* Reading reference genome..
* Binary seq file = reference.genbank.Sor.fasta.0123
* Reference genome size: 2685325284 bp
* Done reading reference genome !!

------------------------------------------
1. Memory pre-allocation for Chaining: 5679.4903 MB
2. Memory pre-allocation for BSW: 9584.6810 MB
[M::memoryAllocLearned::MEME] Reading Learned-index models into memory
[Learned-Config] MODE:3 SEARCH_METHOD: 1 MEM_TRADEOFF:1 EXPONENTIAL_SMEMSEARCH: 1 DEBUG_MODE:0 Num 2nd Models:268435456 PWL Bits Used:28
[M::memoryAllocLearned::MEME] Loading RMI model and Pac reference file took 18.500 sec
[M::memoryAllocLearned::MEME] Reading suffix array into memory
[M::memoryAllocLearned::MEME] Loading pos_packed file took 25.279 sec
[M::memoryAllocLearned::MEME] Generating SA, 64-bit Suffix and ISA in memory
[M::memoryAllocLearned::MEME] Runtime-build-index took 31.637 sec
3. Memory pre-allocation for BWT: 14070.0171 MB
------------------------------------------
* Threads used (compute): 40
* No. of pipeline threads: 2

[0000] read_chunk: 400000000, work_chunk_size: 400000159, nseq: 4141256
	[0000][ M::kt_pipeline] read 4141256 sequences (400000159 bp)...
[0000] Reallocating initial memory allocations!!
[0000] Calling mem_process_seqs.., task: 0
[0000] 1. Calling kt_for - worker_bwt
[0000] read_chunk: 400000000, work_chunk_size: 198377630, nseq: 2057774
	[0000][ M::kt_pipeline] read 2057774 sequences (198377630 bp)...
[0000] 2. Calling kt_for - worker_aln
[0000] Inferring insert size distribution of PE reads from data, l_pac: 1342662642, n: 4141256
[0000][PE] # candidate unique pairs for (FF, FR, RF, RR): (376, 1007322, 2, 368)
[0000][PE] analyzing insert size distribution for orientation FF...
[0000][PE] (25, 50, 75) percentile: (33, 48, 71)
[0000][PE] low and high boundaries for computing mean and std.dev: (1, 147)
[0000][PE] mean and std.dev: (53.94, 29.79)
[0000][PE] low and high boundaries for proper pairs: (1, 185)
[0000][PE] analyzing insert size distribution for orientation FR...
[0000][PE] (25, 50, 75) percentile: (71, 88, 110)
[0000][PE] low and high boundaries for computing mean and std.dev: (1, 188)
[0000][PE] mean and std.dev: (92.05, 28.70)
[0000][PE] low and high boundaries for proper pairs: (1, 227)
[0000][PE] skip orientation RF as there are not enough pairs
[0000][PE] analyzing insert size distribution for orientation RR...
[0000][PE] (25, 50, 75) percentile: (34, 49, 72)
[0000][PE] low and high boundaries for computing mean and std.dev: (1, 148)
[0000][PE] mean and std.dev: (54.49, 28.69)
[0000][PE] low and high boundaries for proper pairs: (1, 186)
[0000][PE] skip orientation FF
[0000][PE] skip orientation RR
[0000] 3. Calling kt_for - worker_sam
	[0000][ M::mem_process_seqs] Processed 4141256 reads in 894.345 CPU sec, 23.163 real sec
[0000] Calling mem_process_seqs.., task: 1
[0000] 1. Calling kt_for - worker_bwt
[0000] 2. Calling kt_for - worker_aln
[0000] read_chunk: 400000000, work_chunk_size: 0, nseq: 0
[0000] Inferring insert size distribution of PE reads from data, l_pac: 1342662642, n: 2057774
[0000][PE] # candidate unique pairs for (FF, FR, RF, RR): (185, 505966, 3, 183)
[0000][PE] analyzing insert size distribution for orientation FF...
[0000][PE] (25, 50, 75) percentile: (33, 49, 75)
[0000][PE] low and high boundaries for computing mean and std.dev: (1, 159)
[0000][PE] mean and std.dev: (53.68, 27.07)
[0000][PE] low and high boundaries for proper pairs: (1, 201)
[0000][PE] analyzing insert size distribution for orientation FR...
[0000][PE] (25, 50, 75) percentile: (71, 88, 110)
[0000][PE] low and high boundaries for computing mean and std.dev: (1, 188)
[0000][PE] mean and std.dev: (92.06, 28.74)
[0000][PE] low and high boundaries for proper pairs: (1, 227)
[0000][PE] skip orientation RF as there are not enough pairs
[0000][PE] analyzing insert size distribution for orientation RR...
[0000][PE] (25, 50, 75) percentile: (33, 50, 75)
[0000][PE] low and high boundaries for computing mean and std.dev: (1, 159)
[0000][PE] mean and std.dev: (54.20, 28.30)
[0000][PE] low and high boundaries for proper pairs: (1, 201)
[0000][PE] skip orientation FF
[0000][PE] skip orientation RR
[0000] 3. Calling kt_for - worker_sam
	[0000][ M::mem_process_seqs] Processed 2057774 reads in 450.164 CPU sec, 12.624 real sec
[0000] read_chunk: 400000000, work_chunk_size: 0, nseq: 0
[0000] Computation ends..
No. of OMP threads: 40
Processor is running @2394.741672 MHz
Runtime profile:

	Time taken for main_mem function: 110.30 sec

	IO times (sec) :
	Reading IO time (reads) avg: 16.09, (16.09, 16.09)
	Writing IO time (SAM) avg: 8.82, (8.82, 8.82)
	Reading IO time (Reference Genome) avg: 1.78, (1.78, 1.78)
	Index read time avg: 0.27, (0.27, 0.27)

	Overall time (sec) (Excluding Index reading time):
	PROCESS() (Total compute time + (read + SAM) IO time) : 108.24
	MEM_PROCESS_SEQ() (Total compute time (Kernel + SAM)), avg: 35.78, (35.78, 35.78)

	 SAM Processing time (sec):
	--WORKER_SAM avg: 9.15, (9.15, 9.15)

	Kernels' compute time (sec):
	Total kernel (smem+sal+bsw) time avg: 26.07, (26.07, 26.07)
		MEM_ALN_CHAIN_FLT avg: 0.00, (0.00, 0.00)
		MEM_ALN_CHAIN_SEED avg: 0.00, (0.00, 0.00)
		ERT_SEED_CHAIN avg: 0.00, (0.00, 0.00)
	LEARNED_SEED_CHAIN avg: 10.35, (10.45, 10.31)
		SMEM compute avg: 0.00, (0.00, 0.00)
		SAL compute avg: 0.00, (0.00, 0.00)
				MEM_SA avg: 0.00, (0.00, 0.00)

		BSW time, avg: 14.45, (14.54, 14.30)

Important parameter settings: 
	BATCH_SIZE: 512
	MAX_SEQ_LEN_REF: 256
	MAX_SEQ_LEN_QER: 128
	MAX_SEQ_LEN8: 128
	SEEDS_PER_READ: 500
	SIMD_WIDTH8 X: 64
	SIMD_WIDTH16 X: 32
	AVG_SEEDS_PER_READ: 64
