Looking to launch executable "/opt/conda/bin/bwa-meme_mode3.avx512bw", simd = _mode3.avx512bw
Launching executable "/opt/conda/bin/bwa-meme_mode3.avx512bw"
-----------------------------
Executing in AVX512 mode!!
-----------------------------
* SA compression enabled with xfactor: 8
* Ref file: reference.genbank.Sor.fasta
* Entering FMI_search
Reading other elements of the index from files reference.genbank.Sor.fasta
* Index prefix: reference.genbank.Sor.fasta
* Read 0 ALT contigs
* Reading reference genome..
* Binary seq file = reference.genbank.Sor.fasta.0123
* Reference genome size: 2685325284 bp
* Done reading reference genome !!

------------------------------------------
1. Memory pre-allocation for Chaining: 5679.4903 MB
2. Memory pre-allocation for BSW: 9584.6810 MB
[M::memoryAllocLearned::MEME] Reading Learned-index models into memory
[Learned-Config] MODE:3 SEARCH_METHOD: 1 MEM_TRADEOFF:1 EXPONENTIAL_SMEMSEARCH: 1 DEBUG_MODE:0 Num 2nd Models:268435456 PWL Bits Used:28
[M::memoryAllocLearned::MEME] Loading RMI model and Pac reference file took 18.447 sec
[M::memoryAllocLearned::MEME] Reading suffix array into memory
[M::memoryAllocLearned::MEME] Loading pos_packed file took 25.271 sec
[M::memoryAllocLearned::MEME] Generating SA, 64-bit Suffix and ISA in memory
[M::memoryAllocLearned::MEME] Runtime-build-index took 31.662 sec
3. Memory pre-allocation for BWT: 14070.0171 MB
------------------------------------------
* Threads used (compute): 40
* No. of pipeline threads: 2

[0000] read_chunk: 400000000, work_chunk_size: 400000059, nseq: 4876696
	[0000][ M::kt_pipeline] read 4876696 sequences (400000059 bp)...
[0000] Reallocating initial memory allocations!!
[0000] Calling mem_process_seqs.., task: 0
[0000] 1. Calling kt_for - worker_bwt
[0000] 2. Calling kt_for - worker_aln
[0000] Inferring insert size distribution of PE reads from data, l_pac: 1342662642, n: 4876696
[0000][PE] # candidate unique pairs for (FF, FR, RF, RR): (7, 1725819, 1, 12)
[0000][PE] skip orientation FF as there are not enough pairs
[0000][PE] analyzing insert size distribution for orientation FR...
[0000][PE] (25, 50, 75) percentile: (63, 78, 97)
[0000][PE] low and high boundaries for computing mean and std.dev: (1, 165)
[0000][PE] mean and std.dev: (81.04, 24.33)
[0000][PE] low and high boundaries for proper pairs: (1, 199)
[0000][PE] skip orientation RF as there are not enough pairs
[0000][PE] analyzing insert size distribution for orientation RR...
[0000][PE] (25, 50, 75) percentile: (51, 55, 101)
[0000][PE] low and high boundaries for computing mean and std.dev: (1, 201)
[0000][PE] mean and std.dev: (59.18, 30.72)
[0000][PE] low and high boundaries for proper pairs: (1, 251)
[0000][PE] skip orientation RR
[0000] 3. Calling kt_for - worker_sam
[0000] read_chunk: 400000000, work_chunk_size: 400000112, nseq: 4889350
	[0000][ M::kt_pipeline] read 4889350 sequences (400000112 bp)...
	[0000][ M::mem_process_seqs] Processed 4876696 reads in 410.034 CPU sec, 11.152 real sec
[0000] Reallocating initial memory allocations!!
[0000] Calling mem_process_seqs.., task: 1
[0000] 1. Calling kt_for - worker_bwt
[0000] 2. Calling kt_for - worker_aln
[0000] Inferring insert size distribution of PE reads from data, l_pac: 1342662642, n: 4889350
[0000][PE] # candidate unique pairs for (FF, FR, RF, RR): (10, 1740749, 2, 17)
[0000][PE] analyzing insert size distribution for orientation FF...
[0000][PE] (25, 50, 75) percentile: (18, 34, 64)
[0000][PE] low and high boundaries for computing mean and std.dev: (1, 156)
[0000][PE] mean and std.dev: (38.70, 23.61)
[0000][PE] low and high boundaries for proper pairs: (1, 202)
[0000][PE] analyzing insert size distribution for orientation FR...
[0000][PE] (25, 50, 75) percentile: (63, 78, 97)
[0000][PE] low and high boundaries for computing mean and std.dev: (1, 165)
[0000][PE] mean and std.dev: (80.92, 24.27)
[0000][PE] low and high boundaries for proper pairs: (1, 199)
[0000][PE] skip orientation RF as there are not enough pairs
[0000][PE] analyzing insert size distribution for orientation RR...
[0000][PE] (25, 50, 75) percentile: (15, 29, 52)
[0000][PE] low and high boundaries for computing mean and std.dev: (1, 126)
[0000][PE] mean and std.dev: (33.59, 23.60)
[0000][PE] low and high boundaries for proper pairs: (1, 163)
[0000][PE] skip orientation FF
[0000][PE] skip orientation RR
[0000] 3. Calling kt_for - worker_sam
	[0000][ M::mem_process_seqs] Processed 4889350 reads in 417.507 CPU sec, 11.290 real sec
[0000] read_chunk: 400000000, work_chunk_size: 400000060, nseq: 4881154
	[0000][ M::kt_pipeline] read 4881154 sequences (400000060 bp)...
[0000] Calling mem_process_seqs.., task: 2
[0000] 1. Calling kt_for - worker_bwt
[0000] 2. Calling kt_for - worker_aln
[0000] Inferring insert size distribution of PE reads from data, l_pac: 1342662642, n: 4881154
[0000][PE] # candidate unique pairs for (FF, FR, RF, RR): (11, 1732576, 1, 15)
[0000][PE] analyzing insert size distribution for orientation FF...
[0000][PE] (25, 50, 75) percentile: (16, 26, 58)
[0000][PE] low and high boundaries for computing mean and std.dev: (1, 142)
[0000][PE] mean and std.dev: (32.18, 22.07)
[0000][PE] low and high boundaries for proper pairs: (1, 184)
[0000][PE] analyzing insert size distribution for orientation FR...
[0000][PE] (25, 50, 75) percentile: (63, 78, 97)
[0000][PE] low and high boundaries for computing mean and std.dev: (1, 165)
[0000][PE] mean and std.dev: (80.99, 24.31)
[0000][PE] low and high boundaries for proper pairs: (1, 199)
[0000][PE] skip orientation RF as there are not enough pairs
[0000][PE] analyzing insert size distribution for orientation RR...
[0000][PE] (25, 50, 75) percentile: (24, 39, 49)
[0000][PE] low and high boundaries for computing mean and std.dev: (1, 99)
[0000][PE] mean and std.dev: (38.53, 21.36)
[0000][PE] low and high boundaries for proper pairs: (1, 124)
[0000][PE] skip orientation FF
[0000][PE] skip orientation RR
[0000] 3. Calling kt_for - worker_sam
	[0000][ M::mem_process_seqs] Processed 4881154 reads in 421.117 CPU sec, 11.624 real sec
[0000] read_chunk: 400000000, work_chunk_size: 400000097, nseq: 4879560
	[0000][ M::kt_pipeline] read 4879560 sequences (400000097 bp)...
[0000] Calling mem_process_seqs.., task: 3
[0000] 1. Calling kt_for - worker_bwt
[0000] 2. Calling kt_for - worker_aln
[0000] Inferring insert size distribution of PE reads from data, l_pac: 1342662642, n: 4879560
[0000][PE] # candidate unique pairs for (FF, FR, RF, RR): (14, 1732361, 1, 13)
[0000][PE] analyzing insert size distribution for orientation FF...
[0000][PE] (25, 50, 75) percentile: (15, 22, 33)
[0000][PE] low and high boundaries for computing mean and std.dev: (1, 69)
[0000][PE] mean and std.dev: (24.77, 14.12)
[0000][PE] low and high boundaries for proper pairs: (1, 87)
[0000][PE] analyzing insert size distribution for orientation FR...
[0000][PE] (25, 50, 75) percentile: (63, 78, 97)
[0000][PE] low and high boundaries for computing mean and std.dev: (1, 165)
[0000][PE] mean and std.dev: (80.97, 24.34)
[0000][PE] low and high boundaries for proper pairs: (1, 199)
[0000][PE] skip orientation RF as there are not enough pairs
[0000][PE] analyzing insert size distribution for orientation RR...
[0000][PE] (25, 50, 75) percentile: (23, 36, 46)
[0000][PE] low and high boundaries for computing mean and std.dev: (1, 92)
[0000][PE] mean and std.dev: (33.17, 12.97)
[0000][PE] low and high boundaries for proper pairs: (1, 115)
[0000][PE] skip orientation FF
[0000][PE] skip orientation RR
[0000] 3. Calling kt_for - worker_sam
	[0000][ M::mem_process_seqs] Processed 4879560 reads in 420.765 CPU sec, 11.493 real sec
[0000] read_chunk: 400000000, work_chunk_size: 400000120, nseq: 4874404
	[0000][ M::kt_pipeline] read 4874404 sequences (400000120 bp)...
[0000] Calling mem_process_seqs.., task: 4
[0000] 1. Calling kt_for - worker_bwt
[0000] 2. Calling kt_for - worker_aln
[0000] Inferring insert size distribution of PE reads from data, l_pac: 1342662642, n: 4874404
[0000][PE] # candidate unique pairs for (FF, FR, RF, RR): (14, 1724884, 1, 14)
[0000][PE] analyzing insert size distribution for orientation FF...
[0000][PE] (25, 50, 75) percentile: (25, 39, 46)
[0000][PE] low and high boundaries for computing mean and std.dev: (1, 88)
[0000][PE] mean and std.dev: (36.69, 15.18)
[0000][PE] low and high boundaries for proper pairs: (1, 109)
[0000][PE] analyzing insert size distribution for orientation FR...
[0000][PE] (25, 50, 75) percentile: (63, 78, 97)
[0000][PE] low and high boundaries for computing mean and std.dev: (1, 165)
[0000][PE] mean and std.dev: (80.96, 24.31)
[0000][PE] low and high boundaries for proper pairs: (1, 199)
[0000][PE] skip orientation RF as there are not enough pairs
[0000][PE] analyzing insert size distribution for orientation RR...
[0000][PE] (25, 50, 75) percentile: (25, 43, 55)
[0000][PE] low and high boundaries for computing mean and std.dev: (1, 115)
[0000][PE] mean and std.dev: (39.36, 16.07)
[0000][PE] low and high boundaries for proper pairs: (1, 145)
[0000][PE] skip orientation FF
[0000][PE] skip orientation RR
[0000] 3. Calling kt_for - worker_sam
	[0000][ M::mem_process_seqs] Processed 4874404 reads in 433.728 CPU sec, 12.129 real sec
[0000] read_chunk: 400000000, work_chunk_size: 400000060, nseq: 4879868
	[0000][ M::kt_pipeline] read 4879868 sequences (400000060 bp)...
[0000] Calling mem_process_seqs.., task: 5
[0000] 1. Calling kt_for - worker_bwt
[0000] 2. Calling kt_for - worker_aln
[0000] Inferring insert size distribution of PE reads from data, l_pac: 1342662642, n: 4879868
[0000][PE] # candidate unique pairs for (FF, FR, RF, RR): (16, 1728210, 0, 21)
[0000][PE] analyzing insert size distribution for orientation FF...
[0000][PE] (25, 50, 75) percentile: (20, 33, 66)
[0000][PE] low and high boundaries for computing mean and std.dev: (1, 158)
[0000][PE] mean and std.dev: (40.06, 27.56)
[0000][PE] low and high boundaries for proper pairs: (1, 204)
[0000][PE] analyzing insert size distribution for orientation FR...
[0000][PE] (25, 50, 75) percentile: (63, 78, 97)
[0000][PE] low and high boundaries for computing mean and std.dev: (1, 165)
[0000][PE] mean and std.dev: (81.03, 24.35)
[0000][PE] low and high boundaries for proper pairs: (1, 199)
[0000][PE] skip orientation RF as there are not enough pairs
[0000][PE] analyzing insert size distribution for orientation RR...
[0000][PE] (25, 50, 75) percentile: (24, 32, 49)
[0000][PE] low and high boundaries for computing mean and std.dev: (1, 99)
[0000][PE] mean and std.dev: (35.90, 20.08)
[0000][PE] low and high boundaries for proper pairs: (1, 124)
[0000][PE] skip orientation FF
[0000][PE] skip orientation RR
[0000] 3. Calling kt_for - worker_sam
	[0000][ M::mem_process_seqs] Processed 4879868 reads in 419.862 CPU sec, 11.510 real sec
[0000] read_chunk: 400000000, work_chunk_size: 400000139, nseq: 4881770
	[0000][ M::kt_pipeline] read 4881770 sequences (400000139 bp)...
[0000] Calling mem_process_seqs.., task: 6
[0000] 1. Calling kt_for - worker_bwt
[0000] 2. Calling kt_for - worker_aln
[0000] Inferring insert size distribution of PE reads from data, l_pac: 1342662642, n: 4881770
[0000][PE] # candidate unique pairs for (FF, FR, RF, RR): (17, 1736939, 3, 15)
[0000][PE] analyzing insert size distribution for orientation FF...
[0000][PE] (25, 50, 75) percentile: (20, 24, 41)
[0000][PE] low and high boundaries for computing mean and std.dev: (1, 83)
[0000][PE] mean and std.dev: (30.18, 17.18)
[0000][PE] low and high boundaries for proper pairs: (1, 104)
[0000][PE] analyzing insert size distribution for orientation FR...
[0000][PE] (25, 50, 75) percentile: (63, 78, 97)
[0000][PE] low and high boundaries for computing mean and std.dev: (1, 165)
[0000][PE] mean and std.dev: (81.02, 24.32)
[0000][PE] low and high boundaries for proper pairs: (1, 199)
[0000][PE] skip orientation RF as there are not enough pairs
[0000][PE] analyzing insert size distribution for orientation RR...
[0000][PE] (25, 50, 75) percentile: (18, 19, 26)
[0000][PE] low and high boundaries for computing mean and std.dev: (2, 42)
[0000][PE] mean and std.dev: (20.71, 7.65)
[0000][PE] low and high boundaries for proper pairs: (1, 51)
[0000][PE] skip orientation FF
[0000][PE] skip orientation RR
[0000] 3. Calling kt_for - worker_sam
	[0000][ M::mem_process_seqs] Processed 4881770 reads in 421.169 CPU sec, 11.817 real sec
[0000] read_chunk: 400000000, work_chunk_size: 400000049, nseq: 4884070
	[0000][ M::kt_pipeline] read 4884070 sequences (400000049 bp)...
[0000] Calling mem_process_seqs.., task: 7
[0000] 1. Calling kt_for - worker_bwt
[0000] 2. Calling kt_for - worker_aln
[0000] Inferring insert size distribution of PE reads from data, l_pac: 1342662642, n: 4884070
[0000][PE] # candidate unique pairs for (FF, FR, RF, RR): (6, 1739338, 0, 13)
[0000][PE] skip orientation FF as there are not enough pairs
[0000][PE] analyzing insert size distribution for orientation FR...
[0000][PE] (25, 50, 75) percentile: (63, 78, 97)
[0000][PE] low and high boundaries for computing mean and std.dev: (1, 165)
[0000][PE] mean and std.dev: (80.98, 24.30)
[0000][PE] low and high boundaries for proper pairs: (1, 199)
[0000][PE] skip orientation RF as there are not enough pairs
[0000][PE] analyzing insert size distribution for orientation RR...
[0000][PE] (25, 50, 75) percentile: (27, 32, 41)
[0000][PE] low and high boundaries for computing mean and std.dev: (1, 69)
[0000][PE] mean and std.dev: (34.08, 11.26)
[0000][PE] low and high boundaries for proper pairs: (1, 83)
[0000][PE] skip orientation RR
[0000] 3. Calling kt_for - worker_sam
[0000] read_chunk: 400000000, work_chunk_size: 289651798, nseq: 3533844
	[0000][ M::kt_pipeline] read 3533844 sequences (289651798 bp)...
	[0000][ M::mem_process_seqs] Processed 4884070 reads in 423.000 CPU sec, 11.802 real sec
[0000] Calling mem_process_seqs.., task: 8
[0000] 1. Calling kt_for - worker_bwt
[0000] 2. Calling kt_for - worker_aln
[0000] read_chunk: 400000000, work_chunk_size: 0, nseq: 0
[0000] Inferring insert size distribution of PE reads from data, l_pac: 1342662642, n: 3533844
[0000][PE] # candidate unique pairs for (FF, FR, RF, RR): (12, 1254808, 0, 11)
[0000][PE] analyzing insert size distribution for orientation FF...
[0000][PE] (25, 50, 75) percentile: (24, 29, 47)
[0000][PE] low and high boundaries for computing mean and std.dev: (1, 93)
[0000][PE] mean and std.dev: (32.36, 14.27)
[0000][PE] low and high boundaries for proper pairs: (1, 116)
[0000][PE] analyzing insert size distribution for orientation FR...
[0000][PE] (25, 50, 75) percentile: (63, 78, 97)
[0000][PE] low and high boundaries for computing mean and std.dev: (1, 165)
[0000][PE] mean and std.dev: (81.00, 24.32)
[0000][PE] low and high boundaries for proper pairs: (1, 199)
[0000][PE] skip orientation RF as there are not enough pairs
[0000][PE] analyzing insert size distribution for orientation RR...
[0000][PE] (25, 50, 75) percentile: (21, 38, 49)
[0000][PE] low and high boundaries for computing mean and std.dev: (1, 105)
[0000][PE] mean and std.dev: (36.82, 17.84)
[0000][PE] low and high boundaries for proper pairs: (1, 133)
[0000][PE] skip orientation FF
[0000][PE] skip orientation RR
[0000] 3. Calling kt_for - worker_sam
	[0000][ M::mem_process_seqs] Processed 3533844 reads in 306.287 CPU sec, 9.027 real sec
[0000] read_chunk: 400000000, work_chunk_size: 0, nseq: 0
[0000] Computation ends..
No. of OMP threads: 40
Processor is running @2394.710380 MHz
Runtime profile:

	Time taken for main_mem function: 194.10 sec

	IO times (sec) :
	Reading IO time (reads) avg: 101.76, (101.76, 101.76)
	Writing IO time (SAM) avg: 30.02, (30.02, 30.02)
	Reading IO time (Reference Genome) avg: 1.77, (1.77, 1.77)
	Index read time avg: 0.27, (0.27, 0.27)

	Overall time (sec) (Excluding Index reading time):
	PROCESS() (Total compute time + (read + SAM) IO time) : 192.05
	MEM_PROCESS_SEQ() (Total compute time (Kernel + SAM)), avg: 101.83, (101.83, 101.83)

	 SAM Processing time (sec):
	--WORKER_SAM avg: 20.68, (20.68, 20.68)

	Kernels' compute time (sec):
	Total kernel (smem+sal+bsw) time avg: 76.81, (76.81, 76.81)
		MEM_ALN_CHAIN_FLT avg: 0.00, (0.00, 0.00)
		MEM_ALN_CHAIN_SEED avg: 0.00, (0.00, 0.00)
		ERT_SEED_CHAIN avg: 0.00, (0.00, 0.00)
	LEARNED_SEED_CHAIN avg: 32.87, (33.09, 32.70)
		SMEM compute avg: 0.00, (0.00, 0.00)
		SAL compute avg: 0.00, (0.00, 0.00)
				MEM_SA avg: 0.00, (0.00, 0.00)

		BSW time, avg: 39.69, (39.98, 39.39)

Important parameter settings: 
	BATCH_SIZE: 512
	MAX_SEQ_LEN_REF: 256
	MAX_SEQ_LEN_QER: 128
	MAX_SEQ_LEN8: 128
	SEEDS_PER_READ: 500
	SIMD_WIDTH8 X: 64
	SIMD_WIDTH16 X: 32
	AVG_SEEDS_PER_READ: 64
