Looking to launch executable "/opt/conda/bin/bwa-meme_mode3.avx512bw", simd = _mode3.avx512bw
Launching executable "/opt/conda/bin/bwa-meme_mode3.avx512bw"
-----------------------------
Executing in AVX512 mode!!
-----------------------------
* SA compression enabled with xfactor: 8
* Ref file: reference.genbank.Sor.fasta
* Entering FMI_search
Reading other elements of the index from files reference.genbank.Sor.fasta
* Index prefix: reference.genbank.Sor.fasta
* Read 0 ALT contigs
* Reading reference genome..
* Binary seq file = reference.genbank.Sor.fasta.0123
* Reference genome size: 2685325284 bp
* Done reading reference genome !!

------------------------------------------
1. Memory pre-allocation for Chaining: 5679.4903 MB
2. Memory pre-allocation for BSW: 9584.6810 MB
[M::memoryAllocLearned::MEME] Reading Learned-index models into memory
[Learned-Config] MODE:3 SEARCH_METHOD: 1 MEM_TRADEOFF:1 EXPONENTIAL_SMEMSEARCH: 1 DEBUG_MODE:0 Num 2nd Models:268435456 PWL Bits Used:28
[M::memoryAllocLearned::MEME] Loading RMI model and Pac reference file took 18.494 sec
[M::memoryAllocLearned::MEME] Reading suffix array into memory
[M::memoryAllocLearned::MEME] Loading pos_packed file took 25.367 sec
[M::memoryAllocLearned::MEME] Generating SA, 64-bit Suffix and ISA in memory
[M::memoryAllocLearned::MEME] Runtime-build-index took 31.632 sec
3. Memory pre-allocation for BWT: 14070.0171 MB
------------------------------------------
* Threads used (compute): 40
* No. of pipeline threads: 2

[0000] read_chunk: 400000000, work_chunk_size: 400000143, nseq: 4438778
	[0000][ M::kt_pipeline] read 4438778 sequences (400000143 bp)...
[0000] Reallocating initial memory allocations!!
[0000] Calling mem_process_seqs.., task: 0
[0000] 1. Calling kt_for - worker_bwt
[0000] 2. Calling kt_for - worker_aln
[0000] read_chunk: 400000000, work_chunk_size: 400000046, nseq: 4467130
	[0000][ M::kt_pipeline] read 4467130 sequences (400000046 bp)...
[0000] Inferring insert size distribution of PE reads from data, l_pac: 1342662642, n: 4438778
[0000][PE] # candidate unique pairs for (FF, FR, RF, RR): (265, 1326600, 2, 246)
[0000][PE] analyzing insert size distribution for orientation FF...
[0000][PE] (25, 50, 75) percentile: (24, 36, 50)
[0000][PE] low and high boundaries for computing mean and std.dev: (1, 102)
[0000][PE] mean and std.dev: (37.55, 20.71)
[0000][PE] low and high boundaries for proper pairs: (1, 128)
[0000][PE] analyzing insert size distribution for orientation FR...
[0000][PE] (25, 50, 75) percentile: (68, 84, 103)
[0000][PE] low and high boundaries for computing mean and std.dev: (1, 173)
[0000][PE] mean and std.dev: (86.93, 25.72)
[0000][PE] low and high boundaries for proper pairs: (1, 208)
[0000][PE] skip orientation RF as there are not enough pairs
[0000][PE] analyzing insert size distribution for orientation RR...
[0000][PE] (25, 50, 75) percentile: (28, 40, 59)
[0000][PE] low and high boundaries for computing mean and std.dev: (1, 121)
[0000][PE] mean and std.dev: (43.21, 21.77)
[0000][PE] low and high boundaries for proper pairs: (1, 152)
[0000][PE] skip orientation FF
[0000][PE] skip orientation RR
[0000] 3. Calling kt_for - worker_sam
	[0000][ M::mem_process_seqs] Processed 4438778 reads in 722.379 CPU sec, 19.043 real sec
[0000] Reallocating initial memory allocations!!
[0000] Calling mem_process_seqs.., task: 1
[0000] 1. Calling kt_for - worker_bwt
[0000] 2. Calling kt_for - worker_aln
[0000] Inferring insert size distribution of PE reads from data, l_pac: 1342662642, n: 4467130
[0000][PE] # candidate unique pairs for (FF, FR, RF, RR): (264, 1397028, 3, 248)
[0000][PE] analyzing insert size distribution for orientation FF...
[0000][PE] (25, 50, 75) percentile: (26, 37, 55)
[0000][PE] low and high boundaries for computing mean and std.dev: (1, 113)
[0000][PE] mean and std.dev: (41.15, 23.38)
[0000][PE] low and high boundaries for proper pairs: (1, 142)
[0000][PE] analyzing insert size distribution for orientation FR...
[0000][PE] (25, 50, 75) percentile: (68, 84, 103)
[0000][PE] low and high boundaries for computing mean and std.dev: (1, 173)
[0000][PE] mean and std.dev: (86.87, 25.74)
[0000][PE] low and high boundaries for proper pairs: (1, 208)
[0000][PE] skip orientation RF as there are not enough pairs
[0000][PE] analyzing insert size distribution for orientation RR...
[0000][PE] (25, 50, 75) percentile: (28, 41, 59)
[0000][PE] low and high boundaries for computing mean and std.dev: (1, 121)
[0000][PE] mean and std.dev: (43.55, 21.70)
[0000][PE] low and high boundaries for proper pairs: (1, 152)
[0000][PE] skip orientation FF
[0000][PE] skip orientation RR
[0000] 3. Calling kt_for - worker_sam
[0000] read_chunk: 400000000, work_chunk_size: 400000196, nseq: 4467450
	[0000][ M::kt_pipeline] read 4467450 sequences (400000196 bp)...
	[0000][ M::mem_process_seqs] Processed 4467130 reads in 648.217 CPU sec, 17.227 real sec
[0000] Reallocating initial memory allocations!!
[0000] Calling mem_process_seqs.., task: 2
[0000] 1. Calling kt_for - worker_bwt
[0000] 2. Calling kt_for - worker_aln
[0000] read_chunk: 400000000, work_chunk_size: 400000098, nseq: 4460944
	[0000][ M::kt_pipeline] read 4460944 sequences (400000098 bp)...
[0000] Inferring insert size distribution of PE reads from data, l_pac: 1342662642, n: 4467450
[0000][PE] # candidate unique pairs for (FF, FR, RF, RR): (289, 1407845, 1, 239)
[0000][PE] analyzing insert size distribution for orientation FF...
[0000][PE] (25, 50, 75) percentile: (27, 37, 51)
[0000][PE] low and high boundaries for computing mean and std.dev: (1, 99)
[0000][PE] mean and std.dev: (38.55, 20.94)
[0000][PE] low and high boundaries for proper pairs: (1, 123)
[0000][PE] analyzing insert size distribution for orientation FR...
[0000][PE] (25, 50, 75) percentile: (68, 84, 103)
[0000][PE] low and high boundaries for computing mean and std.dev: (1, 173)
[0000][PE] mean and std.dev: (86.74, 25.65)
[0000][PE] low and high boundaries for proper pairs: (1, 208)
[0000][PE] skip orientation RF as there are not enough pairs
[0000][PE] analyzing insert size distribution for orientation RR...
[0000][PE] (25, 50, 75) percentile: (28, 40, 58)
[0000][PE] low and high boundaries for computing mean and std.dev: (1, 118)
[0000][PE] mean and std.dev: (43.83, 22.58)
[0000][PE] low and high boundaries for proper pairs: (1, 148)
[0000][PE] skip orientation FF
[0000][PE] skip orientation RR
[0000] 3. Calling kt_for - worker_sam
	[0000][ M::mem_process_seqs] Processed 4467450 reads in 672.894 CPU sec, 17.970 real sec
[0000] Calling mem_process_seqs.., task: 3
[0000] 1. Calling kt_for - worker_bwt
[0000] 2. Calling kt_for - worker_aln
[0000] Inferring insert size distribution of PE reads from data, l_pac: 1342662642, n: 4460944
[0000][PE] # candidate unique pairs for (FF, FR, RF, RR): (267, 1356327, 0, 253)
[0000][PE] analyzing insert size distribution for orientation FF...
[0000][PE] (25, 50, 75) percentile: (25, 38, 56)
[0000][PE] low and high boundaries for computing mean and std.dev: (1, 118)
[0000][PE] mean and std.dev: (39.93, 22.05)
[0000][PE] low and high boundaries for proper pairs: (1, 149)
[0000][PE] analyzing insert size distribution for orientation FR...
[0000][PE] (25, 50, 75) percentile: (68, 84, 104)
[0000][PE] low and high boundaries for computing mean and std.dev: (1, 176)
[0000][PE] mean and std.dev: (87.15, 25.89)
[0000][PE] low and high boundaries for proper pairs: (1, 212)
[0000][PE] skip orientation RF as there are not enough pairs
[0000][PE] analyzing insert size distribution for orientation RR...
[0000][PE] (25, 50, 75) percentile: (29, 39, 56)
[0000][PE] low and high boundaries for computing mean and std.dev: (1, 110)
[0000][PE] mean and std.dev: (42.67, 21.32)
[0000][PE] low and high boundaries for proper pairs: (1, 137)
[0000][PE] skip orientation FF
[0000][PE] skip orientation RR
[0000] 3. Calling kt_for - worker_sam
[0000] read_chunk: 400000000, work_chunk_size: 400000211, nseq: 4475546
	[0000][ M::kt_pipeline] read 4475546 sequences (400000211 bp)...
	[0000][ M::mem_process_seqs] Processed 4460944 reads in 688.707 CPU sec, 18.811 real sec
[0000] Reallocating initial memory allocations!!
[0000] Calling mem_process_seqs.., task: 4
[0000] 1. Calling kt_for - worker_bwt
[0000] 2. Calling kt_for - worker_aln
[0000] Inferring insert size distribution of PE reads from data, l_pac: 1342662642, n: 4475546
[0000] read_chunk: 400000000, work_chunk_size: 400000042, nseq: 4481106
	[0000][ M::kt_pipeline] read 4481106 sequences (400000042 bp)...
[0000][PE] # candidate unique pairs for (FF, FR, RF, RR): (278, 1413700, 0, 269)
[0000][PE] analyzing insert size distribution for orientation FF...
[0000][PE] (25, 50, 75) percentile: (26, 38, 51)
[0000][PE] low and high boundaries for computing mean and std.dev: (1, 101)
[0000][PE] mean and std.dev: (38.38, 20.96)
[0000][PE] low and high boundaries for proper pairs: (1, 126)
[0000][PE] analyzing insert size distribution for orientation FR...
[0000][PE] (25, 50, 75) percentile: (68, 84, 103)
[0000][PE] low and high boundaries for computing mean and std.dev: (1, 173)
[0000][PE] mean and std.dev: (86.69, 25.69)
[0000][PE] low and high boundaries for proper pairs: (1, 208)
[0000][PE] skip orientation RF as there are not enough pairs
[0000][PE] analyzing insert size distribution for orientation RR...
[0000][PE] (25, 50, 75) percentile: (30, 41, 52)
[0000][PE] low and high boundaries for computing mean and std.dev: (1, 96)
[0000][PE] mean and std.dev: (42.24, 18.80)
[0000][PE] low and high boundaries for proper pairs: (1, 118)
[0000][PE] skip orientation FF
[0000][PE] skip orientation RR
[0000] 3. Calling kt_for - worker_sam
	[0000][ M::mem_process_seqs] Processed 4475546 reads in 649.554 CPU sec, 18.314 real sec
[0000] Reallocating initial memory allocations!!
[0000] Calling mem_process_seqs.., task: 5
[0000] 1. Calling kt_for - worker_bwt
[0000] 2. Calling kt_for - worker_aln
[0000] read_chunk: 400000000, work_chunk_size: 400000080, nseq: 4473826
	[0000][ M::kt_pipeline] read 4473826 sequences (400000080 bp)...
[0000] Inferring insert size distribution of PE reads from data, l_pac: 1342662642, n: 4481106
[0000][PE] # candidate unique pairs for (FF, FR, RF, RR): (256, 1408854, 0, 232)
[0000][PE] analyzing insert size distribution for orientation FF...
[0000][PE] (25, 50, 75) percentile: (23, 36, 51)
[0000][PE] low and high boundaries for computing mean and std.dev: (1, 107)
[0000][PE] mean and std.dev: (38.00, 21.77)
[0000][PE] low and high boundaries for proper pairs: (1, 135)
[0000][PE] analyzing insert size distribution for orientation FR...
[0000][PE] (25, 50, 75) percentile: (68, 84, 103)
[0000][PE] low and high boundaries for computing mean and std.dev: (1, 173)
[0000][PE] mean and std.dev: (86.68, 25.68)
[0000][PE] low and high boundaries for proper pairs: (1, 208)
[0000][PE] skip orientation RF as there are not enough pairs
[0000][PE] analyzing insert size distribution for orientation RR...
[0000][PE] (25, 50, 75) percentile: (28, 42, 55)
[0000][PE] low and high boundaries for computing mean and std.dev: (1, 109)
[0000][PE] mean and std.dev: (42.89, 20.82)
[0000][PE] low and high boundaries for proper pairs: (1, 136)
[0000][PE] skip orientation FF
[0000][PE] skip orientation RR
[0000] 3. Calling kt_for - worker_sam
	[0000][ M::mem_process_seqs] Processed 4481106 reads in 670.396 CPU sec, 17.932 real sec
[0000] Calling mem_process_seqs.., task: 6
[0000] 1. Calling kt_for - worker_bwt
[0000] 2. Calling kt_for - worker_aln
[0000] Inferring insert size distribution of PE reads from data, l_pac: 1342662642, n: 4473826
[0000][PE] # candidate unique pairs for (FF, FR, RF, RR): (257, 1412784, 2, 237)
[0000][PE] analyzing insert size distribution for orientation FF...
[0000][PE] (25, 50, 75) percentile: (27, 37, 55)
[0000][PE] low and high boundaries for computing mean and std.dev: (1, 111)
[0000][PE] mean and std.dev: (40.84, 23.08)
[0000][PE] low and high boundaries for proper pairs: (1, 139)
[0000][PE] analyzing insert size distribution for orientation FR...
[0000][PE] (25, 50, 75) percentile: (68, 84, 103)
[0000][PE] low and high boundaries for computing mean and std.dev: (1, 173)
[0000][PE] mean and std.dev: (86.72, 25.69)
[0000][PE] low and high boundaries for proper pairs: (1, 208)
[0000][PE] skip orientation RF as there are not enough pairs
[0000][PE] analyzing insert size distribution for orientation RR...
[0000][PE] (25, 50, 75) percentile: (27, 40, 57)
[0000][PE] low and high boundaries for computing mean and std.dev: (1, 117)
[0000][PE] mean and std.dev: (42.39, 23.59)
[0000][PE] low and high boundaries for proper pairs: (1, 147)
[0000][PE] skip orientation FF
[0000][PE] skip orientation RR
[0000] 3. Calling kt_for - worker_sam
[0000] read_chunk: 400000000, work_chunk_size: 400000051, nseq: 4480300
	[0000][ M::mem_process_seqs] Processed 4473826 reads in 648.013 CPU sec, 17.860 real sec
	[0000][ M::kt_pipeline] read 4480300 sequences (400000051 bp)...
[0000] Calling mem_process_seqs.., task: 7
[0000] 1. Calling kt_for - worker_bwt
[0000] 2. Calling kt_for - worker_aln
[0000] Inferring insert size distribution of PE reads from data, l_pac: 1342662642, n: 4480300
[0000][PE] # candidate unique pairs for (FF, FR, RF, RR): (247, 1420066, 5, 228)
[0000][PE] analyzing insert size distribution for orientation FF...
[0000][PE] (25, 50, 75) percentile: (23, 35, 48)
[0000][PE] low and high boundaries for computing mean and std.dev: (1, 98)
[0000][PE] mean and std.dev: (35.74, 20.53)
[0000][PE] low and high boundaries for proper pairs: (1, 123)
[0000][PE] analyzing insert size distribution for orientation FR...
[0000][PE] (25, 50, 75) percentile: (68, 84, 103)
[0000][PE] low and high boundaries for computing mean and std.dev: (1, 173)
[0000][PE] mean and std.dev: (86.68, 25.68)
[0000][PE] low and high boundaries for proper pairs: (1, 208)
[0000][PE] skip orientation RF as there are not enough pairs
[0000][PE] analyzing insert size distribution for orientation RR...
[0000][PE] (25, 50, 75) percentile: (27, 39, 57)
[0000][PE] low and high boundaries for computing mean and std.dev: (1, 117)
[0000][PE] mean and std.dev: (42.26, 22.77)
[0000][PE] low and high boundaries for proper pairs: (1, 147)
[0000][PE] skip orientation FF
[0000][PE] skip orientation RR
[0000] 3. Calling kt_for - worker_sam
[0000] read_chunk: 400000000, work_chunk_size: 400000135, nseq: 4477368
	[0000][ M::kt_pipeline] read 4477368 sequences (400000135 bp)...
	[0000][ M::mem_process_seqs] Processed 4480300 reads in 656.743 CPU sec, 18.184 real sec
[0000] Calling mem_process_seqs.., task: 8
[0000] 1. Calling kt_for - worker_bwt
[0000] 2. Calling kt_for - worker_aln
[0000] Inferring insert size distribution of PE reads from data, l_pac: 1342662642, n: 4477368
[0000][PE] # candidate unique pairs for (FF, FR, RF, RR): (277, 1429585, 1, 246)
[0000][PE] analyzing insert size distribution for orientation FF...
[0000][PE] (25, 50, 75) percentile: (26, 39, 55)
[0000][PE] low and high boundaries for computing mean and std.dev: (1, 113)
[0000][PE] mean and std.dev: (40.00, 21.54)
[0000][PE] low and high boundaries for proper pairs: (1, 142)
[0000][PE] analyzing insert size distribution for orientation FR...
[0000][PE] (25, 50, 75) percentile: (68, 84, 103)
[0000][PE] low and high boundaries for computing mean and std.dev: (1, 173)
[0000][PE] mean and std.dev: (86.74, 25.66)
[0000][PE] low and high boundaries for proper pairs: (1, 208)
[0000][PE] skip orientation RF as there are not enough pairs
[0000][PE] analyzing insert size distribution for orientation RR...
[0000][PE] (25, 50, 75) percentile: (26, 40, 53)
[0000][PE] low and high boundaries for computing mean and std.dev: (1, 107)
[0000][PE] mean and std.dev: (41.43, 20.61)
[0000][PE] low and high boundaries for proper pairs: (1, 134)
[0000][PE] skip orientation FF
[0000][PE] skip orientation RR
[0000] 3. Calling kt_for - worker_sam
[0000] read_chunk: 400000000, work_chunk_size: 400000136, nseq: 4405478
	[0000][ M::kt_pipeline] read 4405478 sequences (400000136 bp)...
	[0000][ M::mem_process_seqs] Processed 4477368 reads in 635.255 CPU sec, 17.519 real sec
[0000] Calling mem_process_seqs.., task: 9
[0000] 1. Calling kt_for - worker_bwt
[0000] 2. Calling kt_for - worker_aln
[0000] Inferring insert size distribution of PE reads from data, l_pac: 1342662642, n: 4405478
[0000][PE] # candidate unique pairs for (FF, FR, RF, RR): (232, 1317521, 2, 241)
[0000][PE] analyzing insert size distribution for orientation FF...
[0000][PE] (25, 50, 75) percentile: (23, 35, 53)
[0000][PE] low and high boundaries for computing mean and std.dev: (1, 113)
[0000][PE] mean and std.dev: (38.17, 22.49)
[0000][PE] low and high boundaries for proper pairs: (1, 143)
[0000][PE] analyzing insert size distribution for orientation FR...
[0000][PE] (25, 50, 75) percentile: (68, 84, 103)
[0000][PE] low and high boundaries for computing mean and std.dev: (1, 173)
[0000][PE] mean and std.dev: (86.79, 25.73)
[0000][PE] low and high boundaries for proper pairs: (1, 208)
[0000][PE] skip orientation RF as there are not enough pairs
[0000][PE] analyzing insert size distribution for orientation RR...
[0000][PE] (25, 50, 75) percentile: (26, 38, 54)
[0000][PE] low and high boundaries for computing mean and std.dev: (1, 110)
[0000][PE] mean and std.dev: (41.53, 21.32)
[0000][PE] low and high boundaries for proper pairs: (1, 138)
[0000][PE] skip orientation FF
[0000][PE] skip orientation RR
[0000] 3. Calling kt_for - worker_sam
[0000] read_chunk: 400000000, work_chunk_size: 400000132, nseq: 4476184
	[0000][ M::kt_pipeline] read 4476184 sequences (400000132 bp)...
	[0000][ M::mem_process_seqs] Processed 4405478 reads in 831.021 CPU sec, 22.247 real sec
[0000] Calling mem_process_seqs.., task: 10
[0000] 1. Calling kt_for - worker_bwt
[0000] 2. Calling kt_for - worker_aln
[0000] Inferring insert size distribution of PE reads from data, l_pac: 1342662642, n: 4476184
[0000][PE] # candidate unique pairs for (FF, FR, RF, RR): (237, 1373887, 1, 238)
[0000][PE] analyzing insert size distribution for orientation FF...
[0000][PE] (25, 50, 75) percentile: (23, 36, 53)
[0000][PE] low and high boundaries for computing mean and std.dev: (1, 113)
[0000][PE] mean and std.dev: (37.38, 21.10)
[0000][PE] low and high boundaries for proper pairs: (1, 143)
[0000][PE] analyzing insert size distribution for orientation FR...
[0000][PE] (25, 50, 75) percentile: (68, 84, 103)
[0000][PE] low and high boundaries for computing mean and std.dev: (1, 173)
[0000][PE] mean and std.dev: (86.80, 25.69)
[0000][PE] low and high boundaries for proper pairs: (1, 208)
[0000][PE] skip orientation RF as there are not enough pairs
[0000][PE] analyzing insert size distribution for orientation RR...
[0000][PE] (25, 50, 75) percentile: (31, 41, 56)
[0000][PE] low and high boundaries for computing mean and std.dev: (1, 106)
[0000][PE] mean and std.dev: (43.21, 19.51)
[0000][PE] low and high boundaries for proper pairs: (1, 131)
[0000][PE] skip orientation FF
[0000][PE] skip orientation RR
[0000] 3. Calling kt_for - worker_sam
[0000] read_chunk: 400000000, work_chunk_size: 400000093, nseq: 4475462
	[0000][ M::kt_pipeline] read 4475462 sequences (400000093 bp)...
	[0000][ M::mem_process_seqs] Processed 4476184 reads in 697.813 CPU sec, 19.307 real sec
[0000] Calling mem_process_seqs.., task: 11
[0000] 1. Calling kt_for - worker_bwt
[0000] 2. Calling kt_for - worker_aln
[0000] Inferring insert size distribution of PE reads from data, l_pac: 1342662642, n: 4475462
[0000][PE] # candidate unique pairs for (FF, FR, RF, RR): (289, 1400940, 4, 243)
[0000][PE] analyzing insert size distribution for orientation FF...
[0000][PE] (25, 50, 75) percentile: (28, 40, 58)
[0000][PE] low and high boundaries for computing mean and std.dev: (1, 118)
[0000][PE] mean and std.dev: (41.98, 21.90)
[0000][PE] low and high boundaries for proper pairs: (1, 148)
[0000][PE] analyzing insert size distribution for orientation FR...
[0000][PE] (25, 50, 75) percentile: (68, 84, 103)
[0000][PE] low and high boundaries for computing mean and std.dev: (1, 173)
[0000][PE] mean and std.dev: (86.79, 25.69)
[0000][PE] low and high boundaries for proper pairs: (1, 208)
[0000][PE] skip orientation RF as there are not enough pairs
[0000][PE] analyzing insert size distribution for orientation RR...
[0000][PE] (25, 50, 75) percentile: (28, 41, 59)
[0000][PE] low and high boundaries for computing mean and std.dev: (1, 121)
[0000][PE] mean and std.dev: (43.76, 23.18)
[0000][PE] low and high boundaries for proper pairs: (1, 152)
[0000][PE] skip orientation FF
[0000][PE] skip orientation RR
[0000] 3. Calling kt_for - worker_sam
[0000] read_chunk: 400000000, work_chunk_size: 400000122, nseq: 4459252
	[0000][ M::kt_pipeline] read 4459252 sequences (400000122 bp)...
	[0000][ M::mem_process_seqs] Processed 4475462 reads in 653.028 CPU sec, 18.256 real sec
[0000] Calling mem_process_seqs.., task: 12
[0000] 1. Calling kt_for - worker_bwt
[0000] 2. Calling kt_for - worker_aln
[0000] Inferring insert size distribution of PE reads from data, l_pac: 1342662642, n: 4459252
[0000][PE] # candidate unique pairs for (FF, FR, RF, RR): (270, 1378045, 3, 270)
[0000][PE] analyzing insert size distribution for orientation FF...
[0000][PE] (25, 50, 75) percentile: (25, 35, 51)
[0000][PE] low and high boundaries for computing mean and std.dev: (1, 103)
[0000][PE] mean and std.dev: (37.45, 21.13)
[0000][PE] low and high boundaries for proper pairs: (1, 129)
[0000][PE] analyzing insert size distribution for orientation FR...
[0000][PE] (25, 50, 75) percentile: (68, 84, 103)
[0000][PE] low and high boundaries for computing mean and std.dev: (1, 173)
[0000][PE] mean and std.dev: (86.74, 25.67)
[0000][PE] low and high boundaries for proper pairs: (1, 208)
[0000][PE] skip orientation RF as there are not enough pairs
[0000][PE] analyzing insert size distribution for orientation RR...
[0000][PE] (25, 50, 75) percentile: (29, 39, 54)
[0000][PE] low and high boundaries for computing mean and std.dev: (1, 104)
[0000][PE] mean and std.dev: (40.53, 18.74)
[0000][PE] low and high boundaries for proper pairs: (1, 129)
[0000][PE] skip orientation FF
[0000][PE] skip orientation RR
[0000] 3. Calling kt_for - worker_sam
[0000] read_chunk: 400000000, work_chunk_size: 400000096, nseq: 4476110
	[0000][ M::kt_pipeline] read 4476110 sequences (400000096 bp)...
	[0000][ M::mem_process_seqs] Processed 4459252 reads in 678.421 CPU sec, 18.768 real sec
[0000] Calling mem_process_seqs.., task: 13
[0000] 1. Calling kt_for - worker_bwt
[0000] 2. Calling kt_for - worker_aln
[0000] Inferring insert size distribution of PE reads from data, l_pac: 1342662642, n: 4476110
[0000][PE] # candidate unique pairs for (FF, FR, RF, RR): (286, 1423502, 0, 255)
[0000][PE] analyzing insert size distribution for orientation FF...
[0000][PE] (25, 50, 75) percentile: (27, 38, 55)
[0000][PE] low and high boundaries for computing mean and std.dev: (1, 111)
[0000][PE] mean and std.dev: (40.95, 21.66)
[0000][PE] low and high boundaries for proper pairs: (1, 139)
[0000][PE] analyzing insert size distribution for orientation FR...
[0000][PE] (25, 50, 75) percentile: (68, 84, 103)
[0000][PE] low and high boundaries for computing mean and std.dev: (1, 173)
[0000][PE] mean and std.dev: (86.71, 25.70)
[0000][PE] low and high boundaries for proper pairs: (1, 208)
[0000][PE] skip orientation RF as there are not enough pairs
[0000][PE] analyzing insert size distribution for orientation RR...
[0000][PE] (25, 50, 75) percentile: (28, 38, 58)
[0000][PE] low and high boundaries for computing mean and std.dev: (1, 118)
[0000][PE] mean and std.dev: (42.85, 22.53)
[0000][PE] low and high boundaries for proper pairs: (1, 148)
[0000][PE] skip orientation FF
[0000][PE] skip orientation RR
[0000] 3. Calling kt_for - worker_sam
[0000] read_chunk: 400000000, work_chunk_size: 400000246, nseq: 4452430
	[0000][ M::kt_pipeline] read 4452430 sequences (400000246 bp)...
	[0000][ M::mem_process_seqs] Processed 4476110 reads in 630.956 CPU sec, 17.576 real sec
[0000] Calling mem_process_seqs.., task: 14
[0000] 1. Calling kt_for - worker_bwt
[0000] 2. Calling kt_for - worker_aln
[0000] Inferring insert size distribution of PE reads from data, l_pac: 1342662642, n: 4452430
[0000][PE] # candidate unique pairs for (FF, FR, RF, RR): (243, 1376713, 2, 240)
[0000][PE] analyzing insert size distribution for orientation FF...
[0000][PE] (25, 50, 75) percentile: (26, 40, 53)
[0000][PE] low and high boundaries for computing mean and std.dev: (1, 107)
[0000][PE] mean and std.dev: (40.65, 22.35)
[0000][PE] low and high boundaries for proper pairs: (1, 134)
[0000][PE] analyzing insert size distribution for orientation FR...
[0000][PE] (25, 50, 75) percentile: (68, 84, 103)
[0000][PE] low and high boundaries for computing mean and std.dev: (1, 173)
[0000][PE] mean and std.dev: (86.90, 25.74)
[0000][PE] low and high boundaries for proper pairs: (1, 208)
[0000][PE] skip orientation RF as there are not enough pairs
[0000][PE] analyzing insert size distribution for orientation RR...
[0000][PE] (25, 50, 75) percentile: (28, 39, 54)
[0000][PE] low and high boundaries for computing mean and std.dev: (1, 106)
[0000][PE] mean and std.dev: (42.04, 20.69)
[0000][PE] low and high boundaries for proper pairs: (1, 132)
[0000][PE] skip orientation FF
[0000][PE] skip orientation RR
[0000] 3. Calling kt_for - worker_sam
	[0000][ M::mem_process_seqs] Processed 4452430 reads in 672.467 CPU sec, 24.148 real sec
[0000] read_chunk: 400000000, work_chunk_size: 400000055, nseq: 4432248
	[0000][ M::kt_pipeline] read 4432248 sequences (400000055 bp)...
[0000] Calling mem_process_seqs.., task: 15
[0000] 1. Calling kt_for - worker_bwt
[0000] 2. Calling kt_for - worker_aln
[0000] read_chunk: 400000000, work_chunk_size: 400000054, nseq: 4471542
	[0000][ M::kt_pipeline] read 4471542 sequences (400000054 bp)...
[0000] Inferring insert size distribution of PE reads from data, l_pac: 1342662642, n: 4432248
[0000][PE] # candidate unique pairs for (FF, FR, RF, RR): (261, 1371447, 4, 241)
[0000][PE] analyzing insert size distribution for orientation FF...
[0000][PE] (25, 50, 75) percentile: (24, 35, 53)
[0000][PE] low and high boundaries for computing mean and std.dev: (1, 111)
[0000][PE] mean and std.dev: (37.84, 21.88)
[0000][PE] low and high boundaries for proper pairs: (1, 140)
[0000][PE] analyzing insert size distribution for orientation FR...
[0000][PE] (25, 50, 75) percentile: (68, 84, 103)
[0000][PE] low and high boundaries for computing mean and std.dev: (1, 173)
[0000][PE] mean and std.dev: (86.86, 25.82)
[0000][PE] low and high boundaries for proper pairs: (1, 208)
[0000][PE] skip orientation RF as there are not enough pairs
[0000][PE] analyzing insert size distribution for orientation RR...
[0000][PE] (25, 50, 75) percentile: (28, 41, 60)
[0000][PE] low and high boundaries for computing mean and std.dev: (1, 124)
[0000][PE] mean and std.dev: (43.65, 23.17)
[0000][PE] low and high boundaries for proper pairs: (1, 156)
[0000][PE] skip orientation FF
[0000][PE] skip orientation RR
[0000] 3. Calling kt_for - worker_sam
	[0000][ M::mem_process_seqs] Processed 4432248 reads in 666.922 CPU sec, 18.113 real sec
[0000] Calling mem_process_seqs.., task: 16
[0000] 1. Calling kt_for - worker_bwt
[0000] 2. Calling kt_for - worker_aln
[0000] Inferring insert size distribution of PE reads from data, l_pac: 1342662642, n: 4471542
[0000][PE] # candidate unique pairs for (FF, FR, RF, RR): (275, 1409185, 3, 236)
[0000][PE] analyzing insert size distribution for orientation FF...
[0000][PE] (25, 50, 75) percentile: (27, 37, 51)
[0000][PE] low and high boundaries for computing mean and std.dev: (1, 99)
[0000][PE] mean and std.dev: (39.02, 19.95)
[0000][PE] low and high boundaries for proper pairs: (1, 123)
[0000][PE] analyzing insert size distribution for orientation FR...
[0000][PE] (25, 50, 75) percentile: (68, 84, 103)
[0000][PE] low and high boundaries for computing mean and std.dev: (1, 173)
[0000][PE] mean and std.dev: (86.74, 25.68)
[0000][PE] low and high boundaries for proper pairs: (1, 208)
[0000][PE] skip orientation RF as there are not enough pairs
[0000][PE] analyzing insert size distribution for orientation RR...
[0000][PE] (25, 50, 75) percentile: (24, 37, 54)
[0000][PE] low and high boundaries for computing mean and std.dev: (1, 114)
[0000][PE] mean and std.dev: (40.16, 21.53)
[0000][PE] low and high boundaries for proper pairs: (1, 144)
[0000][PE] skip orientation FF
[0000][PE] skip orientation RR
[0000] 3. Calling kt_for - worker_sam
[0000] read_chunk: 400000000, work_chunk_size: 400000183, nseq: 4451758
	[0000][ M::kt_pipeline] read 4451758 sequences (400000183 bp)...
	[0000][ M::mem_process_seqs] Processed 4471542 reads in 651.144 CPU sec, 18.024 real sec
[0000] Calling mem_process_seqs.., task: 17
[0000] 1. Calling kt_for - worker_bwt
[0000] 2. Calling kt_for - worker_aln
[0000] Inferring insert size distribution of PE reads from data, l_pac: 1342662642, n: 4451758
[0000][PE] # candidate unique pairs for (FF, FR, RF, RR): (263, 1368910, 4, 210)
[0000][PE] analyzing insert size distribution for orientation FF...
[0000][PE] (25, 50, 75) percentile: (26, 38, 55)
[0000][PE] low and high boundaries for computing mean and std.dev: (1, 113)
[0000][PE] mean and std.dev: (40.65, 22.47)
[0000][PE] low and high boundaries for proper pairs: (1, 142)
[0000][PE] analyzing insert size distribution for orientation FR...
[0000][PE] (25, 50, 75) percentile: (68, 84, 103)
[0000][PE] low and high boundaries for computing mean and std.dev: (1, 173)
[0000][PE] mean and std.dev: (86.85, 25.71)
[0000][PE] low and high boundaries for proper pairs: (1, 208)
[0000][PE] skip orientation RF as there are not enough pairs
[0000][PE] analyzing insert size distribution for orientation RR...
[0000][PE] (25, 50, 75) percentile: (29, 38, 55)
[0000][PE] low and high boundaries for computing mean and std.dev: (1, 107)
[0000][PE] mean and std.dev: (40.19, 19.76)
[0000][PE] low and high boundaries for proper pairs: (1, 133)
[0000][PE] skip orientation FF
[0000][PE] skip orientation RR
[0000] 3. Calling kt_for - worker_sam
[0000] read_chunk: 400000000, work_chunk_size: 400000088, nseq: 4423318
	[0000][ M::kt_pipeline] read 4423318 sequences (400000088 bp)...
	[0000][ M::mem_process_seqs] Processed 4451758 reads in 692.673 CPU sec, 19.037 real sec
[0000] Calling mem_process_seqs.., task: 18
[0000] 1. Calling kt_for - worker_bwt
[0000] 2. Calling kt_for - worker_aln
[0000] Inferring insert size distribution of PE reads from data, l_pac: 1342662642, n: 4423318
[0000][PE] # candidate unique pairs for (FF, FR, RF, RR): (215, 1355768, 3, 253)
[0000][PE] analyzing insert size distribution for orientation FF...
[0000][PE] (25, 50, 75) percentile: (24, 37, 54)
[0000][PE] low and high boundaries for computing mean and std.dev: (1, 114)
[0000][PE] mean and std.dev: (38.83, 22.65)
[0000][PE] low and high boundaries for proper pairs: (1, 144)
[0000][PE] analyzing insert size distribution for orientation FR...
[0000][PE] (25, 50, 75) percentile: (68, 84, 103)
[0000][PE] low and high boundaries for computing mean and std.dev: (1, 173)
[0000][PE] mean and std.dev: (86.72, 25.67)
[0000][PE] low and high boundaries for proper pairs: (1, 208)
[0000][PE] skip orientation RF as there are not enough pairs
[0000][PE] analyzing insert size distribution for orientation RR...
[0000][PE] (25, 50, 75) percentile: (25, 40, 56)
[0000][PE] low and high boundaries for computing mean and std.dev: (1, 118)
[0000][PE] mean and std.dev: (42.16, 21.33)
[0000][PE] low and high boundaries for proper pairs: (1, 149)
[0000][PE] skip orientation FF
[0000][PE] skip orientation RR
[0000] 3. Calling kt_for - worker_sam
[0000] read_chunk: 400000000, work_chunk_size: 400000110, nseq: 4423922
	[0000][ M::kt_pipeline] read 4423922 sequences (400000110 bp)...
	[0000][ M::mem_process_seqs] Processed 4423318 reads in 743.130 CPU sec, 20.466 real sec
[0000] Calling mem_process_seqs.., task: 19
[0000] 1. Calling kt_for - worker_bwt
[0000] 2. Calling kt_for - worker_aln
[0000] Inferring insert size distribution of PE reads from data, l_pac: 1342662642, n: 4423922
[0000][PE] # candidate unique pairs for (FF, FR, RF, RR): (219, 1321510, 1, 236)
[0000][PE] analyzing insert size distribution for orientation FF...
[0000][PE] (25, 50, 75) percentile: (26, 38, 52)
[0000][PE] low and high boundaries for computing mean and std.dev: (1, 104)
[0000][PE] mean and std.dev: (41.08, 20.90)
[0000][PE] low and high boundaries for proper pairs: (1, 130)
[0000][PE] analyzing insert size distribution for orientation FR...
[0000][PE] (25, 50, 75) percentile: (68, 84, 103)
[0000][PE] low and high boundaries for computing mean and std.dev: (1, 173)
[0000][PE] mean and std.dev: (86.89, 25.73)
[0000][PE] low and high boundaries for proper pairs: (1, 208)
[0000][PE] skip orientation RF as there are not enough pairs
[0000][PE] analyzing insert size distribution for orientation RR...
[0000][PE] (25, 50, 75) percentile: (28, 42, 56)
[0000][PE] low and high boundaries for computing mean and std.dev: (1, 112)
[0000][PE] mean and std.dev: (43.52, 21.37)
[0000][PE] low and high boundaries for proper pairs: (1, 140)
[0000][PE] skip orientation FF
[0000][PE] skip orientation RR
[0000] 3. Calling kt_for - worker_sam
[0000] read_chunk: 400000000, work_chunk_size: 400000081, nseq: 4381452
	[0000][ M::kt_pipeline] read 4381452 sequences (400000081 bp)...
	[0000][ M::mem_process_seqs] Processed 4423922 reads in 774.214 CPU sec, 21.160 real sec
[0000] Calling mem_process_seqs.., task: 20
[0000] 1. Calling kt_for - worker_bwt
[0000] 2. Calling kt_for - worker_aln
[0000] Inferring insert size distribution of PE reads from data, l_pac: 1342662642, n: 4381452
[0000][PE] # candidate unique pairs for (FF, FR, RF, RR): (278, 1313221, 5, 245)
[0000][PE] analyzing insert size distribution for orientation FF...
[0000][PE] (25, 50, 75) percentile: (27, 39, 53)
[0000][PE] low and high boundaries for computing mean and std.dev: (1, 105)
[0000][PE] mean and std.dev: (40.72, 21.43)
[0000][PE] low and high boundaries for proper pairs: (1, 131)
[0000][PE] analyzing insert size distribution for orientation FR...
[0000][PE] (25, 50, 75) percentile: (68, 84, 103)
[0000][PE] low and high boundaries for computing mean and std.dev: (1, 173)
[0000][PE] mean and std.dev: (86.73, 25.68)
[0000][PE] low and high boundaries for proper pairs: (1, 208)
[0000][PE] skip orientation RF as there are not enough pairs
[0000][PE] analyzing insert size distribution for orientation RR...
[0000][PE] (25, 50, 75) percentile: (28, 40, 60)
[0000][PE] low and high boundaries for computing mean and std.dev: (1, 124)
[0000][PE] mean and std.dev: (43.48, 22.91)
[0000][PE] low and high boundaries for proper pairs: (1, 156)
[0000][PE] skip orientation FF
[0000][PE] skip orientation RR
[0000] 3. Calling kt_for - worker_sam
[0000] read_chunk: 400000000, work_chunk_size: 400000080, nseq: 4467638
	[0000][ M::kt_pipeline] read 4467638 sequences (400000080 bp)...
	[0000][ M::mem_process_seqs] Processed 4381452 reads in 834.939 CPU sec, 22.777 real sec
[0000] Calling mem_process_seqs.., task: 21
[0000] 1. Calling kt_for - worker_bwt
[0000] 2. Calling kt_for - worker_aln
[0000] Inferring insert size distribution of PE reads from data, l_pac: 1342662642, n: 4467638
[0000][PE] # candidate unique pairs for (FF, FR, RF, RR): (314, 1406474, 1, 250)
[0000][PE] analyzing insert size distribution for orientation FF...
[0000][PE] (25, 50, 75) percentile: (27, 40, 52)
[0000][PE] low and high boundaries for computing mean and std.dev: (1, 102)
[0000][PE] mean and std.dev: (40.93, 21.08)
[0000][PE] low and high boundaries for proper pairs: (1, 127)
[0000][PE] analyzing insert size distribution for orientation FR...
[0000][PE] (25, 50, 75) percentile: (68, 84, 103)
[0000][PE] low and high boundaries for computing mean and std.dev: (1, 173)
[0000][PE] mean and std.dev: (86.72, 25.71)
[0000][PE] low and high boundaries for proper pairs: (1, 208)
[0000][PE] skip orientation RF as there are not enough pairs
[0000][PE] analyzing insert size distribution for orientation RR...
[0000][PE] (25, 50, 75) percentile: (30, 42, 58)
[0000][PE] low and high boundaries for computing mean and std.dev: (1, 114)
[0000][PE] mean and std.dev: (44.95, 22.83)
[0000][PE] low and high boundaries for proper pairs: (1, 142)
[0000][PE] skip orientation FF
[0000][PE] skip orientation RR
[0000] 3. Calling kt_for - worker_sam
[0000] read_chunk: 400000000, work_chunk_size: 400000118, nseq: 4457372
	[0000][ M::kt_pipeline] read 4457372 sequences (400000118 bp)...
	[0000][ M::mem_process_seqs] Processed 4467638 reads in 670.534 CPU sec, 19.247 real sec
[0000] Calling mem_process_seqs.., task: 22
[0000] 1. Calling kt_for - worker_bwt
[0000] 2. Calling kt_for - worker_aln
[0000] Inferring insert size distribution of PE reads from data, l_pac: 1342662642, n: 4457372
[0000][PE] # candidate unique pairs for (FF, FR, RF, RR): (272, 1329986, 0, 207)
[0000][PE] analyzing insert size distribution for orientation FF...
[0000][PE] (25, 50, 75) percentile: (26, 39, 54)
[0000][PE] low and high boundaries for computing mean and std.dev: (1, 110)
[0000][PE] mean and std.dev: (40.14, 21.80)
[0000][PE] low and high boundaries for proper pairs: (1, 138)
[0000][PE] analyzing insert size distribution for orientation FR...
[0000][PE] (25, 50, 75) percentile: (68, 84, 104)
[0000][PE] low and high boundaries for computing mean and std.dev: (1, 176)
[0000][PE] mean and std.dev: (87.15, 25.91)
[0000][PE] low and high boundaries for proper pairs: (1, 212)
[0000][PE] skip orientation RF as there are not enough pairs
[0000][PE] analyzing insert size distribution for orientation RR...
[0000][PE] (25, 50, 75) percentile: (28, 41, 54)
[0000][PE] low and high boundaries for computing mean and std.dev: (1, 106)
[0000][PE] mean and std.dev: (42.35, 20.60)
[0000][PE] low and high boundaries for proper pairs: (1, 132)
[0000][PE] skip orientation FF
[0000][PE] skip orientation RR
[0000] 3. Calling kt_for - worker_sam
[0000] read_chunk: 400000000, work_chunk_size: 400000026, nseq: 4467246
	[0000][ M::kt_pipeline] read 4467246 sequences (400000026 bp)...
	[0000][ M::mem_process_seqs] Processed 4457372 reads in 706.983 CPU sec, 19.473 real sec
[0000] Calling mem_process_seqs.., task: 23
[0000] 1. Calling kt_for - worker_bwt
[0000] 2. Calling kt_for - worker_aln
[0000] Inferring insert size distribution of PE reads from data, l_pac: 1342662642, n: 4467246
[0000][PE] # candidate unique pairs for (FF, FR, RF, RR): (272, 1396233, 6, 222)
[0000][PE] analyzing insert size distribution for orientation FF...
[0000][PE] (25, 50, 75) percentile: (27, 39, 53)
[0000][PE] low and high boundaries for computing mean and std.dev: (1, 105)
[0000][PE] mean and std.dev: (40.26, 19.91)
[0000][PE] low and high boundaries for proper pairs: (1, 131)
[0000][PE] analyzing insert size distribution for orientation FR...
[0000][PE] (25, 50, 75) percentile: (68, 84, 103)
[0000][PE] low and high boundaries for computing mean and std.dev: (1, 173)
[0000][PE] mean and std.dev: (86.82, 25.74)
[0000][PE] low and high boundaries for proper pairs: (1, 208)
[0000][PE] skip orientation RF as there are not enough pairs
[0000][PE] analyzing insert size distribution for orientation RR...
[0000][PE] (25, 50, 75) percentile: (28, 40, 53)
[0000][PE] low and high boundaries for computing mean and std.dev: (1, 103)
[0000][PE] mean and std.dev: (41.93, 20.45)
[0000][PE] low and high boundaries for proper pairs: (1, 128)
[0000][PE] skip orientation FF
[0000][PE] skip orientation RR
[0000] 3. Calling kt_for - worker_sam
[0000] read_chunk: 400000000, work_chunk_size: 400000027, nseq: 4476576
	[0000][ M::kt_pipeline] read 4476576 sequences (400000027 bp)...
	[0000][ M::mem_process_seqs] Processed 4467246 reads in 679.374 CPU sec, 18.943 real sec
[0000] Calling mem_process_seqs.., task: 24
[0000] 1. Calling kt_for - worker_bwt
[0000] 2. Calling kt_for - worker_aln
[0000] Inferring insert size distribution of PE reads from data, l_pac: 1342662642, n: 4476576
[0000][PE] # candidate unique pairs for (FF, FR, RF, RR): (300, 1436477, 3, 278)
[0000][PE] analyzing insert size distribution for orientation FF...
[0000][PE] (25, 50, 75) percentile: (26, 37, 53)
[0000][PE] low and high boundaries for computing mean and std.dev: (1, 107)
[0000][PE] mean and std.dev: (39.45, 20.29)
[0000][PE] low and high boundaries for proper pairs: (1, 134)
[0000][PE] analyzing insert size distribution for orientation FR...
[0000][PE] (25, 50, 75) percentile: (68, 84, 103)
[0000][PE] low and high boundaries for computing mean and std.dev: (1, 173)
[0000][PE] mean and std.dev: (86.71, 25.69)
[0000][PE] low and high boundaries for proper pairs: (1, 208)
[0000][PE] skip orientation RF as there are not enough pairs
[0000][PE] analyzing insert size distribution for orientation RR...
[0000][PE] (25, 50, 75) percentile: (28, 38, 57)
[0000][PE] low and high boundaries for computing mean and std.dev: (1, 115)
[0000][PE] mean and std.dev: (42.51, 21.72)
[0000][PE] low and high boundaries for proper pairs: (1, 144)
[0000][PE] skip orientation FF
[0000][PE] skip orientation RR
[0000] 3. Calling kt_for - worker_sam
	[0000][ M::mem_process_seqs] Processed 4476576 reads in 642.573 CPU sec, 17.881 real sec
[0000] read_chunk: 400000000, work_chunk_size: 400000123, nseq: 4462984
	[0000][ M::kt_pipeline] read 4462984 sequences (400000123 bp)...
[0000] Calling mem_process_seqs.., task: 25
[0000] 1. Calling kt_for - worker_bwt
[0000] 2. Calling kt_for - worker_aln
[0000] Inferring insert size distribution of PE reads from data, l_pac: 1342662642, n: 4462984
[0000][PE] # candidate unique pairs for (FF, FR, RF, RR): (265, 1375125, 1, 204)
[0000][PE] analyzing insert size distribution for orientation FF...
[0000][PE] (25, 50, 75) percentile: (25, 36, 54)
[0000][PE] low and high boundaries for computing mean and std.dev: (1, 112)
[0000][PE] mean and std.dev: (39.34, 23.18)
[0000][PE] low and high boundaries for proper pairs: (1, 141)
[0000][PE] analyzing insert size distribution for orientation FR...
[0000][PE] (25, 50, 75) percentile: (68, 84, 103)
[0000][PE] low and high boundaries for computing mean and std.dev: (1, 173)
[0000][PE] mean and std.dev: (86.85, 25.73)
[0000][PE] low and high boundaries for proper pairs: (1, 208)
[0000][PE] skip orientation RF as there are not enough pairs
[0000][PE] analyzing insert size distribution for orientation RR...
[0000][PE] (25, 50, 75) percentile: (26, 39, 54)
[0000][PE] low and high boundaries for computing mean and std.dev: (1, 110)
[0000][PE] mean and std.dev: (41.34, 23.12)
[0000][PE] low and high boundaries for proper pairs: (1, 138)
[0000][PE] skip orientation FF
[0000][PE] skip orientation RR
[0000] 3. Calling kt_for - worker_sam
[0000] read_chunk: 400000000, work_chunk_size: 400000049, nseq: 4476728
	[0000][ M::kt_pipeline] read 4476728 sequences (400000049 bp)...
	[0000][ M::mem_process_seqs] Processed 4462984 reads in 662.783 CPU sec, 18.217 real sec
[0000] Calling mem_process_seqs.., task: 26
[0000] 1. Calling kt_for - worker_bwt
[0000] 2. Calling kt_for - worker_aln
[0000] Inferring insert size distribution of PE reads from data, l_pac: 1342662642, n: 4476728
[0000][PE] # candidate unique pairs for (FF, FR, RF, RR): (258, 1420895, 1, 214)
[0000][PE] analyzing insert size distribution for orientation FF...
[0000][PE] (25, 50, 75) percentile: (25, 36, 54)
[0000][PE] low and high boundaries for computing mean and std.dev: (1, 112)
[0000][PE] mean and std.dev: (40.11, 22.42)
[0000][PE] low and high boundaries for proper pairs: (1, 141)
[0000][PE] analyzing insert size distribution for orientation FR...
[0000][PE] (25, 50, 75) percentile: (68, 84, 103)
[0000][PE] low and high boundaries for computing mean and std.dev: (1, 173)
[0000][PE] mean and std.dev: (86.72, 25.67)
[0000][PE] low and high boundaries for proper pairs: (1, 208)
[0000][PE] skip orientation RF as there are not enough pairs
[0000][PE] analyzing insert size distribution for orientation RR...
[0000][PE] (25, 50, 75) percentile: (28, 40, 55)
[0000][PE] low and high boundaries for computing mean and std.dev: (1, 109)
[0000][PE] mean and std.dev: (41.59, 20.40)
[0000][PE] low and high boundaries for proper pairs: (1, 136)
[0000][PE] skip orientation FF
[0000][PE] skip orientation RR
[0000] 3. Calling kt_for - worker_sam
	[0000][ M::mem_process_seqs] Processed 4476728 reads in 655.536 CPU sec, 17.874 real sec
[0000] read_chunk: 400000000, work_chunk_size: 400000208, nseq: 4450886
	[0000][ M::kt_pipeline] read 4450886 sequences (400000208 bp)...
[0000] Calling mem_process_seqs.., task: 27
[0000] 1. Calling kt_for - worker_bwt
[0000] 2. Calling kt_for - worker_aln
[0000] Inferring insert size distribution of PE reads from data, l_pac: 1342662642, n: 4450886
[0000][PE] # candidate unique pairs for (FF, FR, RF, RR): (223, 1386017, 2, 237)
[0000][PE] analyzing insert size distribution for orientation FF...
[0000][PE] (25, 50, 75) percentile: (25, 37, 54)
[0000][PE] low and high boundaries for computing mean and std.dev: (1, 112)
[0000][PE] mean and std.dev: (39.79, 23.73)
[0000][PE] low and high boundaries for proper pairs: (1, 141)
[0000][PE] analyzing insert size distribution for orientation FR...
[0000][PE] (25, 50, 75) percentile: (68, 84, 103)
[0000][PE] low and high boundaries for computing mean and std.dev: (1, 173)
[0000][PE] mean and std.dev: (86.74, 25.74)
[0000][PE] low and high boundaries for proper pairs: (1, 208)
[0000][PE] skip orientation RF as there are not enough pairs
[0000][PE] analyzing insert size distribution for orientation RR...
[0000][PE] (25, 50, 75) percentile: (27, 38, 54)
[0000][PE] low and high boundaries for computing mean and std.dev: (1, 108)
[0000][PE] mean and std.dev: (40.85, 20.30)
[0000][PE] low and high boundaries for proper pairs: (1, 135)
[0000][PE] skip orientation FF
[0000][PE] skip orientation RR
[0000] 3. Calling kt_for - worker_sam
[0000] read_chunk: 400000000, work_chunk_size: 400000021, nseq: 4456198
	[0000][ M::kt_pipeline] read 4456198 sequences (400000021 bp)...
	[0000][ M::mem_process_seqs] Processed 4450886 reads in 733.519 CPU sec, 25.821 real sec
[0000] Calling mem_process_seqs.., task: 28
[0000] 1. Calling kt_for - worker_bwt
[0000] 2. Calling kt_for - worker_aln
[0000] Inferring insert size distribution of PE reads from data, l_pac: 1342662642, n: 4456198
[0000][PE] # candidate unique pairs for (FF, FR, RF, RR): (263, 1373536, 0, 242)
[0000][PE] analyzing insert size distribution for orientation FF...
[0000][PE] (25, 50, 75) percentile: (26, 38, 58)
[0000][PE] low and high boundaries for computing mean and std.dev: (1, 122)
[0000][PE] mean and std.dev: (42.07, 23.63)
[0000][PE] low and high boundaries for proper pairs: (1, 154)
[0000][PE] analyzing insert size distribution for orientation FR...
[0000][PE] (25, 50, 75) percentile: (68, 84, 103)
[0000][PE] low and high boundaries for computing mean and std.dev: (1, 173)
[0000][PE] mean and std.dev: (86.89, 25.70)
[0000][PE] low and high boundaries for proper pairs: (1, 208)
[0000][PE] skip orientation RF as there are not enough pairs
[0000][PE] analyzing insert size distribution for orientation RR...
[0000][PE] (25, 50, 75) percentile: (27, 42, 57)
[0000][PE] low and high boundaries for computing mean and std.dev: (1, 117)
[0000][PE] mean and std.dev: (43.00, 22.52)
[0000][PE] low and high boundaries for proper pairs: (1, 147)
[0000][PE] skip orientation FF
[0000][PE] skip orientation RR
[0000] 3. Calling kt_for - worker_sam
[0000] read_chunk: 400000000, work_chunk_size: 400000021, nseq: 4472962
	[0000][ M::kt_pipeline] read 4472962 sequences (400000021 bp)...
	[0000][ M::mem_process_seqs] Processed 4456198 reads in 705.739 CPU sec, 19.434 real sec
[0000] Calling mem_process_seqs.., task: 29
[0000] 1. Calling kt_for - worker_bwt
[0000] 2. Calling kt_for - worker_aln
[0004] Re-allocating (doubling) seqBufRefs in mem_chain2aln_across_reads_V2 (left)
[0000] Inferring insert size distribution of PE reads from data, l_pac: 1342662642, n: 4472962
[0000][PE] # candidate unique pairs for (FF, FR, RF, RR): (256, 1414078, 3, 272)
[0000][PE] analyzing insert size distribution for orientation FF...
[0000][PE] (25, 50, 75) percentile: (25, 40, 52)
[0000][PE] low and high boundaries for computing mean and std.dev: (1, 106)
[0000][PE] mean and std.dev: (39.01, 21.70)
[0000][PE] low and high boundaries for proper pairs: (1, 133)
[0000][PE] analyzing insert size distribution for orientation FR...
[0000][PE] (25, 50, 75) percentile: (68, 84, 103)
[0000][PE] low and high boundaries for computing mean and std.dev: (1, 173)
[0000][PE] mean and std.dev: (86.78, 25.72)
[0000][PE] low and high boundaries for proper pairs: (1, 208)
[0000][PE] skip orientation RF as there are not enough pairs
[0000][PE] analyzing insert size distribution for orientation RR...
[0000][PE] (25, 50, 75) percentile: (28, 42, 59)
[0000][PE] low and high boundaries for computing mean and std.dev: (1, 121)
[0000][PE] mean and std.dev: (45.36, 23.05)
[0000][PE] low and high boundaries for proper pairs: (1, 152)
[0000][PE] skip orientation FF
[0000][PE] skip orientation RR
[0000] 3. Calling kt_for - worker_sam
[0000] read_chunk: 400000000, work_chunk_size: 400000100, nseq: 4470492
	[0000][ M::kt_pipeline] read 4470492 sequences (400000100 bp)...
	[0000][ M::mem_process_seqs] Processed 4472962 reads in 650.268 CPU sec, 18.094 real sec
[0000] Calling mem_process_seqs.., task: 30
[0000] 1. Calling kt_for - worker_bwt
[0000] 2. Calling kt_for - worker_aln
[0000] Inferring insert size distribution of PE reads from data, l_pac: 1342662642, n: 4470492
[0000][PE] # candidate unique pairs for (FF, FR, RF, RR): (264, 1413178, 3, 229)
[0000][PE] analyzing insert size distribution for orientation FF...
[0000][PE] (25, 50, 75) percentile: (26, 35, 51)
[0000][PE] low and high boundaries for computing mean and std.dev: (1, 101)
[0000][PE] mean and std.dev: (37.75, 20.25)
[0000][PE] low and high boundaries for proper pairs: (1, 126)
[0000][PE] analyzing insert size distribution for orientation FR...
[0000][PE] (25, 50, 75) percentile: (68, 84, 103)
[0000][PE] low and high boundaries for computing mean and std.dev: (1, 173)
[0000][PE] mean and std.dev: (86.76, 25.70)
[0000][PE] low and high boundaries for proper pairs: (1, 208)
[0000][PE] skip orientation RF as there are not enough pairs
[0000][PE] analyzing insert size distribution for orientation RR...
[0000][PE] (25, 50, 75) percentile: (25, 39, 54)
[0000][PE] low and high boundaries for computing mean and std.dev: (1, 112)
[0000][PE] mean and std.dev: (41.30, 21.70)
[0000][PE] low and high boundaries for proper pairs: (1, 141)
[0000][PE] skip orientation FF
[0000][PE] skip orientation RR
[0000] 3. Calling kt_for - worker_sam
[0000] read_chunk: 400000000, work_chunk_size: 400000017, nseq: 4451850
	[0000][ M::kt_pipeline] read 4451850 sequences (400000017 bp)...
	[0000][ M::mem_process_seqs] Processed 4470492 reads in 645.630 CPU sec, 17.990 real sec
[0000] Calling mem_process_seqs.., task: 31
[0000] 1. Calling kt_for - worker_bwt
[0000] 2. Calling kt_for - worker_aln
[0000] Inferring insert size distribution of PE reads from data, l_pac: 1342662642, n: 4451850
[0000][PE] # candidate unique pairs for (FF, FR, RF, RR): (271, 1380567, 3, 208)
[0000][PE] analyzing insert size distribution for orientation FF...
[0000][PE] (25, 50, 75) percentile: (23, 33, 50)
[0000][PE] low and high boundaries for computing mean and std.dev: (1, 104)
[0000][PE] mean and std.dev: (38.08, 24.62)
[0000][PE] low and high boundaries for proper pairs: (1, 137)
[0000][PE] analyzing insert size distribution for orientation FR...
[0000][PE] (25, 50, 75) percentile: (68, 84, 103)
[0000][PE] low and high boundaries for computing mean and std.dev: (1, 173)
[0000][PE] mean and std.dev: (86.78, 25.74)
[0000][PE] low and high boundaries for proper pairs: (1, 208)
[0000][PE] skip orientation RF as there are not enough pairs
[0000][PE] analyzing insert size distribution for orientation RR...
[0000][PE] (25, 50, 75) percentile: (27, 39, 53)
[0000][PE] low and high boundaries for computing mean and std.dev: (1, 105)
[0000][PE] mean and std.dev: (41.35, 21.66)
[0000][PE] low and high boundaries for proper pairs: (1, 131)
[0000][PE] skip orientation FF
[0000][PE] skip orientation RR
[0000] 3. Calling kt_for - worker_sam
[0000] read_chunk: 400000000, work_chunk_size: 400000018, nseq: 4468044
	[0000][ M::kt_pipeline] read 4468044 sequences (400000018 bp)...
	[0000][ M::mem_process_seqs] Processed 4451850 reads in 717.607 CPU sec, 19.788 real sec
[0000] Calling mem_process_seqs.., task: 32
[0000] 1. Calling kt_for - worker_bwt
[0000] 2. Calling kt_for - worker_aln
[0000] Inferring insert size distribution of PE reads from data, l_pac: 1342662642, n: 4468044
[0000][PE] # candidate unique pairs for (FF, FR, RF, RR): (290, 1406846, 2, 240)
[0000][PE] analyzing insert size distribution for orientation FF...
[0000][PE] (25, 50, 75) percentile: (24, 37, 52)
[0000][PE] low and high boundaries for computing mean and std.dev: (1, 108)
[0000][PE] mean and std.dev: (38.76, 22.03)
[0000][PE] low and high boundaries for proper pairs: (1, 136)
[0000][PE] analyzing insert size distribution for orientation FR...
[0000][PE] (25, 50, 75) percentile: (68, 84, 103)
[0000][PE] low and high boundaries for computing mean and std.dev: (1, 173)
[0000][PE] mean and std.dev: (86.76, 25.69)
[0000][PE] low and high boundaries for proper pairs: (1, 208)
[0000][PE] skip orientation RF as there are not enough pairs
[0000][PE] analyzing insert size distribution for orientation RR...
[0000][PE] (25, 50, 75) percentile: (28, 38, 55)
[0000][PE] low and high boundaries for computing mean and std.dev: (1, 109)
[0000][PE] mean and std.dev: (41.34, 21.02)
[0000][PE] low and high boundaries for proper pairs: (1, 136)
[0000][PE] skip orientation FF
[0000][PE] skip orientation RR
[0000] 3. Calling kt_for - worker_sam
[0000] read_chunk: 400000000, work_chunk_size: 400000134, nseq: 4453482
	[0000][ M::kt_pipeline] read 4453482 sequences (400000134 bp)...
	[0000][ M::mem_process_seqs] Processed 4468044 reads in 662.946 CPU sec, 18.585 real sec
[0000] Calling mem_process_seqs.., task: 33
[0000] 1. Calling kt_for - worker_bwt
[0000] 2. Calling kt_for - worker_aln
[0000] Inferring insert size distribution of PE reads from data, l_pac: 1342662642, n: 4453482
[0000][PE] # candidate unique pairs for (FF, FR, RF, RR): (261, 1386526, 0, 254)
[0000][PE] analyzing insert size distribution for orientation FF...
[0000][PE] (25, 50, 75) percentile: (25, 35, 50)
[0000][PE] low and high boundaries for computing mean and std.dev: (1, 100)
[0000][PE] mean and std.dev: (36.68, 20.37)
[0000][PE] low and high boundaries for proper pairs: (1, 125)
[0000][PE] analyzing insert size distribution for orientation FR...
[0000][PE] (25, 50, 75) percentile: (68, 84, 103)
[0000][PE] low and high boundaries for computing mean and std.dev: (1, 173)
[0000][PE] mean and std.dev: (86.74, 25.73)
[0000][PE] low and high boundaries for proper pairs: (1, 208)
[0000][PE] skip orientation RF as there are not enough pairs
[0000][PE] analyzing insert size distribution for orientation RR...
[0000][PE] (25, 50, 75) percentile: (27, 37, 52)
[0000][PE] low and high boundaries for computing mean and std.dev: (1, 102)
[0000][PE] mean and std.dev: (40.20, 19.38)
[0000][PE] low and high boundaries for proper pairs: (1, 127)
[0000][PE] skip orientation FF
[0000][PE] skip orientation RR
[0000] 3. Calling kt_for - worker_sam
[0000] read_chunk: 400000000, work_chunk_size: 400000049, nseq: 4481262
	[0000][ M::kt_pipeline] read 4481262 sequences (400000049 bp)...
	[0000][ M::mem_process_seqs] Processed 4453482 reads in 713.190 CPU sec, 19.754 real sec
[0000] Reallocating initial memory allocations!!
[0000] Calling mem_process_seqs.., task: 34
[0000] 1. Calling kt_for - worker_bwt
[0000] 2. Calling kt_for - worker_aln
[0000] read_chunk: 400000000, work_chunk_size: 400000072, nseq: 4456324
	[0000][ M::kt_pipeline] read 4456324 sequences (400000072 bp)...
[0000] Inferring insert size distribution of PE reads from data, l_pac: 1342662642, n: 4481262
[0000][PE] # candidate unique pairs for (FF, FR, RF, RR): (296, 1435701, 1, 284)
[0000][PE] analyzing insert size distribution for orientation FF...
[0000][PE] (25, 50, 75) percentile: (26, 36, 53)
[0000][PE] low and high boundaries for computing mean and std.dev: (1, 107)
[0000][PE] mean and std.dev: (40.12, 20.34)
[0000][PE] low and high boundaries for proper pairs: (1, 134)
[0000][PE] analyzing insert size distribution for orientation FR...
[0000][PE] (25, 50, 75) percentile: (68, 84, 103)
[0000][PE] low and high boundaries for computing mean and std.dev: (1, 173)
[0000][PE] mean and std.dev: (86.79, 25.71)
[0000][PE] low and high boundaries for proper pairs: (1, 208)
[0000][PE] skip orientation RF as there are not enough pairs
[0000][PE] analyzing insert size distribution for orientation RR...
[0000][PE] (25, 50, 75) percentile: (27, 42, 59)
[0000][PE] low and high boundaries for computing mean and std.dev: (1, 123)
[0000][PE] mean and std.dev: (43.89, 22.78)
[0000][PE] low and high boundaries for proper pairs: (1, 155)
[0000][PE] skip orientation FF
[0000][PE] skip orientation RR
[0000] 3. Calling kt_for - worker_sam
	[0000][ M::mem_process_seqs] Processed 4481262 reads in 632.030 CPU sec, 17.277 real sec
[0000] Calling mem_process_seqs.., task: 35
[0000] 1. Calling kt_for - worker_bwt
[0000] 2. Calling kt_for - worker_aln
[0000] Inferring insert size distribution of PE reads from data, l_pac: 1342662642, n: 4456324
[0000][PE] # candidate unique pairs for (FF, FR, RF, RR): (235, 1361938, 2, 221)
[0000][PE] analyzing insert size distribution for orientation FF...
[0000][PE] (25, 50, 75) percentile: (25, 35, 50)
[0000][PE] low and high boundaries for computing mean and std.dev: (1, 100)
[0000][PE] mean and std.dev: (36.01, 20.44)
[0000][PE] low and high boundaries for proper pairs: (1, 125)
[0000][PE] analyzing insert size distribution for orientation FR...
[0000][PE] (25, 50, 75) percentile: (68, 84, 103)
[0000][PE] low and high boundaries for computing mean and std.dev: (1, 173)
[0000][PE] mean and std.dev: (86.74, 25.67)
[0000][PE] low and high boundaries for proper pairs: (1, 208)
[0000][PE] skip orientation RF as there are not enough pairs
[0000][PE] analyzing insert size distribution for orientation RR...
[0000][PE] (25, 50, 75) percentile: (28, 41, 57)
[0000][PE] low and high boundaries for computing mean and std.dev: (1, 115)
[0000][PE] mean and std.dev: (42.98, 21.68)
[0000][PE] low and high boundaries for proper pairs: (1, 144)
[0000][PE] skip orientation FF
[0000][PE] skip orientation RR
[0000] 3. Calling kt_for - worker_sam
[0000] read_chunk: 400000000, work_chunk_size: 400000111, nseq: 4463808
	[0000][ M::kt_pipeline] read 4463808 sequences (400000111 bp)...
	[0000][ M::mem_process_seqs] Processed 4456324 reads in 746.248 CPU sec, 20.225 real sec
[0000] Calling mem_process_seqs.., task: 36
[0000] 1. Calling kt_for - worker_bwt
[0000] 2. Calling kt_for - worker_aln
[0000] Inferring insert size distribution of PE reads from data, l_pac: 1342662642, n: 4463808
[0000][PE] # candidate unique pairs for (FF, FR, RF, RR): (283, 1400818, 1, 214)
[0000][PE] analyzing insert size distribution for orientation FF...
[0000][PE] (25, 50, 75) percentile: (25, 36, 54)
[0000][PE] low and high boundaries for computing mean and std.dev: (1, 112)
[0000][PE] mean and std.dev: (40.01, 21.63)
[0000][PE] low and high boundaries for proper pairs: (1, 141)
[0000][PE] analyzing insert size distribution for orientation FR...
[0000][PE] (25, 50, 75) percentile: (68, 84, 103)
[0000][PE] low and high boundaries for computing mean and std.dev: (1, 173)
[0000][PE] mean and std.dev: (86.78, 25.69)
[0000][PE] low and high boundaries for proper pairs: (1, 208)
[0000][PE] skip orientation RF as there are not enough pairs
[0000][PE] analyzing insert size distribution for orientation RR...
[0000][PE] (25, 50, 75) percentile: (28, 37, 51)
[0000][PE] low and high boundaries for computing mean and std.dev: (1, 97)
[0000][PE] mean and std.dev: (40.22, 19.15)
[0000][PE] low and high boundaries for proper pairs: (1, 120)
[0000][PE] skip orientation FF
[0000][PE] skip orientation RR
[0000] 3. Calling kt_for - worker_sam
[0000] read_chunk: 400000000, work_chunk_size: 400000195, nseq: 4465974
	[0000][ M::kt_pipeline] read 4465974 sequences (400000195 bp)...
	[0000][ M::mem_process_seqs] Processed 4463808 reads in 673.606 CPU sec, 18.730 real sec
[0000] Calling mem_process_seqs.., task: 37
[0000] 1. Calling kt_for - worker_bwt
[0000] 2. Calling kt_for - worker_aln
[0000] read_chunk: 400000000, work_chunk_size: 247915862, nseq: 2742282
	[0000][ M::kt_pipeline] read 2742282 sequences (247915862 bp)...
[0000] Inferring insert size distribution of PE reads from data, l_pac: 1342662642, n: 4465974
[0000][PE] # candidate unique pairs for (FF, FR, RF, RR): (256, 1405660, 2, 226)
[0000][PE] analyzing insert size distribution for orientation FF...
[0000][PE] (25, 50, 75) percentile: (26, 38, 53)
[0000][PE] low and high boundaries for computing mean and std.dev: (1, 107)
[0000][PE] mean and std.dev: (39.45, 21.36)
[0000][PE] low and high boundaries for proper pairs: (1, 134)
[0000][PE] analyzing insert size distribution for orientation FR...
[0000][PE] (25, 50, 75) percentile: (68, 84, 103)
[0000][PE] low and high boundaries for computing mean and std.dev: (1, 173)
[0000][PE] mean and std.dev: (86.83, 25.71)
[0000][PE] low and high boundaries for proper pairs: (1, 208)
[0000][PE] skip orientation RF as there are not enough pairs
[0000][PE] analyzing insert size distribution for orientation RR...
[0000][PE] (25, 50, 75) percentile: (27, 37, 50)
[0000][PE] low and high boundaries for computing mean and std.dev: (1, 96)
[0000][PE] mean and std.dev: (39.11, 20.19)
[0000][PE] low and high boundaries for proper pairs: (1, 120)
[0000][PE] skip orientation FF
[0000][PE] skip orientation RR
[0000] 3. Calling kt_for - worker_sam
	[0000][ M::mem_process_seqs] Processed 4465974 reads in 648.362 CPU sec, 18.229 real sec
[0000] Calling mem_process_seqs.., task: 38
[0000] 1. Calling kt_for - worker_bwt
[0000] 2. Calling kt_for - worker_aln
[0000] read_chunk: 400000000, work_chunk_size: 0, nseq: 0
[0000] Inferring insert size distribution of PE reads from data, l_pac: 1342662642, n: 2742282
[0000][PE] # candidate unique pairs for (FF, FR, RF, RR): (156, 809596, 4, 133)
[0000][PE] analyzing insert size distribution for orientation FF...
[0000][PE] (25, 50, 75) percentile: (26, 37, 57)
[0000][PE] low and high boundaries for computing mean and std.dev: (1, 119)
[0000][PE] mean and std.dev: (42.14, 24.94)
[0000][PE] low and high boundaries for proper pairs: (1, 150)
[0000][PE] analyzing insert size distribution for orientation FR...
[0000][PE] (25, 50, 75) percentile: (68, 84, 104)
[0000][PE] low and high boundaries for computing mean and std.dev: (1, 176)
[0000][PE] mean and std.dev: (87.06, 25.92)
[0000][PE] low and high boundaries for proper pairs: (1, 212)
[0000][PE] skip orientation RF as there are not enough pairs
[0000][PE] analyzing insert size distribution for orientation RR...
[0000][PE] (25, 50, 75) percentile: (29, 39, 51)
[0000][PE] low and high boundaries for computing mean and std.dev: (1, 95)
[0000][PE] mean and std.dev: (39.78, 17.60)
[0000][PE] low and high boundaries for proper pairs: (1, 117)
[0000][PE] skip orientation FF
[0000][PE] skip orientation RR
[0000] 3. Calling kt_for - worker_sam
	[0000][ M::mem_process_seqs] Processed 2742282 reads in 528.360 CPU sec, 14.718 real sec
[0000] read_chunk: 400000000, work_chunk_size: 0, nseq: 0
[0000] Computation ends..
No. of OMP threads: 40
Processor is running @2394.732840 MHz
Runtime profile:

	Time taken for main_mem function: 846.82 sec

	IO times (sec) :
	Reading IO time (reads) avg: 454.04, (454.04, 454.04)
	Writing IO time (SAM) avg: 235.43, (235.43, 235.43)
	Reading IO time (Reference Genome) avg: 1.75, (1.75, 1.75)
	Index read time avg: 0.28, (0.28, 0.28)

	Overall time (sec) (Excluding Index reading time):
	PROCESS() (Total compute time + (read + SAM) IO time) : 844.78
	MEM_PROCESS_SEQ() (Total compute time (Kernel + SAM)), avg: 742.91, (742.91, 742.91)

	 SAM Processing time (sec):
	--WORKER_SAM avg: 173.73, (173.73, 173.73)

	Kernels' compute time (sec):
	Total kernel (smem+sal+bsw) time avg: 552.16, (552.16, 552.16)
		MEM_ALN_CHAIN_FLT avg: 0.00, (0.00, 0.00)
		MEM_ALN_CHAIN_SEED avg: 0.00, (0.00, 0.00)
		ERT_SEED_CHAIN avg: 0.00, (0.00, 0.00)
	LEARNED_SEED_CHAIN avg: 223.86, (224.47, 223.16)
		SMEM compute avg: 0.00, (0.00, 0.00)
		SAL compute avg: 0.00, (0.00, 0.00)
				MEM_SA avg: 0.00, (0.00, 0.00)

		BSW time, avg: 295.27, (296.58, 293.73)

Important parameter settings: 
	BATCH_SIZE: 512
	MAX_SEQ_LEN_REF: 256
	MAX_SEQ_LEN_QER: 128
	MAX_SEQ_LEN8: 128
	SEEDS_PER_READ: 500
	SIMD_WIDTH8 X: 64
	SIMD_WIDTH16 X: 32
	AVG_SEEDS_PER_READ: 64
