Looking to launch executable "/opt/conda/bin/bwa-meme_mode3.avx512bw", simd = _mode3.avx512bw
Launching executable "/opt/conda/bin/bwa-meme_mode3.avx512bw"
-----------------------------
Executing in AVX512 mode!!
-----------------------------
* SA compression enabled with xfactor: 8
* Ref file: reference.genbank.Sor.fasta
* Entering FMI_search
Reading other elements of the index from files reference.genbank.Sor.fasta
* Index prefix: reference.genbank.Sor.fasta
* Read 0 ALT contigs
* Reading reference genome..
* Binary seq file = reference.genbank.Sor.fasta.0123
* Reference genome size: 2685325284 bp
* Done reading reference genome !!

------------------------------------------
1. Memory pre-allocation for Chaining: 5679.4903 MB
2. Memory pre-allocation for BSW: 9584.6810 MB
[M::memoryAllocLearned::MEME] Reading Learned-index models into memory
[Learned-Config] MODE:3 SEARCH_METHOD: 1 MEM_TRADEOFF:1 EXPONENTIAL_SMEMSEARCH: 1 DEBUG_MODE:0 Num 2nd Models:268435456 PWL Bits Used:28
[M::memoryAllocLearned::MEME] Loading RMI model and Pac reference file took 18.463 sec
[M::memoryAllocLearned::MEME] Reading suffix array into memory
[M::memoryAllocLearned::MEME] Loading pos_packed file took 25.461 sec
[M::memoryAllocLearned::MEME] Generating SA, 64-bit Suffix and ISA in memory
[M::memoryAllocLearned::MEME] Runtime-build-index took 31.702 sec
3. Memory pre-allocation for BWT: 14070.0171 MB
------------------------------------------
* Threads used (compute): 40
* No. of pipeline threads: 2

[0000] read_chunk: 400000000, work_chunk_size: 400000052, nseq: 4477056
	[0000][ M::kt_pipeline] read 4477056 sequences (400000052 bp)...
[0000] Reallocating initial memory allocations!!
[0000] Calling mem_process_seqs.., task: 0
[0000] 1. Calling kt_for - worker_bwt
[0000] 2. Calling kt_for - worker_aln
[0000] read_chunk: 400000000, work_chunk_size: 400000206, nseq: 4456524
	[0000][ M::kt_pipeline] read 4456524 sequences (400000206 bp)...
[0000] Inferring insert size distribution of PE reads from data, l_pac: 1342662642, n: 4477056
[0000][PE] # candidate unique pairs for (FF, FR, RF, RR): (149, 1262128, 0, 192)
[0000][PE] analyzing insert size distribution for orientation FF...
[0000][PE] (25, 50, 75) percentile: (27, 38, 60)
[0000][PE] low and high boundaries for computing mean and std.dev: (1, 126)
[0000][PE] mean and std.dev: (43.97, 25.17)
[0000][PE] low and high boundaries for proper pairs: (1, 159)
[0000][PE] analyzing insert size distribution for orientation FR...
[0000][PE] (25, 50, 75) percentile: (68, 83, 102)
[0000][PE] low and high boundaries for computing mean and std.dev: (1, 170)
[0000][PE] mean and std.dev: (86.10, 25.15)
[0000][PE] low and high boundaries for proper pairs: (1, 204)
[0000][PE] skip orientation RF as there are not enough pairs
[0000][PE] analyzing insert size distribution for orientation RR...
[0000][PE] (25, 50, 75) percentile: (33, 46, 68)
[0000][PE] low and high boundaries for computing mean and std.dev: (1, 138)
[0000][PE] mean and std.dev: (50.84, 25.19)
[0000][PE] low and high boundaries for proper pairs: (1, 173)
[0000][PE] skip orientation FF
[0000][PE] skip orientation RR
[0000] 3. Calling kt_for - worker_sam
	[0000][ M::mem_process_seqs] Processed 4477056 reads in 853.990 CPU sec, 22.481 real sec
[0000] Calling mem_process_seqs.., task: 1
[0000] 1. Calling kt_for - worker_bwt
[0000] 2. Calling kt_for - worker_aln
[0000] Inferring insert size distribution of PE reads from data, l_pac: 1342662642, n: 4456524
[0000][PE] # candidate unique pairs for (FF, FR, RF, RR): (174, 1236852, 1, 172)
[0000][PE] analyzing insert size distribution for orientation FF...
[0000][PE] (25, 50, 75) percentile: (32, 44, 59)
[0000][PE] low and high boundaries for computing mean and std.dev: (1, 113)
[0000][PE] mean and std.dev: (44.65, 19.91)
[0000][PE] low and high boundaries for proper pairs: (1, 140)
[0000][PE] analyzing insert size distribution for orientation FR...
[0000][PE] (25, 50, 75) percentile: (68, 83, 102)
[0000][PE] low and high boundaries for computing mean and std.dev: (1, 170)
[0000][PE] mean and std.dev: (86.08, 25.20)
[0000][PE] low and high boundaries for proper pairs: (1, 204)
[0000][PE] skip orientation RF as there are not enough pairs
[0000][PE] analyzing insert size distribution for orientation RR...
[0000][PE] (25, 50, 75) percentile: (29, 43, 66)
[0000][PE] low and high boundaries for computing mean and std.dev: (1, 140)
[0000][PE] mean and std.dev: (48.49, 23.90)
[0000][PE] low and high boundaries for proper pairs: (1, 177)
[0000][PE] skip orientation FF
[0000][PE] skip orientation RR
[0000] 3. Calling kt_for - worker_sam
[0000] read_chunk: 400000000, work_chunk_size: 400000060, nseq: 4480010
	[0000][ M::kt_pipeline] read 4480010 sequences (400000060 bp)...
	[0000][ M::mem_process_seqs] Processed 4456524 reads in 877.753 CPU sec, 23.497 real sec
[0000] Reallocating initial memory allocations!!
[0000] Calling mem_process_seqs.., task: 2
[0000] 1. Calling kt_for - worker_bwt
[0000] 2. Calling kt_for - worker_aln
[0000] read_chunk: 400000000, work_chunk_size: 295676081, nseq: 3306684
	[0000][ M::kt_pipeline] read 3306684 sequences (295676081 bp)...
[0000] Inferring insert size distribution of PE reads from data, l_pac: 1342662642, n: 4480010
[0000][PE] # candidate unique pairs for (FF, FR, RF, RR): (179, 1263818, 0, 199)
[0000][PE] analyzing insert size distribution for orientation FF...
[0000][PE] (25, 50, 75) percentile: (28, 38, 60)
[0000][PE] low and high boundaries for computing mean and std.dev: (1, 124)
[0000][PE] mean and std.dev: (42.91, 21.85)
[0000][PE] low and high boundaries for proper pairs: (1, 156)
[0000][PE] analyzing insert size distribution for orientation FR...
[0000][PE] (25, 50, 75) percentile: (68, 83, 102)
[0000][PE] low and high boundaries for computing mean and std.dev: (1, 170)
[0000][PE] mean and std.dev: (86.06, 25.16)
[0000][PE] low and high boundaries for proper pairs: (1, 204)
[0000][PE] skip orientation RF as there are not enough pairs
[0000][PE] analyzing insert size distribution for orientation RR...
[0000][PE] (25, 50, 75) percentile: (28, 39, 63)
[0000][PE] low and high boundaries for computing mean and std.dev: (1, 133)
[0000][PE] mean and std.dev: (46.37, 25.08)
[0000][PE] low and high boundaries for proper pairs: (1, 168)
[0000][PE] skip orientation FF
[0000][PE] skip orientation RR
[0000] 3. Calling kt_for - worker_sam
	[0000][ M::mem_process_seqs] Processed 4480010 reads in 839.138 CPU sec, 22.031 real sec
[0000] Calling mem_process_seqs.., task: 3
[0000] 1. Calling kt_for - worker_bwt
[0000] 2. Calling kt_for - worker_aln
[0000] read_chunk: 400000000, work_chunk_size: 0, nseq: 0
[0000] Inferring insert size distribution of PE reads from data, l_pac: 1342662642, n: 3306684
[0000][PE] # candidate unique pairs for (FF, FR, RF, RR): (127, 931896, 2, 144)
[0000][PE] analyzing insert size distribution for orientation FF...
[0000][PE] (25, 50, 75) percentile: (25, 39, 64)
[0000][PE] low and high boundaries for computing mean and std.dev: (1, 142)
[0000][PE] mean and std.dev: (44.98, 23.72)
[0000][PE] low and high boundaries for proper pairs: (1, 181)
[0000][PE] analyzing insert size distribution for orientation FR...
[0000][PE] (25, 50, 75) percentile: (68, 83, 102)
[0000][PE] low and high boundaries for computing mean and std.dev: (1, 170)
[0000][PE] mean and std.dev: (86.04, 25.16)
[0000][PE] low and high boundaries for proper pairs: (1, 204)
[0000][PE] skip orientation RF as there are not enough pairs
[0000][PE] analyzing insert size distribution for orientation RR...
[0000][PE] (25, 50, 75) percentile: (29, 39, 62)
[0000][PE] low and high boundaries for computing mean and std.dev: (1, 128)
[0000][PE] mean and std.dev: (47.33, 24.55)
[0000][PE] low and high boundaries for proper pairs: (1, 161)
[0000][PE] skip orientation FF
[0000][PE] skip orientation RR
[0000] 3. Calling kt_for - worker_sam
	[0000][ M::mem_process_seqs] Processed 3306684 reads in 645.732 CPU sec, 17.804 real sec
[0000] read_chunk: 400000000, work_chunk_size: 0, nseq: 0
[0000] Computation ends..
No. of OMP threads: 40
Processor is running @2394.741050 MHz
Runtime profile:

	Time taken for main_mem function: 165.86 sec

	IO times (sec) :
	Reading IO time (reads) avg: 40.43, (40.43, 40.43)
	Writing IO time (SAM) avg: 20.11, (20.11, 20.11)
	Reading IO time (Reference Genome) avg: 1.75, (1.75, 1.75)
	Index read time avg: 0.27, (0.27, 0.27)

	Overall time (sec) (Excluding Index reading time):
	PROCESS() (Total compute time + (read + SAM) IO time) : 163.83
	MEM_PROCESS_SEQ() (Total compute time (Kernel + SAM)), avg: 85.80, (85.80, 85.80)

	 SAM Processing time (sec):
	--WORKER_SAM avg: 21.28, (21.28, 21.28)

	Kernels' compute time (sec):
	Total kernel (smem+sal+bsw) time avg: 62.92, (62.92, 62.92)
		MEM_ALN_CHAIN_FLT avg: 0.00, (0.00, 0.00)
		MEM_ALN_CHAIN_SEED avg: 0.00, (0.00, 0.00)
		ERT_SEED_CHAIN avg: 0.00, (0.00, 0.00)
	LEARNED_SEED_CHAIN avg: 24.70, (24.87, 24.58)
		SMEM compute avg: 0.00, (0.00, 0.00)
		SAL compute avg: 0.00, (0.00, 0.00)
				MEM_SA avg: 0.00, (0.00, 0.00)

		BSW time, avg: 34.85, (35.17, 34.52)

Important parameter settings: 
	BATCH_SIZE: 512
	MAX_SEQ_LEN_REF: 256
	MAX_SEQ_LEN_QER: 128
	MAX_SEQ_LEN8: 128
	SEEDS_PER_READ: 500
	SIMD_WIDTH8 X: 64
	SIMD_WIDTH16 X: 32
	AVG_SEEDS_PER_READ: 64
