Looking to launch executable "/opt/conda/bin/bwa-meme_mode3.avx512bw", simd = _mode3.avx512bw
Launching executable "/opt/conda/bin/bwa-meme_mode3.avx512bw"
-----------------------------
Executing in AVX512 mode!!
-----------------------------
* SA compression enabled with xfactor: 8
* Ref file: reference.genbank.Sor.fasta
* Entering FMI_search
Reading other elements of the index from files reference.genbank.Sor.fasta
* Index prefix: reference.genbank.Sor.fasta
* Read 0 ALT contigs
* Reading reference genome..
* Binary seq file = reference.genbank.Sor.fasta.0123
* Reference genome size: 2685325284 bp
* Done reading reference genome !!

------------------------------------------
1. Memory pre-allocation for Chaining: 5679.4903 MB
2. Memory pre-allocation for BSW: 9584.6810 MB
[M::memoryAllocLearned::MEME] Reading Learned-index models into memory
[Learned-Config] MODE:3 SEARCH_METHOD: 1 MEM_TRADEOFF:1 EXPONENTIAL_SMEMSEARCH: 1 DEBUG_MODE:0 Num 2nd Models:268435456 PWL Bits Used:28
[M::memoryAllocLearned::MEME] Loading RMI model and Pac reference file took 18.458 sec
[M::memoryAllocLearned::MEME] Reading suffix array into memory
[M::memoryAllocLearned::MEME] Loading pos_packed file took 25.165 sec
[M::memoryAllocLearned::MEME] Generating SA, 64-bit Suffix and ISA in memory
[M::memoryAllocLearned::MEME] Runtime-build-index took 31.615 sec
3. Memory pre-allocation for BWT: 14070.0171 MB
------------------------------------------
* Threads used (compute): 40
* No. of pipeline threads: 2

[0000] read_chunk: 400000000, work_chunk_size: 400000016, nseq: 4232904
	[0000][ M::kt_pipeline] read 4232904 sequences (400000016 bp)...
[0000] Reallocating initial memory allocations!!
[0000] Calling mem_process_seqs.., task: 0
[0000] 1. Calling kt_for - worker_bwt
[0000] 2. Calling kt_for - worker_aln
[0000] read_chunk: 400000000, work_chunk_size: 400000082, nseq: 4241134
	[0000][ M::kt_pipeline] read 4241134 sequences (400000082 bp)...
[0000] Inferring insert size distribution of PE reads from data, l_pac: 1342662642, n: 4232904
[0000][PE] # candidate unique pairs for (FF, FR, RF, RR): (182, 1235987, 2, 180)
[0000][PE] analyzing insert size distribution for orientation FF...
[0000][PE] (25, 50, 75) percentile: (30, 41, 60)
[0000][PE] low and high boundaries for computing mean and std.dev: (1, 120)
[0000][PE] mean and std.dev: (44.22, 21.59)
[0000][PE] low and high boundaries for proper pairs: (1, 150)
[0000][PE] analyzing insert size distribution for orientation FR...
[0000][PE] (25, 50, 75) percentile: (72, 89, 109)
[0000][PE] low and high boundaries for computing mean and std.dev: (1, 183)
[0000][PE] mean and std.dev: (91.90, 26.69)
[0000][PE] low and high boundaries for proper pairs: (1, 220)
[0000][PE] skip orientation RF as there are not enough pairs
[0000][PE] analyzing insert size distribution for orientation RR...
[0000][PE] (25, 50, 75) percentile: (29, 46, 73)
[0000][PE] low and high boundaries for computing mean and std.dev: (1, 161)
[0000][PE] mean and std.dev: (50.95, 28.39)
[0000][PE] low and high boundaries for proper pairs: (1, 205)
[0000][PE] skip orientation FF
[0000][PE] skip orientation RR
[0000] 3. Calling kt_for - worker_sam
	[0000][ M::mem_process_seqs] Processed 4232904 reads in 744.457 CPU sec, 19.684 real sec
[0000] Reallocating initial memory allocations!!
[0000] Calling mem_process_seqs.., task: 1
[0000] 1. Calling kt_for - worker_bwt
[0000] 2. Calling kt_for - worker_aln
[0000] read_chunk: 400000000, work_chunk_size: 400000169, nseq: 4254154
	[0000][ M::kt_pipeline] read 4254154 sequences (400000169 bp)...
[0000] Inferring insert size distribution of PE reads from data, l_pac: 1342662642, n: 4241134
[0000][PE] # candidate unique pairs for (FF, FR, RF, RR): (189, 1257115, 2, 184)
[0000][PE] analyzing insert size distribution for orientation FF...
[0000][PE] (25, 50, 75) percentile: (29, 41, 60)
[0000][PE] low and high boundaries for computing mean and std.dev: (1, 122)
[0000][PE] mean and std.dev: (47.20, 25.14)
[0000][PE] low and high boundaries for proper pairs: (1, 153)
[0000][PE] analyzing insert size distribution for orientation FR...
[0000][PE] (25, 50, 75) percentile: (72, 89, 109)
[0000][PE] low and high boundaries for computing mean and std.dev: (1, 183)
[0000][PE] mean and std.dev: (91.88, 26.67)
[0000][PE] low and high boundaries for proper pairs: (1, 220)
[0000][PE] skip orientation RF as there are not enough pairs
[0000][PE] analyzing insert size distribution for orientation RR...
[0000][PE] (25, 50, 75) percentile: (33, 51, 70)
[0000][PE] low and high boundaries for computing mean and std.dev: (1, 144)
[0000][PE] mean and std.dev: (51.63, 25.39)
[0000][PE] low and high boundaries for proper pairs: (1, 181)
[0000][PE] skip orientation FF
[0000][PE] skip orientation RR
[0000] 3. Calling kt_for - worker_sam
	[0000][ M::mem_process_seqs] Processed 4241134 reads in 726.374 CPU sec, 19.160 real sec
[0000] Reallocating initial memory allocations!!
[0000] Calling mem_process_seqs.., task: 2
[0000] 1. Calling kt_for - worker_bwt
[0000] 2. Calling kt_for - worker_aln
[0000] read_chunk: 400000000, work_chunk_size: 400000017, nseq: 4225306
	[0000][ M::kt_pipeline] read 4225306 sequences (400000017 bp)...
[0000] Inferring insert size distribution of PE reads from data, l_pac: 1342662642, n: 4254154
[0000][PE] # candidate unique pairs for (FF, FR, RF, RR): (207, 1273056, 3, 191)
[0000][PE] analyzing insert size distribution for orientation FF...
[0000][PE] (25, 50, 75) percentile: (32, 43, 60)
[0000][PE] low and high boundaries for computing mean and std.dev: (1, 116)
[0000][PE] mean and std.dev: (47.75, 24.08)
[0000][PE] low and high boundaries for proper pairs: (1, 144)
[0000][PE] analyzing insert size distribution for orientation FR...
[0000][PE] (25, 50, 75) percentile: (72, 89, 108)
[0000][PE] low and high boundaries for computing mean and std.dev: (1, 180)
[0000][PE] mean and std.dev: (91.60, 26.44)
[0000][PE] low and high boundaries for proper pairs: (1, 216)
[0000][PE] skip orientation RF as there are not enough pairs
[0000][PE] analyzing insert size distribution for orientation RR...
[0000][PE] (25, 50, 75) percentile: (31, 46, 72)
[0000][PE] low and high boundaries for computing mean and std.dev: (1, 154)
[0000][PE] mean and std.dev: (52.71, 28.48)
[0000][PE] low and high boundaries for proper pairs: (1, 195)
[0000][PE] skip orientation FF
[0000][PE] skip orientation RR
[0000] 3. Calling kt_for - worker_sam
	[0000][ M::mem_process_seqs] Processed 4254154 reads in 726.496 CPU sec, 19.276 real sec
[0000] Calling mem_process_seqs.., task: 3
[0000] 1. Calling kt_for - worker_bwt
[0000] 2. Calling kt_for - worker_aln
[0000] Inferring insert size distribution of PE reads from data, l_pac: 1342662642, n: 4225306
[0000][PE] # candidate unique pairs for (FF, FR, RF, RR): (199, 1246949, 0, 182)
[0000][PE] analyzing insert size distribution for orientation FF...
[0000][PE] (25, 50, 75) percentile: (30, 41, 62)
[0000][PE] low and high boundaries for computing mean and std.dev: (1, 126)
[0000][PE] mean and std.dev: (46.62, 24.39)
[0000][PE] low and high boundaries for proper pairs: (1, 158)
[0000][PE] analyzing insert size distribution for orientation FR...
[0000][PE] (25, 50, 75) percentile: (72, 89, 108)
[0000][PE] low and high boundaries for computing mean and std.dev: (1, 180)
[0000][PE] mean and std.dev: (91.67, 26.47)
[0000][PE] low and high boundaries for proper pairs: (1, 216)
[0000][PE] skip orientation RF as there are not enough pairs
[0000][PE] analyzing insert size distribution for orientation RR...
[0000][PE] (25, 50, 75) percentile: (34, 53, 73)
[0000][PE] low and high boundaries for computing mean and std.dev: (1, 151)
[0000][PE] mean and std.dev: (55.45, 28.26)
[0000][PE] low and high boundaries for proper pairs: (1, 190)
[0000][PE] skip orientation FF
[0000][PE] skip orientation RR
[0000] 3. Calling kt_for - worker_sam
[0000] read_chunk: 400000000, work_chunk_size: 400000085, nseq: 4247862
	[0000][ M::kt_pipeline] read 4247862 sequences (400000085 bp)...
	[0000][ M::mem_process_seqs] Processed 4225306 reads in 788.134 CPU sec, 21.328 real sec
[0000] Calling mem_process_seqs.., task: 4
[0000] 1. Calling kt_for - worker_bwt
[0000] 2. Calling kt_for - worker_aln
[0000] Inferring insert size distribution of PE reads from data, l_pac: 1342662642, n: 4247862
[0000][PE] # candidate unique pairs for (FF, FR, RF, RR): (179, 1255897, 4, 166)
[0000][PE] analyzing insert size distribution for orientation FF...
[0000][PE] (25, 50, 75) percentile: (33, 44, 63)
[0000][PE] low and high boundaries for computing mean and std.dev: (1, 123)
[0000][PE] mean and std.dev: (47.71, 21.76)
[0000][PE] low and high boundaries for proper pairs: (1, 153)
[0000][PE] analyzing insert size distribution for orientation FR...
[0000][PE] (25, 50, 75) percentile: (72, 89, 109)
[0000][PE] low and high boundaries for computing mean and std.dev: (1, 183)
[0000][PE] mean and std.dev: (91.87, 26.68)
[0000][PE] low and high boundaries for proper pairs: (1, 220)
[0000][PE] skip orientation RF as there are not enough pairs
[0000][PE] analyzing insert size distribution for orientation RR...
[0000][PE] (25, 50, 75) percentile: (33, 45, 62)
[0000][PE] low and high boundaries for computing mean and std.dev: (1, 120)
[0000][PE] mean and std.dev: (48.19, 23.20)
[0000][PE] low and high boundaries for proper pairs: (1, 149)
[0000][PE] skip orientation FF
[0000][PE] skip orientation RR
[0000] 3. Calling kt_for - worker_sam
[0000] read_chunk: 400000000, work_chunk_size: 400000117, nseq: 4239316
	[0000][ M::kt_pipeline] read 4239316 sequences (400000117 bp)...
	[0000][ M::mem_process_seqs] Processed 4247862 reads in 738.645 CPU sec, 20.020 real sec
[0000] Calling mem_process_seqs.., task: 5
[0000] 1. Calling kt_for - worker_bwt
[0000] 2. Calling kt_for - worker_aln
[0000] Inferring insert size distribution of PE reads from data, l_pac: 1342662642, n: 4239316
[0000][PE] # candidate unique pairs for (FF, FR, RF, RR): (194, 1260284, 2, 174)
[0000][PE] analyzing insert size distribution for orientation FF...
[0000][PE] (25, 50, 75) percentile: (32, 47, 65)
[0000][PE] low and high boundaries for computing mean and std.dev: (1, 131)
[0000][PE] mean and std.dev: (50.96, 24.66)
[0000][PE] low and high boundaries for proper pairs: (1, 164)
[0000][PE] analyzing insert size distribution for orientation FR...
[0000][PE] (25, 50, 75) percentile: (72, 89, 108)
[0000][PE] low and high boundaries for computing mean and std.dev: (1, 180)
[0000][PE] mean and std.dev: (91.68, 26.50)
[0000][PE] low and high boundaries for proper pairs: (1, 216)
[0000][PE] skip orientation RF as there are not enough pairs
[0000][PE] analyzing insert size distribution for orientation RR...
[0000][PE] (25, 50, 75) percentile: (33, 44, 65)
[0000][PE] low and high boundaries for computing mean and std.dev: (1, 129)
[0000][PE] mean and std.dev: (48.88, 23.12)
[0000][PE] low and high boundaries for proper pairs: (1, 161)
[0000][PE] skip orientation FF
[0000][PE] skip orientation RR
[0000] 3. Calling kt_for - worker_sam
[0000] read_chunk: 400000000, work_chunk_size: 400000158, nseq: 4223862
	[0000][ M::kt_pipeline] read 4223862 sequences (400000158 bp)...
	[0000][ M::mem_process_seqs] Processed 4239316 reads in 719.240 CPU sec, 19.855 real sec
[0000] Calling mem_process_seqs.., task: 6
[0000] 1. Calling kt_for - worker_bwt
[0000] 2. Calling kt_for - worker_aln
[0000] Inferring insert size distribution of PE reads from data, l_pac: 1342662642, n: 4223862
[0000][PE] # candidate unique pairs for (FF, FR, RF, RR): (197, 1246817, 1, 181)
[0000][PE] analyzing insert size distribution for orientation FF...
[0000][PE] (25, 50, 75) percentile: (29, 43, 60)
[0000][PE] low and high boundaries for computing mean and std.dev: (1, 122)
[0000][PE] mean and std.dev: (45.08, 22.45)
[0000][PE] low and high boundaries for proper pairs: (1, 153)
[0000][PE] analyzing insert size distribution for orientation FR...
[0000][PE] (25, 50, 75) percentile: (72, 89, 109)
[0000][PE] low and high boundaries for computing mean and std.dev: (1, 183)
[0000][PE] mean and std.dev: (91.87, 26.68)
[0000][PE] low and high boundaries for proper pairs: (1, 220)
[0000][PE] skip orientation RF as there are not enough pairs
[0000][PE] analyzing insert size distribution for orientation RR...
[0000][PE] (25, 50, 75) percentile: (31, 44, 61)
[0000][PE] low and high boundaries for computing mean and std.dev: (1, 121)
[0000][PE] mean and std.dev: (48.99, 24.81)
[0000][PE] low and high boundaries for proper pairs: (1, 151)
[0000][PE] skip orientation FF
[0000][PE] skip orientation RR
[0000] 3. Calling kt_for - worker_sam
[0000] read_chunk: 400000000, work_chunk_size: 400000091, nseq: 4217558
	[0000][ M::kt_pipeline] read 4217558 sequences (400000091 bp)...
	[0000][ M::mem_process_seqs] Processed 4223862 reads in 731.349 CPU sec, 20.060 real sec
[0000] Calling mem_process_seqs.., task: 7
[0000] 1. Calling kt_for - worker_bwt
[0000] 2. Calling kt_for - worker_aln
[0000] Inferring insert size distribution of PE reads from data, l_pac: 1342662642, n: 4217558
[0000][PE] # candidate unique pairs for (FF, FR, RF, RR): (186, 1230981, 2, 163)
[0000][PE] analyzing insert size distribution for orientation FF...
[0000][PE] (25, 50, 75) percentile: (30, 44, 66)
[0000][PE] low and high boundaries for computing mean and std.dev: (1, 138)
[0000][PE] mean and std.dev: (48.51, 23.91)
[0000][PE] low and high boundaries for proper pairs: (1, 174)
[0000][PE] analyzing insert size distribution for orientation FR...
[0000][PE] (25, 50, 75) percentile: (72, 89, 108)
[0000][PE] low and high boundaries for computing mean and std.dev: (1, 180)
[0000][PE] mean and std.dev: (91.72, 26.50)
[0000][PE] low and high boundaries for proper pairs: (1, 216)
[0000][PE] skip orientation RF as there are not enough pairs
[0000][PE] analyzing insert size distribution for orientation RR...
[0000][PE] (25, 50, 75) percentile: (32, 47, 69)
[0000][PE] low and high boundaries for computing mean and std.dev: (1, 143)
[0000][PE] mean and std.dev: (50.08, 23.22)
[0000][PE] low and high boundaries for proper pairs: (1, 180)
[0000][PE] skip orientation FF
[0000][PE] skip orientation RR
[0000] 3. Calling kt_for - worker_sam
[0000] read_chunk: 400000000, work_chunk_size: 400000038, nseq: 4187672
	[0000][ M::kt_pipeline] read 4187672 sequences (400000038 bp)...
	[0000][ M::mem_process_seqs] Processed 4217558 reads in 772.421 CPU sec, 20.835 real sec
[0000] Calling mem_process_seqs.., task: 8
[0000] 1. Calling kt_for - worker_bwt
[0000] 2. Calling kt_for - worker_aln
[0000] Inferring insert size distribution of PE reads from data, l_pac: 1342662642, n: 4187672
[0000] read_chunk: 400000000, work_chunk_size: 400000064, nseq: 4238668
[0000][PE] # candidate unique pairs for (FF, FR, RF, RR): (165, 1194884, 2, 188)
[0000][PE] analyzing insert size distribution for orientation FF...
[0000][PE] (25, 50, 75) percentile: (32, 41, 63)
[0000][PE] low and high boundaries for computing mean and std.dev: (1, 125)
[0000][PE] mean and std.dev: (47.90, 25.69)
[0000][PE] low and high boundaries for proper pairs: (1, 156)
[0000][PE] analyzing insert size distribution for orientation FR...
[0000][PE] (25, 50, 75) percentile: (72, 89, 108)
[0000][PE] low and high boundaries for computing mean and std.dev: (1, 180)
[0000][PE] mean and std.dev: (91.69, 26.49)
[0000][PE] low and high boundaries for proper pairs: (1, 216)
[0000][PE] skip orientation RF as there are not enough pairs
[0000][PE] analyzing insert size distribution for orientation RR...
[0000][PE] (25, 50, 75) percentile: (29, 43, 63)
[0000][PE] low and high boundaries for computing mean and std.dev: (1, 131)
[0000][PE] mean and std.dev: (45.53, 22.71)
[0000][PE] low and high boundaries for proper pairs: (1, 165)
[0000][PE] skip orientation FF
[0000][PE] skip orientation RR
[0000] 3. Calling kt_for - worker_sam
	[0000][ M::kt_pipeline] read 4238668 sequences (400000064 bp)...
	[0000][ M::mem_process_seqs] Processed 4187672 reads in 854.213 CPU sec, 23.035 real sec
[0000] Calling mem_process_seqs.., task: 9
[0000] 1. Calling kt_for - worker_bwt
[0000] 2. Calling kt_for - worker_aln
[0000] Inferring insert size distribution of PE reads from data, l_pac: 1342662642, n: 4238668
[0000][PE] # candidate unique pairs for (FF, FR, RF, RR): (201, 1228011, 1, 183)
[0000][PE] analyzing insert size distribution for orientation FF...
[0000][PE] (25, 50, 75) percentile: (30, 45, 66)
[0000][PE] low and high boundaries for computing mean and std.dev: (1, 138)
[0000][PE] mean and std.dev: (48.17, 24.52)
[0000][PE] low and high boundaries for proper pairs: (1, 174)
[0000][PE] analyzing insert size distribution for orientation FR...
[0000][PE] (25, 50, 75) percentile: (73, 89, 109)
[0000][PE] low and high boundaries for computing mean and std.dev: (1, 181)
[0000][PE] mean and std.dev: (91.87, 26.59)
[0000][PE] low and high boundaries for proper pairs: (1, 217)
[0000][PE] skip orientation RF as there are not enough pairs
[0000][PE] analyzing insert size distribution for orientation RR...
[0000][PE] (25, 50, 75) percentile: (32, 46, 62)
[0000][PE] low and high boundaries for computing mean and std.dev: (1, 122)
[0000][PE] mean and std.dev: (48.19, 24.28)
[0000][PE] low and high boundaries for proper pairs: (1, 152)
[0000][PE] skip orientation FF
[0000][PE] skip orientation RR
[0000] 3. Calling kt_for - worker_sam
[0000] read_chunk: 400000000, work_chunk_size: 400000046, nseq: 4242906
	[0000][ M::kt_pipeline] read 4242906 sequences (400000046 bp)...
	[0000][ M::mem_process_seqs] Processed 4238668 reads in 765.799 CPU sec, 21.051 real sec
[0000] Calling mem_process_seqs.., task: 10
[0000] 1. Calling kt_for - worker_bwt
[0000] 2. Calling kt_for - worker_aln
[0000] Inferring insert size distribution of PE reads from data, l_pac: 1342662642, n: 4242906
[0000][PE] # candidate unique pairs for (FF, FR, RF, RR): (167, 1271606, 0, 162)
[0000][PE] analyzing insert size distribution for orientation FF...
[0000][PE] (25, 50, 75) percentile: (32, 45, 65)
[0000][PE] low and high boundaries for computing mean and std.dev: (1, 131)
[0000][PE] mean and std.dev: (48.43, 24.55)
[0000][PE] low and high boundaries for proper pairs: (1, 164)
[0000][PE] analyzing insert size distribution for orientation FR...
[0000][PE] (25, 50, 75) percentile: (72, 89, 109)
[0000][PE] low and high boundaries for computing mean and std.dev: (1, 183)
[0000][PE] mean and std.dev: (91.89, 26.71)
[0000][PE] low and high boundaries for proper pairs: (1, 220)
[0000][PE] skip orientation RF as there are not enough pairs
[0000][PE] analyzing insert size distribution for orientation RR...
[0000][PE] (25, 50, 75) percentile: (33, 50, 73)
[0000][PE] low and high boundaries for computing mean and std.dev: (1, 153)
[0000][PE] mean and std.dev: (53.02, 25.64)
[0000][PE] low and high boundaries for proper pairs: (1, 193)
[0000][PE] skip orientation FF
[0000][PE] skip orientation RR
[0000] 3. Calling kt_for - worker_sam
[0000] read_chunk: 400000000, work_chunk_size: 400000217, nseq: 4236764
	[0000][ M::kt_pipeline] read 4236764 sequences (400000217 bp)...
	[0000][ M::mem_process_seqs] Processed 4242906 reads in 719.797 CPU sec, 19.756 real sec
[0000] Calling mem_process_seqs.., task: 11
[0000] 1. Calling kt_for - worker_bwt
[0000] 2. Calling kt_for - worker_aln
[0000] Inferring insert size distribution of PE reads from data, l_pac: 1342662642, n: 4236764
[0000][PE] # candidate unique pairs for (FF, FR, RF, RR): (197, 1267595, 1, 190)
[0000][PE] analyzing insert size distribution for orientation FF...
[0000][PE] (25, 50, 75) percentile: (29, 40, 60)
[0000][PE] low and high boundaries for computing mean and std.dev: (1, 122)
[0000][PE] mean and std.dev: (46.37, 23.47)
[0000][PE] low and high boundaries for proper pairs: (1, 153)
[0000][PE] analyzing insert size distribution for orientation FR...
[0000][PE] (25, 50, 75) percentile: (72, 89, 109)
[0000][PE] low and high boundaries for computing mean and std.dev: (1, 183)
[0000][PE] mean and std.dev: (91.83, 26.70)
[0000][PE] low and high boundaries for proper pairs: (1, 220)
[0000][PE] skip orientation RF as there are not enough pairs
[0000][PE] analyzing insert size distribution for orientation RR...
[0000][PE] (25, 50, 75) percentile: (28, 41, 65)
[0000][PE] low and high boundaries for computing mean and std.dev: (1, 139)
[0000][PE] mean and std.dev: (48.19, 25.87)
[0000][PE] low and high boundaries for proper pairs: (1, 176)
[0000][PE] skip orientation FF
[0000][PE] skip orientation RR
[0000] 3. Calling kt_for - worker_sam
[0000] read_chunk: 400000000, work_chunk_size: 400000232, nseq: 4238984
	[0000][ M::kt_pipeline] read 4238984 sequences (400000232 bp)...
	[0000][ M::mem_process_seqs] Processed 4236764 reads in 750.737 CPU sec, 20.484 real sec
[0000] Calling mem_process_seqs.., task: 12
[0000] 1. Calling kt_for - worker_bwt
[0000] 2. Calling kt_for - worker_aln
[0000] Inferring insert size distribution of PE reads from data, l_pac: 1342662642, n: 4238984
[0000][PE] # candidate unique pairs for (FF, FR, RF, RR): (193, 1265346, 3, 195)
[0000][PE] analyzing insert size distribution for orientation FF...
[0000][PE] (25, 50, 75) percentile: (33, 47, 66)
[0000][PE] low and high boundaries for computing mean and std.dev: (1, 132)
[0000][PE] mean and std.dev: (49.95, 23.53)
[0000][PE] low and high boundaries for proper pairs: (1, 165)
[0000][PE] analyzing insert size distribution for orientation FR...
[0000][PE] (25, 50, 75) percentile: (72, 89, 109)
[0000][PE] low and high boundaries for computing mean and std.dev: (1, 183)
[0000][PE] mean and std.dev: (91.89, 26.66)
[0000][PE] low and high boundaries for proper pairs: (1, 220)
[0000][PE] skip orientation RF as there are not enough pairs
[0000][PE] analyzing insert size distribution for orientation RR...
[0000][PE] (25, 50, 75) percentile: (30, 48, 73)
[0000][PE] low and high boundaries for computing mean and std.dev: (1, 159)
[0000][PE] mean and std.dev: (53.70, 31.40)
[0000][PE] low and high boundaries for proper pairs: (1, 202)
[0000][PE] skip orientation FF
[0000][PE] skip orientation RR
[0000] 3. Calling kt_for - worker_sam
[0000] read_chunk: 400000000, work_chunk_size: 400000098, nseq: 4233890
	[0000][ M::kt_pipeline] read 4233890 sequences (400000098 bp)...
	[0000][ M::mem_process_seqs] Processed 4238984 reads in 729.808 CPU sec, 20.127 real sec
[0000] Calling mem_process_seqs.., task: 13
[0000] 1. Calling kt_for - worker_bwt
[0000] 2. Calling kt_for - worker_aln
[0000] Inferring insert size distribution of PE reads from data, l_pac: 1342662642, n: 4233890
[0000][PE] # candidate unique pairs for (FF, FR, RF, RR): (217, 1264211, 1, 194)
[0000][PE] analyzing insert size distribution for orientation FF...
[0000][PE] (25, 50, 75) percentile: (32, 45, 64)
[0000][PE] low and high boundaries for computing mean and std.dev: (1, 128)
[0000][PE] mean and std.dev: (48.66, 22.91)
[0000][PE] low and high boundaries for proper pairs: (1, 160)
[0000][PE] analyzing insert size distribution for orientation FR...
[0000][PE] (25, 50, 75) percentile: (72, 89, 109)
[0000][PE] low and high boundaries for computing mean and std.dev: (1, 183)
[0000][PE] mean and std.dev: (91.84, 26.69)
[0000][PE] low and high boundaries for proper pairs: (1, 220)
[0000][PE] skip orientation RF as there are not enough pairs
[0000][PE] analyzing insert size distribution for orientation RR...
[0000][PE] (25, 50, 75) percentile: (30, 47, 65)
[0000][PE] low and high boundaries for computing mean and std.dev: (1, 135)
[0000][PE] mean and std.dev: (48.36, 23.70)
[0000][PE] low and high boundaries for proper pairs: (1, 170)
[0000][PE] skip orientation FF
[0000][PE] skip orientation RR
[0000] 3. Calling kt_for - worker_sam
	[0000][ M::mem_process_seqs] Processed 4233890 reads in 734.945 CPU sec, 26.019 real sec
[0000] read_chunk: 400000000, work_chunk_size: 400000052, nseq: 4236134
	[0000][ M::kt_pipeline] read 4236134 sequences (400000052 bp)...
[0000] Calling mem_process_seqs.., task: 14
[0000] 1. Calling kt_for - worker_bwt
[0000] 2. Calling kt_for - worker_aln
[0000] read_chunk: 400000000, work_chunk_size: 400000145, nseq: 4241376
	[0000][ M::kt_pipeline] read 4241376 sequences (400000145 bp)...
[0000] Inferring insert size distribution of PE reads from data, l_pac: 1342662642, n: 4236134
[0000][PE] # candidate unique pairs for (FF, FR, RF, RR): (208, 1249484, 3, 171)
[0000][PE] analyzing insert size distribution for orientation FF...
[0000][PE] (25, 50, 75) percentile: (30, 46, 69)
[0000][PE] low and high boundaries for computing mean and std.dev: (1, 147)
[0000][PE] mean and std.dev: (50.25, 27.06)
[0000][PE] low and high boundaries for proper pairs: (1, 186)
[0000][PE] analyzing insert size distribution for orientation FR...
[0000][PE] (25, 50, 75) percentile: (72, 89, 108)
[0000][PE] low and high boundaries for computing mean and std.dev: (1, 180)
[0000][PE] mean and std.dev: (91.66, 26.48)
[0000][PE] low and high boundaries for proper pairs: (1, 216)
[0000][PE] skip orientation RF as there are not enough pairs
[0000][PE] analyzing insert size distribution for orientation RR...
[0000][PE] (25, 50, 75) percentile: (34, 49, 70)
[0000][PE] low and high boundaries for computing mean and std.dev: (1, 142)
[0000][PE] mean and std.dev: (53.01, 27.95)
[0000][PE] low and high boundaries for proper pairs: (1, 178)
[0000][PE] skip orientation FF
[0000][PE] skip orientation RR
[0000] 3. Calling kt_for - worker_sam
	[0000][ M::mem_process_seqs] Processed 4236134 reads in 781.303 CPU sec, 21.127 real sec
[0000] Calling mem_process_seqs.., task: 15
[0000] 1. Calling kt_for - worker_bwt
[0000] 2. Calling kt_for - worker_aln
[0000] read_chunk: 400000000, work_chunk_size: 89237874, nseq: 936242
	[0000][ M::kt_pipeline] read 936242 sequences (89237874 bp)...
[0000] Inferring insert size distribution of PE reads from data, l_pac: 1342662642, n: 4241376
[0000][PE] # candidate unique pairs for (FF, FR, RF, RR): (184, 1272353, 2, 176)
[0000][PE] analyzing insert size distribution for orientation FF...
[0000][PE] (25, 50, 75) percentile: (31, 47, 66)
[0000][PE] low and high boundaries for computing mean and std.dev: (1, 136)
[0000][PE] mean and std.dev: (50.32, 26.42)
[0000][PE] low and high boundaries for proper pairs: (1, 171)
[0000][PE] analyzing insert size distribution for orientation FR...
[0000][PE] (25, 50, 75) percentile: (72, 89, 108)
[0000][PE] low and high boundaries for computing mean and std.dev: (1, 180)
[0000][PE] mean and std.dev: (91.75, 26.49)
[0000][PE] low and high boundaries for proper pairs: (1, 216)
[0000][PE] skip orientation RF as there are not enough pairs
[0000][PE] analyzing insert size distribution for orientation RR...
[0000][PE] (25, 50, 75) percentile: (33, 46, 68)
[0000][PE] low and high boundaries for computing mean and std.dev: (1, 138)
[0000][PE] mean and std.dev: (50.92, 24.45)
[0000][PE] low and high boundaries for proper pairs: (1, 173)
[0000][PE] skip orientation FF
[0000][PE] skip orientation RR
[0000] 3. Calling kt_for - worker_sam
	[0000][ M::mem_process_seqs] Processed 4241376 reads in 725.181 CPU sec, 20.167 real sec
[0000] Calling mem_process_seqs.., task: 16
[0000] 1. Calling kt_for - worker_bwt
[0000] 2. Calling kt_for - worker_aln
[0000] read_chunk: 400000000, work_chunk_size: 0, nseq: 0
[0000] Inferring insert size distribution of PE reads from data, l_pac: 1342662642, n: 936242
[0000][PE] # candidate unique pairs for (FF, FR, RF, RR): (46, 255041, 0, 34)
[0000][PE] analyzing insert size distribution for orientation FF...
[0000][PE] (25, 50, 75) percentile: (25, 43, 68)
[0000][PE] low and high boundaries for computing mean and std.dev: (1, 154)
[0000][PE] mean and std.dev: (48.24, 29.13)
[0000][PE] low and high boundaries for proper pairs: (1, 197)
[0000][PE] analyzing insert size distribution for orientation FR...
[0000][PE] (25, 50, 75) percentile: (73, 89, 109)
[0000][PE] low and high boundaries for computing mean and std.dev: (1, 181)
[0000][PE] mean and std.dev: (91.95, 26.59)
[0000][PE] low and high boundaries for proper pairs: (1, 217)
[0000][PE] skip orientation RF as there are not enough pairs
[0000][PE] analyzing insert size distribution for orientation RR...
[0000][PE] (25, 50, 75) percentile: (30, 43, 72)
[0000][PE] low and high boundaries for computing mean and std.dev: (1, 156)
[0000][PE] mean and std.dev: (51.32, 30.00)
[0000][PE] low and high boundaries for proper pairs: (1, 198)
[0000][PE] skip orientation FF
[0000][PE] skip orientation RR
[0000] 3. Calling kt_for - worker_sam
	[0000][ M::mem_process_seqs] Processed 936242 reads in 231.408 CPU sec, 7.223 real sec
[0000] read_chunk: 400000000, work_chunk_size: 0, nseq: 0
[0000] Computation ends..
No. of OMP threads: 40
Processor is running @2394.746066 MHz
Runtime profile:

	Time taken for main_mem function: 426.42 sec

	IO times (sec) :
	Reading IO time (reads) avg: 182.05, (182.05, 182.05)
	Writing IO time (SAM) avg: 100.68, (100.68, 100.68)
	Reading IO time (Reference Genome) avg: 1.73, (1.73, 1.73)
	Index read time avg: 0.25, (0.25, 0.25)

	Overall time (sec) (Excluding Index reading time):
	PROCESS() (Total compute time + (read + SAM) IO time) : 424.43
	MEM_PROCESS_SEQ() (Total compute time (Kernel + SAM)), avg: 339.15, (339.15, 339.15)

	 SAM Processing time (sec):
	--WORKER_SAM avg: 82.09, (82.09, 82.09)

	Kernels' compute time (sec):
	Total kernel (smem+sal+bsw) time avg: 250.30, (250.30, 250.30)
		MEM_ALN_CHAIN_FLT avg: 0.00, (0.00, 0.00)
		MEM_ALN_CHAIN_SEED avg: 0.00, (0.00, 0.00)
		ERT_SEED_CHAIN avg: 0.00, (0.00, 0.00)
	LEARNED_SEED_CHAIN avg: 94.75, (95.25, 94.45)
		SMEM compute avg: 0.00, (0.00, 0.00)
		SAL compute avg: 0.00, (0.00, 0.00)
				MEM_SA avg: 0.00, (0.00, 0.00)

		BSW time, avg: 141.02, (141.63, 140.37)

Important parameter settings: 
	BATCH_SIZE: 512
	MAX_SEQ_LEN_REF: 256
	MAX_SEQ_LEN_QER: 128
	MAX_SEQ_LEN8: 128
	SEEDS_PER_READ: 500
	SIMD_WIDTH8 X: 64
	SIMD_WIDTH16 X: 32
	AVG_SEEDS_PER_READ: 64
