Looking to launch executable "/opt/conda/bin/bwa-meme_mode3.avx512bw", simd = _mode3.avx512bw
Launching executable "/opt/conda/bin/bwa-meme_mode3.avx512bw"
-----------------------------
Executing in AVX512 mode!!
-----------------------------
* SA compression enabled with xfactor: 8
* Ref file: reference.genbank.Sor.fasta
* Entering FMI_search
Reading other elements of the index from files reference.genbank.Sor.fasta
* Index prefix: reference.genbank.Sor.fasta
* Read 0 ALT contigs
* Reading reference genome..
* Binary seq file = reference.genbank.Sor.fasta.0123
* Reference genome size: 2685325284 bp
* Done reading reference genome !!

------------------------------------------
1. Memory pre-allocation for Chaining: 5679.4903 MB
2. Memory pre-allocation for BSW: 9584.6810 MB
[M::memoryAllocLearned::MEME] Reading Learned-index models into memory
[Learned-Config] MODE:3 SEARCH_METHOD: 1 MEM_TRADEOFF:1 EXPONENTIAL_SMEMSEARCH: 1 DEBUG_MODE:0 Num 2nd Models:268435456 PWL Bits Used:28
[M::memoryAllocLearned::MEME] Loading RMI model and Pac reference file took 18.356 sec
[M::memoryAllocLearned::MEME] Reading suffix array into memory
[M::memoryAllocLearned::MEME] Loading pos_packed file took 24.933 sec
[M::memoryAllocLearned::MEME] Generating SA, 64-bit Suffix and ISA in memory
[M::memoryAllocLearned::MEME] Runtime-build-index took 31.786 sec
3. Memory pre-allocation for BWT: 14070.0171 MB
------------------------------------------
* Threads used (compute): 40
* No. of pipeline threads: 2

[0000] read_chunk: 400000000, work_chunk_size: 400000072, nseq: 4198398
	[0000][ M::kt_pipeline] read 4198398 sequences (400000072 bp)...
[0000] Reallocating initial memory allocations!!
[0000] Calling mem_process_seqs.., task: 0
[0000] 1. Calling kt_for - worker_bwt
[0000] 2. Calling kt_for - worker_aln
[0000] read_chunk: 400000000, work_chunk_size: 400000182, nseq: 4203622
	[0000][ M::kt_pipeline] read 4203622 sequences (400000182 bp)...
[0000] Inferring insert size distribution of PE reads from data, l_pac: 1342662642, n: 4198398
[0000][PE] # candidate unique pairs for (FF, FR, RF, RR): (137, 1223975, 2, 179)
[0000][PE] analyzing insert size distribution for orientation FF...
[0000][PE] (25, 50, 75) percentile: (32, 48, 65)
[0000][PE] low and high boundaries for computing mean and std.dev: (1, 131)
[0000][PE] mean and std.dev: (48.94, 22.58)
[0000][PE] low and high boundaries for proper pairs: (1, 164)
[0000][PE] analyzing insert size distribution for orientation FR...
[0000][PE] (25, 50, 75) percentile: (73, 90, 109)
[0000][PE] low and high boundaries for computing mean and std.dev: (1, 181)
[0000][PE] mean and std.dev: (92.56, 26.49)
[0000][PE] low and high boundaries for proper pairs: (1, 217)
[0000][PE] skip orientation RF as there are not enough pairs
[0000][PE] analyzing insert size distribution for orientation RR...
[0000][PE] (25, 50, 75) percentile: (32, 46, 70)
[0000][PE] low and high boundaries for computing mean and std.dev: (1, 146)
[0000][PE] mean and std.dev: (51.94, 27.24)
[0000][PE] low and high boundaries for proper pairs: (1, 184)
[0000][PE] skip orientation FF
[0000][PE] skip orientation RR
[0000] 3. Calling kt_for - worker_sam
	[0000][ M::mem_process_seqs] Processed 4198398 reads in 740.792 CPU sec, 19.441 real sec
[0000] Reallocating initial memory allocations!!
[0000] Calling mem_process_seqs.., task: 1
[0000] 1. Calling kt_for - worker_bwt
[0000] 2. Calling kt_for - worker_aln
[0000] read_chunk: 400000000, work_chunk_size: 400000009, nseq: 4215774
	[0000][ M::kt_pipeline] read 4215774 sequences (400000009 bp)...
[0000] Inferring insert size distribution of PE reads from data, l_pac: 1342662642, n: 4203622
[0000][PE] # candidate unique pairs for (FF, FR, RF, RR): (171, 1239260, 2, 142)
[0000][PE] analyzing insert size distribution for orientation FF...
[0000][PE] (25, 50, 75) percentile: (31, 44, 64)
[0000][PE] low and high boundaries for computing mean and std.dev: (1, 130)
[0000][PE] mean and std.dev: (49.31, 26.25)
[0000][PE] low and high boundaries for proper pairs: (1, 163)
[0000][PE] analyzing insert size distribution for orientation FR...
[0000][PE] (25, 50, 75) percentile: (73, 90, 109)
[0000][PE] low and high boundaries for computing mean and std.dev: (1, 181)
[0000][PE] mean and std.dev: (92.58, 26.49)
[0000][PE] low and high boundaries for proper pairs: (1, 217)
[0000][PE] skip orientation RF as there are not enough pairs
[0000][PE] analyzing insert size distribution for orientation RR...
[0000][PE] (25, 50, 75) percentile: (31, 46, 64)
[0000][PE] low and high boundaries for computing mean and std.dev: (1, 130)
[0000][PE] mean and std.dev: (48.68, 24.33)
[0000][PE] low and high boundaries for proper pairs: (1, 163)
[0000][PE] skip orientation FF
[0000][PE] skip orientation RR
[0000] 3. Calling kt_for - worker_sam
	[0000][ M::mem_process_seqs] Processed 4203622 reads in 746.546 CPU sec, 19.802 real sec
[0000] Reallocating initial memory allocations!!
[0000] Calling mem_process_seqs.., task: 2
[0000] 1. Calling kt_for - worker_bwt
[0000] 2. Calling kt_for - worker_aln
[0000] read_chunk: 400000000, work_chunk_size: 400000144, nseq: 4185908
	[0000][ M::kt_pipeline] read 4185908 sequences (400000144 bp)...
[0000] Inferring insert size distribution of PE reads from data, l_pac: 1342662642, n: 4215774
[0000][PE] # candidate unique pairs for (FF, FR, RF, RR): (178, 1265206, 2, 156)
[0000][PE] analyzing insert size distribution for orientation FF...
[0000][PE] (25, 50, 75) percentile: (32, 46, 67)
[0000][PE] low and high boundaries for computing mean and std.dev: (1, 137)
[0000][PE] mean and std.dev: (49.20, 24.81)
[0000][PE] low and high boundaries for proper pairs: (1, 172)
[0000][PE] analyzing insert size distribution for orientation FR...
[0000][PE] (25, 50, 75) percentile: (73, 89, 109)
[0000][PE] low and high boundaries for computing mean and std.dev: (1, 181)
[0000][PE] mean and std.dev: (92.37, 26.44)
[0000][PE] low and high boundaries for proper pairs: (1, 217)
[0000][PE] skip orientation RF as there are not enough pairs
[0000][PE] analyzing insert size distribution for orientation RR...
[0000][PE] (25, 50, 75) percentile: (32, 45, 63)
[0000][PE] low and high boundaries for computing mean and std.dev: (1, 125)
[0000][PE] mean and std.dev: (47.56, 22.83)
[0000][PE] low and high boundaries for proper pairs: (1, 156)
[0000][PE] skip orientation FF
[0000][PE] skip orientation RR
[0000] 3. Calling kt_for - worker_sam
	[0000][ M::mem_process_seqs] Processed 4215774 reads in 725.956 CPU sec, 19.493 real sec
[0000] Calling mem_process_seqs.., task: 3
[0000] 1. Calling kt_for - worker_bwt
[0000] 2. Calling kt_for - worker_aln
[0000] Inferring insert size distribution of PE reads from data, l_pac: 1342662642, n: 4185908
[0000][PE] # candidate unique pairs for (FF, FR, RF, RR): (187, 1228250, 3, 172)
[0000][PE] analyzing insert size distribution for orientation FF...
[0000][PE] (25, 50, 75) percentile: (31, 44, 63)
[0000][PE] low and high boundaries for computing mean and std.dev: (1, 127)
[0000][PE] mean and std.dev: (47.86, 23.50)
[0000][PE] low and high boundaries for proper pairs: (1, 159)
[0000][PE] analyzing insert size distribution for orientation FR...
[0000][PE] (25, 50, 75) percentile: (73, 90, 109)
[0000][PE] low and high boundaries for computing mean and std.dev: (1, 181)
[0000][PE] mean and std.dev: (92.51, 26.48)
[0000][PE] low and high boundaries for proper pairs: (1, 217)
[0000][PE] skip orientation RF as there are not enough pairs
[0000][PE] analyzing insert size distribution for orientation RR...
[0000][PE] (25, 50, 75) percentile: (32, 44, 67)
[0000][PE] low and high boundaries for computing mean and std.dev: (1, 137)
[0000][PE] mean and std.dev: (49.29, 25.71)
[0000][PE] low and high boundaries for proper pairs: (1, 172)
[0000][PE] skip orientation FF
[0000][PE] skip orientation RR
[0000] 3. Calling kt_for - worker_sam
[0000] read_chunk: 400000000, work_chunk_size: 400000035, nseq: 4208890
	[0000][ M::kt_pipeline] read 4208890 sequences (400000035 bp)...
	[0000][ M::mem_process_seqs] Processed 4185908 reads in 793.353 CPU sec, 21.344 real sec
[0000] Calling mem_process_seqs.., task: 4
[0000] 1. Calling kt_for - worker_bwt
[0000] 2. Calling kt_for - worker_aln
[0000] Inferring insert size distribution of PE reads from data, l_pac: 1342662642, n: 4208890
[0000][PE] # candidate unique pairs for (FF, FR, RF, RR): (167, 1232068, 1, 166)
[0000][PE] analyzing insert size distribution for orientation FF...
[0000][PE] (25, 50, 75) percentile: (30, 47, 65)
[0000][PE] low and high boundaries for computing mean and std.dev: (1, 135)
[0000][PE] mean and std.dev: (49.32, 24.89)
[0000][PE] low and high boundaries for proper pairs: (1, 170)
[0000][PE] analyzing insert size distribution for orientation FR...
[0000][PE] (25, 50, 75) percentile: (73, 90, 109)
[0000][PE] low and high boundaries for computing mean and std.dev: (1, 181)
[0000][PE] mean and std.dev: (92.57, 26.51)
[0000][PE] low and high boundaries for proper pairs: (1, 217)
[0000][PE] skip orientation RF as there are not enough pairs
[0000][PE] analyzing insert size distribution for orientation RR...
[0000][PE] (25, 50, 75) percentile: (33, 46, 73)
[0000][PE] low and high boundaries for computing mean and std.dev: (1, 153)
[0000][PE] mean and std.dev: (52.80, 29.11)
[0000][PE] low and high boundaries for proper pairs: (1, 193)
[0000][PE] skip orientation FF
[0000][PE] skip orientation RR
[0000] 3. Calling kt_for - worker_sam
[0000] read_chunk: 400000000, work_chunk_size: 400000127, nseq: 4184664
	[0000][ M::kt_pipeline] read 4184664 sequences (400000127 bp)...
	[0000][ M::mem_process_seqs] Processed 4208890 reads in 742.433 CPU sec, 20.261 real sec
[0000] Calling mem_process_seqs.., task: 5
[0000] 1. Calling kt_for - worker_bwt
[0000] 2. Calling kt_for - worker_aln
[0000] Inferring insert size distribution of PE reads from data, l_pac: 1342662642, n: 4184664
[0000][PE] # candidate unique pairs for (FF, FR, RF, RR): (163, 1228077, 1, 171)
[0000][PE] analyzing insert size distribution for orientation FF...
[0000][PE] (25, 50, 75) percentile: (31, 47, 73)
[0000][PE] low and high boundaries for computing mean and std.dev: (1, 157)
[0000][PE] mean and std.dev: (54.28, 30.96)
[0000][PE] low and high boundaries for proper pairs: (1, 199)
[0000][PE] analyzing insert size distribution for orientation FR...
[0000][PE] (25, 50, 75) percentile: (73, 90, 109)
[0000][PE] low and high boundaries for computing mean and std.dev: (1, 181)
[0000][PE] mean and std.dev: (92.60, 26.55)
[0000][PE] low and high boundaries for proper pairs: (1, 217)
[0000][PE] skip orientation RF as there are not enough pairs
[0000][PE] analyzing insert size distribution for orientation RR...
[0000][PE] (25, 50, 75) percentile: (34, 48, 76)
[0000][PE] low and high boundaries for computing mean and std.dev: (1, 160)
[0000][PE] mean and std.dev: (55.41, 28.97)
[0000][PE] low and high boundaries for proper pairs: (1, 202)
[0000][PE] skip orientation FF
[0000][PE] skip orientation RR
[0000] 3. Calling kt_for - worker_sam
[0000] read_chunk: 400000000, work_chunk_size: 400000154, nseq: 4181778
	[0000][ M::kt_pipeline] read 4181778 sequences (400000154 bp)...
	[0000][ M::mem_process_seqs] Processed 4184664 reads in 735.506 CPU sec, 20.185 real sec
[0000] Calling mem_process_seqs.., task: 6
[0000] 1. Calling kt_for - worker_bwt
[0000] 2. Calling kt_for - worker_aln
[0000] Inferring insert size distribution of PE reads from data, l_pac: 1342662642, n: 4181778
[0000][PE] # candidate unique pairs for (FF, FR, RF, RR): (173, 1218006, 0, 193)
[0000][PE] analyzing insert size distribution for orientation FF...
[0000][PE] (25, 50, 75) percentile: (28, 44, 68)
[0000][PE] low and high boundaries for computing mean and std.dev: (1, 148)
[0000][PE] mean and std.dev: (48.54, 25.11)
[0000][PE] low and high boundaries for proper pairs: (1, 188)
[0000][PE] analyzing insert size distribution for orientation FR...
[0000][PE] (25, 50, 75) percentile: (73, 90, 109)
[0000][PE] low and high boundaries for computing mean and std.dev: (1, 181)
[0000][PE] mean and std.dev: (92.51, 26.49)
[0000][PE] low and high boundaries for proper pairs: (1, 217)
[0000][PE] skip orientation RF as there are not enough pairs
[0000][PE] analyzing insert size distribution for orientation RR...
[0000][PE] (25, 50, 75) percentile: (32, 51, 71)
[0000][PE] low and high boundaries for computing mean and std.dev: (1, 149)
[0000][PE] mean and std.dev: (52.76, 27.58)
[0000][PE] low and high boundaries for proper pairs: (1, 188)
[0000][PE] skip orientation FF
[0000][PE] skip orientation RR
[0000] 3. Calling kt_for - worker_sam
[0000] read_chunk: 400000000, work_chunk_size: 400000187, nseq: 4155840
	[0000][ M::kt_pipeline] read 4155840 sequences (400000187 bp)...
	[0000][ M::mem_process_seqs] Processed 4181778 reads in 777.571 CPU sec, 21.083 real sec
[0000] Calling mem_process_seqs.., task: 7
[0000] 1. Calling kt_for - worker_bwt
[0000] 2. Calling kt_for - worker_aln
[0000] Inferring insert size distribution of PE reads from data, l_pac: 1342662642, n: 4155840
[0000][PE] # candidate unique pairs for (FF, FR, RF, RR): (163, 1188384, 2, 165)
[0000][PE] analyzing insert size distribution for orientation FF...
[0000][PE] (25, 50, 75) percentile: (30, 44, 61)
[0000][PE] low and high boundaries for computing mean and std.dev: (1, 123)
[0000][PE] mean and std.dev: (46.77, 22.59)
[0000][PE] low and high boundaries for proper pairs: (1, 154)
[0000][PE] analyzing insert size distribution for orientation FR...
[0000][PE] (25, 50, 75) percentile: (73, 90, 109)
[0000][PE] low and high boundaries for computing mean and std.dev: (1, 181)
[0000][PE] mean and std.dev: (92.46, 26.46)
[0000][PE] low and high boundaries for proper pairs: (1, 217)
[0000][PE] skip orientation RF as there are not enough pairs
[0000][PE] analyzing insert size distribution for orientation RR...
[0000][PE] (25, 50, 75) percentile: (32, 47, 68)
[0000][PE] low and high boundaries for computing mean and std.dev: (1, 140)
[0000][PE] mean and std.dev: (50.43, 24.17)
[0000][PE] low and high boundaries for proper pairs: (1, 176)
[0000][PE] skip orientation FF
[0000][PE] skip orientation RR
[0000] 3. Calling kt_for - worker_sam
[0000] read_chunk: 400000000, work_chunk_size: 400000234, nseq: 4200150
	[0000][ M::kt_pipeline] read 4200150 sequences (400000234 bp)...
	[0000][ M::mem_process_seqs] Processed 4155840 reads in 846.567 CPU sec, 22.651 real sec
[0000] Calling mem_process_seqs.., task: 8
[0000] 1. Calling kt_for - worker_bwt
[0000] 2. Calling kt_for - worker_aln
[0000] Inferring insert size distribution of PE reads from data, l_pac: 1342662642, n: 4200150
[0000][PE] # candidate unique pairs for (FF, FR, RF, RR): (191, 1215455, 2, 163)
[0000][PE] analyzing insert size distribution for orientation FF...
[0000][PE] (25, 50, 75) percentile: (31, 44, 65)
[0000][PE] low and high boundaries for computing mean and std.dev: (1, 133)
[0000][PE] mean and std.dev: (49.20, 25.57)
[0000][PE] low and high boundaries for proper pairs: (1, 167)
[0000][PE] analyzing insert size distribution for orientation FR...
[0000][PE] (25, 50, 75) percentile: (73, 90, 109)
[0000][PE] low and high boundaries for computing mean and std.dev: (1, 181)
[0000][PE] mean and std.dev: (92.65, 26.53)
[0000][PE] low and high boundaries for proper pairs: (1, 217)
[0000][PE] skip orientation RF as there are not enough pairs
[0000][PE] analyzing insert size distribution for orientation RR...
[0000][PE] (25, 50, 75) percentile: (33, 50, 69)
[0000][PE] low and high boundaries for computing mean and std.dev: (1, 141)
[0000][PE] mean and std.dev: (52.94, 28.30)
[0000][PE] low and high boundaries for proper pairs: (1, 177)
[0000][PE] skip orientation FF
[0000][PE] skip orientation RR
[0000] 3. Calling kt_for - worker_sam
[0000] read_chunk: 400000000, work_chunk_size: 400000213, nseq: 4208216
	[0000][ M::kt_pipeline] read 4208216 sequences (400000213 bp)...
	[0000][ M::mem_process_seqs] Processed 4200150 reads in 767.002 CPU sec, 21.029 real sec
[0000] Calling mem_process_seqs.., task: 9
[0000] 1. Calling kt_for - worker_bwt
[0000] 2. Calling kt_for - worker_aln
[0000] Inferring insert size distribution of PE reads from data, l_pac: 1342662642, n: 4208216
[0000][PE] # candidate unique pairs for (FF, FR, RF, RR): (178, 1261900, 1, 169)
[0000][PE] analyzing insert size distribution for orientation FF...
[0000][PE] (25, 50, 75) percentile: (32, 45, 63)
[0000][PE] low and high boundaries for computing mean and std.dev: (1, 125)
[0000][PE] mean and std.dev: (47.61, 24.15)
[0000][PE] low and high boundaries for proper pairs: (1, 156)
[0000][PE] analyzing insert size distribution for orientation FR...
[0000][PE] (25, 50, 75) percentile: (73, 90, 109)
[0000][PE] low and high boundaries for computing mean and std.dev: (1, 181)
[0000][PE] mean and std.dev: (92.53, 26.52)
[0000][PE] low and high boundaries for proper pairs: (1, 217)
[0000][PE] skip orientation RF as there are not enough pairs
[0000][PE] analyzing insert size distribution for orientation RR...
[0000][PE] (25, 50, 75) percentile: (32, 47, 70)
[0000][PE] low and high boundaries for computing mean and std.dev: (1, 146)
[0000][PE] mean and std.dev: (51.93, 25.39)
[0000][PE] low and high boundaries for proper pairs: (1, 184)
[0000][PE] skip orientation FF
[0000][PE] skip orientation RR
[0000] 3. Calling kt_for - worker_sam
[0000] read_chunk: 400000000, work_chunk_size: 400000031, nseq: 4195416
	[0000][ M::kt_pipeline] read 4195416 sequences (400000031 bp)...
	[0000][ M::mem_process_seqs] Processed 4208216 reads in 716.842 CPU sec, 19.779 real sec
[0000] Calling mem_process_seqs.., task: 10
[0000] 1. Calling kt_for - worker_bwt
[0000] 2. Calling kt_for - worker_aln
[0000] Inferring insert size distribution of PE reads from data, l_pac: 1342662642, n: 4195416
[0000][PE] # candidate unique pairs for (FF, FR, RF, RR): (175, 1240738, 1, 164)
[0000][PE] analyzing insert size distribution for orientation FF...
[0000][PE] (25, 50, 75) percentile: (28, 41, 66)
[0000][PE] low and high boundaries for computing mean and std.dev: (1, 142)
[0000][PE] mean and std.dev: (48.59, 26.74)
[0000][PE] low and high boundaries for proper pairs: (1, 180)
[0000][PE] analyzing insert size distribution for orientation FR...
[0000][PE] (25, 50, 75) percentile: (73, 90, 109)
[0000][PE] low and high boundaries for computing mean and std.dev: (1, 181)
[0000][PE] mean and std.dev: (92.59, 26.53)
[0000][PE] low and high boundaries for proper pairs: (1, 217)
[0000][PE] skip orientation RF as there are not enough pairs
[0000][PE] analyzing insert size distribution for orientation RR...
[0000][PE] (25, 50, 75) percentile: (31, 45, 69)
[0000][PE] low and high boundaries for computing mean and std.dev: (1, 145)
[0000][PE] mean and std.dev: (50.37, 25.53)
[0000][PE] low and high boundaries for proper pairs: (1, 183)
[0000][PE] skip orientation FF
[0000][PE] skip orientation RR
[0000] 3. Calling kt_for - worker_sam
[0000] read_chunk: 400000000, work_chunk_size: 400000008, nseq: 4202394
	[0000][ M::kt_pipeline] read 4202394 sequences (400000008 bp)...
	[0000][ M::mem_process_seqs] Processed 4195416 reads in 768.727 CPU sec, 21.193 real sec
[0000] Calling mem_process_seqs.., task: 11
[0000] 1. Calling kt_for - worker_bwt
[0000] 2. Calling kt_for - worker_aln
[0000] Inferring insert size distribution of PE reads from data, l_pac: 1342662642, n: 4202394
[0000][PE] # candidate unique pairs for (FF, FR, RF, RR): (153, 1260797, 4, 191)
[0000][PE] analyzing insert size distribution for orientation FF...
[0000][PE] (25, 50, 75) percentile: (31, 41, 66)
[0000][PE] low and high boundaries for computing mean and std.dev: (1, 136)
[0000][PE] mean and std.dev: (48.51, 23.91)
[0000][PE] low and high boundaries for proper pairs: (1, 171)
[0000][PE] analyzing insert size distribution for orientation FR...
[0000][PE] (25, 50, 75) percentile: (73, 90, 109)
[0000][PE] low and high boundaries for computing mean and std.dev: (1, 181)
[0000][PE] mean and std.dev: (92.59, 26.52)
[0000][PE] low and high boundaries for proper pairs: (1, 217)
[0000][PE] skip orientation RF as there are not enough pairs
[0000][PE] analyzing insert size distribution for orientation RR...
[0000][PE] (25, 50, 75) percentile: (35, 51, 70)
[0000][PE] low and high boundaries for computing mean and std.dev: (1, 140)
[0000][PE] mean and std.dev: (53.99, 25.17)
[0000][PE] low and high boundaries for proper pairs: (1, 175)
[0000][PE] skip orientation FF
[0000][PE] skip orientation RR
[0000] 3. Calling kt_for - worker_sam
[0000] read_chunk: 400000000, work_chunk_size: 400000036, nseq: 4190622
	[0000][ M::kt_pipeline] read 4190622 sequences (400000036 bp)...
	[0000][ M::mem_process_seqs] Processed 4202394 reads in 729.581 CPU sec, 20.159 real sec
[0000] Calling mem_process_seqs.., task: 12
[0000] 1. Calling kt_for - worker_bwt
[0000] 2. Calling kt_for - worker_aln
[0000] Inferring insert size distribution of PE reads from data, l_pac: 1342662642, n: 4190622
[0000][PE] # candidate unique pairs for (FF, FR, RF, RR): (161, 1238566, 1, 171)
[0000][PE] analyzing insert size distribution for orientation FF...
[0000][PE] (25, 50, 75) percentile: (30, 43, 67)
[0000][PE] low and high boundaries for computing mean and std.dev: (1, 141)
[0000][PE] mean and std.dev: (48.93, 25.96)
[0000][PE] low and high boundaries for proper pairs: (1, 178)
[0000][PE] analyzing insert size distribution for orientation FR...
[0000][PE] (25, 50, 75) percentile: (73, 90, 109)
[0000][PE] low and high boundaries for computing mean and std.dev: (1, 181)
[0000][PE] mean and std.dev: (92.53, 26.52)
[0000][PE] low and high boundaries for proper pairs: (1, 217)
[0000][PE] skip orientation RF as there are not enough pairs
[0000][PE] analyzing insert size distribution for orientation RR...
[0000][PE] (25, 50, 75) percentile: (34, 51, 70)
[0000][PE] low and high boundaries for computing mean and std.dev: (1, 142)
[0000][PE] mean and std.dev: (54.42, 28.34)
[0000][PE] low and high boundaries for proper pairs: (1, 178)
[0000][PE] skip orientation FF
[0000][PE] skip orientation RR
[0000] 3. Calling kt_for - worker_sam
[0000] read_chunk: 400000000, work_chunk_size: 400000032, nseq: 4204586
	[0000][ M::kt_pipeline] read 4204586 sequences (400000032 bp)...
	[0000][ M::mem_process_seqs] Processed 4190622 reads in 764.225 CPU sec, 20.838 real sec
[0000] Calling mem_process_seqs.., task: 13
[0000] 1. Calling kt_for - worker_bwt
[0000] 2. Calling kt_for - worker_aln
[0000] Inferring insert size distribution of PE reads from data, l_pac: 1342662642, n: 4204586
[0000][PE] # candidate unique pairs for (FF, FR, RF, RR): (174, 1246016, 1, 178)
[0000][PE] analyzing insert size distribution for orientation FF...
[0000][PE] (25, 50, 75) percentile: (35, 44, 65)
[0000][PE] low and high boundaries for computing mean and std.dev: (1, 125)
[0000][PE] mean and std.dev: (50.03, 24.93)
[0000][PE] low and high boundaries for proper pairs: (1, 155)
[0000][PE] analyzing insert size distribution for orientation FR...
[0000][PE] (25, 50, 75) percentile: (73, 90, 109)
[0000][PE] low and high boundaries for computing mean and std.dev: (1, 181)
[0000][PE] mean and std.dev: (92.52, 26.47)
[0000][PE] low and high boundaries for proper pairs: (1, 217)
[0000][PE] skip orientation RF as there are not enough pairs
[0000][PE] analyzing insert size distribution for orientation RR...
[0000][PE] (25, 50, 75) percentile: (35, 52, 67)
[0000][PE] low and high boundaries for computing mean and std.dev: (1, 131)
[0000][PE] mean and std.dev: (51.84, 23.43)
[0000][PE] low and high boundaries for proper pairs: (1, 163)
[0000][PE] skip orientation FF
[0000][PE] skip orientation RR
[0000] 3. Calling kt_for - worker_sam
[0000] read_chunk: 400000000, work_chunk_size: 283993853, nseq: 2975944
	[0000][ M::kt_pipeline] read 2975944 sequences (283993853 bp)...
	[0000][ M::mem_process_seqs] Processed 4204586 reads in 761.298 CPU sec, 26.238 real sec
[0000] Calling mem_process_seqs.., task: 14
[0000] 1. Calling kt_for - worker_bwt
[0000] 2. Calling kt_for - worker_aln
[0000] read_chunk: 400000000, work_chunk_size: 0, nseq: 0
[0000] Inferring insert size distribution of PE reads from data, l_pac: 1342662642, n: 2975944
[0000][PE] # candidate unique pairs for (FF, FR, RF, RR): (122, 864573, 1, 126)
[0000][PE] analyzing insert size distribution for orientation FF...
[0000][PE] (25, 50, 75) percentile: (29, 42, 58)
[0000][PE] low and high boundaries for computing mean and std.dev: (1, 116)
[0000][PE] mean and std.dev: (43.17, 20.33)
[0000][PE] low and high boundaries for proper pairs: (1, 145)
[0000][PE] analyzing insert size distribution for orientation FR...
[0000][PE] (25, 50, 75) percentile: (73, 90, 109)
[0000][PE] low and high boundaries for computing mean and std.dev: (1, 181)
[0000][PE] mean and std.dev: (92.58, 26.53)
[0000][PE] low and high boundaries for proper pairs: (1, 217)
[0000][PE] skip orientation RF as there are not enough pairs
[0000][PE] analyzing insert size distribution for orientation RR...
[0000][PE] (25, 50, 75) percentile: (35, 48, 63)
[0000][PE] low and high boundaries for computing mean and std.dev: (1, 119)
[0000][PE] mean and std.dev: (49.54, 23.21)
[0000][PE] low and high boundaries for proper pairs: (1, 147)
[0000][PE] skip orientation FF
[0000][PE] skip orientation RR
[0000] 3. Calling kt_for - worker_sam
	[0000][ M::mem_process_seqs] Processed 2975944 reads in 570.878 CPU sec, 15.967 real sec
[0000] read_chunk: 400000000, work_chunk_size: 0, nseq: 0
[0000] Computation ends..
No. of OMP threads: 40
Processor is running @2394.726730 MHz
Runtime profile:

	Time taken for main_mem function: 388.23 sec

	IO times (sec) :
	Reading IO time (reads) avg: 162.19, (162.19, 162.19)
	Writing IO time (SAM) avg: 94.01, (94.01, 94.01)
	Reading IO time (Reference Genome) avg: 1.94, (1.94, 1.94)
	Index read time avg: 0.27, (0.27, 0.27)

	Overall time (sec) (Excluding Index reading time):
	PROCESS() (Total compute time + (read + SAM) IO time) : 386.01
	MEM_PROCESS_SEQ() (Total compute time (Kernel + SAM)), avg: 309.42, (309.42, 309.42)

	 SAM Processing time (sec):
	--WORKER_SAM avg: 75.10, (75.10, 75.10)

	Kernels' compute time (sec):
	Total kernel (smem+sal+bsw) time avg: 228.20, (228.20, 228.20)
		MEM_ALN_CHAIN_FLT avg: 0.00, (0.00, 0.00)
		MEM_ALN_CHAIN_SEED avg: 0.00, (0.00, 0.00)
		ERT_SEED_CHAIN avg: 0.00, (0.00, 0.00)
	LEARNED_SEED_CHAIN avg: 87.69, (88.20, 87.47)
		SMEM compute avg: 0.00, (0.00, 0.00)
		SAL compute avg: 0.00, (0.00, 0.00)
				MEM_SA avg: 0.00, (0.00, 0.00)

		BSW time, avg: 127.71, (128.16, 127.25)

Important parameter settings: 
	BATCH_SIZE: 512
	MAX_SEQ_LEN_REF: 256
	MAX_SEQ_LEN_QER: 128
	MAX_SEQ_LEN8: 128
	SEEDS_PER_READ: 500
	SIMD_WIDTH8 X: 64
	SIMD_WIDTH16 X: 32
	AVG_SEEDS_PER_READ: 64
