Looking to launch executable "/opt/conda/bin/bwa-meme_mode3.avx512bw", simd = _mode3.avx512bw
Launching executable "/opt/conda/bin/bwa-meme_mode3.avx512bw"
-----------------------------
Executing in AVX512 mode!!
-----------------------------
* SA compression enabled with xfactor: 8
* Ref file: reference.genbank.Sor.fasta
* Entering FMI_search
Reading other elements of the index from files reference.genbank.Sor.fasta
* Index prefix: reference.genbank.Sor.fasta
* Read 0 ALT contigs
* Reading reference genome..
* Binary seq file = reference.genbank.Sor.fasta.0123
* Reference genome size: 2685325284 bp
* Done reading reference genome !!

------------------------------------------
1. Memory pre-allocation for Chaining: 5679.4903 MB
2. Memory pre-allocation for BSW: 9584.6810 MB
[M::memoryAllocLearned::MEME] Reading Learned-index models into memory
[Learned-Config] MODE:3 SEARCH_METHOD: 1 MEM_TRADEOFF:1 EXPONENTIAL_SMEMSEARCH: 1 DEBUG_MODE:0 Num 2nd Models:268435456 PWL Bits Used:28
[M::memoryAllocLearned::MEME] Loading RMI model and Pac reference file took 18.417 sec
[M::memoryAllocLearned::MEME] Reading suffix array into memory
[M::memoryAllocLearned::MEME] Loading pos_packed file took 25.126 sec
[M::memoryAllocLearned::MEME] Generating SA, 64-bit Suffix and ISA in memory
[M::memoryAllocLearned::MEME] Runtime-build-index took 31.739 sec
3. Memory pre-allocation for BWT: 14070.0171 MB
------------------------------------------
* Threads used (compute): 40
* No. of pipeline threads: 2

[0000] read_chunk: 400000000, work_chunk_size: 400000073, nseq: 3589378
	[0000][ M::kt_pipeline] read 3589378 sequences (400000073 bp)...
[0000] Reallocating initial memory allocations!!
[0000] Calling mem_process_seqs.., task: 0
[0000] 1. Calling kt_for - worker_bwt
[0000] 2. Calling kt_for - worker_aln
[0000] Inferring insert size distribution of PE reads from data, l_pac: 1342662642, n: 3589378
[0000][PE] # candidate unique pairs for (FF, FR, RF, RR): (21, 271129, 0, 24)
[0000][PE] analyzing insert size distribution for orientation FF...
[0000][PE] (25, 50, 75) percentile: (33, 41, 64)
[0000][PE] low and high boundaries for computing mean and std.dev: (1, 126)
[0000][PE] mean and std.dev: (53.24, 33.10)
[0000][PE] low and high boundaries for proper pairs: (1, 186)
[0000][PE] analyzing insert size distribution for orientation FR...
[0000][PE] (25, 50, 75) percentile: (64, 79, 98)
[0000][PE] low and high boundaries for computing mean and std.dev: (1, 166)
[0000][PE] mean and std.dev: (82.14, 25.69)
[0000][PE] low and high boundaries for proper pairs: (1, 200)
[0000][PE] skip orientation RF as there are not enough pairs
[0000][PE] analyzing insert size distribution for orientation RR...
[0000][PE] (25, 50, 75) percentile: (35, 51, 69)
[0000][PE] low and high boundaries for computing mean and std.dev: (1, 137)
[0000][PE] mean and std.dev: (53.04, 29.72)
[0000][PE] low and high boundaries for proper pairs: (1, 172)
[0000][PE] skip orientation FF
[0000][PE] skip orientation RR
[0000] 3. Calling kt_for - worker_sam
	[0000][ M::mem_process_seqs] Processed 3589378 reads in 247.730 CPU sec, 6.767 real sec
[0000] read_chunk: 400000000, work_chunk_size: 400000066, nseq: 3583652
	[0000][ M::kt_pipeline] read 3583652 sequences (400000066 bp)...
[0000] Calling mem_process_seqs.., task: 1
[0000] 1. Calling kt_for - worker_bwt
[0000] 2. Calling kt_for - worker_aln
[0000] Inferring insert size distribution of PE reads from data, l_pac: 1342662642, n: 3583652
[0000][PE] # candidate unique pairs for (FF, FR, RF, RR): (26, 268195, 0, 37)
[0000][PE] analyzing insert size distribution for orientation FF...
[0000][PE] (25, 50, 75) percentile: (28, 42, 45)
[0000][PE] low and high boundaries for computing mean and std.dev: (1, 79)
[0000][PE] mean and std.dev: (37.04, 12.69)
[0000][PE] low and high boundaries for proper pairs: (1, 96)
[0000][PE] analyzing insert size distribution for orientation FR...
[0000][PE] (25, 50, 75) percentile: (64, 79, 98)
[0000][PE] low and high boundaries for computing mean and std.dev: (1, 166)
[0000][PE] mean and std.dev: (82.20, 25.75)
[0000][PE] low and high boundaries for proper pairs: (1, 200)
[0000][PE] skip orientation RF as there are not enough pairs
[0000][PE] analyzing insert size distribution for orientation RR...
[0000][PE] (25, 50, 75) percentile: (31, 40, 48)
[0000][PE] low and high boundaries for computing mean and std.dev: (1, 82)
[0000][PE] mean and std.dev: (36.91, 14.07)
[0000][PE] low and high boundaries for proper pairs: (1, 99)
[0000][PE] skip orientation FF
[0000][PE] skip orientation RR
[0000] 3. Calling kt_for - worker_sam
	[0000][ M::mem_process_seqs] Processed 3583652 reads in 246.160 CPU sec, 6.524 real sec
[0000] read_chunk: 400000000, work_chunk_size: 400000035, nseq: 3588600
	[0000][ M::kt_pipeline] read 3588600 sequences (400000035 bp)...
[0000] Calling mem_process_seqs.., task: 2
[0000] 1. Calling kt_for - worker_bwt
[0000] 2. Calling kt_for - worker_aln
[0000] Inferring insert size distribution of PE reads from data, l_pac: 1342662642, n: 3588600
[0000][PE] # candidate unique pairs for (FF, FR, RF, RR): (35, 270608, 0, 36)
[0000][PE] analyzing insert size distribution for orientation FF...
[0000][PE] (25, 50, 75) percentile: (25, 42, 60)
[0000][PE] low and high boundaries for computing mean and std.dev: (1, 130)
[0000][PE] mean and std.dev: (38.78, 19.53)
[0000][PE] low and high boundaries for proper pairs: (1, 165)
[0000][PE] analyzing insert size distribution for orientation FR...
[0000][PE] (25, 50, 75) percentile: (64, 79, 98)
[0000][PE] low and high boundaries for computing mean and std.dev: (1, 166)
[0000][PE] mean and std.dev: (82.18, 25.72)
[0000][PE] low and high boundaries for proper pairs: (1, 200)
[0000][PE] skip orientation RF as there are not enough pairs
[0000][PE] analyzing insert size distribution for orientation RR...
[0000][PE] (25, 50, 75) percentile: (38, 56, 81)
[0000][PE] low and high boundaries for computing mean and std.dev: (1, 167)
[0000][PE] mean and std.dev: (56.31, 27.37)
[0000][PE] low and high boundaries for proper pairs: (1, 210)
[0000][PE] skip orientation FF
[0000][PE] skip orientation RR
[0000] 3. Calling kt_for - worker_sam
	[0000][ M::mem_process_seqs] Processed 3588600 reads in 248.507 CPU sec, 6.486 real sec
[0000] read_chunk: 400000000, work_chunk_size: 400000026, nseq: 3584822
	[0000][ M::kt_pipeline] read 3584822 sequences (400000026 bp)...
[0000] Calling mem_process_seqs.., task: 3
[0000] 1. Calling kt_for - worker_bwt
[0000] read_chunk: 400000000, work_chunk_size: 25014794, nseq: 224242
	[0000][ M::kt_pipeline] read 224242 sequences (25014794 bp)...
[0000] 2. Calling kt_for - worker_aln
[0000] Inferring insert size distribution of PE reads from data, l_pac: 1342662642, n: 3584822
[0000][PE] # candidate unique pairs for (FF, FR, RF, RR): (27, 269701, 1, 31)
[0000][PE] analyzing insert size distribution for orientation FF...
[0000][PE] (25, 50, 75) percentile: (25, 39, 64)
[0000][PE] low and high boundaries for computing mean and std.dev: (1, 142)
[0000][PE] mean and std.dev: (43.41, 24.24)
[0000][PE] low and high boundaries for proper pairs: (1, 181)
[0000][PE] analyzing insert size distribution for orientation FR...
[0000][PE] (25, 50, 75) percentile: (64, 79, 99)
[0000][PE] low and high boundaries for computing mean and std.dev: (1, 169)
[0000][PE] mean and std.dev: (82.48, 26.10)
[0000][PE] low and high boundaries for proper pairs: (1, 204)
[0000][PE] skip orientation RF as there are not enough pairs
[0000][PE] analyzing insert size distribution for orientation RR...
[0000][PE] (25, 50, 75) percentile: (30, 49, 58)
[0000][PE] low and high boundaries for computing mean and std.dev: (1, 114)
[0000][PE] mean and std.dev: (40.61, 20.18)
[0000][PE] low and high boundaries for proper pairs: (1, 142)
[0000][PE] skip orientation FF
[0000][PE] skip orientation RR
[0000] 3. Calling kt_for - worker_sam
	[0000][ M::mem_process_seqs] Processed 3584822 reads in 242.032 CPU sec, 6.319 real sec
[0000] Calling mem_process_seqs.., task: 4
[0000] 1. Calling kt_for - worker_bwt
[0000] 2. Calling kt_for - worker_aln
[0000] Inferring insert size distribution of PE reads from data, l_pac: 1342662642, n: 224242
[0000][PE] # candidate unique pairs for (FF, FR, RF, RR): (0, 16924, 0, 0)
[0000][PE] skip orientation FF as there are not enough pairs
[0000][PE] analyzing insert size distribution for orientation FR...
[0000][PE] (25, 50, 75) percentile: (63, 78, 99)
[0000][PE] low and high boundaries for computing mean and std.dev: (1, 171)
[0000][PE] mean and std.dev: (82.32, 26.34)
[0000][PE] low and high boundaries for proper pairs: (1, 207)
[0000][PE] skip orientation RF as there are not enough pairs
[0000][PE] skip orientation RR as there are not enough pairs
[0000] 3. Calling kt_for - worker_sam
	[0000][ M::mem_process_seqs] Processed 224242 reads in 17.421 CPU sec, 0.914 real sec
[0000] read_chunk: 400000000, work_chunk_size: 0, nseq: 0
[0000] read_chunk: 400000000, work_chunk_size: 0, nseq: 0
[0000] Computation ends..
No. of OMP threads: 40
Processor is running @2394.759374 MHz
Runtime profile:

	Time taken for main_mem function: 109.60 sec

	IO times (sec) :
	Reading IO time (reads) avg: 40.98, (40.98, 40.98)
	Writing IO time (SAM) avg: 7.93, (7.93, 7.93)
	Reading IO time (Reference Genome) avg: 1.70, (1.70, 1.70)
	Index read time avg: 0.26, (0.26, 0.26)

	Overall time (sec) (Excluding Index reading time):
	PROCESS() (Total compute time + (read + SAM) IO time) : 107.63
	MEM_PROCESS_SEQ() (Total compute time (Kernel + SAM)), avg: 27.01, (27.01, 27.01)

	 SAM Processing time (sec):
	--WORKER_SAM avg: 5.01, (5.01, 5.01)

	Kernels' compute time (sec):
	Total kernel (smem+sal+bsw) time avg: 21.42, (21.42, 21.42)
		MEM_ALN_CHAIN_FLT avg: 0.00, (0.00, 0.00)
		MEM_ALN_CHAIN_SEED avg: 0.00, (0.00, 0.00)
		ERT_SEED_CHAIN avg: 0.00, (0.00, 0.00)
	LEARNED_SEED_CHAIN avg: 14.18, (14.28, 14.13)
		SMEM compute avg: 0.00, (0.00, 0.00)
		SAL compute avg: 0.00, (0.00, 0.00)
				MEM_SA avg: 0.00, (0.00, 0.00)

		BSW time, avg: 6.24, (6.35, 6.04)

Important parameter settings: 
	BATCH_SIZE: 512
	MAX_SEQ_LEN_REF: 256
	MAX_SEQ_LEN_QER: 128
	MAX_SEQ_LEN8: 128
	SEEDS_PER_READ: 500
	SIMD_WIDTH8 X: 64
	SIMD_WIDTH16 X: 32
	AVG_SEEDS_PER_READ: 64
