Looking to launch executable "/opt/conda/bin/bwa-meme_mode3.avx512bw", simd = _mode3.avx512bw
Launching executable "/opt/conda/bin/bwa-meme_mode3.avx512bw"
-----------------------------
Executing in AVX512 mode!!
-----------------------------
* SA compression enabled with xfactor: 8
* Ref file: reference.genbank.Sor.fasta
* Entering FMI_search
Reading other elements of the index from files reference.genbank.Sor.fasta
* Index prefix: reference.genbank.Sor.fasta
* Read 0 ALT contigs
* Reading reference genome..
* Binary seq file = reference.genbank.Sor.fasta.0123
* Reference genome size: 2685325284 bp
* Done reading reference genome !!

------------------------------------------
1. Memory pre-allocation for Chaining: 5679.4903 MB
2. Memory pre-allocation for BSW: 9584.6810 MB
[M::memoryAllocLearned::MEME] Reading Learned-index models into memory
[Learned-Config] MODE:3 SEARCH_METHOD: 1 MEM_TRADEOFF:1 EXPONENTIAL_SMEMSEARCH: 1 DEBUG_MODE:0 Num 2nd Models:268435456 PWL Bits Used:28
[M::memoryAllocLearned::MEME] Loading RMI model and Pac reference file took 18.584 sec
[M::memoryAllocLearned::MEME] Reading suffix array into memory
[M::memoryAllocLearned::MEME] Loading pos_packed file took 25.481 sec
[M::memoryAllocLearned::MEME] Generating SA, 64-bit Suffix and ISA in memory
[M::memoryAllocLearned::MEME] Runtime-build-index took 31.652 sec
3. Memory pre-allocation for BWT: 14070.0171 MB
------------------------------------------
* Threads used (compute): 40
* No. of pipeline threads: 2

[0000] read_chunk: 400000000, work_chunk_size: 400000135, nseq: 4416998
	[0000][ M::kt_pipeline] read 4416998 sequences (400000135 bp)...
[0000] Reallocating initial memory allocations!!
[0000] Calling mem_process_seqs.., task: 0
[0000] 1. Calling kt_for - worker_bwt
[0000] 2. Calling kt_for - worker_aln
[0000] read_chunk: 400000000, work_chunk_size: 400000164, nseq: 4417682
	[0000][ M::kt_pipeline] read 4417682 sequences (400000164 bp)...
[0000] Inferring insert size distribution of PE reads from data, l_pac: 1342662642, n: 4416998
[0000][PE] # candidate unique pairs for (FF, FR, RF, RR): (417, 1122499, 3, 434)
[0000][PE] analyzing insert size distribution for orientation FF...
[0000][PE] (25, 50, 75) percentile: (27, 36, 51)
[0000][PE] low and high boundaries for computing mean and std.dev: (1, 99)
[0000][PE] mean and std.dev: (39.16, 18.26)
[0000][PE] low and high boundaries for proper pairs: (1, 123)
[0000][PE] analyzing insert size distribution for orientation FR...
[0000][PE] (25, 50, 75) percentile: (66, 81, 101)
[0000][PE] low and high boundaries for computing mean and std.dev: (1, 171)
[0000][PE] mean and std.dev: (84.69, 25.87)
[0000][PE] low and high boundaries for proper pairs: (1, 206)
[0000][PE] skip orientation RF as there are not enough pairs
[0000][PE] analyzing insert size distribution for orientation RR...
[0000][PE] (25, 50, 75) percentile: (31, 44, 61)
[0000][PE] low and high boundaries for computing mean and std.dev: (1, 121)
[0000][PE] mean and std.dev: (47.28, 23.93)
[0000][PE] low and high boundaries for proper pairs: (1, 151)
[0000][PE] skip orientation FF
[0000][PE] skip orientation RR
[0000] 3. Calling kt_for - worker_sam
	[0000][ M::mem_process_seqs] Processed 4416998 reads in 939.522 CPU sec, 24.400 real sec
[0000] Reallocating initial memory allocations!!
[0000] Calling mem_process_seqs.., task: 1
[0000] 1. Calling kt_for - worker_bwt
[0000] 2. Calling kt_for - worker_aln
[0000] read_chunk: 400000000, work_chunk_size: 400000060, nseq: 4441004
	[0000][ M::kt_pipeline] read 4441004 sequences (400000060 bp)...
[0000] Inferring insert size distribution of PE reads from data, l_pac: 1342662642, n: 4417682
[0000][PE] # candidate unique pairs for (FF, FR, RF, RR): (345, 1145588, 1, 448)
[0000][PE] analyzing insert size distribution for orientation FF...
[0000][PE] (25, 50, 75) percentile: (29, 40, 55)
[0000][PE] low and high boundaries for computing mean and std.dev: (1, 107)
[0000][PE] mean and std.dev: (41.53, 19.34)
[0000][PE] low and high boundaries for proper pairs: (1, 133)
[0000][PE] analyzing insert size distribution for orientation FR...
[0000][PE] (25, 50, 75) percentile: (66, 81, 101)
[0000][PE] low and high boundaries for computing mean and std.dev: (1, 171)
[0000][PE] mean and std.dev: (84.70, 25.89)
[0000][PE] low and high boundaries for proper pairs: (1, 206)
[0000][PE] skip orientation RF as there are not enough pairs
[0000][PE] analyzing insert size distribution for orientation RR...
[0000][PE] (25, 50, 75) percentile: (29, 43, 61)
[0000][PE] low and high boundaries for computing mean and std.dev: (1, 125)
[0000][PE] mean and std.dev: (46.17, 23.38)
[0000][PE] low and high boundaries for proper pairs: (1, 157)
[0000][PE] skip orientation FF
[0000][PE] skip orientation RR
[0000] 3. Calling kt_for - worker_sam
	[0000][ M::mem_process_seqs] Processed 4417682 reads in 943.068 CPU sec, 24.841 real sec
[0000] Reallocating initial memory allocations!!
[0000] Calling mem_process_seqs.., task: 2
[0000] 1. Calling kt_for - worker_bwt
[0000] 2. Calling kt_for - worker_aln
[0000] read_chunk: 400000000, work_chunk_size: 400000044, nseq: 4441332
	[0000][ M::kt_pipeline] read 4441332 sequences (400000044 bp)...
[0000] Inferring insert size distribution of PE reads from data, l_pac: 1342662642, n: 4441004
[0000][PE] # candidate unique pairs for (FF, FR, RF, RR): (418, 1181208, 7, 442)
[0000][PE] analyzing insert size distribution for orientation FF...
[0000][PE] (25, 50, 75) percentile: (27, 38, 56)
[0000][PE] low and high boundaries for computing mean and std.dev: (1, 114)
[0000][PE] mean and std.dev: (40.47, 19.46)
[0000][PE] low and high boundaries for proper pairs: (1, 143)
[0000][PE] analyzing insert size distribution for orientation FR...
[0000][PE] (25, 50, 75) percentile: (65, 81, 101)
[0000][PE] low and high boundaries for computing mean and std.dev: (1, 173)
[0000][PE] mean and std.dev: (84.49, 25.87)
[0000][PE] low and high boundaries for proper pairs: (1, 209)
[0000][PE] skip orientation RF as there are not enough pairs
[0000][PE] analyzing insert size distribution for orientation RR...
[0000][PE] (25, 50, 75) percentile: (29, 42, 59)
[0000][PE] low and high boundaries for computing mean and std.dev: (1, 119)
[0000][PE] mean and std.dev: (44.92, 22.00)
[0000][PE] low and high boundaries for proper pairs: (1, 149)
[0000][PE] skip orientation FF
[0000][PE] skip orientation RR
[0000] 3. Calling kt_for - worker_sam
	[0000][ M::mem_process_seqs] Processed 4441004 reads in 882.988 CPU sec, 23.168 real sec
[0000] Reallocating initial memory allocations!!
[0000] Calling mem_process_seqs.., task: 3
[0000] 1. Calling kt_for - worker_bwt
[0000] 2. Calling kt_for - worker_aln
[0000] read_chunk: 400000000, work_chunk_size: 400000199, nseq: 4401354
	[0000][ M::kt_pipeline] read 4401354 sequences (400000199 bp)...
[0000] Inferring insert size distribution of PE reads from data, l_pac: 1342662642, n: 4441332
[0000][PE] # candidate unique pairs for (FF, FR, RF, RR): (427, 1179353, 2, 450)
[0000][PE] analyzing insert size distribution for orientation FF...
[0000][PE] (25, 50, 75) percentile: (27, 39, 54)
[0000][PE] low and high boundaries for computing mean and std.dev: (1, 108)
[0000][PE] mean and std.dev: (41.10, 20.69)
[0000][PE] low and high boundaries for proper pairs: (1, 135)
[0000][PE] analyzing insert size distribution for orientation FR...
[0000][PE] (25, 50, 75) percentile: (65, 81, 101)
[0000][PE] low and high boundaries for computing mean and std.dev: (1, 173)
[0000][PE] mean and std.dev: (84.53, 25.91)
[0000][PE] low and high boundaries for proper pairs: (1, 209)
[0000][PE] skip orientation RF as there are not enough pairs
[0000][PE] analyzing insert size distribution for orientation RR...
[0000][PE] (25, 50, 75) percentile: (30, 42, 61)
[0000][PE] low and high boundaries for computing mean and std.dev: (1, 123)
[0000][PE] mean and std.dev: (45.05, 21.66)
[0000][PE] low and high boundaries for proper pairs: (1, 154)
[0000][PE] skip orientation FF
[0000][PE] skip orientation RR
[0000] 3. Calling kt_for - worker_sam
	[0000][ M::mem_process_seqs] Processed 4441332 reads in 897.971 CPU sec, 23.666 real sec
[0000] Calling mem_process_seqs.., task: 4
[0000] 1. Calling kt_for - worker_bwt
[0000] 2. Calling kt_for - worker_aln
[0000] Inferring insert size distribution of PE reads from data, l_pac: 1342662642, n: 4401354
[0000][PE] # candidate unique pairs for (FF, FR, RF, RR): (387, 1137770, 1, 428)
[0000][PE] analyzing insert size distribution for orientation FF...
[0000][PE] (25, 50, 75) percentile: (28, 40, 56)
[0000][PE] low and high boundaries for computing mean and std.dev: (1, 112)
[0000][PE] mean and std.dev: (43.52, 21.50)
[0000][PE] low and high boundaries for proper pairs: (1, 140)
[0000][PE] analyzing insert size distribution for orientation FR...
[0000][PE] (25, 50, 75) percentile: (65, 81, 101)
[0000][PE] low and high boundaries for computing mean and std.dev: (1, 173)
[0000][PE] mean and std.dev: (84.54, 25.90)
[0000][PE] low and high boundaries for proper pairs: (1, 209)
[0000][PE] skip orientation RF as there are not enough pairs
[0000][PE] analyzing insert size distribution for orientation RR...
[0000][PE] (25, 50, 75) percentile: (30, 42, 58)
[0000][PE] low and high boundaries for computing mean and std.dev: (1, 114)
[0000][PE] mean and std.dev: (43.79, 20.44)
[0000][PE] low and high boundaries for proper pairs: (1, 142)
[0000][PE] skip orientation FF
[0000][PE] skip orientation RR
[0000] 3. Calling kt_for - worker_sam
[0000] read_chunk: 400000000, work_chunk_size: 400000071, nseq: 4435230
	[0000][ M::kt_pipeline] read 4435230 sequences (400000071 bp)...
	[0000][ M::mem_process_seqs] Processed 4401354 reads in 1004.336 CPU sec, 26.731 real sec
[0000] Calling mem_process_seqs.., task: 5
[0000] 1. Calling kt_for - worker_bwt
[0000] 2. Calling kt_for - worker_aln
[0000] Inferring insert size distribution of PE reads from data, l_pac: 1342662642, n: 4435230
[0000][PE] # candidate unique pairs for (FF, FR, RF, RR): (414, 1161494, 10, 448)
[0000][PE] analyzing insert size distribution for orientation FF...
[0000][PE] (25, 50, 75) percentile: (27, 39, 54)
[0000][PE] low and high boundaries for computing mean and std.dev: (1, 108)
[0000][PE] mean and std.dev: (41.03, 20.74)
[0000][PE] low and high boundaries for proper pairs: (1, 135)
[0000][PE] analyzing insert size distribution for orientation FR...
[0000][PE] (25, 50, 75) percentile: (65, 81, 101)
[0000][PE] low and high boundaries for computing mean and std.dev: (1, 173)
[0000][PE] mean and std.dev: (84.63, 25.97)
[0000][PE] low and high boundaries for proper pairs: (1, 209)
[0000][PE] analyzing insert size distribution for orientation RF...
[0000][PE] (25, 50, 75) percentile: (19, 19, 50)
[0000][PE] low and high boundaries for computing mean and std.dev: (1, 112)
[0000][PE] mean and std.dev: (22.88, 10.25)
[0000][PE] low and high boundaries for proper pairs: (1, 143)
[0000][PE] analyzing insert size distribution for orientation RR...
[0000][PE] (25, 50, 75) percentile: (28, 41, 58)
[0000][PE] low and high boundaries for computing mean and std.dev: (1, 118)
[0000][PE] mean and std.dev: (44.52, 22.27)
[0000][PE] low and high boundaries for proper pairs: (1, 148)
[0000][PE] skip orientation FF
[0000][PE] skip orientation RF
[0000][PE] skip orientation RR
[0000] 3. Calling kt_for - worker_sam
[0000] read_chunk: 400000000, work_chunk_size: 400000009, nseq: 4428946
	[0000][ M::kt_pipeline] read 4428946 sequences (400000009 bp)...
	[0000][ M::mem_process_seqs] Processed 4435230 reads in 922.656 CPU sec, 25.061 real sec
[0000] Calling mem_process_seqs.., task: 6
[0000] 1. Calling kt_for - worker_bwt
[0000] 2. Calling kt_for - worker_aln
[0000] Inferring insert size distribution of PE reads from data, l_pac: 1342662642, n: 4428946
[0000][PE] # candidate unique pairs for (FF, FR, RF, RR): (441, 1158779, 2, 444)
[0000][PE] analyzing insert size distribution for orientation FF...
[0000][PE] (25, 50, 75) percentile: (27, 42, 59)
[0000][PE] low and high boundaries for computing mean and std.dev: (1, 123)
[0000][PE] mean and std.dev: (45.10, 23.76)
[0000][PE] low and high boundaries for proper pairs: (1, 155)
[0000][PE] analyzing insert size distribution for orientation FR...
[0000][PE] (25, 50, 75) percentile: (65, 81, 101)
[0000][PE] low and high boundaries for computing mean and std.dev: (1, 173)
[0000][PE] mean and std.dev: (84.52, 25.91)
[0000][PE] low and high boundaries for proper pairs: (1, 209)
[0000][PE] skip orientation RF as there are not enough pairs
[0000][PE] analyzing insert size distribution for orientation RR...
[0000][PE] (25, 50, 75) percentile: (30, 44, 63)
[0000][PE] low and high boundaries for computing mean and std.dev: (1, 129)
[0000][PE] mean and std.dev: (48.65, 25.43)
[0000][PE] low and high boundaries for proper pairs: (1, 162)
[0000][PE] skip orientation FF
[0000][PE] skip orientation RR
[0000] 3. Calling kt_for - worker_sam
[0000] read_chunk: 400000000, work_chunk_size: 400000113, nseq: 4418934
	[0000][ M::kt_pipeline] read 4418934 sequences (400000113 bp)...
	[0000][ M::mem_process_seqs] Processed 4428946 reads in 901.024 CPU sec, 24.508 real sec
[0000] Calling mem_process_seqs.., task: 7
[0000] 1. Calling kt_for - worker_bwt
[0000] 2. Calling kt_for - worker_aln
[0000] Inferring insert size distribution of PE reads from data, l_pac: 1342662642, n: 4418934
[0000][PE] # candidate unique pairs for (FF, FR, RF, RR): (436, 1157249, 1, 461)
[0000][PE] analyzing insert size distribution for orientation FF...
[0000][PE] (25, 50, 75) percentile: (27, 38, 53)
[0000][PE] low and high boundaries for computing mean and std.dev: (1, 105)
[0000][PE] mean and std.dev: (40.17, 19.52)
[0000][PE] low and high boundaries for proper pairs: (1, 131)
[0000][PE] analyzing insert size distribution for orientation FR...
[0000][PE] (25, 50, 75) percentile: (65, 81, 101)
[0000][PE] low and high boundaries for computing mean and std.dev: (1, 173)
[0000][PE] mean and std.dev: (84.58, 25.98)
[0000][PE] low and high boundaries for proper pairs: (1, 209)
[0000][PE] skip orientation RF as there are not enough pairs
[0000][PE] analyzing insert size distribution for orientation RR...
[0000][PE] (25, 50, 75) percentile: (29, 42, 61)
[0000][PE] low and high boundaries for computing mean and std.dev: (1, 125)
[0000][PE] mean and std.dev: (45.70, 22.95)
[0000][PE] low and high boundaries for proper pairs: (1, 157)
[0000][PE] skip orientation FF
[0000][PE] skip orientation RR
[0000] 3. Calling kt_for - worker_sam
[0000] read_chunk: 400000000, work_chunk_size: 400000076, nseq: 4408440
	[0000][ M::kt_pipeline] read 4408440 sequences (400000076 bp)...
	[0000][ M::mem_process_seqs] Processed 4418934 reads in 902.619 CPU sec, 24.424 real sec
[0000] Calling mem_process_seqs.., task: 8
[0000] 1. Calling kt_for - worker_bwt
[0000] 2. Calling kt_for - worker_aln
[0000] Inferring insert size distribution of PE reads from data, l_pac: 1342662642, n: 4408440
[0000][PE] # candidate unique pairs for (FF, FR, RF, RR): (447, 1153459, 2, 442)
[0000][PE] analyzing insert size distribution for orientation FF...
[0000][PE] (25, 50, 75) percentile: (29, 43, 58)
[0000][PE] low and high boundaries for computing mean and std.dev: (1, 116)
[0000][PE] mean and std.dev: (44.81, 21.11)
[0000][PE] low and high boundaries for proper pairs: (1, 145)
[0000][PE] analyzing insert size distribution for orientation FR...
[0000][PE] (25, 50, 75) percentile: (65, 81, 101)
[0000][PE] low and high boundaries for computing mean and std.dev: (1, 173)
[0000][PE] mean and std.dev: (84.69, 26.05)
[0000][PE] low and high boundaries for proper pairs: (1, 209)
[0000][PE] skip orientation RF as there are not enough pairs
[0000][PE] analyzing insert size distribution for orientation RR...
[0000][PE] (25, 50, 75) percentile: (30, 42, 59)
[0000][PE] low and high boundaries for computing mean and std.dev: (1, 117)
[0000][PE] mean and std.dev: (45.51, 21.80)
[0000][PE] low and high boundaries for proper pairs: (1, 146)
[0000][PE] skip orientation FF
[0000][PE] skip orientation RR
[0000] 3. Calling kt_for - worker_sam
[0000] read_chunk: 400000000, work_chunk_size: 400000051, nseq: 4387684
	[0000][ M::kt_pipeline] read 4387684 sequences (400000051 bp)...
	[0000][ M::mem_process_seqs] Processed 4408440 reads in 908.888 CPU sec, 24.562 real sec
[0000] Calling mem_process_seqs.., task: 9
[0000] 1. Calling kt_for - worker_bwt
[0000] 2. Calling kt_for - worker_aln
[0000] Inferring insert size distribution of PE reads from data, l_pac: 1342662642, n: 4387684
[0000] read_chunk: 400000000, work_chunk_size: 400000086, nseq: 4347398
	[0000][ M::kt_pipeline] read 4347398 sequences (400000086 bp)...
[0000][PE] # candidate unique pairs for (FF, FR, RF, RR): (443, 1123719, 2, 464)
[0000][PE] analyzing insert size distribution for orientation FF...
[0000][PE] (25, 50, 75) percentile: (27, 41, 57)
[0000][PE] low and high boundaries for computing mean and std.dev: (1, 117)
[0000][PE] mean and std.dev: (43.06, 22.00)
[0000][PE] low and high boundaries for proper pairs: (1, 147)
[0000][PE] analyzing insert size distribution for orientation FR...
[0000][PE] (25, 50, 75) percentile: (65, 81, 101)
[0000][PE] low and high boundaries for computing mean and std.dev: (1, 173)
[0000][PE] mean and std.dev: (84.61, 25.96)
[0000][PE] low and high boundaries for proper pairs: (1, 209)
[0000][PE] skip orientation RF as there are not enough pairs
[0000][PE] analyzing insert size distribution for orientation RR...
[0000][PE] (25, 50, 75) percentile: (32, 42, 62)
[0000][PE] low and high boundaries for computing mean and std.dev: (1, 122)
[0000][PE] mean and std.dev: (46.68, 23.56)
[0000][PE] low and high boundaries for proper pairs: (1, 152)
[0000][PE] skip orientation FF
[0000][PE] skip orientation RR
[0000] 3. Calling kt_for - worker_sam
	[0000][ M::mem_process_seqs] Processed 4387684 reads in 980.423 CPU sec, 26.417 real sec
[0000] Calling mem_process_seqs.., task: 10
[0000] 1. Calling kt_for - worker_bwt
[0000] 2. Calling kt_for - worker_aln
[0000] read_chunk: 400000000, work_chunk_size: 400000052, nseq: 4411678
	[0000][ M::kt_pipeline] read 4411678 sequences (400000052 bp)...
[0000] Inferring insert size distribution of PE reads from data, l_pac: 1342662642, n: 4347398
[0000][PE] # candidate unique pairs for (FF, FR, RF, RR): (412, 1070080, 0, 405)
[0000][PE] analyzing insert size distribution for orientation FF...
[0000][PE] (25, 50, 75) percentile: (30, 41, 57)
[0000][PE] low and high boundaries for computing mean and std.dev: (1, 111)
[0000][PE] mean and std.dev: (42.58, 19.70)
[0000][PE] low and high boundaries for proper pairs: (1, 138)
[0000][PE] analyzing insert size distribution for orientation FR...
[0000][PE] (25, 50, 75) percentile: (65, 81, 101)
[0000][PE] low and high boundaries for computing mean and std.dev: (1, 173)
[0000][PE] mean and std.dev: (84.60, 25.96)
[0000][PE] low and high boundaries for proper pairs: (1, 209)
[0000][PE] skip orientation RF as there are not enough pairs
[0000][PE] analyzing insert size distribution for orientation RR...
[0000][PE] (25, 50, 75) percentile: (30, 43, 61)
[0000][PE] low and high boundaries for computing mean and std.dev: (1, 123)
[0000][PE] mean and std.dev: (45.23, 20.65)
[0000][PE] low and high boundaries for proper pairs: (1, 154)
[0000][PE] skip orientation FF
[0000][PE] skip orientation RR
[0000] 3. Calling kt_for - worker_sam
	[0000][ M::mem_process_seqs] Processed 4347398 reads in 1097.022 CPU sec, 29.495 real sec
[0000] Calling mem_process_seqs.., task: 11
[0000] 1. Calling kt_for - worker_bwt
[0000] 2. Calling kt_for - worker_aln
[0000] Inferring insert size distribution of PE reads from data, l_pac: 1342662642, n: 4411678
[0000][PE] # candidate unique pairs for (FF, FR, RF, RR): (428, 1115524, 1, 419)
[0000][PE] analyzing insert size distribution for orientation FF...
[0000][PE] (25, 50, 75) percentile: (29, 41, 57)
[0000][PE] low and high boundaries for computing mean and std.dev: (1, 113)
[0000][PE] mean and std.dev: (43.14, 19.22)
[0000][PE] low and high boundaries for proper pairs: (1, 141)
[0000][PE] analyzing insert size distribution for orientation FR...
[0000][PE] (25, 50, 75) percentile: (66, 81, 101)
[0000][PE] low and high boundaries for computing mean and std.dev: (1, 171)
[0000][PE] mean and std.dev: (84.76, 25.90)
[0000][PE] low and high boundaries for proper pairs: (1, 206)
[0000][PE] skip orientation RF as there are not enough pairs
[0000][PE] analyzing insert size distribution for orientation RR...
[0000][PE] (25, 50, 75) percentile: (30, 45, 60)
[0000][PE] low and high boundaries for computing mean and std.dev: (1, 120)
[0000][PE] mean and std.dev: (46.35, 22.93)
[0000][PE] low and high boundaries for proper pairs: (1, 150)
[0000][PE] skip orientation FF
[0000][PE] skip orientation RR
[0000] 3. Calling kt_for - worker_sam
	[0000][ M::mem_process_seqs] Processed 4411678 reads in 961.996 CPU sec, 31.237 real sec
[0000] read_chunk: 400000000, work_chunk_size: 400000062, nseq: 4434588
	[0000][ M::kt_pipeline] read 4434588 sequences (400000062 bp)...
[0000] Calling mem_process_seqs.., task: 12
[0000] 1. Calling kt_for - worker_bwt
[0000] 2. Calling kt_for - worker_aln
[0000] Inferring insert size distribution of PE reads from data, l_pac: 1342662642, n: 4434588
[0000][PE] # candidate unique pairs for (FF, FR, RF, RR): (390, 1180915, 3, 475)
[0000][PE] analyzing insert size distribution for orientation FF...
[0000][PE] (25, 50, 75) percentile: (28, 41, 61)
[0000][PE] low and high boundaries for computing mean and std.dev: (1, 127)
[0000][PE] mean and std.dev: (45.12, 22.77)
[0000][PE] low and high boundaries for proper pairs: (1, 160)
[0000][PE] analyzing insert size distribution for orientation FR...
[0000][PE] (25, 50, 75) percentile: (65, 81, 101)
[0000][PE] low and high boundaries for computing mean and std.dev: (1, 173)
[0000][PE] mean and std.dev: (84.50, 25.94)
[0000][PE] low and high boundaries for proper pairs: (1, 209)
[0000][PE] skip orientation RF as there are not enough pairs
[0000][PE] analyzing insert size distribution for orientation RR...
[0000][PE] (25, 50, 75) percentile: (30, 43, 61)
[0000][PE] low and high boundaries for computing mean and std.dev: (1, 123)
[0000][PE] mean and std.dev: (46.34, 22.89)
[0000][PE] low and high boundaries for proper pairs: (1, 154)
[0000][PE] skip orientation FF
[0000][PE] skip orientation RR
[0000] 3. Calling kt_for - worker_sam
[0000] read_chunk: 400000000, work_chunk_size: 400000006, nseq: 4426746
	[0000][ M::kt_pipeline] read 4426746 sequences (400000006 bp)...
	[0000][ M::mem_process_seqs] Processed 4434588 reads in 893.998 CPU sec, 24.555 real sec
[0000] Calling mem_process_seqs.., task: 13
[0000] 1. Calling kt_for - worker_bwt
[0000] 2. Calling kt_for - worker_aln
[0000] Inferring insert size distribution of PE reads from data, l_pac: 1342662642, n: 4426746
[0000][PE] # candidate unique pairs for (FF, FR, RF, RR): (396, 1154863, 2, 465)
[0000][PE] analyzing insert size distribution for orientation FF...
[0000][PE] (25, 50, 75) percentile: (28, 39, 57)
[0000][PE] low and high boundaries for computing mean and std.dev: (1, 115)
[0000][PE] mean and std.dev: (42.51, 21.49)
[0000][PE] low and high boundaries for proper pairs: (1, 144)
[0000][PE] analyzing insert size distribution for orientation FR...
[0000][PE] (25, 50, 75) percentile: (66, 81, 101)
[0000][PE] low and high boundaries for computing mean and std.dev: (1, 171)
[0000][PE] mean and std.dev: (84.58, 25.84)
[0000][PE] low and high boundaries for proper pairs: (1, 206)
[0000][PE] skip orientation RF as there are not enough pairs
[0000][PE] analyzing insert size distribution for orientation RR...
[0000][PE] (25, 50, 75) percentile: (30, 43, 60)
[0000][PE] low and high boundaries for computing mean and std.dev: (1, 120)
[0000][PE] mean and std.dev: (46.20, 21.77)
[0000][PE] low and high boundaries for proper pairs: (1, 150)
[0000][PE] skip orientation FF
[0000][PE] skip orientation RR
[0000] 3. Calling kt_for - worker_sam
[0000] read_chunk: 400000000, work_chunk_size: 400000112, nseq: 4415954
	[0000][ M::kt_pipeline] read 4415954 sequences (400000112 bp)...
	[0000][ M::mem_process_seqs] Processed 4426746 reads in 906.437 CPU sec, 25.395 real sec
[0000] Calling mem_process_seqs.., task: 14
[0000] 1. Calling kt_for - worker_bwt
[0000] 2. Calling kt_for - worker_aln
[0000] Inferring insert size distribution of PE reads from data, l_pac: 1342662642, n: 4415954
[0000][PE] # candidate unique pairs for (FF, FR, RF, RR): (375, 1155155, 1, 488)
[0000][PE] analyzing insert size distribution for orientation FF...
[0000][PE] (25, 50, 75) percentile: (27, 37, 54)
[0000][PE] low and high boundaries for computing mean and std.dev: (1, 108)
[0000][PE] mean and std.dev: (40.47, 19.93)
[0000][PE] low and high boundaries for proper pairs: (1, 135)
[0000][PE] analyzing insert size distribution for orientation FR...
[0000] read_chunk: 400000000, work_chunk_size: 400000112, nseq: 4419826
[0000][PE] (25, 50, 75) percentile: (65, 81, 101)
[0000][PE] low and high boundaries for computing mean and std.dev: (1, 173)
[0000][PE] mean and std.dev: (84.63, 25.98)
[0000][PE] low and high boundaries for proper pairs: (1, 209)
[0000][PE] skip orientation RF as there are not enough pairs
[0000][PE] analyzing insert size distribution for orientation RR...
[0000][PE] (25, 50, 75) percentile: (29, 45, 61)
[0000][PE] low and high boundaries for computing mean and std.dev: (1, 125)
[0000][PE] mean and std.dev: (46.39, 23.58)
[0000][PE] low and high boundaries for proper pairs: (1, 157)
[0000][PE] skip orientation FF
[0000][PE] skip orientation RR
[0000] 3. Calling kt_for - worker_sam
	[0000][ M::kt_pipeline] read 4419826 sequences (400000112 bp)...
	[0000][ M::mem_process_seqs] Processed 4415954 reads in 958.410 CPU sec, 25.950 real sec
[0000] Calling mem_process_seqs.., task: 15
[0000] 1. Calling kt_for - worker_bwt
[0000] 2. Calling kt_for - worker_aln
[0000] Inferring insert size distribution of PE reads from data, l_pac: 1342662642, n: 4419826
[0000][PE] # candidate unique pairs for (FF, FR, RF, RR): (433, 1158132, 5, 492)
[0000][PE] analyzing insert size distribution for orientation FF...
[0000][PE] (25, 50, 75) percentile: (26, 38, 55)
[0000][PE] low and high boundaries for computing mean and std.dev: (1, 113)
[0000][PE] mean and std.dev: (40.69, 21.08)
[0000][PE] low and high boundaries for proper pairs: (1, 142)
[0000][PE] analyzing insert size distribution for orientation FR...
[0000][PE] (25, 50, 75) percentile: (66, 81, 101)
[0000][PE] low and high boundaries for computing mean and std.dev: (1, 171)
[0000][PE] mean and std.dev: (84.56, 25.80)
[0000][PE] low and high boundaries for proper pairs: (1, 206)
[0000][PE] skip orientation RF as there are not enough pairs
[0000][PE] analyzing insert size distribution for orientation RR...
[0000][PE] (25, 50, 75) percentile: (30, 42, 58)
[0000][PE] low and high boundaries for computing mean and std.dev: (1, 114)
[0000][PE] mean and std.dev: (44.52, 21.00)
[0000][PE] low and high boundaries for proper pairs: (1, 142)
[0000][PE] skip orientation FF
[0000][PE] skip orientation RR
[0000] 3. Calling kt_for - worker_sam
[0000] read_chunk: 400000000, work_chunk_size: 400000098, nseq: 4421454
	[0000][ M::kt_pipeline] read 4421454 sequences (400000098 bp)...
	[0000][ M::mem_process_seqs] Processed 4419826 reads in 929.060 CPU sec, 25.217 real sec
[0000] Calling mem_process_seqs.., task: 16
[0000] 1. Calling kt_for - worker_bwt
[0000] 2. Calling kt_for - worker_aln
[0000] Inferring insert size distribution of PE reads from data, l_pac: 1342662642, n: 4421454
[0000][PE] # candidate unique pairs for (FF, FR, RF, RR): (372, 1163654, 3, 444)
[0000][PE] analyzing insert size distribution for orientation FF...
[0000][PE] (25, 50, 75) percentile: (27, 38, 58)
[0000][PE] low and high boundaries for computing mean and std.dev: (1, 120)
[0000][PE] mean and std.dev: (43.51, 24.20)
[0000][PE] low and high boundaries for proper pairs: (1, 151)
[0000][PE] analyzing insert size distribution for orientation FR...
[0000][PE] (25, 50, 75) percentile: (65, 81, 101)
[0000][PE] low and high boundaries for computing mean and std.dev: (1, 173)
[0000][PE] mean and std.dev: (84.61, 25.97)
[0000][PE] low and high boundaries for proper pairs: (1, 209)
[0000][PE] skip orientation RF as there are not enough pairs
[0000][PE] analyzing insert size distribution for orientation RR...
[0000][PE] (25, 50, 75) percentile: (31, 43, 62)
[0000][PE] low and high boundaries for computing mean and std.dev: (1, 124)
[0000][PE] mean and std.dev: (46.70, 23.60)
[0000][PE] low and high boundaries for proper pairs: (1, 155)
[0000][PE] skip orientation FF
[0000][PE] skip orientation RR
[0000] 3. Calling kt_for - worker_sam
[0000] read_chunk: 400000000, work_chunk_size: 400000155, nseq: 4416944
	[0000][ M::kt_pipeline] read 4416944 sequences (400000155 bp)...
	[0000][ M::mem_process_seqs] Processed 4421454 reads in 913.074 CPU sec, 24.947 real sec
[0000] Calling mem_process_seqs.., task: 17
[0000] 1. Calling kt_for - worker_bwt
[0000] 2. Calling kt_for - worker_aln
[0000] Inferring insert size distribution of PE reads from data, l_pac: 1342662642, n: 4416944
[0000][PE] # candidate unique pairs for (FF, FR, RF, RR): (418, 1155762, 0, 453)
[0000][PE] analyzing insert size distribution for orientation FF...
[0000][PE] (25, 50, 75) percentile: (27, 41, 57)
[0000][PE] low and high boundaries for computing mean and std.dev: (1, 117)
[0000][PE] mean and std.dev: (43.93, 21.82)
[0000][PE] low and high boundaries for proper pairs: (1, 147)
[0000][PE] analyzing insert size distribution for orientation FR...
[0000][PE] (25, 50, 75) percentile: (65, 81, 101)
[0000][PE] low and high boundaries for computing mean and std.dev: (1, 173)
[0000][PE] mean and std.dev: (84.58, 25.97)
[0000][PE] low and high boundaries for proper pairs: (1, 209)
[0000][PE] skip orientation RF as there are not enough pairs
[0000][PE] analyzing insert size distribution for orientation RR...
[0000][PE] (25, 50, 75) percentile: (31, 42, 59)
[0000][PE] low and high boundaries for computing mean and std.dev: (1, 115)
[0000][PE] mean and std.dev: (44.60, 21.33)
[0000][PE] low and high boundaries for proper pairs: (1, 143)
[0000][PE] skip orientation FF
[0000][PE] skip orientation RR
[0000] 3. Calling kt_for - worker_sam
[0000] read_chunk: 400000000, work_chunk_size: 400000071, nseq: 4432022
	[0000][ M::kt_pipeline] read 4432022 sequences (400000071 bp)...
	[0000][ M::mem_process_seqs] Processed 4416944 reads in 953.982 CPU sec, 26.523 real sec
[0000] Calling mem_process_seqs.., task: 18
[0000] 1. Calling kt_for - worker_bwt
[0000] 2. Calling kt_for - worker_aln
[0000] Inferring insert size distribution of PE reads from data, l_pac: 1342662642, n: 4432022
[0000][PE] # candidate unique pairs for (FF, FR, RF, RR): (423, 1163880, 4, 470)
[0000][PE] analyzing insert size distribution for orientation FF...
[0000][PE] (25, 50, 75) percentile: (26, 39, 53)
[0000][PE] low and high boundaries for computing mean and std.dev: (1, 107)
[0000][PE] mean and std.dev: (40.78, 20.16)
[0000][PE] low and high boundaries for proper pairs: (1, 134)
[0000][PE] analyzing insert size distribution for orientation FR...
[0000][PE] (25, 50, 75) percentile: (65, 81, 101)
[0000][PE] low and high boundaries for computing mean and std.dev: (1, 173)
[0000][PE] mean and std.dev: (84.57, 25.93)
[0000][PE] low and high boundaries for proper pairs: (1, 209)
[0000][PE] skip orientation RF as there are not enough pairs
[0000][PE] analyzing insert size distribution for orientation RR...
[0000][PE] (25, 50, 75) percentile: (30, 42, 60)
[0000][PE] low and high boundaries for computing mean and std.dev: (1, 120)
[0000][PE] mean and std.dev: (45.50, 22.25)
[0000][PE] low and high boundaries for proper pairs: (1, 150)
[0000][PE] skip orientation FF
[0000][PE] skip orientation RR
[0000] 3. Calling kt_for - worker_sam
[0000] read_chunk: 400000000, work_chunk_size: 400000199, nseq: 4422628
	[0000][ M::kt_pipeline] read 4422628 sequences (400000199 bp)...
	[0000][ M::mem_process_seqs] Processed 4432022 reads in 927.592 CPU sec, 25.292 real sec
[0000] Calling mem_process_seqs.., task: 19
[0000] 1. Calling kt_for - worker_bwt
[0000] 2. Calling kt_for - worker_aln
[0000] read_chunk: 400000000, work_chunk_size: 117157669, nseq: 1278704
	[0000][ M::kt_pipeline] read 1278704 sequences (117157669 bp)...
[0000] Inferring insert size distribution of PE reads from data, l_pac: 1342662642, n: 4422628
[0000][PE] # candidate unique pairs for (FF, FR, RF, RR): (470, 1164957, 6, 467)
[0000][PE] analyzing insert size distribution for orientation FF...
[0000][PE] (25, 50, 75) percentile: (27, 39, 59)
[0000][PE] low and high boundaries for computing mean and std.dev: (1, 123)
[0000][PE] mean and std.dev: (43.45, 22.34)
[0000][PE] low and high boundaries for proper pairs: (1, 155)
[0000][PE] analyzing insert size distribution for orientation FR...
[0000][PE] (25, 50, 75) percentile: (65, 81, 101)
[0000][PE] low and high boundaries for computing mean and std.dev: (1, 173)
[0000][PE] mean and std.dev: (84.67, 25.93)
[0000][PE] low and high boundaries for proper pairs: (1, 209)
[0000][PE] skip orientation RF as there are not enough pairs
[0000][PE] analyzing insert size distribution for orientation RR...
[0000][PE] (25, 50, 75) percentile: (35, 45, 62)
[0000][PE] low and high boundaries for computing mean and std.dev: (1, 116)
[0000][PE] mean and std.dev: (47.71, 21.62)
[0000][PE] low and high boundaries for proper pairs: (1, 143)
[0000][PE] skip orientation FF
[0000][PE] skip orientation RR
[0000] 3. Calling kt_for - worker_sam
	[0000][ M::mem_process_seqs] Processed 4422628 reads in 910.672 CPU sec, 24.673 real sec
[0000] Calling mem_process_seqs.., task: 20
[0000] 1. Calling kt_for - worker_bwt
[0000] 2. Calling kt_for - worker_aln
[0000] read_chunk: 400000000, work_chunk_size: 0, nseq: 0
[0000] Inferring insert size distribution of PE reads from data, l_pac: 1342662642, n: 1278704
[0000][PE] # candidate unique pairs for (FF, FR, RF, RR): (109, 303704, 0, 130)
[0000][PE] analyzing insert size distribution for orientation FF...
[0000][PE] (25, 50, 75) percentile: (27, 38, 54)
[0000][PE] low and high boundaries for computing mean and std.dev: (1, 108)
[0000][PE] mean and std.dev: (42.46, 21.10)
[0000][PE] low and high boundaries for proper pairs: (1, 135)
[0000][PE] analyzing insert size distribution for orientation FR...
[0000][PE] (25, 50, 75) percentile: (66, 81, 101)
[0000][PE] low and high boundaries for computing mean and std.dev: (1, 171)
[0000][PE] mean and std.dev: (84.73, 25.93)
[0000][PE] low and high boundaries for proper pairs: (1, 206)
[0000][PE] skip orientation RF as there are not enough pairs
[0000][PE] analyzing insert size distribution for orientation RR...
[0000][PE] (25, 50, 75) percentile: (30, 39, 56)
[0000][PE] low and high boundaries for computing mean and std.dev: (1, 108)
[0000][PE] mean and std.dev: (43.02, 20.40)
[0000][PE] low and high boundaries for proper pairs: (1, 134)
[0000][PE] skip orientation FF
[0000][PE] skip orientation RR
[0000] 3. Calling kt_for - worker_sam
	[0000][ M::mem_process_seqs] Processed 1278704 reads in 367.118 CPU sec, 11.199 real sec
[0000] read_chunk: 400000000, work_chunk_size: 0, nseq: 0
[0000] Computation ends..
No. of OMP threads: 40
Processor is running @2394.727750 MHz
Runtime profile:

	Time taken for main_mem function: 608.81 sec

	IO times (sec) :
	Reading IO time (reads) avg: 239.15, (239.15, 239.15)
	Writing IO time (SAM) avg: 152.84, (152.84, 152.84)
	Reading IO time (Reference Genome) avg: 1.78, (1.78, 1.78)
	Index read time avg: 0.28, (0.28, 0.28)

	Overall time (sec) (Excluding Index reading time):
	PROCESS() (Total compute time + (read + SAM) IO time) : 606.74
	MEM_PROCESS_SEQ() (Total compute time (Kernel + SAM)), avg: 522.18, (522.18, 522.18)

	 SAM Processing time (sec):
	--WORKER_SAM avg: 137.10, (137.10, 137.10)

	Kernels' compute time (sec):
	Total kernel (smem+sal+bsw) time avg: 376.51, (376.51, 376.51)
		MEM_ALN_CHAIN_FLT avg: 0.00, (0.00, 0.00)
		MEM_ALN_CHAIN_SEED avg: 0.00, (0.00, 0.00)
		ERT_SEED_CHAIN avg: 0.00, (0.00, 0.00)
	LEARNED_SEED_CHAIN avg: 145.44, (146.32, 144.92)
		SMEM compute avg: 0.00, (0.00, 0.00)
		SAL compute avg: 0.00, (0.00, 0.00)
				MEM_SA avg: 0.00, (0.00, 0.00)

		BSW time, avg: 209.02, (209.79, 207.79)

Important parameter settings: 
	BATCH_SIZE: 512
	MAX_SEQ_LEN_REF: 256
	MAX_SEQ_LEN_QER: 128
	MAX_SEQ_LEN8: 128
	SEEDS_PER_READ: 500
	SIMD_WIDTH8 X: 64
	SIMD_WIDTH16 X: 32
	AVG_SEEDS_PER_READ: 64
