Looking to launch executable "/opt/conda/bin/bwa-meme_mode3.avx512bw", simd = _mode3.avx512bw
Launching executable "/opt/conda/bin/bwa-meme_mode3.avx512bw"
-----------------------------
Executing in AVX512 mode!!
-----------------------------
* SA compression enabled with xfactor: 8
* Ref file: reference.genbank.Sor.fasta
* Entering FMI_search
Reading other elements of the index from files reference.genbank.Sor.fasta
* Index prefix: reference.genbank.Sor.fasta
* Read 0 ALT contigs
* Reading reference genome..
* Binary seq file = reference.genbank.Sor.fasta.0123
* Reference genome size: 2685325284 bp
* Done reading reference genome !!

------------------------------------------
1. Memory pre-allocation for Chaining: 5679.4903 MB
2. Memory pre-allocation for BSW: 9584.6810 MB
[M::memoryAllocLearned::MEME] Reading Learned-index models into memory
[Learned-Config] MODE:3 SEARCH_METHOD: 1 MEM_TRADEOFF:1 EXPONENTIAL_SMEMSEARCH: 1 DEBUG_MODE:0 Num 2nd Models:268435456 PWL Bits Used:28
[M::memoryAllocLearned::MEME] Loading RMI model and Pac reference file took 18.582 sec
[M::memoryAllocLearned::MEME] Reading suffix array into memory
[M::memoryAllocLearned::MEME] Loading pos_packed file took 28.766 sec
[M::memoryAllocLearned::MEME] Generating SA, 64-bit Suffix and ISA in memory
[M::memoryAllocLearned::MEME] Runtime-build-index took 29.301 sec
3. Memory pre-allocation for BWT: 14070.0171 MB
------------------------------------------
* Threads used (compute): 40
* No. of pipeline threads: 2

[0000] read_chunk: 400000000, work_chunk_size: 400000031, nseq: 3865578
	[0000][ M::kt_pipeline] read 3865578 sequences (400000031 bp)...
[0000] Reallocating initial memory allocations!!
[0000] Calling mem_process_seqs.., task: 0
[0000] 1. Calling kt_for - worker_bwt
[0000] read_chunk: 400000000, work_chunk_size: 285470332, nseq: 2756798
	[0000][ M::kt_pipeline] read 2756798 sequences (285470332 bp)...
[0000] 2. Calling kt_for - worker_aln
[0000] Inferring insert size distribution of PE reads from data, l_pac: 1342662642, n: 3865578
[0000][PE] # candidate unique pairs for (FF, FR, RF, RR): (209, 376180, 0, 244)
[0000][PE] analyzing insert size distribution for orientation FF...
[0000][PE] (25, 50, 75) percentile: (25, 34, 45)
[0000][PE] low and high boundaries for computing mean and std.dev: (1, 85)
[0000][PE] mean and std.dev: (35.85, 16.45)
[0000][PE] low and high boundaries for proper pairs: (1, 105)
[0000][PE] analyzing insert size distribution for orientation FR...
[0000][PE] (25, 50, 75) percentile: (63, 75, 90)
[0000][PE] low and high boundaries for computing mean and std.dev: (9, 144)
[0000][PE] mean and std.dev: (77.44, 20.07)
[0000][PE] low and high boundaries for proper pairs: (1, 171)
[0000][PE] skip orientation RF as there are not enough pairs
[0000][PE] analyzing insert size distribution for orientation RR...
[0000][PE] (25, 50, 75) percentile: (27, 36, 50)
[0000][PE] low and high boundaries for computing mean and std.dev: (1, 96)
[0000][PE] mean and std.dev: (38.83, 17.79)
[0000][PE] low and high boundaries for proper pairs: (1, 119)
[0000][PE] skip orientation FF
[0000][PE] skip orientation RR
[0000] 3. Calling kt_for - worker_sam
	[0000][ M::mem_process_seqs] Processed 3865578 reads in 824.514 CPU sec, 21.420 real sec
[0000] Calling mem_process_seqs.., task: 1
[0000] 1. Calling kt_for - worker_bwt
[0000] 2. Calling kt_for - worker_aln
[0000] read_chunk: 400000000, work_chunk_size: 0, nseq: 0
[0000] Inferring insert size distribution of PE reads from data, l_pac: 1342662642, n: 2756798
[0000][PE] # candidate unique pairs for (FF, FR, RF, RR): (143, 271251, 0, 177)
[0000][PE] analyzing insert size distribution for orientation FF...
[0000][PE] (25, 50, 75) percentile: (25, 34, 46)
[0000][PE] low and high boundaries for computing mean and std.dev: (1, 88)
[0000][PE] mean and std.dev: (35.16, 17.07)
[0000][PE] low and high boundaries for proper pairs: (1, 109)
[0000][PE] analyzing insert size distribution for orientation FR...
[0000][PE] (25, 50, 75) percentile: (63, 75, 90)
[0000][PE] low and high boundaries for computing mean and std.dev: (9, 144)
[0000][PE] mean and std.dev: (77.43, 20.05)
[0000][PE] low and high boundaries for proper pairs: (1, 171)
[0000][PE] skip orientation RF as there are not enough pairs
[0000][PE] analyzing insert size distribution for orientation RR...
[0000][PE] (25, 50, 75) percentile: (29, 38, 51)
[0000][PE] low and high boundaries for computing mean and std.dev: (1, 95)
[0000][PE] mean and std.dev: (40.54, 17.41)
[0000][PE] low and high boundaries for proper pairs: (1, 117)
[0000][PE] skip orientation FF
[0000][PE] skip orientation RR
[0000] 3. Calling kt_for - worker_sam
	[0000][ M::mem_process_seqs] Processed 2756798 reads in 586.254 CPU sec, 15.749 real sec
[0000] read_chunk: 400000000, work_chunk_size: 0, nseq: 0
[0000] Computation ends..
No. of OMP threads: 40
Processor is running @2394.721370 MHz
Runtime profile:

	Time taken for main_mem function: 116.64 sec

	IO times (sec) :
	Reading IO time (reads) avg: 18.14, (18.14, 18.14)
	Writing IO time (SAM) avg: 8.35, (8.35, 8.35)
	Reading IO time (Reference Genome) avg: 1.68, (1.68, 1.68)
	Index read time avg: 0.26, (0.26, 0.26)

	Overall time (sec) (Excluding Index reading time):
	PROCESS() (Total compute time + (read + SAM) IO time) : 114.68
	MEM_PROCESS_SEQ() (Total compute time (Kernel + SAM)), avg: 37.16, (37.16, 37.16)

	 SAM Processing time (sec):
	--WORKER_SAM avg: 9.16, (9.16, 9.16)

	Kernels' compute time (sec):
	Total kernel (smem+sal+bsw) time avg: 27.66, (27.66, 27.66)
		MEM_ALN_CHAIN_FLT avg: 0.00, (0.00, 0.00)
		MEM_ALN_CHAIN_SEED avg: 0.00, (0.00, 0.00)
		ERT_SEED_CHAIN avg: 0.00, (0.00, 0.00)
	LEARNED_SEED_CHAIN avg: 13.14, (13.32, 13.05)
		SMEM compute avg: 0.00, (0.00, 0.00)
		SAL compute avg: 0.00, (0.00, 0.00)
				MEM_SA avg: 0.00, (0.00, 0.00)

		BSW time, avg: 13.10, (13.31, 12.83)

Important parameter settings: 
	BATCH_SIZE: 512
	MAX_SEQ_LEN_REF: 256
	MAX_SEQ_LEN_QER: 128
	MAX_SEQ_LEN8: 128
	SEEDS_PER_READ: 500
	SIMD_WIDTH8 X: 64
	SIMD_WIDTH16 X: 32
	AVG_SEEDS_PER_READ: 64
