Looking to launch executable "/opt/conda/bin/bwa-meme_mode3.avx512bw", simd = _mode3.avx512bw
Launching executable "/opt/conda/bin/bwa-meme_mode3.avx512bw"
-----------------------------
Executing in AVX512 mode!!
-----------------------------
* SA compression enabled with xfactor: 8
* Ref file: reference.genbank.Sor.fasta
* Entering FMI_search
Reading other elements of the index from files reference.genbank.Sor.fasta
* Index prefix: reference.genbank.Sor.fasta
* Read 0 ALT contigs
* Reading reference genome..
* Binary seq file = reference.genbank.Sor.fasta.0123
* Reference genome size: 2685325284 bp
* Done reading reference genome !!

------------------------------------------
1. Memory pre-allocation for Chaining: 5679.4903 MB
2. Memory pre-allocation for BSW: 9584.6810 MB
[M::memoryAllocLearned::MEME] Reading Learned-index models into memory
[Learned-Config] MODE:3 SEARCH_METHOD: 1 MEM_TRADEOFF:1 EXPONENTIAL_SMEMSEARCH: 1 DEBUG_MODE:0 Num 2nd Models:268435456 PWL Bits Used:28
[M::memoryAllocLearned::MEME] Loading RMI model and Pac reference file took 18.537 sec
[M::memoryAllocLearned::MEME] Reading suffix array into memory
[M::memoryAllocLearned::MEME] Loading pos_packed file took 25.340 sec
[M::memoryAllocLearned::MEME] Generating SA, 64-bit Suffix and ISA in memory
[M::memoryAllocLearned::MEME] Runtime-build-index took 31.650 sec
3. Memory pre-allocation for BWT: 14070.0171 MB
------------------------------------------
* Threads used (compute): 40
* No. of pipeline threads: 2

[0000] read_chunk: 400000000, work_chunk_size: 400000163, nseq: 4399244
	[0000][ M::kt_pipeline] read 4399244 sequences (400000163 bp)...
[0000] Reallocating initial memory allocations!!
[0000] Calling mem_process_seqs.., task: 0
[0000] 1. Calling kt_for - worker_bwt
[0000] 2. Calling kt_for - worker_aln
[0000] read_chunk: 400000000, work_chunk_size: 400000098, nseq: 4418772
	[0000][ M::kt_pipeline] read 4418772 sequences (400000098 bp)...
[0000] Inferring insert size distribution of PE reads from data, l_pac: 1342662642, n: 4399244
[0000][PE] # candidate unique pairs for (FF, FR, RF, RR): (199, 1311649, 2, 218)
[0000][PE] analyzing insert size distribution for orientation FF...
[0000][PE] (25, 50, 75) percentile: (25, 36, 47)
[0000][PE] low and high boundaries for computing mean and std.dev: (1, 91)
[0000][PE] mean and std.dev: (36.35, 18.70)
[0000][PE] low and high boundaries for proper pairs: (1, 113)
[0000][PE] analyzing insert size distribution for orientation FR...
[0000][PE] (25, 50, 75) percentile: (69, 85, 104)
[0000][PE] low and high boundaries for computing mean and std.dev: (1, 174)
[0000][PE] mean and std.dev: (87.77, 25.67)
[0000][PE] low and high boundaries for proper pairs: (1, 209)
[0000][PE] skip orientation RF as there are not enough pairs
[0000][PE] analyzing insert size distribution for orientation RR...
[0000][PE] (25, 50, 75) percentile: (29, 39, 59)
[0000][PE] low and high boundaries for computing mean and std.dev: (1, 119)
[0000][PE] mean and std.dev: (43.16, 22.40)
[0000][PE] low and high boundaries for proper pairs: (1, 149)
[0000][PE] skip orientation FF
[0000][PE] skip orientation RR
[0000] 3. Calling kt_for - worker_sam
	[0000][ M::mem_process_seqs] Processed 4399244 reads in 721.102 CPU sec, 18.914 real sec
[0000] Reallocating initial memory allocations!!
[0000] Calling mem_process_seqs.., task: 1
[0000] 1. Calling kt_for - worker_bwt
[0000] 2. Calling kt_for - worker_aln
[0000] Inferring insert size distribution of PE reads from data, l_pac: 1342662642, n: 4418772
[0000][PE] # candidate unique pairs for (FF, FR, RF, RR): (211, 1388693, 0, 217)
[0000][PE] analyzing insert size distribution for orientation FF...
[0000][PE] (25, 50, 75) percentile: (24, 39, 54)
[0000][PE] low and high boundaries for computing mean and std.dev: (1, 114)
[0000][PE] mean and std.dev: (40.36, 20.85)
[0000][PE] low and high boundaries for proper pairs: (1, 144)
[0000][PE] analyzing insert size distribution for orientation FR...
[0000][PE] (25, 50, 75) percentile: (69, 85, 104)
[0000][PE] low and high boundaries for computing mean and std.dev: (1, 174)
[0000][PE] mean and std.dev: (87.67, 25.67)
[0000][PE] low and high boundaries for proper pairs: (1, 209)
[0000][PE] skip orientation RF as there are not enough pairs
[0000][PE] analyzing insert size distribution for orientation RR...
[0000][PE] (25, 50, 75) percentile: (30, 42, 54)
[0000][PE] low and high boundaries for computing mean and std.dev: (1, 102)
[0000][PE] mean and std.dev: (42.27, 19.96)
[0000][PE] low and high boundaries for proper pairs: (1, 126)
[0000][PE] skip orientation FF
[0000][PE] skip orientation RR
[0000] 3. Calling kt_for - worker_sam
[0000] read_chunk: 400000000, work_chunk_size: 400000017, nseq: 4423676
	[0000][ M::kt_pipeline] read 4423676 sequences (400000017 bp)...
	[0000][ M::mem_process_seqs] Processed 4418772 reads in 644.694 CPU sec, 17.119 real sec
[0000] Reallocating initial memory allocations!!
[0000] Calling mem_process_seqs.., task: 2
[0000] 1. Calling kt_for - worker_bwt
[0000] 2. Calling kt_for - worker_aln
[0000] read_chunk: 400000000, work_chunk_size: 400000109, nseq: 4419376
	[0000][ M::kt_pipeline] read 4419376 sequences (400000109 bp)...
[0000] Inferring insert size distribution of PE reads from data, l_pac: 1342662642, n: 4423676
[0000][PE] # candidate unique pairs for (FF, FR, RF, RR): (185, 1379414, 1, 207)
[0000][PE] analyzing insert size distribution for orientation FF...
[0000][PE] (25, 50, 75) percentile: (27, 37, 53)
[0000][PE] low and high boundaries for computing mean and std.dev: (1, 105)
[0000][PE] mean and std.dev: (40.08, 21.21)
[0000][PE] low and high boundaries for proper pairs: (1, 131)
[0000][PE] analyzing insert size distribution for orientation FR...
[0000][PE] (25, 50, 75) percentile: (69, 85, 104)
[0000][PE] low and high boundaries for computing mean and std.dev: (1, 174)
[0000][PE] mean and std.dev: (87.62, 25.63)
[0000][PE] low and high boundaries for proper pairs: (1, 209)
[0000][PE] skip orientation RF as there are not enough pairs
[0000][PE] analyzing insert size distribution for orientation RR...
[0000][PE] (25, 50, 75) percentile: (29, 41, 61)
[0000][PE] low and high boundaries for computing mean and std.dev: (1, 125)
[0000][PE] mean and std.dev: (45.24, 23.09)
[0000][PE] low and high boundaries for proper pairs: (1, 157)
[0000][PE] skip orientation FF
[0000][PE] skip orientation RR
[0000] 3. Calling kt_for - worker_sam
	[0000][ M::mem_process_seqs] Processed 4423676 reads in 692.416 CPU sec, 18.528 real sec
[0000] Calling mem_process_seqs.., task: 3
[0000] 1. Calling kt_for - worker_bwt
[0000] 2. Calling kt_for - worker_aln
[0000] Inferring insert size distribution of PE reads from data, l_pac: 1342662642, n: 4419376
[0000][PE] # candidate unique pairs for (FF, FR, RF, RR): (213, 1364914, 4, 208)
[0000][PE] analyzing insert size distribution for orientation FF...
[0000][PE] (25, 50, 75) percentile: (26, 38, 55)
[0000][PE] low and high boundaries for computing mean and std.dev: (1, 113)
[0000][PE] mean and std.dev: (40.88, 22.02)
[0000][PE] low and high boundaries for proper pairs: (1, 142)
[0000][PE] analyzing insert size distribution for orientation FR...
[0000][PE] (25, 50, 75) percentile: (69, 85, 104)
[0000][PE] low and high boundaries for computing mean and std.dev: (1, 174)
[0000][PE] mean and std.dev: (87.72, 25.65)
[0000][PE] low and high boundaries for proper pairs: (1, 209)
[0000][PE] skip orientation RF as there are not enough pairs
[0000][PE] analyzing insert size distribution for orientation RR...
[0000][PE] (25, 50, 75) percentile: (30, 42, 57)
[0000][PE] low and high boundaries for computing mean and std.dev: (1, 111)
[0000][PE] mean and std.dev: (44.08, 19.88)
[0000][PE] low and high boundaries for proper pairs: (1, 138)
[0000][PE] skip orientation FF
[0000][PE] skip orientation RR
[0000] 3. Calling kt_for - worker_sam
[0000] read_chunk: 400000000, work_chunk_size: 400000122, nseq: 4430014
	[0000][ M::mem_process_seqs] Processed 4419376 reads in 651.878 CPU sec, 17.885 real sec
	[0000][ M::kt_pipeline] read 4430014 sequences (400000122 bp)...
[0000] Reallocating initial memory allocations!!
[0000] Calling mem_process_seqs.., task: 4
[0000] 1. Calling kt_for - worker_bwt
[0000] 2. Calling kt_for - worker_aln
[0000] read_chunk: 400000000, work_chunk_size: 400000031, nseq: 4433970
[0000] Inferring insert size distribution of PE reads from data, l_pac: 1342662642, n: 4430014
	[0000][ M::kt_pipeline] read 4433970 sequences (400000031 bp)...
[0000][PE] # candidate unique pairs for (FF, FR, RF, RR): (213, 1390543, 1, 227)
[0000][PE] analyzing insert size distribution for orientation FF...
[0000][PE] (25, 50, 75) percentile: (24, 36, 55)
[0000][PE] low and high boundaries for computing mean and std.dev: (1, 117)
[0000][PE] mean and std.dev: (39.75, 21.80)
[0000][PE] low and high boundaries for proper pairs: (1, 148)
[0000][PE] analyzing insert size distribution for orientation FR...
[0000][PE] (25, 50, 75) percentile: (69, 85, 104)
[0000][PE] low and high boundaries for computing mean and std.dev: (1, 174)
[0000][PE] mean and std.dev: (87.51, 25.64)
[0000][PE] low and high boundaries for proper pairs: (1, 209)
[0000][PE] skip orientation RF as there are not enough pairs
[0000][PE] analyzing insert size distribution for orientation RR...
[0000][PE] (25, 50, 75) percentile: (27, 40, 62)
[0000][PE] low and high boundaries for computing mean and std.dev: (1, 132)
[0000][PE] mean and std.dev: (45.17, 24.37)
[0000][PE] low and high boundaries for proper pairs: (1, 167)
[0000][PE] skip orientation FF
[0000][PE] skip orientation RR
[0000] 3. Calling kt_for - worker_sam
	[0000][ M::mem_process_seqs] Processed 4430014 reads in 654.136 CPU sec, 17.729 real sec
[0000] Reallocating initial memory allocations!!
[0000] Calling mem_process_seqs.., task: 5
[0000] 1. Calling kt_for - worker_bwt
[0000] 2. Calling kt_for - worker_aln
[0000] Inferring insert size distribution of PE reads from data, l_pac: 1342662642, n: 4433970
[0000] read_chunk: 400000000, work_chunk_size: 400000151, nseq: 4432720
	[0000][ M::kt_pipeline] read 4432720 sequences (400000151 bp)...
[0000][PE] # candidate unique pairs for (FF, FR, RF, RR): (258, 1394280, 2, 217)
[0000][PE] analyzing insert size distribution for orientation FF...
[0000][PE] (25, 50, 75) percentile: (25, 36, 54)
[0000][PE] low and high boundaries for computing mean and std.dev: (1, 112)
[0000][PE] mean and std.dev: (40.08, 21.45)
[0000][PE] low and high boundaries for proper pairs: (1, 141)
[0000][PE] analyzing insert size distribution for orientation FR...
[0000][PE] (25, 50, 75) percentile: (69, 85, 104)
[0000][PE] low and high boundaries for computing mean and std.dev: (1, 174)
[0000][PE] mean and std.dev: (87.52, 25.62)
[0000][PE] low and high boundaries for proper pairs: (1, 209)
[0000][PE] skip orientation RF as there are not enough pairs
[0000][PE] analyzing insert size distribution for orientation RR...
[0000][PE] (25, 50, 75) percentile: (25, 40, 58)
[0000][PE] low and high boundaries for computing mean and std.dev: (1, 124)
[0000][PE] mean and std.dev: (42.07, 23.87)
[0000][PE] low and high boundaries for proper pairs: (1, 157)
[0000][PE] skip orientation FF
[0000][PE] skip orientation RR
[0000] 3. Calling kt_for - worker_sam
	[0000][ M::mem_process_seqs] Processed 4433970 reads in 666.848 CPU sec, 17.984 real sec
[0000] Calling mem_process_seqs.., task: 6
[0000] 1. Calling kt_for - worker_bwt
[0000] 2. Calling kt_for - worker_aln
[0000] Inferring insert size distribution of PE reads from data, l_pac: 1342662642, n: 4432720
[0000][PE] # candidate unique pairs for (FF, FR, RF, RR): (218, 1405444, 0, 190)
[0000][PE] analyzing insert size distribution for orientation FF...
[0000][PE] (25, 50, 75) percentile: (27, 39, 52)
[0000][PE] low and high boundaries for computing mean and std.dev: (1, 102)
[0000][PE] mean and std.dev: (39.78, 19.56)
[0000][PE] low and high boundaries for proper pairs: (1, 127)
[0000][PE] analyzing insert size distribution for orientation FR...
[0000][PE] (25, 50, 75) percentile: (69, 85, 104)
[0000][PE] low and high boundaries for computing mean and std.dev: (1, 174)
[0000][PE] mean and std.dev: (87.55, 25.61)
[0000][PE] low and high boundaries for proper pairs: (1, 209)
[0000][PE] skip orientation RF as there are not enough pairs
[0000][PE] analyzing insert size distribution for orientation RR...
[0000][PE] (25, 50, 75) percentile: (28, 42, 60)
[0000][PE] low and high boundaries for computing mean and std.dev: (1, 124)
[0000][PE] mean and std.dev: (43.72, 22.39)
[0000][PE] low and high boundaries for proper pairs: (1, 156)
[0000][PE] skip orientation FF
[0000][PE] skip orientation RR
[0000] 3. Calling kt_for - worker_sam
[0000] read_chunk: 400000000, work_chunk_size: 400000233, nseq: 4435516
	[0000][ M::kt_pipeline] read 4435516 sequences (400000233 bp)...
	[0000][ M::mem_process_seqs] Processed 4432720 reads in 646.097 CPU sec, 18.005 real sec
[0000] Reallocating initial memory allocations!!
[0000] Calling mem_process_seqs.., task: 7
[0000] 1. Calling kt_for - worker_bwt
[0000] 2. Calling kt_for - worker_aln
[0000] read_chunk: 400000000, work_chunk_size: 400000032, nseq: 4368836
	[0000][ M::kt_pipeline] read 4368836 sequences (400000032 bp)...
[0000] Inferring insert size distribution of PE reads from data, l_pac: 1342662642, n: 4435516
[0000][PE] # candidate unique pairs for (FF, FR, RF, RR): (239, 1413153, 0, 220)
[0000][PE] analyzing insert size distribution for orientation FF...
[0000][PE] (25, 50, 75) percentile: (24, 37, 55)
[0000][PE] low and high boundaries for computing mean and std.dev: (1, 117)
[0000][PE] mean and std.dev: (41.14, 23.40)
[0000][PE] low and high boundaries for proper pairs: (1, 148)
[0000][PE] analyzing insert size distribution for orientation FR...
[0000][PE] (25, 50, 75) percentile: (69, 85, 104)
[0000][PE] low and high boundaries for computing mean and std.dev: (1, 174)
[0000][PE] mean and std.dev: (87.52, 25.59)
[0000][PE] low and high boundaries for proper pairs: (1, 209)
[0000][PE] skip orientation RF as there are not enough pairs
[0000][PE] analyzing insert size distribution for orientation RR...
[0000][PE] (25, 50, 75) percentile: (28, 41, 63)
[0000][PE] low and high boundaries for computing mean and std.dev: (1, 133)
[0000][PE] mean and std.dev: (45.10, 25.55)
[0000][PE] low and high boundaries for proper pairs: (1, 168)
[0000][PE] skip orientation FF
[0000][PE] skip orientation RR
[0000] 3. Calling kt_for - worker_sam
	[0000][ M::mem_process_seqs] Processed 4435516 reads in 632.435 CPU sec, 17.193 real sec
[0000] Calling mem_process_seqs.., task: 8
[0000] 1. Calling kt_for - worker_bwt
[0000] 2. Calling kt_for - worker_aln
[0000] Inferring insert size distribution of PE reads from data, l_pac: 1342662642, n: 4368836
[0000][PE] # candidate unique pairs for (FF, FR, RF, RR): (234, 1311688, 3, 248)
[0000][PE] analyzing insert size distribution for orientation FF...
[0000][PE] (25, 50, 75) percentile: (29, 41, 53)
[0000][PE] low and high boundaries for computing mean and std.dev: (1, 101)
[0000][PE] mean and std.dev: (41.99, 19.30)
[0000][PE] low and high boundaries for proper pairs: (1, 125)
[0000][PE] analyzing insert size distribution for orientation FR...
[0000][PE] (25, 50, 75) percentile: (69, 85, 104)
[0000][PE] low and high boundaries for computing mean and std.dev: (1, 174)
[0000][PE] mean and std.dev: (87.62, 25.64)
[0000][PE] low and high boundaries for proper pairs: (1, 209)
[0000][PE] skip orientation RF as there are not enough pairs
[0000][PE] analyzing insert size distribution for orientation RR...
[0000][PE] (25, 50, 75) percentile: (27, 40, 55)
[0000][PE] low and high boundaries for computing mean and std.dev: (1, 111)
[0000][PE] mean and std.dev: (41.84, 21.11)
[0000][PE] low and high boundaries for proper pairs: (1, 139)
[0000][PE] skip orientation FF
[0000][PE] skip orientation RR
[0000] 3. Calling kt_for - worker_sam
[0000] read_chunk: 400000000, work_chunk_size: 400000070, nseq: 4430460
	[0000][ M::kt_pipeline] read 4430460 sequences (400000070 bp)...
	[0000][ M::mem_process_seqs] Processed 4368836 reads in 819.821 CPU sec, 21.917 real sec
[0000] Calling mem_process_seqs.., task: 9
[0000] 1. Calling kt_for - worker_bwt
[0000] 2. Calling kt_for - worker_aln
[0000] Inferring insert size distribution of PE reads from data, l_pac: 1342662642, n: 4430460
[0000][PE] # candidate unique pairs for (FF, FR, RF, RR): (197, 1367334, 0, 226)
[0000][PE] analyzing insert size distribution for orientation FF...
[0000][PE] (25, 50, 75) percentile: (27, 37, 54)
[0000][PE] low and high boundaries for computing mean and std.dev: (1, 108)
[0000][PE] mean and std.dev: (41.31, 20.38)
[0000][PE] low and high boundaries for proper pairs: (1, 135)
[0000][PE] analyzing insert size distribution for orientation FR...
[0000][PE] (25, 50, 75) percentile: (69, 85, 104)
[0000][PE] low and high boundaries for computing mean and std.dev: (1, 174)
[0000][PE] mean and std.dev: (87.63, 25.63)
[0000][PE] low and high boundaries for proper pairs: (1, 209)
[0000][PE] skip orientation RF as there are not enough pairs
[0000][PE] analyzing insert size distribution for orientation RR...
[0000][PE] (25, 50, 75) percentile: (27, 37, 58)
[0000][PE] low and high boundaries for computing mean and std.dev: (1, 120)
[0000][PE] mean and std.dev: (41.80, 22.50)
[0000][PE] low and high boundaries for proper pairs: (1, 151)
[0000][PE] skip orientation FF
[0000][PE] skip orientation RR
[0000] 3. Calling kt_for - worker_sam
[0000] read_chunk: 400000000, work_chunk_size: 400000018, nseq: 4433514
	[0000][ M::kt_pipeline] read 4433514 sequences (400000018 bp)...
	[0000][ M::mem_process_seqs] Processed 4430460 reads in 684.471 CPU sec, 18.839 real sec
[0000] Calling mem_process_seqs.., task: 10
[0000] 1. Calling kt_for - worker_bwt
[0000] 2. Calling kt_for - worker_aln
[0000] Inferring insert size distribution of PE reads from data, l_pac: 1342662642, n: 4433514
[0000][PE] # candidate unique pairs for (FF, FR, RF, RR): (222, 1387567, 1, 221)
[0000][PE] analyzing insert size distribution for orientation FF...
[0000][PE] (25, 50, 75) percentile: (26, 38, 57)
[0000][PE] low and high boundaries for computing mean and std.dev: (1, 119)
[0000][PE] mean and std.dev: (42.01, 22.74)
[0000][PE] low and high boundaries for proper pairs: (1, 150)
[0000][PE] analyzing insert size distribution for orientation FR...
[0000][PE] (25, 50, 75) percentile: (69, 85, 104)
[0000][PE] low and high boundaries for computing mean and std.dev: (1, 174)
[0000][PE] mean and std.dev: (87.57, 25.62)
[0000][PE] low and high boundaries for proper pairs: (1, 209)
[0000][PE] skip orientation RF as there are not enough pairs
[0000][PE] analyzing insert size distribution for orientation RR...
[0000][PE] (25, 50, 75) percentile: (28, 40, 54)
[0000][PE] low and high boundaries for computing mean and std.dev: (1, 106)
[0000][PE] mean and std.dev: (41.13, 19.70)
[0000][PE] low and high boundaries for proper pairs: (1, 132)
[0000][PE] skip orientation FF
[0000][PE] skip orientation RR
[0000] 3. Calling kt_for - worker_sam
[0000] read_chunk: 400000000, work_chunk_size: 400000024, nseq: 4417878
	[0000][ M::kt_pipeline] read 4417878 sequences (400000024 bp)...
	[0000][ M::mem_process_seqs] Processed 4433514 reads in 645.200 CPU sec, 17.813 real sec
[0000] Calling mem_process_seqs.., task: 11
[0000] 1. Calling kt_for - worker_bwt
[0000] 2. Calling kt_for - worker_aln
[0000] Inferring insert size distribution of PE reads from data, l_pac: 1342662642, n: 4417878
[0000][PE] # candidate unique pairs for (FF, FR, RF, RR): (257, 1371251, 4, 232)
[0000][PE] analyzing insert size distribution for orientation FF...
[0000][PE] (25, 50, 75) percentile: (25, 36, 51)
[0000][PE] low and high boundaries for computing mean and std.dev: (1, 103)
[0000][PE] mean and std.dev: (38.60, 19.55)
[0000][PE] low and high boundaries for proper pairs: (1, 129)
[0000][PE] analyzing insert size distribution for orientation FR...
[0000][PE] (25, 50, 75) percentile: (69, 85, 104)
[0000][PE] low and high boundaries for computing mean and std.dev: (1, 174)
[0000][PE] mean and std.dev: (87.54, 25.62)
[0000][PE] low and high boundaries for proper pairs: (1, 209)
[0000][PE] skip orientation RF as there are not enough pairs
[0000][PE] analyzing insert size distribution for orientation RR...
[0000][PE] (25, 50, 75) percentile: (31, 43, 57)
[0000][PE] low and high boundaries for computing mean and std.dev: (1, 109)
[0000][PE] mean and std.dev: (43.99, 20.95)
[0000][PE] low and high boundaries for proper pairs: (1, 135)
[0000][PE] skip orientation FF
[0000][PE] skip orientation RR
[0000] 3. Calling kt_for - worker_sam
[0000] read_chunk: 400000000, work_chunk_size: 400000107, nseq: 4423880
	[0000][ M::kt_pipeline] read 4423880 sequences (400000107 bp)...
	[0000][ M::mem_process_seqs] Processed 4417878 reads in 663.173 CPU sec, 18.511 real sec
[0000] Calling mem_process_seqs.., task: 12
[0000] 1. Calling kt_for - worker_bwt
[0000] 2. Calling kt_for - worker_aln
[0000] Inferring insert size distribution of PE reads from data, l_pac: 1342662642, n: 4423880
[0000][PE] # candidate unique pairs for (FF, FR, RF, RR): (216, 1395695, 5, 202)
[0000][PE] analyzing insert size distribution for orientation FF...
[0000][PE] (25, 50, 75) percentile: (27, 38, 53)
[0000][PE] low and high boundaries for computing mean and std.dev: (1, 105)
[0000][PE] mean and std.dev: (39.33, 18.51)
[0000][PE] low and high boundaries for proper pairs: (1, 131)
[0000][PE] analyzing insert size distribution for orientation FR...
[0000][PE] (25, 50, 75) percentile: (69, 85, 104)
[0000][PE] low and high boundaries for computing mean and std.dev: (1, 174)
[0000][PE] mean and std.dev: (87.64, 25.67)
[0000][PE] low and high boundaries for proper pairs: (1, 209)
[0000][PE] skip orientation RF as there are not enough pairs
[0000][PE] analyzing insert size distribution for orientation RR...
[0000][PE] (25, 50, 75) percentile: (29, 42, 61)
[0000][PE] low and high boundaries for computing mean and std.dev: (1, 125)
[0000][PE] mean and std.dev: (45.87, 24.01)
[0000][PE] low and high boundaries for proper pairs: (1, 157)
[0000][PE] skip orientation FF
[0000][PE] skip orientation RR
[0000] 3. Calling kt_for - worker_sam
	[0000][ M::mem_process_seqs] Processed 4423880 reads in 632.316 CPU sec, 17.511 real sec
[0000] read_chunk: 400000000, work_chunk_size: 400000009, nseq: 4408322
	[0000][ M::kt_pipeline] read 4408322 sequences (400000009 bp)...
[0000] Calling mem_process_seqs.., task: 13
[0000] 1. Calling kt_for - worker_bwt
[0000] 2. Calling kt_for - worker_aln
[0000] Inferring insert size distribution of PE reads from data, l_pac: 1342662642, n: 4408322
[0000][PE] # candidate unique pairs for (FF, FR, RF, RR): (214, 1362753, 1, 200)
[0000][PE] analyzing insert size distribution for orientation FF...
[0000][PE] (25, 50, 75) percentile: (26, 37, 53)
[0000][PE] low and high boundaries for computing mean and std.dev: (1, 107)
[0000][PE] mean and std.dev: (40.67, 21.08)
[0000][PE] low and high boundaries for proper pairs: (1, 134)
[0000][PE] analyzing insert size distribution for orientation FR...
[0000][PE] (25, 50, 75) percentile: (69, 85, 104)
[0000][PE] low and high boundaries for computing mean and std.dev: (1, 174)
[0000][PE] mean and std.dev: (87.68, 25.65)
[0000][PE] low and high boundaries for proper pairs: (1, 209)
[0000][PE] skip orientation RF as there are not enough pairs
[0000][PE] analyzing insert size distribution for orientation RR...
[0000][PE] (25, 50, 75) percentile: (27, 38, 52)
[0000][PE] low and high boundaries for computing mean and std.dev: (1, 102)
[0000][PE] mean and std.dev: (40.13, 20.15)
[0000][PE] low and high boundaries for proper pairs: (1, 127)
[0000][PE] skip orientation FF
[0000][PE] skip orientation RR
[0000] 3. Calling kt_for - worker_sam
[0000] read_chunk: 400000000, work_chunk_size: 400000011, nseq: 4394946
	[0000][ M::kt_pipeline] read 4394946 sequences (400000011 bp)...
	[0000][ M::mem_process_seqs] Processed 4408322 reads in 664.862 CPU sec, 18.398 real sec
[0000] Calling mem_process_seqs.., task: 14
[0000] 1. Calling kt_for - worker_bwt
[0000] 2. Calling kt_for - worker_aln
[0000] Inferring insert size distribution of PE reads from data, l_pac: 1342662642, n: 4394946
[0000][PE] # candidate unique pairs for (FF, FR, RF, RR): (204, 1361705, 0, 219)
[0000][PE] analyzing insert size distribution for orientation FF...
[0000][PE] (25, 50, 75) percentile: (25, 37, 55)
[0000][PE] low and high boundaries for computing mean and std.dev: (1, 115)
[0000][PE] mean and std.dev: (40.52, 23.23)
[0000][PE] low and high boundaries for proper pairs: (1, 145)
[0000][PE] analyzing insert size distribution for orientation FR...
[0000][PE] (25, 50, 75) percentile: (69, 85, 104)
[0000][PE] low and high boundaries for computing mean and std.dev: (1, 174)
[0000][PE] mean and std.dev: (87.68, 25.73)
[0000][PE] low and high boundaries for proper pairs: (1, 209)
[0000][PE] skip orientation RF as there are not enough pairs
[0000][PE] analyzing insert size distribution for orientation RR...
[0000][PE] (25, 50, 75) percentile: (29, 38, 55)
[0000][PE] low and high boundaries for computing mean and std.dev: (1, 107)
[0000][PE] mean and std.dev: (41.90, 21.87)
[0000][PE] low and high boundaries for proper pairs: (1, 133)
[0000][PE] skip orientation FF
[0000][PE] skip orientation RR
[0000] 3. Calling kt_for - worker_sam
	[0000][ M::mem_process_seqs] Processed 4394946 reads in 673.121 CPU sec, 24.385 real sec
[0000] read_chunk: 400000000, work_chunk_size: 400000104, nseq: 4427702
	[0000][ M::kt_pipeline] read 4427702 sequences (400000104 bp)...
[0000] Calling mem_process_seqs.., task: 15
[0000] 1. Calling kt_for - worker_bwt
[0000] 2. Calling kt_for - worker_aln
[0000] read_chunk: 400000000, work_chunk_size: 400000226, nseq: 4360174
	[0000][ M::kt_pipeline] read 4360174 sequences (400000226 bp)...
[0000] Inferring insert size distribution of PE reads from data, l_pac: 1342662642, n: 4427702
[0000][PE] # candidate unique pairs for (FF, FR, RF, RR): (205, 1406432, 1, 228)
[0000][PE] analyzing insert size distribution for orientation FF...
[0000][PE] (25, 50, 75) percentile: (28, 39, 52)
[0000][PE] low and high boundaries for computing mean and std.dev: (1, 100)
[0000][PE] mean and std.dev: (39.74, 18.63)
[0000][PE] low and high boundaries for proper pairs: (1, 124)
[0000][PE] analyzing insert size distribution for orientation FR...
[0000][PE] (25, 50, 75) percentile: (69, 85, 104)
[0000][PE] low and high boundaries for computing mean and std.dev: (1, 174)
[0000][PE] mean and std.dev: (87.57, 25.65)
[0000][PE] low and high boundaries for proper pairs: (1, 209)
[0000][PE] skip orientation RF as there are not enough pairs
[0000][PE] analyzing insert size distribution for orientation RR...
[0000][PE] (25, 50, 75) percentile: (25, 36, 54)
[0000][PE] low and high boundaries for computing mean and std.dev: (1, 112)
[0000][PE] mean and std.dev: (39.37, 21.37)
[0000][PE] low and high boundaries for proper pairs: (1, 141)
[0000][PE] skip orientation FF
[0000][PE] skip orientation RR
[0000] 3. Calling kt_for - worker_sam
	[0000][ M::mem_process_seqs] Processed 4427702 reads in 636.102 CPU sec, 17.315 real sec
[0000] Calling mem_process_seqs.., task: 16
[0000] 1. Calling kt_for - worker_bwt
[0000] 2. Calling kt_for - worker_aln
[0000] Inferring insert size distribution of PE reads from data, l_pac: 1342662642, n: 4360174
[0000][PE] # candidate unique pairs for (FF, FR, RF, RR): (192, 1284412, 0, 172)
[0000][PE] analyzing insert size distribution for orientation FF...
[0000][PE] (25, 50, 75) percentile: (26, 37, 55)
[0000][PE] low and high boundaries for computing mean and std.dev: (1, 113)
[0000][PE] mean and std.dev: (41.61, 21.47)
[0000][PE] low and high boundaries for proper pairs: (1, 142)
[0000][PE] analyzing insert size distribution for orientation FR...
[0000][PE] (25, 50, 75) percentile: (69, 85, 104)
[0000][PE] low and high boundaries for computing mean and std.dev: (1, 174)
[0000][PE] mean and std.dev: (87.64, 25.65)
[0000][PE] low and high boundaries for proper pairs: (1, 209)
[0000][PE] skip orientation RF as there are not enough pairs
[0000][PE] analyzing insert size distribution for orientation RR...
[0000][PE] (25, 50, 75) percentile: (27, 40, 57)
[0000][PE] low and high boundaries for computing mean and std.dev: (1, 117)
[0000][PE] mean and std.dev: (43.21, 22.56)
[0000][PE] low and high boundaries for proper pairs: (1, 147)
[0000][PE] skip orientation FF
[0000][PE] skip orientation RR
[0000] 3. Calling kt_for - worker_sam
[0000] read_chunk: 400000000, work_chunk_size: 400000189, nseq: 4409828
	[0000][ M::kt_pipeline] read 4409828 sequences (400000189 bp)...
	[0000][ M::mem_process_seqs] Processed 4360174 reads in 781.727 CPU sec, 21.246 real sec
[0000] Calling mem_process_seqs.., task: 17
[0000] 1. Calling kt_for - worker_bwt
[0000] 2. Calling kt_for - worker_aln
[0000] Inferring insert size distribution of PE reads from data, l_pac: 1342662642, n: 4409828
[0000][PE] # candidate unique pairs for (FF, FR, RF, RR): (216, 1355662, 0, 202)
[0000][PE] analyzing insert size distribution for orientation FF...
[0000][PE] (25, 50, 75) percentile: (24, 35, 49)
[0000][PE] low and high boundaries for computing mean and std.dev: (1, 99)
[0000][PE] mean and std.dev: (36.00, 18.66)
[0000][PE] low and high boundaries for proper pairs: (1, 124)
[0000][PE] analyzing insert size distribution for orientation FR...
[0000][PE] (25, 50, 75) percentile: (69, 85, 104)
[0000][PE] low and high boundaries for computing mean and std.dev: (1, 174)
[0000][PE] mean and std.dev: (87.63, 25.66)
[0000][PE] low and high boundaries for proper pairs: (1, 209)
[0000][PE] skip orientation RF as there are not enough pairs
[0000][PE] analyzing insert size distribution for orientation RR...
[0000][PE] (25, 50, 75) percentile: (26, 38, 56)
[0000][PE] low and high boundaries for computing mean and std.dev: (1, 116)
[0000][PE] mean and std.dev: (42.78, 24.10)
[0000][PE] low and high boundaries for proper pairs: (1, 146)
[0000][PE] skip orientation FF
[0000][PE] skip orientation RR
[0000] 3. Calling kt_for - worker_sam
[0000] read_chunk: 400000000, work_chunk_size: 400000041, nseq: 4321614
	[0000][ M::kt_pipeline] read 4321614 sequences (400000041 bp)...
	[0000][ M::mem_process_seqs] Processed 4409828 reads in 703.152 CPU sec, 19.493 real sec
[0000] Calling mem_process_seqs.., task: 18
[0000] 1. Calling kt_for - worker_bwt
[0000] 2. Calling kt_for - worker_aln
[0000] Inferring insert size distribution of PE reads from data, l_pac: 1342662642, n: 4321614
[0000] read_chunk: 400000000, work_chunk_size: 400000128, nseq: 4428974
	[0000][ M::kt_pipeline] read 4428974 sequences (400000128 bp)...
[0000][PE] # candidate unique pairs for (FF, FR, RF, RR): (198, 1272384, 5, 205)
[0000][PE] analyzing insert size distribution for orientation FF...
[0000][PE] (25, 50, 75) percentile: (25, 35, 52)
[0000][PE] low and high boundaries for computing mean and std.dev: (1, 106)
[0000][PE] mean and std.dev: (38.63, 19.64)
[0000][PE] low and high boundaries for proper pairs: (1, 133)
[0000][PE] analyzing insert size distribution for orientation FR...
[0000][PE] (25, 50, 75) percentile: (69, 85, 104)
[0000][PE] low and high boundaries for computing mean and std.dev: (1, 174)
[0000][PE] mean and std.dev: (87.60, 25.62)
[0000][PE] low and high boundaries for proper pairs: (1, 209)
[0000][PE] skip orientation RF as there are not enough pairs
[0000][PE] analyzing insert size distribution for orientation RR...
[0000][PE] (25, 50, 75) percentile: (27, 39, 57)
[0000][PE] low and high boundaries for computing mean and std.dev: (1, 117)
[0000][PE] mean and std.dev: (43.07, 22.51)
[0000][PE] low and high boundaries for proper pairs: (1, 147)
[0000][PE] skip orientation FF
[0000][PE] skip orientation RR
[0000] 3. Calling kt_for - worker_sam
	[0000][ M::mem_process_seqs] Processed 4321614 reads in 874.308 CPU sec, 23.748 real sec
[0000] Calling mem_process_seqs.., task: 19
[0000] 1. Calling kt_for - worker_bwt
[0000] 2. Calling kt_for - worker_aln
[0000] Inferring insert size distribution of PE reads from data, l_pac: 1342662642, n: 4428974
[0000][PE] # candidate unique pairs for (FF, FR, RF, RR): (229, 1400635, 1, 225)
[0000][PE] analyzing insert size distribution for orientation FF...
[0000][PE] (25, 50, 75) percentile: (25, 37, 51)
[0000][PE] low and high boundaries for computing mean and std.dev: (1, 103)
[0000][PE] mean and std.dev: (39.74, 21.18)
[0000][PE] low and high boundaries for proper pairs: (1, 129)
[0000][PE] analyzing insert size distribution for orientation FR...
[0000][PE] (25, 50, 75) percentile: (69, 85, 104)
[0000][PE] low and high boundaries for computing mean and std.dev: (1, 174)
[0000][PE] mean and std.dev: (87.51, 25.60)
[0000][PE] low and high boundaries for proper pairs: (1, 209)
[0000][PE] skip orientation RF as there are not enough pairs
[0000][PE] analyzing insert size distribution for orientation RR...
[0000][PE] (25, 50, 75) percentile: (30, 43, 57)
[0000][PE] low and high boundaries for computing mean and std.dev: (1, 111)
[0000][PE] mean and std.dev: (44.96, 22.80)
[0000][PE] low and high boundaries for proper pairs: (1, 138)
[0000][PE] skip orientation FF
[0000][PE] skip orientation RR
[0000] 3. Calling kt_for - worker_sam
	[0000][ M::mem_process_seqs] Processed 4428974 reads in 645.430 CPU sec, 18.498 real sec
[0000] read_chunk: 400000000, work_chunk_size: 400000191, nseq: 4413358
	[0000][ M::kt_pipeline] read 4413358 sequences (400000191 bp)...
[0000] Calling mem_process_seqs.., task: 20
[0000] 1. Calling kt_for - worker_bwt
[0000] 2. Calling kt_for - worker_aln
[0000] Inferring insert size distribution of PE reads from data, l_pac: 1342662642, n: 4413358
[0000][PE] # candidate unique pairs for (FF, FR, RF, RR): (233, 1307114, 0, 210)
[0000][PE] analyzing insert size distribution for orientation FF...
[0000][PE] (25, 50, 75) percentile: (26, 38, 55)
[0000][PE] low and high boundaries for computing mean and std.dev: (1, 113)
[0000][PE] mean and std.dev: (40.74, 21.33)
[0000][PE] low and high boundaries for proper pairs: (1, 142)
[0000][PE] analyzing insert size distribution for orientation FR...
[0000][PE] (25, 50, 75) percentile: (69, 85, 104)
[0000][PE] low and high boundaries for computing mean and std.dev: (1, 174)
[0000][PE] mean and std.dev: (87.86, 25.70)
[0000][PE] low and high boundaries for proper pairs: (1, 209)
[0000][PE] skip orientation RF as there are not enough pairs
[0000][PE] analyzing insert size distribution for orientation RR...
[0000][PE] (25, 50, 75) percentile: (27, 40, 62)
[0000][PE] low and high boundaries for computing mean and std.dev: (1, 132)
[0000][PE] mean and std.dev: (44.12, 24.86)
[0000][PE] low and high boundaries for proper pairs: (1, 167)
[0000][PE] skip orientation FF
[0000][PE] skip orientation RR
[0000] 3. Calling kt_for - worker_sam
[0000] read_chunk: 400000000, work_chunk_size: 400000179, nseq: 4426688
	[0000][ M::kt_pipeline] read 4426688 sequences (400000179 bp)...
	[0000][ M::mem_process_seqs] Processed 4413358 reads in 724.559 CPU sec, 19.952 real sec
[0000] Calling mem_process_seqs.., task: 21
[0000] 1. Calling kt_for - worker_bwt
[0000] 2. Calling kt_for - worker_aln
[0000] Inferring insert size distribution of PE reads from data, l_pac: 1342662642, n: 4426688
[0000][PE] # candidate unique pairs for (FF, FR, RF, RR): (231, 1400615, 3, 214)
[0000][PE] analyzing insert size distribution for orientation FF...
[0000][PE] (25, 50, 75) percentile: (28, 39, 53)
[0000][PE] low and high boundaries for computing mean and std.dev: (1, 103)
[0000][PE] mean and std.dev: (40.07, 18.62)
[0000][PE] low and high boundaries for proper pairs: (1, 128)
[0000][PE] analyzing insert size distribution for orientation FR...
[0000][PE] (25, 50, 75) percentile: (69, 85, 104)
[0000][PE] low and high boundaries for computing mean and std.dev: (1, 174)
[0000][PE] mean and std.dev: (87.59, 25.64)
[0000][PE] low and high boundaries for proper pairs: (1, 209)
[0000][PE] skip orientation RF as there are not enough pairs
[0000][PE] analyzing insert size distribution for orientation RR...
[0000][PE] (25, 50, 75) percentile: (29, 40, 54)
[0000][PE] low and high boundaries for computing mean and std.dev: (1, 104)
[0000][PE] mean and std.dev: (41.34, 19.00)
[0000][PE] low and high boundaries for proper pairs: (1, 129)
[0000][PE] skip orientation FF
[0000][PE] skip orientation RR
[0000] 3. Calling kt_for - worker_sam
[0000] read_chunk: 400000000, work_chunk_size: 400000069, nseq: 4430776
	[0000][ M::mem_process_seqs] Processed 4426688 reads in 650.084 CPU sec, 18.125 real sec
	[0000][ M::kt_pipeline] read 4430776 sequences (400000069 bp)...
[0000] Calling mem_process_seqs.., task: 22
[0000] 1. Calling kt_for - worker_bwt
[0000] 2. Calling kt_for - worker_aln
[0000] Inferring insert size distribution of PE reads from data, l_pac: 1342662642, n: 4430776
[0000][PE] # candidate unique pairs for (FF, FR, RF, RR): (220, 1412538, 2, 240)
[0000][PE] analyzing insert size distribution for orientation FF...
[0000][PE] (25, 50, 75) percentile: (27, 39, 55)
[0000][PE] low and high boundaries for computing mean and std.dev: (1, 111)
[0000][PE] mean and std.dev: (41.06, 20.68)
[0000][PE] low and high boundaries for proper pairs: (1, 139)
[0000][PE] analyzing insert size distribution for orientation FR...
[0000][PE] (25, 50, 75) percentile: (69, 85, 104)
[0000][PE] low and high boundaries for computing mean and std.dev: (1, 174)
[0000][PE] mean and std.dev: (87.54, 25.63)
[0000][PE] low and high boundaries for proper pairs: (1, 209)
[0000][PE] skip orientation RF as there are not enough pairs
[0000][PE] analyzing insert size distribution for orientation RR...
[0000][PE] (25, 50, 75) percentile: (27, 39, 58)
[0000][PE] low and high boundaries for computing mean and std.dev: (1, 120)
[0000][PE] mean and std.dev: (42.93, 23.29)
[0000][PE] low and high boundaries for proper pairs: (1, 151)
[0000][PE] skip orientation FF
[0000][PE] skip orientation RR
[0000] 3. Calling kt_for - worker_sam
	[0000][ M::mem_process_seqs] Processed 4430776 reads in 635.628 CPU sec, 17.268 real sec
[0000] read_chunk: 400000000, work_chunk_size: 400000114, nseq: 4417100
	[0000][ M::kt_pipeline] read 4417100 sequences (400000114 bp)...
[0000] Calling mem_process_seqs.., task: 23
[0000] 1. Calling kt_for - worker_bwt
[0000] 2. Calling kt_for - worker_aln
[0000] Inferring insert size distribution of PE reads from data, l_pac: 1342662642, n: 4417100
[0000][PE] # candidate unique pairs for (FF, FR, RF, RR): (241, 1366201, 1, 218)
[0000][PE] analyzing insert size distribution for orientation FF...
[0000][PE] (25, 50, 75) percentile: (26, 36, 51)
[0000][PE] low and high boundaries for computing mean and std.dev: (1, 101)
[0000][PE] mean and std.dev: (39.48, 19.45)
[0000][PE] low and high boundaries for proper pairs: (1, 126)
[0000][PE] analyzing insert size distribution for orientation FR...
[0000][PE] (25, 50, 75) percentile: (69, 85, 104)
[0000][PE] low and high boundaries for computing mean and std.dev: (1, 174)
[0000][PE] mean and std.dev: (87.63, 25.64)
[0000][PE] low and high boundaries for proper pairs: (1, 209)
[0000][PE] skip orientation RF as there are not enough pairs
[0000][PE] analyzing insert size distribution for orientation RR...
[0000][PE] (25, 50, 75) percentile: (27, 39, 55)
[0000][PE] low and high boundaries for computing mean and std.dev: (1, 111)
[0000][PE] mean and std.dev: (42.50, 21.60)
[0000][PE] low and high boundaries for proper pairs: (1, 139)
[0000][PE] skip orientation FF
[0000][PE] skip orientation RR
[0000] 3. Calling kt_for - worker_sam
[0000] read_chunk: 400000000, work_chunk_size: 400000085, nseq: 4415972
	[0000][ M::kt_pipeline] read 4415972 sequences (400000085 bp)...
	[0000][ M::mem_process_seqs] Processed 4417100 reads in 661.652 CPU sec, 18.169 real sec
[0000] Calling mem_process_seqs.., task: 24
[0000] 1. Calling kt_for - worker_bwt
[0000] 2. Calling kt_for - worker_aln
[0000] Inferring insert size distribution of PE reads from data, l_pac: 1342662642, n: 4415972
[0000][PE] # candidate unique pairs for (FF, FR, RF, RR): (195, 1385121, 0, 188)
[0000][PE] analyzing insert size distribution for orientation FF...
[0000][PE] (25, 50, 75) percentile: (25, 34, 53)
[0000][PE] low and high boundaries for computing mean and std.dev: (1, 109)
[0000][PE] mean and std.dev: (38.36, 21.31)
[0000][PE] low and high boundaries for proper pairs: (1, 137)
[0000][PE] analyzing insert size distribution for orientation FR...
[0000][PE] (25, 50, 75) percentile: (69, 85, 104)
[0000][PE] low and high boundaries for computing mean and std.dev: (1, 174)
[0000][PE] mean and std.dev: (87.58, 25.63)
[0000][PE] low and high boundaries for proper pairs: (1, 209)
[0000][PE] skip orientation RF as there are not enough pairs
[0000][PE] analyzing insert size distribution for orientation RR...
[0000][PE] (25, 50, 75) percentile: (27, 37, 52)
[0000][PE] low and high boundaries for computing mean and std.dev: (1, 102)
[0000][PE] mean and std.dev: (39.31, 18.82)
[0000][PE] low and high boundaries for proper pairs: (1, 127)
[0000][PE] skip orientation FF
[0000][PE] skip orientation RR
[0000] 3. Calling kt_for - worker_sam
[0000] read_chunk: 400000000, work_chunk_size: 400000073, nseq: 4415292
	[0000][ M::kt_pipeline] read 4415292 sequences (400000073 bp)...
	[0000][ M::mem_process_seqs] Processed 4415972 reads in 702.461 CPU sec, 19.534 real sec
[0000] Calling mem_process_seqs.., task: 25
[0000] 1. Calling kt_for - worker_bwt
[0000] 2. Calling kt_for - worker_aln
[0000] Inferring insert size distribution of PE reads from data, l_pac: 1342662642, n: 4415292
[0000][PE] # candidate unique pairs for (FF, FR, RF, RR): (229, 1377971, 1, 212)
[0000][PE] analyzing insert size distribution for orientation FF...
[0000][PE] (25, 50, 75) percentile: (24, 40, 55)
[0000][PE] low and high boundaries for computing mean and std.dev: (1, 117)
[0000][PE] mean and std.dev: (40.58, 21.68)
[0000][PE] low and high boundaries for proper pairs: (1, 148)
[0000][PE] analyzing insert size distribution for orientation FR...
[0000][PE] (25, 50, 75) percentile: (69, 85, 104)
[0000][PE] low and high boundaries for computing mean and std.dev: (1, 174)
[0000][PE] mean and std.dev: (87.69, 25.64)
[0000][PE] low and high boundaries for proper pairs: (1, 209)
[0000][PE] skip orientation RF as there are not enough pairs
[0000][PE] analyzing insert size distribution for orientation RR...
[0000][PE] (25, 50, 75) percentile: (25, 36, 53)
[0000][PE] low and high boundaries for computing mean and std.dev: (1, 109)
[0000][PE] mean and std.dev: (39.90, 21.57)
[0000][PE] low and high boundaries for proper pairs: (1, 137)
[0000][PE] skip orientation FF
[0000][PE] skip orientation RR
[0000] 3. Calling kt_for - worker_sam
[0000] read_chunk: 400000000, work_chunk_size: 400000231, nseq: 4417334
	[0000][ M::kt_pipeline] read 4417334 sequences (400000231 bp)...
	[0000][ M::mem_process_seqs] Processed 4415292 reads in 679.559 CPU sec, 18.822 real sec
[0000] Calling mem_process_seqs.., task: 26
[0000] 1. Calling kt_for - worker_bwt
[0000] 2. Calling kt_for - worker_aln
[0000] Inferring insert size distribution of PE reads from data, l_pac: 1342662642, n: 4417334
[0000][PE] # candidate unique pairs for (FF, FR, RF, RR): (228, 1366377, 4, 235)
[0000][PE] analyzing insert size distribution for orientation FF...
[0000][PE] (25, 50, 75) percentile: (27, 40, 58)
[0000][PE] low and high boundaries for computing mean and std.dev: (1, 120)
[0000][PE] mean and std.dev: (43.98, 23.88)
[0000][PE] low and high boundaries for proper pairs: (1, 151)
[0000][PE] analyzing insert size distribution for orientation FR...
[0000][PE] (25, 50, 75) percentile: (69, 85, 104)
[0000][PE] low and high boundaries for computing mean and std.dev: (1, 174)
[0000][PE] mean and std.dev: (87.64, 25.62)
[0000][PE] low and high boundaries for proper pairs: (1, 209)
[0000][PE] skip orientation RF as there are not enough pairs
[0000][PE] analyzing insert size distribution for orientation RR...
[0000][PE] (25, 50, 75) percentile: (26, 37, 55)
[0000][PE] low and high boundaries for computing mean and std.dev: (1, 113)
[0000][PE] mean and std.dev: (41.29, 20.91)
[0000][PE] low and high boundaries for proper pairs: (1, 142)
[0000][PE] skip orientation FF
[0000][PE] skip orientation RR
[0000] 3. Calling kt_for - worker_sam
[0000] read_chunk: 400000000, work_chunk_size: 400000208, nseq: 4428370
	[0000][ M::kt_pipeline] read 4428370 sequences (400000208 bp)...
	[0000][ M::mem_process_seqs] Processed 4417334 reads in 692.556 CPU sec, 19.186 real sec
[0000] Calling mem_process_seqs.., task: 27
[0000] 1. Calling kt_for - worker_bwt
[0000] 2. Calling kt_for - worker_aln
[0016] Re-allocating (doubling) seqBufRefs in mem_chain2aln_across_reads_V2 (left)
[0000] Inferring insert size distribution of PE reads from data, l_pac: 1342662642, n: 4428370
[0000][PE] # candidate unique pairs for (FF, FR, RF, RR): (236, 1410268, 0, 230)
[0000][PE] analyzing insert size distribution for orientation FF...
[0000][PE] (25, 50, 75) percentile: (28, 40, 54)
[0000][PE] low and high boundaries for computing mean and std.dev: (1, 106)
[0000][PE] mean and std.dev: (40.81, 18.06)
[0000][PE] low and high boundaries for proper pairs: (1, 132)
[0000][PE] analyzing insert size distribution for orientation FR...
[0000][PE] (25, 50, 75) percentile: (69, 85, 104)
[0000][PE] low and high boundaries for computing mean and std.dev: (1, 174)
[0000][PE] mean and std.dev: (87.55, 25.62)
[0000][PE] low and high boundaries for proper pairs: (1, 209)
[0000][PE] skip orientation RF as there are not enough pairs
[0000][PE] analyzing insert size distribution for orientation RR...
[0000][PE] (25, 50, 75) percentile: (26, 38, 55)
[0000][PE] low and high boundaries for computing mean and std.dev: (1, 113)
[0000][PE] mean and std.dev: (39.80, 20.83)
[0000][PE] low and high boundaries for proper pairs: (1, 142)
[0000][PE] skip orientation FF
[0000][PE] skip orientation RR
[0000] 3. Calling kt_for - worker_sam
	[0000][ M::mem_process_seqs] Processed 4428370 reads in 623.132 CPU sec, 22.872 real sec
[0000] read_chunk: 400000000, work_chunk_size: 400000131, nseq: 4408872
	[0000][ M::kt_pipeline] read 4408872 sequences (400000131 bp)...
[0000] Calling mem_process_seqs.., task: 28
[0000] 1. Calling kt_for - worker_bwt
[0000] 2. Calling kt_for - worker_aln
[0000] read_chunk: 400000000, work_chunk_size: 400000089, nseq: 4422780
	[0000][ M::kt_pipeline] read 4422780 sequences (400000089 bp)...
[0000] Inferring insert size distribution of PE reads from data, l_pac: 1342662642, n: 4408872
[0000][PE] # candidate unique pairs for (FF, FR, RF, RR): (237, 1365403, 2, 194)
[0000][PE] analyzing insert size distribution for orientation FF...
[0000][PE] (25, 50, 75) percentile: (26, 35, 52)
[0000][PE] low and high boundaries for computing mean and std.dev: (1, 104)
[0000][PE] mean and std.dev: (39.61, 21.08)
[0000][PE] low and high boundaries for proper pairs: (1, 130)
[0000][PE] analyzing insert size distribution for orientation FR...
[0000][PE] (25, 50, 75) percentile: (69, 85, 104)
[0000][PE] low and high boundaries for computing mean and std.dev: (1, 174)
[0000][PE] mean and std.dev: (87.64, 25.66)
[0000][PE] low and high boundaries for proper pairs: (1, 209)
[0000][PE] skip orientation RF as there are not enough pairs
[0000][PE] analyzing insert size distribution for orientation RR...
[0000][PE] (25, 50, 75) percentile: (27, 40, 62)
[0000][PE] low and high boundaries for computing mean and std.dev: (1, 132)
[0000][PE] mean and std.dev: (45.20, 24.97)
[0000][PE] low and high boundaries for proper pairs: (1, 167)
[0000][PE] skip orientation FF
[0000][PE] skip orientation RR
[0000] 3. Calling kt_for - worker_sam
	[0000][ M::mem_process_seqs] Processed 4408872 reads in 693.790 CPU sec, 18.524 real sec
[0000] Calling mem_process_seqs.., task: 29
[0000] 1. Calling kt_for - worker_bwt
[0000] 2. Calling kt_for - worker_aln
[0000] Inferring insert size distribution of PE reads from data, l_pac: 1342662642, n: 4422780
[0000][PE] # candidate unique pairs for (FF, FR, RF, RR): (206, 1401369, 3, 216)
[0000][PE] analyzing insert size distribution for orientation FF...
[0000][PE] (25, 50, 75) percentile: (25, 36, 53)
[0000][PE] low and high boundaries for computing mean and std.dev: (1, 109)
[0000][PE] mean and std.dev: (39.92, 21.03)
[0000][PE] low and high boundaries for proper pairs: (1, 137)
[0000][PE] analyzing insert size distribution for orientation FR...
[0000][PE] (25, 50, 75) percentile: (69, 85, 104)
[0000][PE] low and high boundaries for computing mean and std.dev: (1, 174)
[0000][PE] mean and std.dev: (87.56, 25.61)
[0000][PE] low and high boundaries for proper pairs: (1, 209)
[0000][PE] skip orientation RF as there are not enough pairs
[0000][PE] analyzing insert size distribution for orientation RR...
[0000][PE] (25, 50, 75) percentile: (26, 37, 52)
[0000][PE] low and high boundaries for computing mean and std.dev: (1, 104)
[0000][PE] mean and std.dev: (39.84, 19.85)
[0000][PE] low and high boundaries for proper pairs: (1, 130)
[0000][PE] skip orientation FF
[0000][PE] skip orientation RR
[0000] 3. Calling kt_for - worker_sam
[0000] read_chunk: 400000000, work_chunk_size: 400000109, nseq: 4406530
	[0000][ M::kt_pipeline] read 4406530 sequences (400000109 bp)...
	[0000][ M::mem_process_seqs] Processed 4422780 reads in 660.387 CPU sec, 18.231 real sec
[0000] Calling mem_process_seqs.., task: 30
[0000] 1. Calling kt_for - worker_bwt
[0000] 2. Calling kt_for - worker_aln
[0000] Inferring insert size distribution of PE reads from data, l_pac: 1342662642, n: 4406530
[0000][PE] # candidate unique pairs for (FF, FR, RF, RR): (217, 1364941, 1, 227)
[0000][PE] analyzing insert size distribution for orientation FF...
[0000][PE] (25, 50, 75) percentile: (25, 34, 49)
[0000][PE] low and high boundaries for computing mean and std.dev: (1, 97)
[0000][PE] mean and std.dev: (36.69, 17.65)
[0000][PE] low and high boundaries for proper pairs: (1, 121)
[0000][PE] analyzing insert size distribution for orientation FR...
[0000][PE] (25, 50, 75) percentile: (69, 85, 104)
[0000][PE] low and high boundaries for computing mean and std.dev: (1, 174)
[0000][PE] mean and std.dev: (87.62, 25.72)
[0000][PE] low and high boundaries for proper pairs: (1, 209)
[0000][PE] skip orientation RF as there are not enough pairs
[0000][PE] analyzing insert size distribution for orientation RR...
[0000][PE] (25, 50, 75) percentile: (29, 39, 53)
[0000][PE] low and high boundaries for computing mean and std.dev: (1, 101)
[0000][PE] mean and std.dev: (41.84, 19.85)
[0000][PE] low and high boundaries for proper pairs: (1, 125)
[0000][PE] skip orientation FF
[0000][PE] skip orientation RR
[0000] 3. Calling kt_for - worker_sam
[0000] read_chunk: 400000000, work_chunk_size: 400000091, nseq: 4419054
	[0000][ M::kt_pipeline] read 4419054 sequences (400000091 bp)...
	[0000][ M::mem_process_seqs] Processed 4406530 reads in 704.707 CPU sec, 19.191 real sec
[0000] Calling mem_process_seqs.., task: 31
[0000] 1. Calling kt_for - worker_bwt
[0000] 2. Calling kt_for - worker_aln
[0000] Inferring insert size distribution of PE reads from data, l_pac: 1342662642, n: 4419054
[0000][PE] # candidate unique pairs for (FF, FR, RF, RR): (233, 1364480, 2, 243)
[0000][PE] analyzing insert size distribution for orientation FF...
[0000][PE] (25, 50, 75) percentile: (26, 38, 57)
[0000][PE] low and high boundaries for computing mean and std.dev: (1, 119)
[0000][PE] mean and std.dev: (42.25, 21.33)
[0000][PE] low and high boundaries for proper pairs: (1, 150)
[0000][PE] analyzing insert size distribution for orientation FR...
[0000][PE] (25, 50, 75) percentile: (69, 85, 104)
[0000][PE] low and high boundaries for computing mean and std.dev: (1, 174)
[0000][PE] mean and std.dev: (87.57, 25.63)
[0000][PE] low and high boundaries for proper pairs: (1, 209)
[0000][PE] skip orientation RF as there are not enough pairs
[0000][PE] analyzing insert size distribution for orientation RR...
[0000][PE] (25, 50, 75) percentile: (26, 39, 57)
[0000][PE] low and high boundaries for computing mean and std.dev: (1, 119)
[0000][PE] mean and std.dev: (41.47, 21.23)
[0000][PE] low and high boundaries for proper pairs: (1, 150)
[0000][PE] skip orientation FF
[0000][PE] skip orientation RR
[0000] 3. Calling kt_for - worker_sam
[0000] read_chunk: 400000000, work_chunk_size: 400000145, nseq: 4429714
	[0000][ M::kt_pipeline] read 4429714 sequences (400000145 bp)...
	[0000][ M::mem_process_seqs] Processed 4419054 reads in 721.301 CPU sec, 20.085 real sec
[0000] Calling mem_process_seqs.., task: 32
[0000] 1. Calling kt_for - worker_bwt
[0000] 2. Calling kt_for - worker_aln
[0000] Inferring insert size distribution of PE reads from data, l_pac: 1342662642, n: 4429714
[0000][PE] # candidate unique pairs for (FF, FR, RF, RR): (224, 1406314, 3, 229)
[0000][PE] analyzing insert size distribution for orientation FF...
[0000][PE] (25, 50, 75) percentile: (27, 37, 51)
[0000][PE] low and high boundaries for computing mean and std.dev: (1, 99)
[0000][PE] mean and std.dev: (39.63, 19.01)
[0000][PE] low and high boundaries for proper pairs: (1, 123)
[0000][PE] analyzing insert size distribution for orientation FR...
[0000][PE] (25, 50, 75) percentile: (69, 85, 104)
[0000][PE] low and high boundaries for computing mean and std.dev: (1, 174)
[0000][PE] mean and std.dev: (87.54, 25.61)
[0000][PE] low and high boundaries for proper pairs: (1, 209)
[0000][PE] skip orientation RF as there are not enough pairs
[0000][PE] analyzing insert size distribution for orientation RR...
[0000][PE] (25, 50, 75) percentile: (29, 38, 54)
[0000][PE] low and high boundaries for computing mean and std.dev: (1, 104)
[0000][PE] mean and std.dev: (41.02, 19.92)
[0000][PE] low and high boundaries for proper pairs: (1, 129)
[0000][PE] skip orientation FF
[0000][PE] skip orientation RR
[0000] 3. Calling kt_for - worker_sam
[0000] read_chunk: 400000000, work_chunk_size: 400000111, nseq: 4419362
	[0000][ M::kt_pipeline] read 4419362 sequences (400000111 bp)...
	[0000][ M::mem_process_seqs] Processed 4429714 reads in 638.688 CPU sec, 17.589 real sec
[0000] Calling mem_process_seqs.., task: 33
[0000] 1. Calling kt_for - worker_bwt
[0000] 2. Calling kt_for - worker_aln
[0000] Inferring insert size distribution of PE reads from data, l_pac: 1342662642, n: 4419362
[0000][PE] # candidate unique pairs for (FF, FR, RF, RR): (221, 1390243, 1, 222)
[0000][PE] analyzing insert size distribution for orientation FF...
[0000][PE] (25, 50, 75) percentile: (27, 36, 53)
[0000][PE] low and high boundaries for computing mean and std.dev: (1, 105)
[0000][PE] mean and std.dev: (40.80, 20.27)
[0000][PE] low and high boundaries for proper pairs: (1, 131)
[0000][PE] analyzing insert size distribution for orientation FR...
[0000][PE] (25, 50, 75) percentile: (69, 85, 104)
[0000][PE] low and high boundaries for computing mean and std.dev: (1, 174)
[0000][PE] mean and std.dev: (87.61, 25.63)
[0000][PE] low and high boundaries for proper pairs: (1, 209)
[0000][PE] skip orientation RF as there are not enough pairs
[0000][PE] analyzing insert size distribution for orientation RR...
[0000][PE] (25, 50, 75) percentile: (30, 40, 55)
[0000][PE] low and high boundaries for computing mean and std.dev: (1, 105)
[0000][PE] mean and std.dev: (42.72, 19.42)
[0000][PE] low and high boundaries for proper pairs: (1, 130)
[0000][PE] skip orientation FF
[0000][PE] skip orientation RR
[0000] 3. Calling kt_for - worker_sam
[0000] read_chunk: 400000000, work_chunk_size: 400000276, nseq: 4420720
	[0000][ M::kt_pipeline] read 4420720 sequences (400000276 bp)...
	[0000][ M::mem_process_seqs] Processed 4419362 reads in 674.390 CPU sec, 18.487 real sec
[0000] Calling mem_process_seqs.., task: 34
[0000] 1. Calling kt_for - worker_bwt
[0000] 2. Calling kt_for - worker_aln
[0000] read_chunk: 400000000, work_chunk_size: 85216645, nseq: 920332
	[0000][ M::kt_pipeline] read 920332 sequences (85216645 bp)...
[0000] Inferring insert size distribution of PE reads from data, l_pac: 1342662642, n: 4420720
[0000][PE] # candidate unique pairs for (FF, FR, RF, RR): (217, 1389418, 5, 194)
[0000][PE] analyzing insert size distribution for orientation FF...
[0000][PE] (25, 50, 75) percentile: (25, 36, 55)
[0000][PE] low and high boundaries for computing mean and std.dev: (1, 115)
[0000][PE] mean and std.dev: (41.27, 23.01)
[0000][PE] low and high boundaries for proper pairs: (1, 145)
[0000][PE] analyzing insert size distribution for orientation FR...
[0000][PE] (25, 50, 75) percentile: (69, 85, 104)
[0000][PE] low and high boundaries for computing mean and std.dev: (1, 174)
[0000][PE] mean and std.dev: (87.65, 25.64)
[0000][PE] low and high boundaries for proper pairs: (1, 209)
[0000][PE] skip orientation RF as there are not enough pairs
[0000][PE] analyzing insert size distribution for orientation RR...
[0000][PE] (25, 50, 75) percentile: (26, 38, 54)
[0000][PE] low and high boundaries for computing mean and std.dev: (1, 110)
[0000][PE] mean and std.dev: (39.47, 21.54)
[0000][PE] low and high boundaries for proper pairs: (1, 138)
[0000][PE] skip orientation FF
[0000][PE] skip orientation RR
[0000] 3. Calling kt_for - worker_sam
	[0000][ M::mem_process_seqs] Processed 4420720 reads in 652.729 CPU sec, 17.971 real sec
[0000] Calling mem_process_seqs.., task: 35
[0000] 1. Calling kt_for - worker_bwt
[0000] 2. Calling kt_for - worker_aln
[0000] read_chunk: 400000000, work_chunk_size: 0, nseq: 0
[0000] Inferring insert size distribution of PE reads from data, l_pac: 1342662642, n: 920332
[0000][PE] # candidate unique pairs for (FF, FR, RF, RR): (28, 236716, 0, 37)
[0000][PE] analyzing insert size distribution for orientation FF...
[0000][PE] (25, 50, 75) percentile: (29, 37, 66)
[0000][PE] low and high boundaries for computing mean and std.dev: (1, 140)
[0000][PE] mean and std.dev: (47.54, 27.20)
[0000][PE] low and high boundaries for proper pairs: (1, 177)
[0000][PE] analyzing insert size distribution for orientation FR...
[0000][PE] (25, 50, 75) percentile: (69, 85, 104)
[0000][PE] low and high boundaries for computing mean and std.dev: (1, 174)
[0000][PE] mean and std.dev: (87.88, 25.86)
[0000][PE] low and high boundaries for proper pairs: (1, 209)
[0000][PE] skip orientation RF as there are not enough pairs
[0000][PE] analyzing insert size distribution for orientation RR...
[0000][PE] (25, 50, 75) percentile: (24, 36, 52)
[0000][PE] low and high boundaries for computing mean and std.dev: (1, 108)
[0000][PE] mean and std.dev: (38.54, 19.98)
[0000][PE] low and high boundaries for proper pairs: (1, 136)
[0000][PE] skip orientation FF
[0000][PE] skip orientation RR
[0000] 3. Calling kt_for - worker_sam
	[0000][ M::mem_process_seqs] Processed 920332 reads in 255.549 CPU sec, 7.781 real sec
[0000] read_chunk: 400000000, work_chunk_size: 0, nseq: 0
[0000] Computation ends..
No. of OMP threads: 40
Processor is running @2394.714446 MHz
Runtime profile:

	Time taken for main_mem function: 770.77 sec

	IO times (sec) :
	Reading IO time (reads) avg: 409.79, (409.79, 409.79)
	Writing IO time (SAM) avg: 215.31, (215.31, 215.31)
	Reading IO time (Reference Genome) avg: 1.76, (1.76, 1.76)
	Index read time avg: 0.28, (0.28, 0.28)

	Overall time (sec) (Excluding Index reading time):
	PROCESS() (Total compute time + (read + SAM) IO time) : 768.71
	MEM_PROCESS_SEQ() (Total compute time (Kernel + SAM)), avg: 672.72, (672.72, 672.72)

	 SAM Processing time (sec):
	--WORKER_SAM avg: 156.20, (156.20, 156.20)

	Kernels' compute time (sec):
	Total kernel (smem+sal+bsw) time avg: 501.05, (501.05, 501.05)
		MEM_ALN_CHAIN_FLT avg: 0.00, (0.00, 0.00)
		MEM_ALN_CHAIN_SEED avg: 0.00, (0.00, 0.00)
		ERT_SEED_CHAIN avg: 0.00, (0.00, 0.00)
	LEARNED_SEED_CHAIN avg: 202.55, (203.04, 201.91)
		SMEM compute avg: 0.00, (0.00, 0.00)
		SAL compute avg: 0.00, (0.00, 0.00)
				MEM_SA avg: 0.00, (0.00, 0.00)

		BSW time, avg: 268.97, (269.74, 267.57)

Important parameter settings: 
	BATCH_SIZE: 512
	MAX_SEQ_LEN_REF: 256
	MAX_SEQ_LEN_QER: 128
	MAX_SEQ_LEN8: 128
	SEEDS_PER_READ: 500
	SIMD_WIDTH8 X: 64
	SIMD_WIDTH16 X: 32
	AVG_SEEDS_PER_READ: 64
