[2025-06-13 20:42:59,030] multiqc                                            [DEBUG  ]  No MultiQC config found: /opt/conda/lib/python3.7/site-packages/multiqc_config.yaml
[2025-06-13 20:42:59,031] multiqc                                            [DEBUG  ]  No MultiQC config found: /home/hpc-0373/.multiqc_config.yaml
[2025-06-13 20:42:59,032] multiqc                                            [DEBUG  ]  No MultiQC config found: multiqc_config.yaml
[2025-06-13 20:42:59,033] multiqc                                            [DEBUG  ]  Found command line config: {'max_table_rows': 3000}
[2025-06-13 20:42:59,034] multiqc                                            [DEBUG  ]  New config 'max_table_rows': 3000
[2025-06-13 20:42:59,034] multiqc                                            [DEBUG  ]  Command used: /opt/conda/bin/multiqc -v -p -ip -f --data-dir --data-format tsv --cl-config max_table_rows: 3000 --filename fqc_clmp_report --outdir fq_fp1_clmp fq_fp1_clmp
[2025-06-13 20:42:59,177] multiqc                                            [DEBUG  ]  Could not connect to multiqc.info for version check: <urlopen error [SSL: CERTIFICATE_VERIFY_FAILED] certificate verify failed: unable to get local issuer certificate (_ssl.c:1076)>
[2025-06-13 20:42:59,180] multiqc                                            [INFO   ]  This is MultiQC v1.9
[2025-06-13 20:42:59,181] multiqc                                            [DEBUG  ]  Command     : /opt/conda/bin/multiqc -v -p -ip -f --data-dir --data-format tsv --cl-config max_table_rows: 3000 --filename fqc_clmp_report --outdir fq_fp1_clmp fq_fp1_clmp
[2025-06-13 20:42:59,181] multiqc                                            [DEBUG  ]  Working dir : /archive/carpenterlab/pire/pire_sphaeramia_orbicularis_lcwgs/3rd_sequencing_run
[2025-06-13 20:42:59,181] multiqc                                            [INFO   ]  Template    : default
[2025-06-13 20:42:59,182] multiqc                                            [DEBUG  ]  Running Python 3.7.7 (default, Jun 26 2020, 05:10:03)  [GCC 7.3.0]
[2025-06-13 20:42:59,182] multiqc                                            [INFO   ]  Searching   : /archive/carpenterlab/pire/pire_sphaeramia_orbicularis_lcwgs/3rd_sequencing_run/fq_fp1_clmp
[2025-06-13 20:42:59,184] multiqc                                            [DEBUG  ]  Analysing modules: custom_content, conpair, peddy, somalier, methylQA, mosdepth, phantompeakqualtools, qualimap, preseq, quast, qorts, rna_seqc, rockhopper, rsem, rseqc, busco, goleft_indexcov, disambiguate, supernova, deeptools, sargasso, verifybamid, mirtrace, happy, mirtop, homer, macs2, theta2, snpeff, gatk, htseq, bcftools, featureCounts, fgbio, dragen, dedup, damageprofiler, biobambam2, mtnucratio, picard, prokka, samblaster, samtools, sexdeterrmine, bamtools, jellyfish, vcftools, longranger, stacks, varscan2, bbmap, bismark, biscuit, hicexplorer, hicup, hicpro, salmon, kallisto, slamdunk, star, hisat2, tophat, bowtie2, bowtie1, snpsplit, kat, leehom, adapterRemoval, clipandmerge, cutadapt, flexbar, kaiju, kraken, malt, trimmomatic, sickle, skewer, sortmerna, biobloomtools, fastq_screen, afterqc, fastp, fastqc, pycoqc, minionqc, multivcfanalyzer, clusterflow, bcl2fastq, interop, ivar, flash, seqyclean
[2025-06-13 20:42:59,184] multiqc                                            [DEBUG  ]  Using temporary directory for creating report: /tmp/tmpwdl9jtxq
[2025-06-13 20:42:59,420] multiqc                                            [DEBUG  ]  Ignoring file as matched an ignore pattern: Sor-CPnd_003-Ex1-2B-lcwgs-1-3.clmp.r2.fq.gz
[2025-06-13 20:42:59,468] multiqc                                            [DEBUG  ]  File ignored by hicexplorer because it exceeded search pattern filesize limit: Sor-CPnd_006-Ex1-2D-lcwgs-1-3.clmp.r2_fastqc.html
[2025-06-13 20:42:59,480] multiqc                                            [DEBUG  ]  File ignored by longranger/invocation because it exceeded search pattern filesize limit: Sor-CPnd_006-Ex1-2D-lcwgs-1-3.clmp.r2_fastqc.html
[2025-06-13 20:42:59,560] multiqc                                            [DEBUG  ]  File ignored by hicexplorer because it exceeded search pattern filesize limit: Sor-CPnd_019-Ex1-6G-lcwgs-1-3.clmp.r1_fastqc.html
[2025-06-13 20:42:59,570] multiqc                                            [DEBUG  ]  File ignored by longranger/invocation because it exceeded search pattern filesize limit: Sor-CPnd_019-Ex1-6G-lcwgs-1-3.clmp.r1_fastqc.html
[2025-06-13 20:42:59,644] multiqc                                            [DEBUG  ]  File ignored by hicexplorer because it exceeded search pattern filesize limit: Sor-CPnd_052-Ex1-6D-lcwgs-1-3.clmp.r1_fastqc.html
[2025-06-13 20:42:59,653] multiqc                                            [DEBUG  ]  File ignored by longranger/invocation because it exceeded search pattern filesize limit: Sor-CPnd_052-Ex1-6D-lcwgs-1-3.clmp.r1_fastqc.html
[2025-06-13 20:42:59,708] multiqc                                            [DEBUG  ]  Ignoring file as matched an ignore pattern: Sor-CPnd_044-Ex1-8G-lcwgs-1-3.clmp.r2.fq.gz
[2025-06-13 20:42:59,728] multiqc                                            [DEBUG  ]  File ignored by hicexplorer because it exceeded search pattern filesize limit: Sor-CPnd_038-Ex1-2A-lcwgs-1-3.clmp.r1_fastqc.html
[2025-06-13 20:42:59,738] multiqc                                            [DEBUG  ]  File ignored by longranger/invocation because it exceeded search pattern filesize limit: Sor-CPnd_038-Ex1-2A-lcwgs-1-3.clmp.r1_fastqc.html
[2025-06-13 20:42:59,794] multiqc                                            [DEBUG  ]  Ignoring file as matched an ignore pattern: Sor-CPnd_005-Ex1-3D-lcwgs-1-3.clmp.r2.fq.gz
[2025-06-13 20:42:59,814] multiqc                                            [DEBUG  ]  File ignored by hicexplorer because it exceeded search pattern filesize limit: Sor-CPnd_009-Ex1-6A-lcwgs-1-3.clmp.r1_fastqc.html
[2025-06-13 20:42:59,823] multiqc                                            [DEBUG  ]  File ignored by longranger/invocation because it exceeded search pattern filesize limit: Sor-CPnd_009-Ex1-6A-lcwgs-1-3.clmp.r1_fastqc.html
[2025-06-13 20:42:59,928] multiqc                                            [DEBUG  ]  File ignored by hicexplorer because it exceeded search pattern filesize limit: Sor-CPnd_012-Ex1-5B-lcwgs-1-3.clmp.r2_fastqc.html
[2025-06-13 20:42:59,940] multiqc                                            [DEBUG  ]  File ignored by longranger/invocation because it exceeded search pattern filesize limit: Sor-CPnd_012-Ex1-5B-lcwgs-1-3.clmp.r2_fastqc.html
[2025-06-13 20:43:00,068] multiqc                                            [DEBUG  ]  File ignored by hicexplorer because it exceeded search pattern filesize limit: Sor-CPnd_024-Ex1-5G-lcwgs-1-3.clmp.r2_fastqc.html
[2025-06-13 20:43:00,081] multiqc                                            [DEBUG  ]  File ignored by longranger/invocation because it exceeded search pattern filesize limit: Sor-CPnd_024-Ex1-5G-lcwgs-1-3.clmp.r2_fastqc.html
[2025-06-13 20:43:00,178] multiqc                                            [DEBUG  ]  File ignored by hicexplorer because it exceeded search pattern filesize limit: Sor-CPnd_049-Ex1-3B-lcwgs-1-3.clmp.r2_fastqc.html
[2025-06-13 20:43:00,187] multiqc                                            [DEBUG  ]  File ignored by longranger/invocation because it exceeded search pattern filesize limit: Sor-CPnd_049-Ex1-3B-lcwgs-1-3.clmp.r2_fastqc.html
[2025-06-13 20:43:00,246] multiqc                                            [DEBUG  ]  Ignoring file as matched an ignore pattern: Sor-CPnd_034-Ex1-4G-lcwgs-1-3.clmp.r2.fq.gz
[2025-06-13 20:43:00,268] multiqc                                            [DEBUG  ]  File ignored by hicexplorer because it exceeded search pattern filesize limit: Sor-CPnd_001-Ex1-3E-lcwgs-1-3.clmp.r1_fastqc.html
[2025-06-13 20:43:00,277] multiqc                                            [DEBUG  ]  File ignored by longranger/invocation because it exceeded search pattern filesize limit: Sor-CPnd_001-Ex1-3E-lcwgs-1-3.clmp.r1_fastqc.html
[2025-06-13 20:43:00,334] multiqc                                            [DEBUG  ]  Ignoring file as matched an ignore pattern: Sor-CPnd_004-Ex1-1G-lcwgs-1-3.clmp.r2.fq.gz
[2025-06-13 20:43:00,354] multiqc                                            [DEBUG  ]  File ignored by hicexplorer because it exceeded search pattern filesize limit: Sor-CPnd_005-Ex1-3D-lcwgs-1-3.clmp.r2_fastqc.html
[2025-06-13 20:43:00,363] multiqc                                            [DEBUG  ]  File ignored by longranger/invocation because it exceeded search pattern filesize limit: Sor-CPnd_005-Ex1-3D-lcwgs-1-3.clmp.r2_fastqc.html
[2025-06-13 20:43:00,465] multiqc                                            [DEBUG  ]  File ignored by hicexplorer because it exceeded search pattern filesize limit: Sor-CPnd_018-Ex1-1E-lcwgs-1-3.clmp.r1_fastqc.html
[2025-06-13 20:43:00,479] multiqc                                            [DEBUG  ]  File ignored by longranger/invocation because it exceeded search pattern filesize limit: Sor-CPnd_018-Ex1-1E-lcwgs-1-3.clmp.r1_fastqc.html
[2025-06-13 20:43:00,556] multiqc                                            [DEBUG  ]  Ignoring file as matched an ignore pattern: Sor-CPnd_019-Ex1-6G-lcwgs-1-3.clmp.r1.fq.gz
[2025-06-13 20:43:00,558] multiqc                                            [DEBUG  ]  Ignoring file as matched an ignore pattern: Sor-CPnd_031-Ex1-5D-lcwgs-1-3.clmp.r2.fq.gz
[2025-06-13 20:43:00,559] multiqc                                            [DEBUG  ]  Ignoring file as matched an ignore pattern: Sor-CPnd_024-Ex1-5G-lcwgs-1-3.clmp.r2.fq.gz
[2025-06-13 20:43:00,559] multiqc                                            [DEBUG  ]  Ignoring file as matched an ignore pattern: Sor-CPnd_016-Ex1-1B-lcwgs-1-3.clmp.r1.fq.gz
[2025-06-13 20:43:00,581] multiqc                                            [DEBUG  ]  File ignored by hicexplorer because it exceeded search pattern filesize limit: Sor-CPnd_030-Ex1-2H-lcwgs-1-3.clmp.r1_fastqc.html
[2025-06-13 20:43:00,590] multiqc                                            [DEBUG  ]  File ignored by longranger/invocation because it exceeded search pattern filesize limit: Sor-CPnd_030-Ex1-2H-lcwgs-1-3.clmp.r1_fastqc.html
[2025-06-13 20:43:00,655] multiqc                                            [DEBUG  ]  Ignoring file as matched an ignore pattern: Sor-CPnd_030-Ex1-2H-lcwgs-1-3.clmp.r1.fq.gz
[2025-06-13 20:43:00,655] multiqc                                            [DEBUG  ]  Ignoring file as matched an ignore pattern: Sor-CPnd_046-Ex1-5A-lcwgs-1-3.clmp.r1.fq.gz
[2025-06-13 20:43:00,698] multiqc                                            [DEBUG  ]  File ignored by hicexplorer because it exceeded search pattern filesize limit: Sor-CPnd_007-Ex1-1C-lcwgs-1-3.clmp.r1_fastqc.html
[2025-06-13 20:43:00,709] multiqc                                            [DEBUG  ]  File ignored by longranger/invocation because it exceeded search pattern filesize limit: Sor-CPnd_007-Ex1-1C-lcwgs-1-3.clmp.r1_fastqc.html
[2025-06-13 20:43:00,819] multiqc                                            [DEBUG  ]  File ignored by hicexplorer because it exceeded search pattern filesize limit: Sor-CPnd_033-Ex1-2F-lcwgs-1-3.clmp.r2_fastqc.html
[2025-06-13 20:43:00,831] multiqc                                            [DEBUG  ]  File ignored by longranger/invocation because it exceeded search pattern filesize limit: Sor-CPnd_033-Ex1-2F-lcwgs-1-3.clmp.r2_fastqc.html
[2025-06-13 20:43:00,927] multiqc                                            [DEBUG  ]  File ignored by hicexplorer because it exceeded search pattern filesize limit: Sor-CPnd_046-Ex1-5A-lcwgs-1-3.clmp.r2_fastqc.html
[2025-06-13 20:43:00,937] multiqc                                            [DEBUG  ]  File ignored by longranger/invocation because it exceeded search pattern filesize limit: Sor-CPnd_046-Ex1-5A-lcwgs-1-3.clmp.r2_fastqc.html
[2025-06-13 20:43:01,015] multiqc                                            [DEBUG  ]  File ignored by hicexplorer because it exceeded search pattern filesize limit: Sor-CPnd_041-Ex1-7A-lcwgs-1-3.clmp.r2_fastqc.html
[2025-06-13 20:43:01,025] multiqc                                            [DEBUG  ]  File ignored by longranger/invocation because it exceeded search pattern filesize limit: Sor-CPnd_041-Ex1-7A-lcwgs-1-3.clmp.r2_fastqc.html
[2025-06-13 20:43:01,081] multiqc                                            [DEBUG  ]  Ignoring file as matched an ignore pattern: Sor-CPnd_066-Ex1-8B-lcwgs-1-3.clmp.r1.fq.gz
[2025-06-13 20:43:01,101] multiqc                                            [DEBUG  ]  File ignored by hicexplorer because it exceeded search pattern filesize limit: Sor-CPnd_036-Ex1-5C-lcwgs-1-3.clmp.r1_fastqc.html
[2025-06-13 20:43:01,111] multiqc                                            [DEBUG  ]  File ignored by longranger/invocation because it exceeded search pattern filesize limit: Sor-CPnd_036-Ex1-5C-lcwgs-1-3.clmp.r1_fastqc.html
[2025-06-13 20:43:01,170] multiqc                                            [DEBUG  ]  Ignoring file as matched an ignore pattern: Sor-CPnd_058-Ex1-2G-lcwgs-1-3.clmp.r1.fq.gz
[2025-06-13 20:43:01,221] multiqc                                            [DEBUG  ]  File ignored by hicexplorer because it exceeded search pattern filesize limit: Sor-CPnd_027-Ex1-3C-lcwgs-1-3.clmp.r2_fastqc.html
[2025-06-13 20:43:01,234] multiqc                                            [DEBUG  ]  File ignored by longranger/invocation because it exceeded search pattern filesize limit: Sor-CPnd_027-Ex1-3C-lcwgs-1-3.clmp.r2_fastqc.html
[2025-06-13 20:43:01,308] multiqc                                            [DEBUG  ]  Ignoring file as matched an ignore pattern: Sor-CPnd_010-Ex1-1H-lcwgs-1-3.clmp.r1.fq.gz
[2025-06-13 20:43:01,308] multiqc                                            [DEBUG  ]  Ignoring file as matched an ignore pattern: Sor-CPnd_002-Ex1-5E-lcwgs-1-3.clmp.r2.fq.gz
[2025-06-13 20:43:01,309] multiqc                                            [DEBUG  ]  Ignoring file as matched an ignore pattern: Sor-CPnd_055-Ex1-7G-lcwgs-1-3.clmp.r2.fq.gz
[2025-06-13 20:43:01,331] multiqc                                            [DEBUG  ]  File ignored by hicexplorer because it exceeded search pattern filesize limit: Sor-CPnd_044-Ex1-8G-lcwgs-1-3.clmp.r2_fastqc.html
[2025-06-13 20:43:01,340] multiqc                                            [DEBUG  ]  File ignored by longranger/invocation because it exceeded search pattern filesize limit: Sor-CPnd_044-Ex1-8G-lcwgs-1-3.clmp.r2_fastqc.html
[2025-06-13 20:43:01,448] multiqc                                            [DEBUG  ]  File ignored by hicexplorer because it exceeded search pattern filesize limit: Sor-CPnd_004-Ex1-1G-lcwgs-1-3.clmp.r2_fastqc.html
[2025-06-13 20:43:01,461] multiqc                                            [DEBUG  ]  File ignored by longranger/invocation because it exceeded search pattern filesize limit: Sor-CPnd_004-Ex1-1G-lcwgs-1-3.clmp.r2_fastqc.html
[2025-06-13 20:43:01,537] multiqc                                            [DEBUG  ]  Ignoring file as matched an ignore pattern: Sor-CPnd_013-Ex1-7F-lcwgs-1-3.clmp.r2.fq.gz
[2025-06-13 20:43:01,538] multiqc                                            [DEBUG  ]  Ignoring file as matched an ignore pattern: Sor-CPnd_012-Ex1-5B-lcwgs-1-3.clmp.r1.fq.gz
[2025-06-13 20:43:01,539] multiqc                                            [DEBUG  ]  Ignoring file as matched an ignore pattern: Sor-CPnd_033-Ex1-2F-lcwgs-1-3.clmp.r2.fq.gz
[2025-06-13 20:43:01,590] multiqc                                            [DEBUG  ]  File ignored by hicexplorer because it exceeded search pattern filesize limit: Sor-CPnd_002-Ex1-5E-lcwgs-1-3.clmp.r2_fastqc.html
[2025-06-13 20:43:01,603] multiqc                                            [DEBUG  ]  File ignored by longranger/invocation because it exceeded search pattern filesize limit: Sor-CPnd_002-Ex1-5E-lcwgs-1-3.clmp.r2_fastqc.html
[2025-06-13 20:43:01,700] multiqc                                            [DEBUG  ]  File ignored by hicexplorer because it exceeded search pattern filesize limit: Sor-CPnd_029-Ex1-8E-lcwgs-1-3.clmp.r1_fastqc.html
[2025-06-13 20:43:01,711] multiqc                                            [DEBUG  ]  File ignored by longranger/invocation because it exceeded search pattern filesize limit: Sor-CPnd_029-Ex1-8E-lcwgs-1-3.clmp.r1_fastqc.html
[2025-06-13 20:43:01,774] multiqc                                            [DEBUG  ]  Ignoring file as matched an ignore pattern: Sor-CPnd_046-Ex1-5A-lcwgs-1-3.clmp.r2.fq.gz
[2025-06-13 20:43:01,794] multiqc                                            [DEBUG  ]  File ignored by hicexplorer because it exceeded search pattern filesize limit: Sor-CPnd_031-Ex1-5D-lcwgs-1-3.clmp.r2_fastqc.html
[2025-06-13 20:43:01,804] multiqc                                            [DEBUG  ]  File ignored by longranger/invocation because it exceeded search pattern filesize limit: Sor-CPnd_031-Ex1-5D-lcwgs-1-3.clmp.r2_fastqc.html
[2025-06-13 20:43:01,860] multiqc                                            [DEBUG  ]  Ignoring file as matched an ignore pattern: Sor-CPnd_066-Ex1-8B-lcwgs-1-3.clmp.r2.fq.gz
[2025-06-13 20:43:01,902] multiqc                                            [DEBUG  ]  File ignored by hicexplorer because it exceeded search pattern filesize limit: Sor-CPnd_022-Ex1-7C-lcwgs-1-3.clmp.r1_fastqc.html
[2025-06-13 20:43:01,911] multiqc                                            [DEBUG  ]  File ignored by longranger/invocation because it exceeded search pattern filesize limit: Sor-CPnd_022-Ex1-7C-lcwgs-1-3.clmp.r1_fastqc.html
[2025-06-13 20:43:02,012] multiqc                                            [DEBUG  ]  File ignored by hicexplorer because it exceeded search pattern filesize limit: Sor-CPnd_015-Ex1-5F-lcwgs-1-3.clmp.r2_fastqc.html
[2025-06-13 20:43:02,023] multiqc                                            [DEBUG  ]  File ignored by longranger/invocation because it exceeded search pattern filesize limit: Sor-CPnd_015-Ex1-5F-lcwgs-1-3.clmp.r2_fastqc.html
[2025-06-13 20:43:02,088] multiqc                                            [DEBUG  ]  Ignoring file as matched an ignore pattern: Sor-CPnd_002-Ex1-5E-lcwgs-1-3.clmp.r1.fq.gz
[2025-06-13 20:43:02,088] multiqc                                            [DEBUG  ]  Ignoring file as matched an ignore pattern: Sor-CPnd_010-Ex1-1H-lcwgs-1-3.clmp.r2.fq.gz
[2025-06-13 20:43:02,089] multiqc                                            [DEBUG  ]  Ignoring file as matched an ignore pattern: Sor-CPnd_058-Ex1-2G-lcwgs-1-3.clmp.r2.fq.gz
[2025-06-13 20:43:02,112] multiqc                                            [DEBUG  ]  File ignored by hicexplorer because it exceeded search pattern filesize limit: Sor-CPnd_037-Ex1-6C-lcwgs-1-3.clmp.r2_fastqc.html
[2025-06-13 20:43:02,122] multiqc                                            [DEBUG  ]  File ignored by longranger/invocation because it exceeded search pattern filesize limit: Sor-CPnd_037-Ex1-6C-lcwgs-1-3.clmp.r2_fastqc.html
[2025-06-13 20:43:02,201] multiqc                                            [DEBUG  ]  File ignored by hicexplorer because it exceeded search pattern filesize limit: Sor-CPnd_050-Ex1-3F-lcwgs-1-3.clmp.r2_fastqc.html
[2025-06-13 20:43:02,211] multiqc                                            [DEBUG  ]  File ignored by longranger/invocation because it exceeded search pattern filesize limit: Sor-CPnd_050-Ex1-3F-lcwgs-1-3.clmp.r2_fastqc.html
[2025-06-13 20:43:02,266] multiqc                                            [DEBUG  ]  Ignoring file as matched an ignore pattern: Sor-CPnd_033-Ex1-2F-lcwgs-1-3.clmp.r1.fq.gz
[2025-06-13 20:43:02,267] multiqc                                            [DEBUG  ]  Ignoring file as matched an ignore pattern: Sor-CPnd_013-Ex1-7F-lcwgs-1-3.clmp.r1.fq.gz
[2025-06-13 20:43:02,267] multiqc                                            [DEBUG  ]  Ignoring file as matched an ignore pattern: Sor-CPnd_012-Ex1-5B-lcwgs-1-3.clmp.r2.fq.gz
[2025-06-13 20:43:02,287] multiqc                                            [DEBUG  ]  File ignored by hicexplorer because it exceeded search pattern filesize limit: Sor-CPnd_045-Ex1-7B-lcwgs-1-3.clmp.r2_fastqc.html
[2025-06-13 20:43:02,296] multiqc                                            [DEBUG  ]  File ignored by longranger/invocation because it exceeded search pattern filesize limit: Sor-CPnd_045-Ex1-7B-lcwgs-1-3.clmp.r2_fastqc.html
[2025-06-13 20:43:02,373] multiqc                                            [DEBUG  ]  File ignored by hicexplorer because it exceeded search pattern filesize limit: Sor-CPnd_016-Ex1-1B-lcwgs-1-3.clmp.r1_fastqc.html
[2025-06-13 20:43:02,382] multiqc                                            [DEBUG  ]  File ignored by longranger/invocation because it exceeded search pattern filesize limit: Sor-CPnd_016-Ex1-1B-lcwgs-1-3.clmp.r1_fastqc.html
[2025-06-13 20:43:02,457] multiqc                                            [DEBUG  ]  File ignored by hicexplorer because it exceeded search pattern filesize limit: Sor-CPnd_069-Ex1-6B-lcwgs-1-3.clmp.r2_fastqc.html
[2025-06-13 20:43:02,466] multiqc                                            [DEBUG  ]  File ignored by longranger/invocation because it exceeded search pattern filesize limit: Sor-CPnd_069-Ex1-6B-lcwgs-1-3.clmp.r2_fastqc.html
[2025-06-13 20:43:02,521] multiqc                                            [DEBUG  ]  Ignoring file as matched an ignore pattern: Sor-CPnd_055-Ex1-7G-lcwgs-1-3.clmp.r1.fq.gz
[2025-06-13 20:43:02,521] multiqc                                            [DEBUG  ]  Ignoring file as matched an ignore pattern: Sor-CPnd_005-Ex1-3D-lcwgs-1-3.clmp.r1.fq.gz
[2025-06-13 20:43:02,564] multiqc                                            [DEBUG  ]  File ignored by hicexplorer because it exceeded search pattern filesize limit: Sor-CPnd_008-Ex1-1A-lcwgs-1-3.clmp.r2_fastqc.html
[2025-06-13 20:43:02,576] multiqc                                            [DEBUG  ]  File ignored by longranger/invocation because it exceeded search pattern filesize limit: Sor-CPnd_008-Ex1-1A-lcwgs-1-3.clmp.r2_fastqc.html
[2025-06-13 20:43:02,668] multiqc                                            [DEBUG  ]  File ignored by hicexplorer because it exceeded search pattern filesize limit: Sor-CPnd_055-Ex1-7G-lcwgs-1-3.clmp.r1_fastqc.html
[2025-06-13 20:43:02,678] multiqc                                            [DEBUG  ]  File ignored by longranger/invocation because it exceeded search pattern filesize limit: Sor-CPnd_055-Ex1-7G-lcwgs-1-3.clmp.r1_fastqc.html
[2025-06-13 20:43:02,739] multiqc                                            [DEBUG  ]  Ignoring file as matched an ignore pattern: Sor-CPnd_044-Ex1-8G-lcwgs-1-3.clmp.r1.fq.gz
[2025-06-13 20:43:02,759] multiqc                                            [DEBUG  ]  File ignored by hicexplorer because it exceeded search pattern filesize limit: Sor-CPnd_053-Ex1-2C-lcwgs-1-3.clmp.r1_fastqc.html
[2025-06-13 20:43:02,768] multiqc                                            [DEBUG  ]  File ignored by longranger/invocation because it exceeded search pattern filesize limit: Sor-CPnd_053-Ex1-2C-lcwgs-1-3.clmp.r1_fastqc.html
[2025-06-13 20:43:02,823] multiqc                                            [DEBUG  ]  Ignoring file as matched an ignore pattern: Sor-CPnd_003-Ex1-2B-lcwgs-1-3.clmp.r1.fq.gz
[2025-06-13 20:43:02,871] multiqc                                            [DEBUG  ]  File ignored by hicexplorer because it exceeded search pattern filesize limit: Sor-CPnd_010-Ex1-1H-lcwgs-1-3.clmp.r2_fastqc.html
[2025-06-13 20:43:02,884] multiqc                                            [DEBUG  ]  File ignored by longranger/invocation because it exceeded search pattern filesize limit: Sor-CPnd_010-Ex1-1H-lcwgs-1-3.clmp.r2_fastqc.html
[2025-06-13 20:43:02,962] multiqc                                            [DEBUG  ]  Ignoring file as matched an ignore pattern: Sor-CPnd_034-Ex1-4G-lcwgs-1-3.clmp.r1.fq.gz
[2025-06-13 20:43:02,985] multiqc                                            [DEBUG  ]  File ignored by hicexplorer because it exceeded search pattern filesize limit: Sor-CPnd_017-Ex1-3G-lcwgs-1-3.clmp.r1_fastqc.html
[2025-06-13 20:43:02,995] multiqc                                            [DEBUG  ]  File ignored by longranger/invocation because it exceeded search pattern filesize limit: Sor-CPnd_017-Ex1-3G-lcwgs-1-3.clmp.r1_fastqc.html
[2025-06-13 20:43:03,089] multiqc                                            [DEBUG  ]  File ignored by hicexplorer because it exceeded search pattern filesize limit: Sor-CPnd_054-Ex1-8F-lcwgs-1-3.clmp.r2_fastqc.html
[2025-06-13 20:43:03,099] multiqc                                            [DEBUG  ]  File ignored by longranger/invocation because it exceeded search pattern filesize limit: Sor-CPnd_054-Ex1-8F-lcwgs-1-3.clmp.r2_fastqc.html
[2025-06-13 20:43:03,213] multiqc                                            [DEBUG  ]  File ignored by hicexplorer because it exceeded search pattern filesize limit: Sor-CPnd_014-Ex1-1F-lcwgs-1-3.clmp.r2_fastqc.html
[2025-06-13 20:43:03,227] multiqc                                            [DEBUG  ]  File ignored by longranger/invocation because it exceeded search pattern filesize limit: Sor-CPnd_014-Ex1-1F-lcwgs-1-3.clmp.r2_fastqc.html
[2025-06-13 20:43:03,327] multiqc                                            [DEBUG  ]  File ignored by hicexplorer because it exceeded search pattern filesize limit: Sor-CPnd_066-Ex1-8B-lcwgs-1-3.clmp.r1_fastqc.html
[2025-06-13 20:43:03,338] multiqc                                            [DEBUG  ]  File ignored by longranger/invocation because it exceeded search pattern filesize limit: Sor-CPnd_066-Ex1-8B-lcwgs-1-3.clmp.r1_fastqc.html
[2025-06-13 20:43:03,447] multiqc                                            [DEBUG  ]  File ignored by hicexplorer because it exceeded search pattern filesize limit: Sor-CPnd_026-Ex1-3H-lcwgs-1-3.clmp.r2_fastqc.html
[2025-06-13 20:43:03,460] multiqc                                            [DEBUG  ]  File ignored by longranger/invocation because it exceeded search pattern filesize limit: Sor-CPnd_026-Ex1-3H-lcwgs-1-3.clmp.r2_fastqc.html
[2025-06-13 20:43:03,592] multiqc                                            [DEBUG  ]  File ignored by hicexplorer because it exceeded search pattern filesize limit: Sor-CPnd_003-Ex1-2B-lcwgs-1-3.clmp.r1_fastqc.html
[2025-06-13 20:43:03,606] multiqc                                            [DEBUG  ]  File ignored by longranger/invocation because it exceeded search pattern filesize limit: Sor-CPnd_003-Ex1-2B-lcwgs-1-3.clmp.r1_fastqc.html
[2025-06-13 20:43:03,682] multiqc                                            [DEBUG  ]  Ignoring file as matched an ignore pattern: Sor-CPnd_004-Ex1-1G-lcwgs-1-3.clmp.r1.fq.gz
[2025-06-13 20:43:03,703] multiqc                                            [DEBUG  ]  File ignored by hicexplorer because it exceeded search pattern filesize limit: Sor-CPnd_028-Ex1-3A-lcwgs-1-3.clmp.r1_fastqc.html
[2025-06-13 20:43:03,714] multiqc                                            [DEBUG  ]  File ignored by longranger/invocation because it exceeded search pattern filesize limit: Sor-CPnd_028-Ex1-3A-lcwgs-1-3.clmp.r1_fastqc.html
[2025-06-13 20:43:03,778] multiqc                                            [DEBUG  ]  Ignoring file as matched an ignore pattern: Sor-CPnd_030-Ex1-2H-lcwgs-1-3.clmp.r2.fq.gz
[2025-06-13 20:43:03,778] multiqc                                            [DEBUG  ]  Ignoring file as matched an ignore pattern: Sor-CPnd_016-Ex1-1B-lcwgs-1-3.clmp.r2.fq.gz
[2025-06-13 20:43:03,800] multiqc                                            [DEBUG  ]  File ignored by hicexplorer because it exceeded search pattern filesize limit: Sor-CPnd_072-Ex1-8C-lcwgs-1-3.clmp.r2_fastqc.html
[2025-06-13 20:43:03,810] multiqc                                            [DEBUG  ]  File ignored by longranger/invocation because it exceeded search pattern filesize limit: Sor-CPnd_072-Ex1-8C-lcwgs-1-3.clmp.r2_fastqc.html
[2025-06-13 20:43:03,891] multiqc                                            [DEBUG  ]  File ignored by hicexplorer because it exceeded search pattern filesize limit: Sor-CPnd_043-Ex1-1D-lcwgs-1-3.clmp.r2_fastqc.html
[2025-06-13 20:43:03,901] multiqc                                            [DEBUG  ]  File ignored by longranger/invocation because it exceeded search pattern filesize limit: Sor-CPnd_043-Ex1-1D-lcwgs-1-3.clmp.r2_fastqc.html
[2025-06-13 20:43:04,009] multiqc                                            [DEBUG  ]  File ignored by hicexplorer because it exceeded search pattern filesize limit: Sor-CPnd_013-Ex1-7F-lcwgs-1-3.clmp.r2_fastqc.html
[2025-06-13 20:43:04,022] multiqc                                            [DEBUG  ]  File ignored by longranger/invocation because it exceeded search pattern filesize limit: Sor-CPnd_013-Ex1-7F-lcwgs-1-3.clmp.r2_fastqc.html
[2025-06-13 20:43:04,096] multiqc                                            [DEBUG  ]  Ignoring file as matched an ignore pattern: Sor-CPnd_024-Ex1-5G-lcwgs-1-3.clmp.r1.fq.gz
[2025-06-13 20:43:04,119] multiqc                                            [DEBUG  ]  File ignored by hicexplorer because it exceeded search pattern filesize limit: Sor-CPnd_058-Ex1-2G-lcwgs-1-3.clmp.r1_fastqc.html
[2025-06-13 20:43:04,130] multiqc                                            [DEBUG  ]  File ignored by longranger/invocation because it exceeded search pattern filesize limit: Sor-CPnd_058-Ex1-2G-lcwgs-1-3.clmp.r1_fastqc.html
[2025-06-13 20:43:04,191] multiqc                                            [DEBUG  ]  Ignoring file as matched an ignore pattern: Sor-CPnd_031-Ex1-5D-lcwgs-1-3.clmp.r1.fq.gz
[2025-06-13 20:43:04,213] multiqc                                            [DEBUG  ]  File ignored by hicexplorer because it exceeded search pattern filesize limit: Sor-CPnd_034-Ex1-4G-lcwgs-1-3.clmp.r2_fastqc.html
[2025-06-13 20:43:04,223] multiqc                                            [DEBUG  ]  File ignored by longranger/invocation because it exceeded search pattern filesize limit: Sor-CPnd_034-Ex1-4G-lcwgs-1-3.clmp.r2_fastqc.html
[2025-06-13 20:43:04,301] multiqc                                            [DEBUG  ]  File ignored by hicexplorer because it exceeded search pattern filesize limit: Sor-CPnd_063-Ex1-7D-lcwgs-1-3.clmp.r1_fastqc.html
[2025-06-13 20:43:04,311] multiqc                                            [DEBUG  ]  File ignored by longranger/invocation because it exceeded search pattern filesize limit: Sor-CPnd_063-Ex1-7D-lcwgs-1-3.clmp.r1_fastqc.html
[2025-06-13 20:43:04,388] multiqc                                            [DEBUG  ]  File ignored by hicexplorer because it exceeded search pattern filesize limit: Sor-CPnd_020-Ex1-2E-lcwgs-1-3.clmp.r1_fastqc.html
[2025-06-13 20:43:04,397] multiqc                                            [DEBUG  ]  File ignored by longranger/invocation because it exceeded search pattern filesize limit: Sor-CPnd_020-Ex1-2E-lcwgs-1-3.clmp.r1_fastqc.html
[2025-06-13 20:43:04,454] multiqc                                            [DEBUG  ]  Ignoring file as matched an ignore pattern: Sor-CPnd_019-Ex1-6G-lcwgs-1-3.clmp.r2.fq.gz
[2025-06-13 20:43:04,477] multiqc                                            [DEBUG  ]  File ignored by hicexplorer because it exceeded search pattern filesize limit: Sor-CPnd_028-Ex1-3A-lcwgs-1-3.clmp.r2_fastqc.html
[2025-06-13 20:43:04,487] multiqc                                            [DEBUG  ]  File ignored by longranger/invocation because it exceeded search pattern filesize limit: Sor-CPnd_028-Ex1-3A-lcwgs-1-3.clmp.r2_fastqc.html
[2025-06-13 20:43:04,594] multiqc                                            [DEBUG  ]  File ignored by hicexplorer because it exceeded search pattern filesize limit: Sor-CPnd_026-Ex1-3H-lcwgs-1-3.clmp.r1_fastqc.html
[2025-06-13 20:43:04,607] multiqc                                            [DEBUG  ]  File ignored by longranger/invocation because it exceeded search pattern filesize limit: Sor-CPnd_026-Ex1-3H-lcwgs-1-3.clmp.r1_fastqc.html
[2025-06-13 20:43:04,733] multiqc                                            [DEBUG  ]  File ignored by hicexplorer because it exceeded search pattern filesize limit: Sor-CPnd_003-Ex1-2B-lcwgs-1-3.clmp.r2_fastqc.html
[2025-06-13 20:43:04,745] multiqc                                            [DEBUG  ]  File ignored by longranger/invocation because it exceeded search pattern filesize limit: Sor-CPnd_003-Ex1-2B-lcwgs-1-3.clmp.r2_fastqc.html
[2025-06-13 20:43:04,840] multiqc                                            [DEBUG  ]  File ignored by hicexplorer because it exceeded search pattern filesize limit: Sor-CPnd_034-Ex1-4G-lcwgs-1-3.clmp.r1_fastqc.html
[2025-06-13 20:43:04,851] multiqc                                            [DEBUG  ]  File ignored by longranger/invocation because it exceeded search pattern filesize limit: Sor-CPnd_034-Ex1-4G-lcwgs-1-3.clmp.r1_fastqc.html
[2025-06-13 20:43:04,919] multiqc                                            [DEBUG  ]  Ignoring file as matched an ignore pattern: Sor-CPnd_072-Ex1-8C-lcwgs-1-3.clmp.r1.fq.gz
[2025-06-13 20:43:04,942] multiqc                                            [DEBUG  ]  File ignored by hicexplorer because it exceeded search pattern filesize limit: Sor-CPnd_063-Ex1-7D-lcwgs-1-3.clmp.r2_fastqc.html
[2025-06-13 20:43:04,953] multiqc                                            [DEBUG  ]  File ignored by longranger/invocation because it exceeded search pattern filesize limit: Sor-CPnd_063-Ex1-7D-lcwgs-1-3.clmp.r2_fastqc.html
[2025-06-13 20:43:05,018] multiqc                                            [DEBUG  ]  Ignoring file as matched an ignore pattern: Sor-CPnd_020-Ex1-2E-lcwgs-1-3.clmp.r1.fq.gz
[2025-06-13 20:43:05,019] multiqc                                            [DEBUG  ]  Ignoring file as matched an ignore pattern: Sor-CPnd_027-Ex1-3C-lcwgs-1-3.clmp.r2.fq.gz
[2025-06-13 20:43:05,019] multiqc                                            [DEBUG  ]  Ignoring file as matched an ignore pattern: Sor-CPnd_041-Ex1-7A-lcwgs-1-3.clmp.r1.fq.gz
[2025-06-13 20:43:05,064] multiqc                                            [DEBUG  ]  File ignored by hicexplorer because it exceeded search pattern filesize limit: Sor-CPnd_020-Ex1-2E-lcwgs-1-3.clmp.r2_fastqc.html
[2025-06-13 20:43:05,075] multiqc                                            [DEBUG  ]  File ignored by longranger/invocation because it exceeded search pattern filesize limit: Sor-CPnd_020-Ex1-2E-lcwgs-1-3.clmp.r2_fastqc.html
[2025-06-13 20:43:05,138] multiqc                                            [DEBUG  ]  Ignoring file as matched an ignore pattern: Sor-CPnd_052-Ex1-6D-lcwgs-1-3.clmp.r1.fq.gz
[2025-06-13 20:43:05,161] multiqc                                            [DEBUG  ]  File ignored by hicexplorer because it exceeded search pattern filesize limit: Sor-CPnd_043-Ex1-1D-lcwgs-1-3.clmp.r1_fastqc.html
[2025-06-13 20:43:05,173] multiqc                                            [DEBUG  ]  File ignored by longranger/invocation because it exceeded search pattern filesize limit: Sor-CPnd_043-Ex1-1D-lcwgs-1-3.clmp.r1_fastqc.html
[2025-06-13 20:43:05,255] multiqc                                            [DEBUG  ]  File ignored by hicexplorer because it exceeded search pattern filesize limit: Sor-CPnd_072-Ex1-8C-lcwgs-1-3.clmp.r1_fastqc.html
[2025-06-13 20:43:05,266] multiqc                                            [DEBUG  ]  File ignored by longranger/invocation because it exceeded search pattern filesize limit: Sor-CPnd_072-Ex1-8C-lcwgs-1-3.clmp.r1_fastqc.html
[2025-06-13 20:43:05,380] multiqc                                            [DEBUG  ]  File ignored by hicexplorer because it exceeded search pattern filesize limit: Sor-CPnd_013-Ex1-7F-lcwgs-1-3.clmp.r1_fastqc.html
[2025-06-13 20:43:05,393] multiqc                                            [DEBUG  ]  File ignored by longranger/invocation because it exceeded search pattern filesize limit: Sor-CPnd_013-Ex1-7F-lcwgs-1-3.clmp.r1_fastqc.html
[2025-06-13 20:43:05,494] multiqc                                            [DEBUG  ]  File ignored by hicexplorer because it exceeded search pattern filesize limit: Sor-CPnd_058-Ex1-2G-lcwgs-1-3.clmp.r2_fastqc.html
[2025-06-13 20:43:05,505] multiqc                                            [DEBUG  ]  File ignored by longranger/invocation because it exceeded search pattern filesize limit: Sor-CPnd_058-Ex1-2G-lcwgs-1-3.clmp.r2_fastqc.html
[2025-06-13 20:43:05,570] multiqc                                            [DEBUG  ]  Ignoring file as matched an ignore pattern: Sor-CPnd_015-Ex1-5F-lcwgs-1-3.clmp.r1.fq.gz
[2025-06-13 20:43:05,591] multiqc                                            [DEBUG  ]  File ignored by hicexplorer because it exceeded search pattern filesize limit: Sor-CPnd_053-Ex1-2C-lcwgs-1-3.clmp.r2_fastqc.html
[2025-06-13 20:43:05,601] multiqc                                            [DEBUG  ]  File ignored by longranger/invocation because it exceeded search pattern filesize limit: Sor-CPnd_053-Ex1-2C-lcwgs-1-3.clmp.r2_fastqc.html
[2025-06-13 20:43:05,661] multiqc                                            [DEBUG  ]  Ignoring file as matched an ignore pattern: Sor-CPnd_045-Ex1-7B-lcwgs-1-3.clmp.r2.fq.gz
[2025-06-13 20:43:05,663] multiqc                                            [DEBUG  ]  Ignoring file as matched an ignore pattern: Sor-CPnd_049-Ex1-3B-lcwgs-1-3.clmp.r2.fq.gz
[2025-06-13 20:43:05,703] multiqc                                            [DEBUG  ]  File ignored by hicexplorer because it exceeded search pattern filesize limit: Sor-CPnd_008-Ex1-1A-lcwgs-1-3.clmp.r1_fastqc.html
[2025-06-13 20:43:05,714] multiqc                                            [DEBUG  ]  File ignored by longranger/invocation because it exceeded search pattern filesize limit: Sor-CPnd_008-Ex1-1A-lcwgs-1-3.clmp.r1_fastqc.html
[2025-06-13 20:43:05,811] multiqc                                            [DEBUG  ]  File ignored by hicexplorer because it exceeded search pattern filesize limit: Sor-CPnd_055-Ex1-7G-lcwgs-1-3.clmp.r2_fastqc.html
[2025-06-13 20:43:05,821] multiqc                                            [DEBUG  ]  File ignored by longranger/invocation because it exceeded search pattern filesize limit: Sor-CPnd_055-Ex1-7G-lcwgs-1-3.clmp.r2_fastqc.html
[2025-06-13 20:43:05,886] multiqc                                            [DEBUG  ]  Ignoring file as matched an ignore pattern: Sor-CPnd_069-Ex1-6B-lcwgs-1-3.clmp.r2.fq.gz
[2025-06-13 20:43:05,969] multiqc                                            [DEBUG  ]  File ignored by hicexplorer because it exceeded search pattern filesize limit: Sor-CPnd_017-Ex1-3G-lcwgs-1-3.clmp.r2_fastqc.html
[2025-06-13 20:43:05,979] multiqc                                            [DEBUG  ]  File ignored by longranger/invocation because it exceeded search pattern filesize limit: Sor-CPnd_017-Ex1-3G-lcwgs-1-3.clmp.r2_fastqc.html
[2025-06-13 20:43:06,062] multiqc                                            [DEBUG  ]  File ignored by hicexplorer because it exceeded search pattern filesize limit: Sor-CPnd_054-Ex1-8F-lcwgs-1-3.clmp.r1_fastqc.html
[2025-06-13 20:43:06,072] multiqc                                            [DEBUG  ]  File ignored by longranger/invocation because it exceeded search pattern filesize limit: Sor-CPnd_054-Ex1-8F-lcwgs-1-3.clmp.r1_fastqc.html
[2025-06-13 20:43:06,131] multiqc                                            [DEBUG  ]  Ignoring file as matched an ignore pattern: Sor-CPnd_008-Ex1-1A-lcwgs-1-3.clmp.r1.fq.gz
[2025-06-13 20:43:06,152] multiqc                                            [DEBUG  ]  File ignored by hicexplorer because it exceeded search pattern filesize limit: Sor-CPnd_014-Ex1-1F-lcwgs-1-3.clmp.r1_fastqc.html
[2025-06-13 20:43:06,163] multiqc                                            [DEBUG  ]  File ignored by longranger/invocation because it exceeded search pattern filesize limit: Sor-CPnd_014-Ex1-1F-lcwgs-1-3.clmp.r1_fastqc.html
[2025-06-13 20:43:06,222] multiqc                                            [DEBUG  ]  Ignoring file as matched an ignore pattern: Sor-CPnd_018-Ex1-1E-lcwgs-1-3.clmp.r1.fq.gz
[2025-06-13 20:43:06,243] multiqc                                            [DEBUG  ]  File ignored by hicexplorer because it exceeded search pattern filesize limit: Sor-CPnd_066-Ex1-8B-lcwgs-1-3.clmp.r2_fastqc.html
[2025-06-13 20:43:06,253] multiqc                                            [DEBUG  ]  File ignored by longranger/invocation because it exceeded search pattern filesize limit: Sor-CPnd_066-Ex1-8B-lcwgs-1-3.clmp.r2_fastqc.html
[2025-06-13 20:43:06,358] multiqc                                            [DEBUG  ]  File ignored by hicexplorer because it exceeded search pattern filesize limit: Sor-CPnd_010-Ex1-1H-lcwgs-1-3.clmp.r1_fastqc.html
[2025-06-13 20:43:06,372] multiqc                                            [DEBUG  ]  File ignored by longranger/invocation because it exceeded search pattern filesize limit: Sor-CPnd_010-Ex1-1H-lcwgs-1-3.clmp.r1_fastqc.html
[2025-06-13 20:43:06,476] multiqc                                            [DEBUG  ]  File ignored by hicexplorer because it exceeded search pattern filesize limit: Sor-CPnd_037-Ex1-6C-lcwgs-1-3.clmp.r1_fastqc.html
[2025-06-13 20:43:06,486] multiqc                                            [DEBUG  ]  File ignored by longranger/invocation because it exceeded search pattern filesize limit: Sor-CPnd_037-Ex1-6C-lcwgs-1-3.clmp.r1_fastqc.html
[2025-06-13 20:43:06,565] multiqc                                            [DEBUG  ]  File ignored by hicexplorer because it exceeded search pattern filesize limit: Sor-CPnd_015-Ex1-5F-lcwgs-1-3.clmp.r1_fastqc.html
[2025-06-13 20:43:06,575] multiqc                                            [DEBUG  ]  File ignored by longranger/invocation because it exceeded search pattern filesize limit: Sor-CPnd_015-Ex1-5F-lcwgs-1-3.clmp.r1_fastqc.html
[2025-06-13 20:43:06,635] multiqc                                            [DEBUG  ]  Ignoring file as matched an ignore pattern: Sor-CPnd_014-Ex1-1F-lcwgs-1-3.clmp.r2.fq.gz
[2025-06-13 20:43:06,637] multiqc                                            [DEBUG  ]  Ignoring file as matched an ignore pattern: Sor-CPnd_063-Ex1-7D-lcwgs-1-3.clmp.r2.fq.gz
[2025-06-13 20:43:06,657] multiqc                                            [DEBUG  ]  File ignored by hicexplorer because it exceeded search pattern filesize limit: Sor-CPnd_016-Ex1-1B-lcwgs-1-3.clmp.r2_fastqc.html
[2025-06-13 20:43:06,668] multiqc                                            [DEBUG  ]  File ignored by longranger/invocation because it exceeded search pattern filesize limit: Sor-CPnd_016-Ex1-1B-lcwgs-1-3.clmp.r2_fastqc.html
[2025-06-13 20:43:06,727] multiqc                                            [DEBUG  ]  Ignoring file as matched an ignore pattern: Sor-CPnd_037-Ex1-6C-lcwgs-1-3.clmp.r2.fq.gz
[2025-06-13 20:43:06,749] multiqc                                            [DEBUG  ]  File ignored by hicexplorer because it exceeded search pattern filesize limit: Sor-CPnd_069-Ex1-6B-lcwgs-1-3.clmp.r1_fastqc.html
[2025-06-13 20:43:06,760] multiqc                                            [DEBUG  ]  File ignored by longranger/invocation because it exceeded search pattern filesize limit: Sor-CPnd_069-Ex1-6B-lcwgs-1-3.clmp.r1_fastqc.html
[2025-06-13 20:43:06,827] multiqc                                            [DEBUG  ]  Ignoring file as matched an ignore pattern: Sor-CPnd_006-Ex1-2D-lcwgs-1-3.clmp.r2.fq.gz
[2025-06-13 20:43:06,827] multiqc                                            [DEBUG  ]  Ignoring file as matched an ignore pattern: Sor-CPnd_007-Ex1-1C-lcwgs-1-3.clmp.r2.fq.gz
[2025-06-13 20:43:06,850] multiqc                                            [DEBUG  ]  File ignored by hicexplorer because it exceeded search pattern filesize limit: Sor-CPnd_050-Ex1-3F-lcwgs-1-3.clmp.r1_fastqc.html
[2025-06-13 20:43:06,860] multiqc                                            [DEBUG  ]  File ignored by longranger/invocation because it exceeded search pattern filesize limit: Sor-CPnd_050-Ex1-3F-lcwgs-1-3.clmp.r1_fastqc.html
[2025-06-13 20:43:06,924] multiqc                                            [DEBUG  ]  Ignoring file as matched an ignore pattern: Sor-CPnd_053-Ex1-2C-lcwgs-1-3.clmp.r1.fq.gz
[2025-06-13 20:43:06,925] multiqc                                            [DEBUG  ]  Ignoring file as matched an ignore pattern: Sor-CPnd_038-Ex1-2A-lcwgs-1-3.clmp.r1.fq.gz
[2025-06-13 20:43:06,947] multiqc                                            [DEBUG  ]  File ignored by hicexplorer because it exceeded search pattern filesize limit: Sor-CPnd_045-Ex1-7B-lcwgs-1-3.clmp.r1_fastqc.html
[2025-06-13 20:43:06,958] multiqc                                            [DEBUG  ]  File ignored by longranger/invocation because it exceeded search pattern filesize limit: Sor-CPnd_045-Ex1-7B-lcwgs-1-3.clmp.r1_fastqc.html
[2025-06-13 20:43:07,018] multiqc                                            [DEBUG  ]  Ignoring file as matched an ignore pattern: Sor-CPnd_022-Ex1-7C-lcwgs-1-3.clmp.r1.fq.gz
[2025-06-13 20:43:07,018] multiqc                                            [DEBUG  ]  Ignoring file as matched an ignore pattern: Sor-CPnd_043-Ex1-1D-lcwgs-1-3.clmp.r2.fq.gz
[2025-06-13 20:43:07,040] multiqc                                            [DEBUG  ]  File ignored by hicexplorer because it exceeded search pattern filesize limit: Sor-CPnd_031-Ex1-5D-lcwgs-1-3.clmp.r1_fastqc.html
[2025-06-13 20:43:07,050] multiqc                                            [DEBUG  ]  File ignored by longranger/invocation because it exceeded search pattern filesize limit: Sor-CPnd_031-Ex1-5D-lcwgs-1-3.clmp.r1_fastqc.html
[2025-06-13 20:43:07,107] multiqc                                            [DEBUG  ]  Ignoring file as matched an ignore pattern: Sor-CPnd_017-Ex1-3G-lcwgs-1-3.clmp.r2.fq.gz
[2025-06-13 20:43:07,108] multiqc                                            [DEBUG  ]  Ignoring file as matched an ignore pattern: Sor-CPnd_029-Ex1-8E-lcwgs-1-3.clmp.r1.fq.gz
[2025-06-13 20:43:07,129] multiqc                                            [DEBUG  ]  File ignored by hicexplorer because it exceeded search pattern filesize limit: Sor-CPnd_029-Ex1-8E-lcwgs-1-3.clmp.r2_fastqc.html
[2025-06-13 20:43:07,139] multiqc                                            [DEBUG  ]  File ignored by longranger/invocation because it exceeded search pattern filesize limit: Sor-CPnd_029-Ex1-8E-lcwgs-1-3.clmp.r2_fastqc.html
[2025-06-13 20:43:07,246] multiqc                                            [DEBUG  ]  File ignored by hicexplorer because it exceeded search pattern filesize limit: Sor-CPnd_002-Ex1-5E-lcwgs-1-3.clmp.r1_fastqc.html
[2025-06-13 20:43:07,259] multiqc                                            [DEBUG  ]  File ignored by longranger/invocation because it exceeded search pattern filesize limit: Sor-CPnd_002-Ex1-5E-lcwgs-1-3.clmp.r1_fastqc.html
[2025-06-13 20:43:07,330] multiqc                                            [DEBUG  ]  Ignoring file as matched an ignore pattern: Sor-CPnd_050-Ex1-3F-lcwgs-1-3.clmp.r1.fq.gz
[2025-06-13 20:43:07,331] multiqc                                            [DEBUG  ]  Ignoring file as matched an ignore pattern: Sor-CPnd_054-Ex1-8F-lcwgs-1-3.clmp.r2.fq.gz
[2025-06-13 20:43:07,331] multiqc                                            [DEBUG  ]  Ignoring file as matched an ignore pattern: Sor-CPnd_026-Ex1-3H-lcwgs-1-3.clmp.r2.fq.gz
[2025-06-13 20:43:07,332] multiqc                                            [DEBUG  ]  Ignoring file as matched an ignore pattern: Sor-CPnd_009-Ex1-6A-lcwgs-1-3.clmp.r2.fq.gz
[2025-06-13 20:43:07,376] multiqc                                            [DEBUG  ]  File ignored by hicexplorer because it exceeded search pattern filesize limit: Sor-CPnd_022-Ex1-7C-lcwgs-1-3.clmp.r2_fastqc.html
[2025-06-13 20:43:07,386] multiqc                                            [DEBUG  ]  File ignored by longranger/invocation because it exceeded search pattern filesize limit: Sor-CPnd_022-Ex1-7C-lcwgs-1-3.clmp.r2_fastqc.html
[2025-06-13 20:43:07,447] multiqc                                            [DEBUG  ]  Ignoring file as matched an ignore pattern: Sor-CPnd_036-Ex1-5C-lcwgs-1-3.clmp.r1.fq.gz
[2025-06-13 20:43:07,447] multiqc                                            [DEBUG  ]  Ignoring file as matched an ignore pattern: Sor-CPnd_028-Ex1-3A-lcwgs-1-3.clmp.r1.fq.gz
[2025-06-13 20:43:07,448] multiqc                                            [DEBUG  ]  Ignoring file as matched an ignore pattern: Sor-CPnd_001-Ex1-3E-lcwgs-1-3.clmp.r2.fq.gz
[2025-06-13 20:43:07,499] multiqc                                            [DEBUG  ]  File ignored by hicexplorer because it exceeded search pattern filesize limit: Sor-CPnd_027-Ex1-3C-lcwgs-1-3.clmp.r1_fastqc.html
[2025-06-13 20:43:07,512] multiqc                                            [DEBUG  ]  File ignored by longranger/invocation because it exceeded search pattern filesize limit: Sor-CPnd_027-Ex1-3C-lcwgs-1-3.clmp.r1_fastqc.html
[2025-06-13 20:43:07,591] multiqc                                            [DEBUG  ]  Ignoring file as matched an ignore pattern: Sor-CPnd_063-Ex1-7D-lcwgs-1-3.clmp.r1.fq.gz
[2025-06-13 20:43:07,592] multiqc                                            [DEBUG  ]  Ignoring file as matched an ignore pattern: Sor-CPnd_014-Ex1-1F-lcwgs-1-3.clmp.r1.fq.gz
[2025-06-13 20:43:07,616] multiqc                                            [DEBUG  ]  File ignored by hicexplorer because it exceeded search pattern filesize limit: Sor-CPnd_044-Ex1-8G-lcwgs-1-3.clmp.r1_fastqc.html
[2025-06-13 20:43:07,626] multiqc                                            [DEBUG  ]  File ignored by longranger/invocation because it exceeded search pattern filesize limit: Sor-CPnd_044-Ex1-8G-lcwgs-1-3.clmp.r1_fastqc.html
[2025-06-13 20:43:07,711] multiqc                                            [DEBUG  ]  File ignored by hicexplorer because it exceeded search pattern filesize limit: Sor-CPnd_004-Ex1-1G-lcwgs-1-3.clmp.r1_fastqc.html
[2025-06-13 20:43:07,721] multiqc                                            [DEBUG  ]  File ignored by longranger/invocation because it exceeded search pattern filesize limit: Sor-CPnd_004-Ex1-1G-lcwgs-1-3.clmp.r1_fastqc.html
[2025-06-13 20:43:07,781] multiqc                                            [DEBUG  ]  Ignoring file as matched an ignore pattern: Sor-CPnd_038-Ex1-2A-lcwgs-1-3.clmp.r2.fq.gz
[2025-06-13 20:43:07,781] multiqc                                            [DEBUG  ]  Ignoring file as matched an ignore pattern: Sor-CPnd_022-Ex1-7C-lcwgs-1-3.clmp.r2.fq.gz
[2025-06-13 20:43:07,782] multiqc                                            [DEBUG  ]  Ignoring file as matched an ignore pattern: Sor-CPnd_053-Ex1-2C-lcwgs-1-3.clmp.r2.fq.gz
[2025-06-13 20:43:07,783] multiqc                                            [DEBUG  ]  Ignoring file as matched an ignore pattern: Sor-CPnd_007-Ex1-1C-lcwgs-1-3.clmp.r1.fq.gz
[2025-06-13 20:43:07,784] multiqc                                            [DEBUG  ]  Ignoring file as matched an ignore pattern: Sor-CPnd_006-Ex1-2D-lcwgs-1-3.clmp.r1.fq.gz
[2025-06-13 20:43:07,785] multiqc                                            [DEBUG  ]  Ignoring file as matched an ignore pattern: Sor-CPnd_037-Ex1-6C-lcwgs-1-3.clmp.r1.fq.gz
[2025-06-13 20:43:07,786] multiqc                                            [DEBUG  ]  Ignoring file as matched an ignore pattern: Sor-CPnd_050-Ex1-3F-lcwgs-1-3.clmp.r2.fq.gz
[2025-06-13 20:43:07,787] multiqc                                            [DEBUG  ]  Ignoring file as matched an ignore pattern: Sor-CPnd_054-Ex1-8F-lcwgs-1-3.clmp.r1.fq.gz
[2025-06-13 20:43:07,787] multiqc                                            [DEBUG  ]  Ignoring file as matched an ignore pattern: Sor-CPnd_029-Ex1-8E-lcwgs-1-3.clmp.r2.fq.gz
[2025-06-13 20:43:07,788] multiqc                                            [DEBUG  ]  Ignoring file as matched an ignore pattern: Sor-CPnd_017-Ex1-3G-lcwgs-1-3.clmp.r1.fq.gz
[2025-06-13 20:43:07,836] multiqc                                            [DEBUG  ]  File ignored by hicexplorer because it exceeded search pattern filesize limit: Sor-CPnd_007-Ex1-1C-lcwgs-1-3.clmp.r2_fastqc.html
[2025-06-13 20:43:07,848] multiqc                                            [DEBUG  ]  File ignored by longranger/invocation because it exceeded search pattern filesize limit: Sor-CPnd_007-Ex1-1C-lcwgs-1-3.clmp.r2_fastqc.html
[2025-06-13 20:43:07,926] multiqc                                            [DEBUG  ]  Ignoring file as matched an ignore pattern: Sor-CPnd_043-Ex1-1D-lcwgs-1-3.clmp.r1.fq.gz
[2025-06-13 20:43:07,926] multiqc                                            [DEBUG  ]  Ignoring file as matched an ignore pattern: Sor-CPnd_001-Ex1-3E-lcwgs-1-3.clmp.r1.fq.gz
[2025-06-13 20:43:07,949] multiqc                                            [DEBUG  ]  File ignored by hicexplorer because it exceeded search pattern filesize limit: Sor-CPnd_041-Ex1-7A-lcwgs-1-3.clmp.r1_fastqc.html
[2025-06-13 20:43:07,959] multiqc                                            [DEBUG  ]  File ignored by longranger/invocation because it exceeded search pattern filesize limit: Sor-CPnd_041-Ex1-7A-lcwgs-1-3.clmp.r1_fastqc.html
[2025-06-13 20:43:08,025] multiqc                                            [DEBUG  ]  Ignoring file as matched an ignore pattern: Sor-CPnd_028-Ex1-3A-lcwgs-1-3.clmp.r2.fq.gz
[2025-06-13 20:43:08,047] multiqc                                            [DEBUG  ]  File ignored by hicexplorer because it exceeded search pattern filesize limit: Sor-CPnd_036-Ex1-5C-lcwgs-1-3.clmp.r2_fastqc.html
[2025-06-13 20:43:08,057] multiqc                                            [DEBUG  ]  File ignored by longranger/invocation because it exceeded search pattern filesize limit: Sor-CPnd_036-Ex1-5C-lcwgs-1-3.clmp.r2_fastqc.html
[2025-06-13 20:43:08,120] multiqc                                            [DEBUG  ]  Ignoring file as matched an ignore pattern: Sor-CPnd_036-Ex1-5C-lcwgs-1-3.clmp.r2.fq.gz
[2025-06-13 20:43:08,121] multiqc                                            [DEBUG  ]  Ignoring file as matched an ignore pattern: Sor-CPnd_026-Ex1-3H-lcwgs-1-3.clmp.r1.fq.gz
[2025-06-13 20:43:08,122] multiqc                                            [DEBUG  ]  Ignoring file as matched an ignore pattern: Sor-CPnd_009-Ex1-6A-lcwgs-1-3.clmp.r1.fq.gz
[2025-06-13 20:43:08,144] multiqc                                            [DEBUG  ]  File ignored by hicexplorer because it exceeded search pattern filesize limit: Sor-CPnd_033-Ex1-2F-lcwgs-1-3.clmp.r1_fastqc.html
[2025-06-13 20:43:08,154] multiqc                                            [DEBUG  ]  File ignored by longranger/invocation because it exceeded search pattern filesize limit: Sor-CPnd_033-Ex1-2F-lcwgs-1-3.clmp.r1_fastqc.html
[2025-06-13 20:43:08,248] multiqc                                            [DEBUG  ]  File ignored by hicexplorer because it exceeded search pattern filesize limit: Sor-CPnd_046-Ex1-5A-lcwgs-1-3.clmp.r1_fastqc.html
[2025-06-13 20:43:08,258] multiqc                                            [DEBUG  ]  File ignored by longranger/invocation because it exceeded search pattern filesize limit: Sor-CPnd_046-Ex1-5A-lcwgs-1-3.clmp.r1_fastqc.html
[2025-06-13 20:43:08,368] multiqc                                            [DEBUG  ]  File ignored by hicexplorer because it exceeded search pattern filesize limit: Sor-CPnd_005-Ex1-3D-lcwgs-1-3.clmp.r1_fastqc.html
[2025-06-13 20:43:08,381] multiqc                                            [DEBUG  ]  File ignored by longranger/invocation because it exceeded search pattern filesize limit: Sor-CPnd_005-Ex1-3D-lcwgs-1-3.clmp.r1_fastqc.html
[2025-06-13 20:43:08,479] multiqc                                            [DEBUG  ]  File ignored by hicexplorer because it exceeded search pattern filesize limit: Sor-CPnd_001-Ex1-3E-lcwgs-1-3.clmp.r2_fastqc.html
[2025-06-13 20:43:08,490] multiqc                                            [DEBUG  ]  File ignored by longranger/invocation because it exceeded search pattern filesize limit: Sor-CPnd_001-Ex1-3E-lcwgs-1-3.clmp.r2_fastqc.html
[2025-06-13 20:43:08,575] multiqc                                            [DEBUG  ]  File ignored by hicexplorer because it exceeded search pattern filesize limit: Sor-CPnd_030-Ex1-2H-lcwgs-1-3.clmp.r2_fastqc.html
[2025-06-13 20:43:08,585] multiqc                                            [DEBUG  ]  File ignored by longranger/invocation because it exceeded search pattern filesize limit: Sor-CPnd_030-Ex1-2H-lcwgs-1-3.clmp.r2_fastqc.html
[2025-06-13 20:43:08,646] multiqc                                            [DEBUG  ]  Ignoring file as matched an ignore pattern: Sor-CPnd_052-Ex1-6D-lcwgs-1-3.clmp.r2.fq.gz
[2025-06-13 20:43:08,667] multiqc                                            [DEBUG  ]  File ignored by hicexplorer because it exceeded search pattern filesize limit: Sor-CPnd_018-Ex1-1E-lcwgs-1-3.clmp.r2_fastqc.html
[2025-06-13 20:43:08,677] multiqc                                            [DEBUG  ]  File ignored by longranger/invocation because it exceeded search pattern filesize limit: Sor-CPnd_018-Ex1-1E-lcwgs-1-3.clmp.r2_fastqc.html
[2025-06-13 20:43:08,736] multiqc                                            [DEBUG  ]  Ignoring file as matched an ignore pattern: Sor-CPnd_041-Ex1-7A-lcwgs-1-3.clmp.r2.fq.gz
[2025-06-13 20:43:08,737] multiqc                                            [DEBUG  ]  Ignoring file as matched an ignore pattern: Sor-CPnd_020-Ex1-2E-lcwgs-1-3.clmp.r2.fq.gz
[2025-06-13 20:43:08,737] multiqc                                            [DEBUG  ]  Ignoring file as matched an ignore pattern: Sor-CPnd_027-Ex1-3C-lcwgs-1-3.clmp.r1.fq.gz
[2025-06-13 20:43:08,738] multiqc                                            [DEBUG  ]  Ignoring file as matched an ignore pattern: Sor-CPnd_072-Ex1-8C-lcwgs-1-3.clmp.r2.fq.gz
[2025-06-13 20:43:08,739] multiqc                                            [DEBUG  ]  Ignoring file as matched an ignore pattern: Sor-CPnd_069-Ex1-6B-lcwgs-1-3.clmp.r1.fq.gz
[2025-06-13 20:43:08,760] multiqc                                            [DEBUG  ]  File ignored by hicexplorer because it exceeded search pattern filesize limit: Sor-CPnd_038-Ex1-2A-lcwgs-1-3.clmp.r2_fastqc.html
[2025-06-13 20:43:08,770] multiqc                                            [DEBUG  ]  File ignored by longranger/invocation because it exceeded search pattern filesize limit: Sor-CPnd_038-Ex1-2A-lcwgs-1-3.clmp.r2_fastqc.html
[2025-06-13 20:43:08,829] multiqc                                            [DEBUG  ]  Ignoring file as matched an ignore pattern: Sor-CPnd_049-Ex1-3B-lcwgs-1-3.clmp.r1.fq.gz
[2025-06-13 20:43:08,850] multiqc                                            [DEBUG  ]  File ignored by hicexplorer because it exceeded search pattern filesize limit: Sor-CPnd_006-Ex1-2D-lcwgs-1-3.clmp.r1_fastqc.html
[2025-06-13 20:43:08,860] multiqc                                            [DEBUG  ]  File ignored by longranger/invocation because it exceeded search pattern filesize limit: Sor-CPnd_006-Ex1-2D-lcwgs-1-3.clmp.r1_fastqc.html
[2025-06-13 20:43:08,940] multiqc                                            [DEBUG  ]  File ignored by hicexplorer because it exceeded search pattern filesize limit: Sor-CPnd_019-Ex1-6G-lcwgs-1-3.clmp.r2_fastqc.html
[2025-06-13 20:43:08,950] multiqc                                            [DEBUG  ]  File ignored by longranger/invocation because it exceeded search pattern filesize limit: Sor-CPnd_019-Ex1-6G-lcwgs-1-3.clmp.r2_fastqc.html
[2025-06-13 20:43:09,006] multiqc                                            [DEBUG  ]  Ignoring file as matched an ignore pattern: Sor-CPnd_045-Ex1-7B-lcwgs-1-3.clmp.r1.fq.gz
[2025-06-13 20:43:09,026] multiqc                                            [DEBUG  ]  File ignored by hicexplorer because it exceeded search pattern filesize limit: Sor-CPnd_052-Ex1-6D-lcwgs-1-3.clmp.r2_fastqc.html
[2025-06-13 20:43:09,036] multiqc                                            [DEBUG  ]  File ignored by longranger/invocation because it exceeded search pattern filesize limit: Sor-CPnd_052-Ex1-6D-lcwgs-1-3.clmp.r2_fastqc.html
[2025-06-13 20:43:09,092] multiqc                                            [DEBUG  ]  Ignoring file as matched an ignore pattern: Sor-CPnd_015-Ex1-5F-lcwgs-1-3.clmp.r2.fq.gz
[2025-06-13 20:43:09,113] multiqc                                            [DEBUG  ]  File ignored by hicexplorer because it exceeded search pattern filesize limit: Sor-CPnd_024-Ex1-5G-lcwgs-1-3.clmp.r1_fastqc.html
[2025-06-13 20:43:09,123] multiqc                                            [DEBUG  ]  File ignored by longranger/invocation because it exceeded search pattern filesize limit: Sor-CPnd_024-Ex1-5G-lcwgs-1-3.clmp.r1_fastqc.html
[2025-06-13 20:43:09,202] multiqc                                            [DEBUG  ]  File ignored by hicexplorer because it exceeded search pattern filesize limit: Sor-CPnd_049-Ex1-3B-lcwgs-1-3.clmp.r1_fastqc.html
[2025-06-13 20:43:09,212] multiqc                                            [DEBUG  ]  File ignored by longranger/invocation because it exceeded search pattern filesize limit: Sor-CPnd_049-Ex1-3B-lcwgs-1-3.clmp.r1_fastqc.html
[2025-06-13 20:43:09,292] multiqc                                            [DEBUG  ]  File ignored by hicexplorer because it exceeded search pattern filesize limit: Sor-CPnd_009-Ex1-6A-lcwgs-1-3.clmp.r2_fastqc.html
[2025-06-13 20:43:09,302] multiqc                                            [DEBUG  ]  File ignored by longranger/invocation because it exceeded search pattern filesize limit: Sor-CPnd_009-Ex1-6A-lcwgs-1-3.clmp.r2_fastqc.html
[2025-06-13 20:43:09,359] multiqc                                            [DEBUG  ]  Ignoring file as matched an ignore pattern: Sor-CPnd_008-Ex1-1A-lcwgs-1-3.clmp.r2.fq.gz
[2025-06-13 20:43:09,379] multiqc                                            [DEBUG  ]  File ignored by hicexplorer because it exceeded search pattern filesize limit: Sor-CPnd_012-Ex1-5B-lcwgs-1-3.clmp.r1_fastqc.html
[2025-06-13 20:43:09,389] multiqc                                            [DEBUG  ]  File ignored by longranger/invocation because it exceeded search pattern filesize limit: Sor-CPnd_012-Ex1-5B-lcwgs-1-3.clmp.r1_fastqc.html
[2025-06-13 20:43:09,445] multiqc                                            [DEBUG  ]  Ignoring file as matched an ignore pattern: Sor-CPnd_018-Ex1-1E-lcwgs-1-3.clmp.r2.fq.gz
[2025-06-13 20:43:10,647] multiqc.plots.bargraph                             [DEBUG  ]  Using matplotlib version 3.1.2
[2025-06-13 20:43:10,651] multiqc.plots.linegraph                            [DEBUG  ]  Using matplotlib version 3.1.2
[2025-06-13 20:43:10,654] multiqc                                            [DEBUG  ]  No samples found: custom_content
[2025-06-13 20:43:10,671] multiqc                                            [DEBUG  ]  No samples found: conpair
[2025-06-13 20:43:10,696] multiqc                                            [DEBUG  ]  No samples found: peddy
[2025-06-13 20:43:10,713] multiqc                                            [DEBUG  ]  No samples found: somalier
[2025-06-13 20:43:10,731] multiqc                                            [DEBUG  ]  No samples found: methylQA
[2025-06-13 20:43:10,767] multiqc                                            [DEBUG  ]  No samples found: mosdepth
[2025-06-13 20:43:10,783] multiqc                                            [DEBUG  ]  No samples found: phantompeakqualtools
[2025-06-13 20:43:10,790] multiqc                                            [DEBUG  ]  No samples found: qualimap
[2025-06-13 20:43:10,804] multiqc                                            [DEBUG  ]  No samples found: preseq
[2025-06-13 20:43:10,817] multiqc                                            [DEBUG  ]  No samples found: quast
[2025-06-13 20:43:10,830] multiqc                                            [DEBUG  ]  No samples found: qorts
[2025-06-13 20:43:10,844] multiqc                                            [DEBUG  ]  No samples found: rna_seqc
[2025-06-13 20:43:10,857] multiqc                                            [DEBUG  ]  No samples found: rockhopper
[2025-06-13 20:43:10,868] multiqc                                            [DEBUG  ]  No samples found: rsem
[2025-06-13 20:43:10,896] multiqc                                            [DEBUG  ]  No samples found: rseqc
[2025-06-13 20:43:10,914] multiqc                                            [DEBUG  ]  No samples found: busco
[2025-06-13 20:43:10,941] multiqc                                            [DEBUG  ]  No samples found: goleft_indexcov
[2025-06-13 20:43:10,964] multiqc                                            [DEBUG  ]  No samples found: disambiguate
[2025-06-13 20:43:10,981] multiqc                                            [DEBUG  ]  No samples found: supernova
[2025-06-13 20:43:11,019] multiqc                                            [DEBUG  ]  No samples found: deeptools
[2025-06-13 20:43:11,034] multiqc                                            [DEBUG  ]  No samples found: sargasso
[2025-06-13 20:43:11,051] multiqc                                            [DEBUG  ]  No samples found: verifybamid
[2025-06-13 20:43:11,069] multiqc                                            [DEBUG  ]  No samples found: mirtrace
[2025-06-13 20:43:11,087] multiqc                                            [DEBUG  ]  No samples found: happy
[2025-06-13 20:43:11,102] multiqc                                            [DEBUG  ]  No samples found: mirtop
[2025-06-13 20:43:11,119] multiqc                                            [DEBUG  ]  No samples found: homer
[2025-06-13 20:43:11,134] multiqc                                            [DEBUG  ]  No samples found: macs2
[2025-06-13 20:43:11,150] multiqc                                            [DEBUG  ]  No samples found: theta2
[2025-06-13 20:43:11,165] multiqc                                            [DEBUG  ]  No samples found: snpeff
[2025-06-13 20:43:11,184] multiqc                                            [DEBUG  ]  No samples found: gatk
[2025-06-13 20:43:11,200] multiqc                                            [DEBUG  ]  No samples found: htseq
[2025-06-13 20:43:11,215] multiqc                                            [DEBUG  ]  No samples found: bcftools
[2025-06-13 20:43:11,231] multiqc                                            [DEBUG  ]  No samples found: featureCounts
[2025-06-13 20:43:11,250] multiqc                                            [DEBUG  ]  No samples found: fgbio
[2025-06-13 20:43:11,278] multiqc                                            [DEBUG  ]  No samples found: dragen
[2025-06-13 20:43:11,288] multiqc                                            [DEBUG  ]  No samples found: dedup
[2025-06-13 20:43:11,302] multiqc                                            [DEBUG  ]  No samples found: damageprofiler
[2025-06-13 20:43:11,367] multiqc                                            [DEBUG  ]  No samples found: biobambam2
[2025-06-13 20:43:11,383] multiqc                                            [DEBUG  ]  No samples found: mtnucratio
[2025-06-13 20:43:11,390] multiqc                                            [DEBUG  ]  No samples found: picard
[2025-06-13 20:43:11,403] multiqc                                            [DEBUG  ]  No samples found: prokka
[2025-06-13 20:43:11,415] multiqc                                            [DEBUG  ]  No samples found: samblaster
[2025-06-13 20:43:11,434] multiqc                                            [DEBUG  ]  No samples found: samtools
[2025-06-13 20:43:11,445] multiqc                                            [DEBUG  ]  No samples found: sexdeterrmine
[2025-06-13 20:43:11,466] multiqc                                            [DEBUG  ]  No samples found: bamtools
[2025-06-13 20:43:11,481] multiqc                                            [DEBUG  ]  No samples found: jellyfish
[2025-06-13 20:43:11,503] multiqc                                            [DEBUG  ]  No samples found: vcftools
[2025-06-13 20:43:11,520] multiqc                                            [DEBUG  ]  No samples found: longranger
[2025-06-13 20:43:11,533] multiqc                                            [DEBUG  ]  No samples found: stacks
[2025-06-13 20:43:11,546] multiqc                                            [DEBUG  ]  No samples found: varscan2
[2025-06-13 20:43:11,583] multiqc                                            [DEBUG  ]  No samples found: bbmap
[2025-06-13 20:43:11,600] multiqc                                            [DEBUG  ]  No samples found: bismark
[2025-06-13 20:43:11,618] multiqc                                            [DEBUG  ]  No samples found: biscuit
[2025-06-13 20:43:11,632] multiqc                                            [DEBUG  ]  No samples found: hicexplorer
[2025-06-13 20:43:11,646] multiqc                                            [DEBUG  ]  No samples found: hicup
[2025-06-13 20:43:11,661] multiqc                                            [DEBUG  ]  No samples found: hicpro
[2025-06-13 20:43:11,675] multiqc                                            [DEBUG  ]  No samples found: salmon
[2025-06-13 20:43:11,689] multiqc                                            [DEBUG  ]  No samples found: kallisto
[2025-06-13 20:43:11,700] multiqc                                            [DEBUG  ]  No samples found: slamdunk
[2025-06-13 20:43:11,714] multiqc                                            [DEBUG  ]  No samples found: star
[2025-06-13 20:43:11,728] multiqc                                            [DEBUG  ]  No samples found: hisat2
[2025-06-13 20:43:11,742] multiqc                                            [DEBUG  ]  No samples found: tophat
[2025-06-13 20:43:11,754] multiqc                                            [DEBUG  ]  No samples found: bowtie2
[2025-06-13 20:43:11,764] multiqc                                            [DEBUG  ]  No samples found: bowtie1
[2025-06-13 20:43:11,777] multiqc                                            [DEBUG  ]  No samples found: snpsplit
[2025-06-13 20:43:11,787] multiqc                                            [DEBUG  ]  No samples found: kat
[2025-06-13 20:43:11,800] multiqc                                            [DEBUG  ]  No samples found: leehom
[2025-06-13 20:43:11,815] multiqc                                            [DEBUG  ]  No samples found: adapterRemoval
[2025-06-13 20:43:11,829] multiqc                                            [DEBUG  ]  No samples found: clipandmerge
[2025-06-13 20:43:11,845] multiqc                                            [DEBUG  ]  No samples found: cutadapt
[2025-06-13 20:43:11,862] multiqc                                            [DEBUG  ]  No samples found: flexbar
[2025-06-13 20:43:11,876] multiqc                                            [DEBUG  ]  No samples found: kaiju
[2025-06-13 20:43:11,891] multiqc                                            [DEBUG  ]  No samples found: kraken
[2025-06-13 20:43:11,906] multiqc                                            [DEBUG  ]  No samples found: malt
[2025-06-13 20:43:11,920] multiqc                                            [DEBUG  ]  No samples found: trimmomatic
[2025-06-13 20:43:11,932] multiqc                                            [DEBUG  ]  No samples found: sickle
[2025-06-13 20:43:11,945] multiqc                                            [DEBUG  ]  No samples found: skewer
[2025-06-13 20:43:11,958] multiqc                                            [DEBUG  ]  No samples found: sortmerna
[2025-06-13 20:43:11,972] multiqc                                            [DEBUG  ]  No samples found: biobloomtools
[2025-06-13 20:43:11,986] multiqc                                            [DEBUG  ]  No samples found: fastq_screen
[2025-06-13 20:43:11,999] multiqc                                            [DEBUG  ]  No samples found: afterqc
[2025-06-13 20:43:12,014] multiqc                                            [DEBUG  ]  No samples found: fastp
[2025-06-13 20:43:25,329] multiqc.modules.fastqc.fastqc                      [INFO   ]  Found 96 reports
[2025-06-13 20:43:55,328] multiqc                                            [DEBUG  ]  No samples found: pycoqc
[2025-06-13 20:43:55,335] multiqc                                            [DEBUG  ]  No samples found: minionqc
[2025-06-13 20:43:55,343] multiqc                                            [DEBUG  ]  No samples found: multivcfanalyzer
[2025-06-13 20:43:55,354] multiqc                                            [DEBUG  ]  No samples found: clusterflow
[2025-06-13 20:43:55,362] multiqc                                            [DEBUG  ]  No samples found: bcl2fastq
[2025-06-13 20:43:55,371] multiqc                                            [DEBUG  ]  No samples found: interop
[2025-06-13 20:43:55,378] multiqc                                            [DEBUG  ]  No samples found: ivar
[2025-06-13 20:43:55,385] multiqc                                            [DEBUG  ]  No samples found: flash
[2025-06-13 20:43:55,393] multiqc                                            [DEBUG  ]  No samples found: seqyclean
[2025-06-13 20:43:55,533] multiqc                                            [INFO   ]  Compressing plot data
[2025-06-13 20:43:57,095] multiqc                                            [INFO   ]  Report      : fq_fp1_clmp/fqc_clmp_report.html
[2025-06-13 20:43:57,096] multiqc                                            [INFO   ]  Data        : fq_fp1_clmp/fqc_clmp_report_data
[2025-06-13 20:43:57,096] multiqc                                            [DEBUG  ]  Moving data file from '/tmp/tmpwdl9jtxq/multiqc_data' to 'fq_fp1_clmp/fqc_clmp_report_data'
[2025-06-13 20:43:57,136] multiqc                                            [INFO   ]  Plots       : fq_fp1_clmp/fqc_clmp_report_plots
[2025-06-13 20:43:57,136] multiqc                                            [DEBUG  ]  Moving plots directory from '/tmp/tmpwdl9jtxq/multiqc_plots' to 'fq_fp1_clmp/fqc_clmp_report_plots'
[2025-06-13 20:43:57,904] multiqc                                            [INFO   ]  MultiQC complete
